Component: ARM Compiler 5.06 update 2 (build 183) Tool: armlink [4d35b7]

==============================================================================

Section Cross References

    main.o(i.assert_nrf_callback) refers to app_error.o(i.app_error_handler) for app_error_handler
    main.o(i.ble_evt_dispatch) refers to main.o(i.on_ble_evt) for on_ble_evt
    main.o(i.ble_evt_dispatch) refers to bsp_btn_ble.o(i.bsp_btn_ble_on_ble_evt) for bsp_btn_ble_on_ble_evt
    main.o(i.ble_evt_dispatch) refers to ble_db_discovery.o(i.ble_db_discovery_on_ble_evt) for ble_db_discovery_on_ble_evt
    main.o(i.ble_evt_dispatch) refers to ble_nus_c.o(i.ble_nus_c_on_ble_evt) for ble_nus_c_on_ble_evt
    main.o(i.ble_evt_dispatch) refers to main.o(.bss) for .bss
    main.o(i.ble_new_event_handler) refers to queue.o(i.xQueueGiveFromISR) for xQueueGiveFromISR
    main.o(i.ble_new_event_handler) refers to main.o(.data) for .data
    main.o(i.ble_nus_c_evt_handler) refers to printf8.o(i.__0printf$8) for __2printf
    main.o(i.ble_nus_c_evt_handler) refers to main.o(i.scan_start) for scan_start
    main.o(i.ble_nus_c_evt_handler) refers to ble_nus_c.o(i.ble_nus_c_handles_assign) for ble_nus_c_handles_assign
    main.o(i.ble_nus_c_evt_handler) refers to app_error.o(i.app_error_handler_bare) for app_error_handler_bare
    main.o(i.ble_nus_c_evt_handler) refers to ble_nus_c.o(i.ble_nus_c_rx_notif_enable) for ble_nus_c_rx_notif_enable
    main.o(i.ble_nus_c_evt_handler) refers to app_uart_fifo.o(i.app_uart_put) for app_uart_put
    main.o(i.ble_stack_init) refers to softdevice_handler.o(i.softdevice_handler_init) for softdevice_handler_init
    main.o(i.ble_stack_init) refers to app_error.o(i.app_error_handler_bare) for app_error_handler_bare
    main.o(i.ble_stack_init) refers to softdevice_handler.o(i.softdevice_enable_get_default_config) for softdevice_enable_get_default_config
    main.o(i.ble_stack_init) refers to softdevice_handler.o(i.softdevice_enable) for softdevice_enable
    main.o(i.ble_stack_init) refers to softdevice_handler.o(i.softdevice_ble_evt_handler_set) for softdevice_ble_evt_handler_set
    main.o(i.ble_stack_init) refers to main.o(.constdata) for .constdata
    main.o(i.ble_stack_init) refers to main.o(i.ble_new_event_handler) for ble_new_event_handler
    main.o(i.ble_stack_init) refers to main.o(.bss) for .bss
    main.o(i.ble_stack_init) refers to main.o(i.ble_evt_dispatch) for ble_evt_dispatch
    main.o(i.ble_stack_thread) refers to app_timer_freertos.o(i.app_timer_init) for app_timer_init
    main.o(i.ble_stack_thread) refers to app_error.o(i.app_error_handler_bare) for app_error_handler_bare
    main.o(i.ble_stack_thread) refers to memcpya.o(.text) for __aeabi_memcpy4
    main.o(i.ble_stack_thread) refers to app_uart_fifo.o(i.app_uart_init) for app_uart_init
    main.o(i.ble_stack_thread) refers to bsp.o(i.bsp_init) for bsp_init
    main.o(i.ble_stack_thread) refers to bsp_btn_ble.o(i.bsp_btn_ble_init) for bsp_btn_ble_init
    main.o(i.ble_stack_thread) refers to ble_db_discovery.o(i.ble_db_discovery_init) for ble_db_discovery_init
    main.o(i.ble_stack_thread) refers to main.o(i.ble_stack_init) for ble_stack_init
    main.o(i.ble_stack_thread) refers to ble_nus_c.o(i.ble_nus_c_init) for ble_nus_c_init
    main.o(i.ble_stack_thread) refers to main.o(i.scan_start) for scan_start
    main.o(i.ble_stack_thread) refers to queue.o(i.xQueueGenericReceive) for xQueueGenericReceive
    main.o(i.ble_stack_thread) refers to softdevice_handler.o(i.intern_softdevice_events_execute) for intern_softdevice_events_execute
    main.o(i.ble_stack_thread) refers to main.o(.bss) for .bss
    main.o(i.ble_stack_thread) refers to main.o(.constdata) for .constdata
    main.o(i.ble_stack_thread) refers to main.o(i.uart_event_handle) for uart_event_handle
    main.o(i.ble_stack_thread) refers to main.o(i.bsp_event_handler) for bsp_event_handler
    main.o(i.ble_stack_thread) refers to main.o(i.db_disc_handler) for db_disc_handler
    main.o(i.ble_stack_thread) refers to main.o(i.ble_nus_c_evt_handler) for ble_nus_c_evt_handler
    main.o(i.ble_stack_thread) refers to main.o(.data) for .data
    main.o(i.bsp_event_handler) refers to bsp.o(i.bsp_indication_set) for bsp_indication_set
    main.o(i.bsp_event_handler) refers to app_error.o(i.app_error_handler_bare) for app_error_handler_bare
    main.o(i.bsp_event_handler) refers to bsp_btn_ble.o(i.bsp_btn_ble_sleep_mode_prepare) for bsp_btn_ble_sleep_mode_prepare
    main.o(i.bsp_event_handler) refers to main.o(.bss) for .bss
    main.o(i.db_disc_handler) refers to ble_nus_c.o(i.ble_nus_c_on_db_disc_evt) for ble_nus_c_on_db_disc_evt
    main.o(i.db_disc_handler) refers to main.o(.bss) for .bss
    main.o(i.main) refers to printf8.o(i.__0printf$8) for __2printf
    main.o(i.main) refers to nrf_drv_clock.o(i.nrf_drv_clock_init) for nrf_drv_clock_init
    main.o(i.main) refers to app_error.o(i.app_error_handler_bare) for app_error_handler_bare
[...]
    prvCopyDataFromQueue                     0x000228fd   Thumb Code    38  queue.o(i.prvCopyDataFromQueue)
    i.prvCopyDataToQueue                     0x00022922   Section        0  queue.o(i.prvCopyDataToQueue)
    prvCopyDataToQueue                       0x00022923   Thumb Code   110  queue.o(i.prvCopyDataToQueue)
    i.prvGetExpectedIdleTime                 0x00022990   Section        0  tasks.o(i.prvGetExpectedIdleTime)
    prvGetExpectedIdleTime                   0x00022991   Thumb Code    28  tasks.o(i.prvGetExpectedIdleTime)
    i.prvIdleTask                            0x000229b4   Section        0  tasks.o(i.prvIdleTask)
    prvIdleTask                              0x000229b5   Thumb Code    64  tasks.o(i.prvIdleTask)
    i.prvInsertTimerInActiveList             0x000229fc   Section        0  timers.o(i.prvInsertTimerInActiveList)
    prvInsertTimerInActiveList               0x000229fd   Thumb Code    52  timers.o(i.prvInsertTimerInActiveList)
    i.prvProcessReceivedCommands             0x00022a34   Section        0  timers.o(i.prvProcessReceivedCommands)
    prvProcessReceivedCommands               0x00022a35   Thumb Code   162  timers.o(i.prvProcessReceivedCommands)
    i.prvProcessTimerOrBlockTask             0x00022adc   Section        0  timers.o(i.prvProcessTimerOrBlockTask)
    prvProcessTimerOrBlockTask               0x00022add   Thumb Code   142  timers.o(i.prvProcessTimerOrBlockTask)
    i.prvResetNextTaskUnblockTime            0x00022b74   Section        0  tasks.o(i.prvResetNextTaskUnblockTime)
    prvResetNextTaskUnblockTime              0x00022b75   Thumb Code    26  tasks.o(i.prvResetNextTaskUnblockTime)
    i.prvSampleTimeNow                       0x00022b94   Section        0  timers.o(i.prvSampleTimeNow)
    prvSampleTimeNow                         0x00022b95   Thumb Code    36  timers.o(i.prvSampleTimeNow)
    i.prvSwitchTimerLists                    0x00022bbc   Section        0  timers.o(i.prvSwitchTimerLists)
    prvSwitchTimerLists                      0x00022bbd   Thumb Code    84  timers.o(i.prvSwitchTimerLists)
    i.prvTaskExitError                       0x00022c14   Section        0  port_cmsis.o(i.prvTaskExitError)
    prvTaskExitError                         0x00022c15   Thumb Code     8  port_cmsis.o(i.prvTaskExitError)
    i.prvTaskIsTaskSuspended                 0x00022c1c   Section        0  tasks.o(i.prvTaskIsTaskSuspended)
    prvTaskIsTaskSuspended                   0x00022c1d   Thumb Code    28  tasks.o(i.prvTaskIsTaskSuspended)
    i.prvTimerTask                           0x00022c3c   Section        0  timers.o(i.prvTimerTask)
    prvTimerTask                             0x00022c3d   Thumb Code    32  timers.o(i.prvTimerTask)
    i.prvUnlockQueue                         0x00022c60   Section        0  queue.o(i.prvUnlockQueue)
    prvUnlockQueue                           0x00022c61   Thumb Code   100  queue.o(i.prvUnlockQueue)
    i.pvPortMalloc                           0x00022cc4   Section        0  heap_1.o(i.pvPortMalloc)
    i.pvTaskIncrementMutexHeldCount          0x00022d10   Section        0  tasks.o(i.pvTaskIncrementMutexHeldCount)
    i.pvTimerGetTimerID                      0x00022d28   Section        0  timers.o(i.pvTimerGetTimerID)
    i.pxPortInitialiseStack                  0x00022d3c   Section        0  port_cmsis.o(i.pxPortInitialiseStack)
    i.queue_get_next_free                    0x00022d68   Section        0  fstorage.o(i.queue_get_next_free)
    queue_get_next_free                      0x00022d69   Thumb Code    52  fstorage.o(i.queue_get_next_free)
    i.queue_process                          0x00022da0   Section        0  fds.o(i.queue_process)
    queue_process                            0x00022da1   Thumb Code   184  fds.o(i.queue_process)
    i.queue_process                          0x00022e5c   Section        0  fstorage.o(i.queue_process)
    queue_process                            0x00022e5d   Thumb Code   104  fstorage.o(i.queue_process)
    i.queue_start                            0x00022ecc   Section        0  fstorage.o(i.queue_start)
    queue_start                              0x00022ecd   Thumb Code    22  fstorage.o(i.queue_start)
    i.record_find                            0x00022ee8   Section        0  fds.o(i.record_find)
    record_find                              0x00022ee9   Thumb Code   128  fds.o(i.record_find)
    i.record_find_by_desc                    0x00022f70   Section        0  fds.o(i.record_find_by_desc)
    record_find_by_desc                      0x00022f71   Thumb Code   148  fds.o(i.record_find_by_desc)
    i.record_find_next                       0x0002300c   Section        0  fds.o(i.record_find_next)
    record_find_next                         0x0002300d   Thumb Code    70  fds.o(i.record_find_next)
    i.record_header_flag_dirty               0x00023058   Section        0  fds.o(i.record_header_flag_dirty)
    record_header_flag_dirty                 0x00023059   Thumb Code    26  fds.o(i.record_header_flag_dirty)
    i.record_write_chunk                     0x0002307c   Section        0  fds.o(i.record_write_chunk)
    record_write_chunk                       0x0002307d   Thumb Code    82  fds.o(i.record_write_chunk)
    i.registered_handler_get                 0x000230d8   Section        0  ble_db_discovery.o(i.registered_handler_get)
    registered_handler_get                   0x000230d9   Thumb Code    48  ble_db_discovery.o(i.registered_handler_get)
    i.rx_byte                                0x00023110   Section        0  nrf_drv_uart.o(i.rx_byte)
    rx_byte                                  0x00023111   Thumb Code    50  nrf_drv_uart.o(i.rx_byte)
    i.rx_done_event                          0x00023142   Section        0  nrf_drv_uart.o(i.rx_done_event)
    rx_done_event                            0x00023143   Thumb Code    24  nrf_drv_uart.o(i.rx_done_event)
    i.rx_enable                              0x0002315a   Section        0  nrf_drv_uart.o(i.rx_enable)
    rx_enable                                0x0002315b   Thumb Code    32  nrf_drv_uart.o(i.rx_enable)
    i.scan_start                             0x0002317c   Section        0  main.o(i.scan_start)
    scan_start                               0x0002317d   Thumb Code    32  main.o(i.scan_start)
    i.sd_nvic_EnableIRQ                      0x000231a0   Section        0  softdevice_handler.o(i.sd_nvic_EnableIRQ)
    sd_nvic_EnableIRQ                        0x000231a1   Thumb Code   106  softdevice_handler.o(i.sd_nvic_EnableIRQ)
    i.send_event                             0x00023210   Section        0  fstorage.o(i.send_event)
    send_event                               0x00023211   Thumb Code    76  fstorage.o(i.send_event)
    i.softdevice_ble_evt_handler_set         0x0002325c   Section        0  softdevice_handler.o(i.softdevice_ble_evt_handler_set)
    i.softdevice_enable                      0x00023270   Section        0  softdevice_handler.o(i.softdevice_enable)
    i.softdevice_enable_get_default_config   0x00023284   Section        0  softdevice_handler.o(i.softdevice_enable_get_default_config)
    i.softdevice_fault_handler               0x000232aa   Section        0  softdevice_handler.o(i.softdevice_fault_handler)
    i.softdevice_handler_init                0x000232b0   Section        0  softdevice_handler.o(i.softdevice_handler_init)
    i.softdevice_handler_is_enabled          0x00023314   Section        0  softdevice_handler.o(i.softdevice_handler_is_enabled)
    i.tx_byte                                0x00023320   Section        0  nrf_drv_uart.o(i.tx_byte)
    tx_byte                                  0x00023321   Thumb Code    32  nrf_drv_uart.o(i.tx_byte)
    i.tx_done_event                          0x00023340   Section        0  nrf_drv_uart.o(i.tx_done_event)
    tx_done_event                            0x00023341   Thumb Code    28  nrf_drv_uart.o(i.tx_done_event)
    i.uart_event_handle                      0x0002335c   Section        0  main.o(i.uart_event_handle)
    i.uart_event_handler                     0x000233b4   Section        0  app_uart_fifo.o(i.uart_event_handler)
    uart_event_handler                       0x000233b5   Thumb Code   152  app_uart_fifo.o(i.uart_event_handler)
    i.uart_irq_handler                       0x00023454   Section        0  nrf_drv_uart.o(i.uart_irq_handler)
    uart_irq_handler                         0x00023455   Thumb Code   286  nrf_drv_uart.o(i.uart_irq_handler)
    i.uarte_irq_handler                      0x00023572   Section        0  nrf_drv_uart.o(i.uarte_irq_handler)
    uarte_irq_handler                        0x00023573   Thumb Code   240  nrf_drv_uart.o(i.uarte_irq_handler)
    i.ulPortRaiseBASEPRI                     0x00023662   Section        0  queue.o(i.ulPortRaiseBASEPRI)
    ulPortRaiseBASEPRI                       0x00023663   Thumb Code    12  queue.o(i.ulPortRaiseBASEPRI)
    i.uxListRemove                           0x0002366e   Section        0  list.o(i.uxListRemove)
    i.vApplicationIdleHook                   0x00023694   Section        0  main.o(i.vApplicationIdleHook)
    i.vListInitialise                        0x000236a0   Section        0  list.o(i.vListInitialise)
    i.vListInitialiseItem                    0x000236b6   Section        0  list.o(i.vListInitialiseItem)
    i.vListInsert                            0x000236bc   Section        0  list.o(i.vListInsert)
    i.vListInsertEnd                         0x000236ec   Section        0  list.o(i.vListInsertEnd)
    i.vPortEnterCritical                     0x00023704   Section        0  port_cmsis.o(i.vPortEnterCritical)
    i.vPortExitCritical                      0x00023718   Section        0  port_cmsis.o(i.vPortExitCritical)
    i.vPortFree                              0x0002372c   Section        0  heap_1.o(i.vPortFree)
    i.vPortSetupTimerInterrupt               0x00023730   Section        0  port_cmsis_systick.o(i.vPortSetupTimerInterrupt)
    i.vPortSuppressTicksAndSleep             0x00023768   Section        0  port_cmsis_systick.o(i.vPortSuppressTicksAndSleep)
    i.vQueueAddToRegistry                    0x00023864   Section        0  queue.o(i.vQueueAddToRegistry)
    i.vQueueWaitForMessageRestricted         0x0002388c   Section        0  queue.o(i.vQueueWaitForMessageRestricted)
    i.vTaskMissedYield                       0x000238c4   Section        0  tasks.o(i.vTaskMissedYield)
    i.vTaskPlaceOnEventList                  0x000238d0   Section        0  tasks.o(i.vTaskPlaceOnEventList)
    i.vTaskPlaceOnEventListRestricted        0x00023920   Section        0  tasks.o(i.vTaskPlaceOnEventListRestricted)
    i.vTaskPriorityInherit                   0x00023958   Section        0  tasks.o(i.vTaskPriorityInherit)
    i.vTaskResume                            0x000239dc   Section        0  tasks.o(i.vTaskResume)
    i.vTaskSetTimeOutState                   0x00023a4c   Section        0  tasks.o(i.vTaskSetTimeOutState)
    i.vTaskStartScheduler                    0x00023a5c   Section        0  tasks.o(i.vTaskStartScheduler)
    i.vTaskStepTick                          0x00023aac   Section        0  tasks.o(i.vTaskStepTick)
    i.vTaskSuspendAll                        0x00023abc   Section        0  tasks.o(i.vTaskSuspendAll)
    i.vTaskSwitchContext                     0x00023acc   Section        0  tasks.o(i.vTaskSwitchContext)
    i.write_execute                          0x00023b10   Section        0  fds.o(i.write_execute)
    write_execute                            0x00023b11   Thumb Code   222  fds.o(i.write_execute)
    i.xPortStartScheduler                    0x00023bf8   Section        0  port_cmsis.o(i.xPortStartScheduler)
    i.xQueueGenericCreate                    0x00023c44   Section        0  queue.o(i.xQueueGenericCreate)
    i.xQueueGenericReceive                   0x00023c80   Section        0  queue.o(i.xQueueGenericReceive)
    i.xQueueGenericReset                     0x00023da8   Section        0  queue.o(i.xQueueGenericReset)
    i.xQueueGenericSend                      0x00023e18   Section        0  queue.o(i.xQueueGenericSend)
    i.xQueueGenericSendFromISR               0x00023f14   Section        0  queue.o(i.xQueueGenericSendFromISR)
    i.xQueueGiveFromISR                      0x00023f74   Section        0  queue.o(i.xQueueGiveFromISR)
    i.xTaskCheckForTimeOut                   0x00023fc4   Section        0  tasks.o(i.xTaskCheckForTimeOut)
    i.xTaskGenericCreate                     0x0002400c   Section        0  tasks.o(i.xTaskGenericCreate)
    i.xTaskGetSchedulerState                 0x00024188   Section        0  tasks.o(i.xTaskGetSchedulerState)
    i.xTaskGetTickCount                      0x000241a4   Section        0  tasks.o(i.xTaskGetTickCount)
    i.xTaskGetTickCountFromISR               0x000241b0   Section        0  tasks.o(i.xTaskGetTickCountFromISR)
    i.xTaskIncrementTick                     0x000241bc   Section        0  tasks.o(i.xTaskIncrementTick)
    i.xTaskPriorityDisinherit                0x0002425c   Section        0  tasks.o(i.xTaskPriorityDisinherit)
    i.xTaskRemoveFromEventList               0x000242cc   Section        0  tasks.o(i.xTaskRemoveFromEventList)
    i.xTaskResumeAll                         0x00024338   Section        0  tasks.o(i.xTaskResumeAll)
    i.xTimerCreate                           0x000243e8   Section        0  timers.o(i.xTimerCreate)
    i.xTimerCreateTimerTask                  0x00024424   Section        0  timers.o(i.xTimerCreateTimerTask)
    i.xTimerGenericCommand                   0x00024468   Section        0  timers.o(i.xTimerGenericCommand)
    i.xTimerIsTimerActive                    0x000244b8   Section        0  timers.o(i.xTimerIsTimerActive)
    .constdata                               0x000244d4   Section       48  main.o(.constdata)
    m_nus_uuid                               0x000244d4   Data           4  main.o(.constdata)
    m_connection_param                       0x000244dc   Data           8  main.o(.constdata)
    m_scan_params                            0x000244e4   Data           8  main.o(.constdata)
    .constdata                               0x00024504   Section        8  boards.o(.constdata)
    m_board_led_list                         0x00024504   Data           4  boards.o(.constdata)
    m_board_btn_list                         0x00024508   Data           4  boards.o(.constdata)
    .constdata                               0x0002450c   Section       44  bsp.o(.constdata)
    m_leds_timer_id                          0x0002450c   Data           4  bsp.o(.constdata)
    m_alert_timer_id                         0x00024510   Data           4  bsp.o(.constdata)
    m_button_timer_id                        0x00024514   Data           4  bsp.o(.constdata)
    app_buttons                              0x00024518   Data          32  bsp.o(.constdata)
    .constdata                               0x00024538   Section        4  port_cmsis.o(.constdata)
    <Data1>                                  0x00024538   Data           4  port_cmsis.o(.constdata)
    .constdata                               0x0002453c   Section       40  ble_nus_c.o(.constdata)
    .constdata                               0x00024564   Section        4  nrf_drv_gpiote.o(.constdata)
    .constdata                               0x00024568   Section        8  app_button.o(.constdata)
    m_detection_delay_timer_id               0x00024568   Data           4  app_button.o(.constdata)
    .constdata                               0x00024570   Section       20  fds.o(.constdata)
    m_fds_tl_dirty                           0x00024570   Data           4  fds.o(.constdata)
    page_tag_swap                            0x00024574   Data           8  fds.o(.constdata)
    page_tag_data                            0x0002457c   Data           8  fds.o(.constdata)
    .constdata                               0x00024584   Section       32  app_uart_fifo.o(.constdata)
    .data                                    0x20002128   Section       16  main.o(.data)
    index                                    0x20002128   Data           1  main.o(.data)
    m_ble_event_ready                        0x2000212c   Data           4  main.o(.data)
    m_ble_stack_thread                       0x20002130   Data           4  main.o(.data)
    m_logger_thread                          0x20002134   Data           4  main.o(.data)
    .data                                    0x20002138   Section       20  bsp.o(.data)
    m_stable_state                           0x20002138   Data           1  bsp.o(.data)
    m_leds_clear                             0x20002139   Data           1  bsp.o(.data)
    current_long_push_pin_no                 0x2000213a   Data           1  bsp.o(.data)
    m_app_ticks_per_100ms                    0x2000213c   Data           4  bsp.o(.data)
    m_indication_type                        0x20002140   Data           4  bsp.o(.data)
    m_registered_callback                    0x20002144   Data           4  bsp.o(.data)
    release_event_at_push                    0x20002148   Data           4  bsp.o(.data)
    .data                                    0x2000214c   Section        8  bsp_btn_ble.o(.data)
    m_error_handler                          0x2000214c   Data           4  bsp_btn_ble.o(.data)
    m_num_connections                        0x20002150   Data           4  bsp_btn_ble.o(.data)
    .data                                    0x20002154   Section        8  heap_1.o(.data)
    xNextFreeByte                            0x20002154   Data           4  heap_1.o(.data)
    pucAlignedHeap                           0x20002158   Data           4  heap_1.o(.data)
    .data                                    0x2000215c   Section        4  port_cmsis.o(.data)
    uxCriticalNesting                        0x2000215c   Data           4  port_cmsis.o(.data)
    .data                                    0x20002160   Section       60  tasks.o(.data)
    uxTasksDeleted                           0x20002164   Data           4  tasks.o(.data)
    xIdleTaskHandle                          0x20002168   Data           4  tasks.o(.data)
    uxCurrentNumberOfTasks                   0x2000216c   Data           4  tasks.o(.data)
    xTickCount                               0x20002170   Data           4  tasks.o(.data)
    uxTopReadyPriority                       0x20002174   Data           4  tasks.o(.data)
    xSchedulerRunning                        0x20002178   Data           4  tasks.o(.data)
    uxPendedTicks                            0x2000217c   Data           4  tasks.o(.data)
    xYieldPending                            0x20002180   Data           4  tasks.o(.data)
    xNumOfOverflows                          0x20002184   Data           4  tasks.o(.data)
    uxTaskNumber                             0x20002188   Data           4  tasks.o(.data)
    xNextTaskUnblockTime                     0x2000218c   Data           4  tasks.o(.data)
    uxSchedulerSuspended                     0x20002190   Data           4  tasks.o(.data)
    pxDelayedTaskList                        0x20002194   Data           4  tasks.o(.data)
    pxOverflowDelayedTaskList                0x20002198   Data           4  tasks.o(.data)
    .data                                    0x2000219c   Section       20  timers.o(.data)
    xTimerQueue                              0x2000219c   Data           4  timers.o(.data)
    xTimerTaskHandle                         0x200021a0   Data           4  timers.o(.data)
    xLastTime                                0x200021a4   Data           4  timers.o(.data)
    pxCurrentTimerList                       0x200021a8   Data           4  timers.o(.data)
    pxOverflowTimerList                      0x200021ac   Data           4  timers.o(.data)
    .data                                    0x200021b0   Section       16  ble_db_discovery.o(.data)
    m_initialized                            0x200021b0   Data           1  ble_db_discovery.o(.data)
    m_evt_handler                            0x200021b4   Data           4  ble_db_discovery.o(.data)
    m_pending_usr_evt_index                  0x200021b8   Data           4  ble_db_discovery.o(.data)
    m_num_of_handlers_reg                    0x200021bc   Data           4  ble_db_discovery.o(.data)
    .data                                    0x200021c0   Section       20  app_button.o(.data)
    m_button_count                           0x200021c0   Data           1  app_button.o(.data)
    mp_buttons                               0x200021c4   Data           4  app_button.o(.data)
    m_detection_delay                        0x200021c8   Data           4  app_button.o(.data)
    m_pin_state                              0x200021cc   Data           4  app_button.o(.data)
    m_pin_transition                         0x200021d0   Data           4  app_button.o(.data)
    .data                                    0x200021d4   Section        4  app_timer_freertos.o(.data)
    m_prescaler                              0x200021d4   Data           4  app_timer_freertos.o(.data)
    .data                                    0x200021d8   Section       24  fds.o(.data)
    m_flags                                  0x200021d8   Data           1  fds.o(.data)
    m_users                                  0x200021d9   Data           1  fds.o(.data)
    m_latest_rec_id                          0x200021dc   Data           4  fds.o(.data)
    tok                                      0x200021e0   Data           8  fds.o(.data)
    m_swap_page                              0x200021e8   Data           8  fds.o(.data)
    .data                                    0x200021f0   Section        2  fstorage.o(.data)
    m_flags                                  0x200021f0   Data           1  fstorage.o(.data)
    m_retry_count                            0x200021f1   Data           1  fstorage.o(.data)
    .data                                    0x200021f4   Section       16  app_uart_fifo.o(.data)
    tx_buffer                                0x200021f4   Data           1  app_uart_fifo.o(.data)
    rx_buffer                                0x200021f5   Data           1  app_uart_fifo.o(.data)
    m_rx_ovf                                 0x200021f6   Data           1  app_uart_fifo.o(.data)
    m_event_handler                          0x200021f8   Data           4  app_uart_fifo.o(.data)
    app_uart_inst                            0x200021fc   Data           8  app_uart_fifo.o(.data)
    .data                                    0x20002204   Section       20  softdevice_handler.o(.data)
    m_softdevice_enabled                     0x20002204   Data           1  softdevice_handler.o(.data)
    m_suspended                              0x20002205   Data           1  softdevice_handler.o(.data)
    m_ble_evt_buffer_size                    0x20002206   Data           2  softdevice_handler.o(.data)
    m_evt_schedule_func                      0x20002208   Data           4  softdevice_handler.o(.data)
    mp_ble_evt_buffer                        0x2000220c   Data           4  softdevice_handler.o(.data)
    m_ble_evt_handler                        0x20002210   Data           4  softdevice_handler.o(.data)
    m_sys_evt_handler                        0x20002214   Data           4  softdevice_handler.o(.data)
    .data                                    0x20002218   Section        4  system_nrf52.o(.data)
    __tagsym$$used                           0x20002218   Number         0  system_nrf52.o(.data)
    .data                                    0x2000221c   Section        4  stdout.o(.data)
    fs_data                                  0x20002220   Section       16  fds.o(fs_data)
    __tagsym$$used                           0x20002220   Number         0  fds.o(fs_data)
    fs_config                                0x20002220   Data          16  fds.o(fs_data)
    .bss                                     0x20002230   Section     1308  main.o(.bss)
    data_array                               0x20002230   Data          20  main.o(.bss)
    BLE_EVT_BUFFER                           0x20002244   Data          80  main.o(.bss)
    rx_buf                                   0x20002294   Data         256  main.o(.bss)
    tx_buf                                   0x20002394   Data         256  main.o(.bss)
    APP_TIMER_BUF                            0x20002494   Data          72  main.o(.bss)
    m_ble_nus_c                              0x200024dc   Data          16  main.o(.bss)
    m_ble_db_discovery                       0x200024ec   Data         608  main.o(.bss)
    .bss                                     0x2000274c   Section       32  bsp.o(.bss)
    m_leds_timer_id_data                     0x2000274c   Data          32  bsp.o(.bss)
    .bss                                     0x2000276c   Section       32  bsp.o(.bss)
    m_alert_timer_id_data                    0x2000276c   Data          32  bsp.o(.bss)
    .bss                                     0x2000278c   Section       12  bsp.o(.bss)
    m_events_list                            0x2000278c   Data          12  bsp.o(.bss)
    .bss                                     0x20002798   Section       32  bsp.o(.bss)
    m_button_timer_id_data                   0x20002798   Data          32  bsp.o(.bss)
    .bss                                     0x200027b8   Section     4096  heap_1.o(.bss)
    ucHeap                                   0x200027b8   Data        4096  heap_1.o(.bss)
    .bss                                     0x200037b8   Section       16  queue.o(.bss)
    .bss                                     0x200037c8   Section      160  tasks.o(.bss)
    pxReadyTasksLists                        0x200037c8   Data          60  tasks.o(.bss)
    xDelayedTaskList1                        0x20003804   Data          20  tasks.o(.bss)
    xDelayedTaskList2                        0x20003818   Data          20  tasks.o(.bss)
    xPendingReadyList                        0x2000382c   Data          20  tasks.o(.bss)
    xTasksWaitingTermination                 0x20003840   Data          20  tasks.o(.bss)
    xSuspendedTaskList                       0x20003854   Data          20  tasks.o(.bss)
    .bss                                     0x20003868   Section       40  timers.o(.bss)
    xActiveTimerList1                        0x20003868   Data          20  timers.o(.bss)
    xActiveTimerList2                        0x2000387c   Data          20  timers.o(.bss)
    .bss                                     0x20003890   Section      672  ble_db_discovery.o(.bss)
    m_registered_handlers                    0x20003890   Data          24  ble_db_discovery.o(.bss)
    m_pending_user_evts                      0x200038a8   Data         648  ble_db_discovery.o(.bss)
    .bss                                     0x20003b30   Section       20  nrf_drv_clock.o(.bss)
    m_clock_cb                               0x20003b30   Data          20  nrf_drv_clock.o(.bss)
    .bss                                     0x20003b44   Section       88  nrf_drv_gpiote.o(.bss)
    m_cb                                     0x20003b44   Data          88  nrf_drv_gpiote.o(.bss)
    .bss                                     0x20003b9c   Section       32  nrf_drv_uart.o(.bss)
    m_cb                                     0x20003b9c   Data          32  nrf_drv_uart.o(.bss)
    .bss                                     0x20003bbc   Section       32  app_button.o(.bss)
    m_detection_delay_timer_id_data          0x20003bbc   Data          32  app_button.o(.bss)
    .bss                                     0x20003bdc   Section       12  app_util_platform.o(.bss)
    .bss                                     0x20003be8   Section      284  fds.o(.bss)
    desc                                     0x20003be8   Data          12  fds.o(.bss)
    m_cb_table                               0x20003bf4   Data          32  fds.o(.bss)
    m_op_queue                               0x20003c14   Data         120  fds.o(.bss)
    m_chunk_queue                            0x20003c8c   Data          72  fds.o(.bss)
    m_pages                                  0x20003cd4   Data          32  fds.o(.bss)
    m_gc                                     0x20003cf4   Data          16  fds.o(.bss)
    .bss                                     0x20003d04   Section      104  fstorage.o(.bss)
    m_queue                                  0x20003d04   Data         104  fstorage.o(.bss)
    .bss                                     0x20003d6c   Section       32  app_uart_fifo.o(.bss)
    m_rx_fifo                                0x20003d6c   Data          16  app_uart_fifo.o(.bss)
    m_tx_fifo                                0x20003d7c   Data          16  app_uart_fifo.o(.bss)
    STACK                                    0x20003d90   Section     2048  arm_startup_nrf52.o(STACK)

    Global Symbols

    Symbol Name                              Value     Ov Type        Size  Object(Section)

    BuildAttributes$$THM_ISAv4$E$P$D$K$B$S$7EM$VFPi3$EXTD16$VFPS$VFMA$PE$A:L22UL41UL21$X:L11$S22US41US21$IEEE1$IW$USESV6$~STKCKD$USESV7$~SHL$OSPACE$ROPI$EBA8$MICROLIB$REQ8$PRES8$EABIv2 0x00000000   Number         0  anon$$obj.o ABSOLUTE
    __ARM_use_no_argv                        0x00000000   Number         0  main.o ABSOLUTE
    _printf_a                                0x00000000   Number         0  stubs.o ABSOLUTE
    _printf_c                                0x00000000   Number         0  stubs.o ABSOLUTE
    _printf_charcount                        0x00000000   Number         0  stubs.o ABSOLUTE
    _printf_d                                0x00000000   Number         0  stubs.o ABSOLUTE
    _printf_e                                0x00000000   Number         0  stubs.o ABSOLUTE
    _printf_f                                0x00000000   Number         0  stubs.o ABSOLUTE
    _printf_flags                            0x00000000   Number         0  stubs.o ABSOLUTE
    _printf_fp_dec                           0x00000000   Number         0  stubs.o ABSOLUTE
    _printf_fp_hex                           0x00000000   Number         0  stubs.o ABSOLUTE
    _printf_g                                0x00000000   Number         0  stubs.o ABSOLUTE
    _printf_i                                0x00000000   Number         0  stubs.o ABSOLUTE
    _printf_int_dec                          0x00000000   Number         0  stubs.o ABSOLUTE
    _printf_l                                0x00000000   Number         0  stubs.o ABSOLUTE
    _printf_lc                               0x00000000   Number         0  stubs.o ABSOLUTE
    _printf_ll                               0x00000000   Number         0  stubs.o ABSOLUTE
    _printf_lld                              0x00000000   Number         0  stubs.o ABSOLUTE
    _printf_lli                              0x00000000   Number         0  stubs.o ABSOLUTE
    _printf_llo                              0x00000000   Number         0  stubs.o ABSOLUTE
    _printf_llu                              0x00000000   Number         0  stubs.o ABSOLUTE
    _printf_llx                              0x00000000   Number         0  stubs.o ABSOLUTE
    _printf_longlong_dec                     0x00000000   Number         0  stubs.o ABSOLUTE
    _printf_longlong_hex                     0x00000000   Number         0  stubs.o ABSOLUTE
    _printf_longlong_oct                     0x00000000   Number         0  stubs.o ABSOLUTE
    _printf_ls                               0x00000000   Number         0  stubs.o ABSOLUTE
    _printf_mbtowc                           0x00000000   Number         0  stubs.o ABSOLUTE
    _printf_n                                0x00000000   Number         0  stubs.o ABSOLUTE
    _printf_o                                0x00000000   Number         0  stubs.o ABSOLUTE
    _printf_p                                0x00000000   Number         0  stubs.o ABSOLUTE
    _printf_percent                          0x00000000   Number         0  stubs.o ABSOLUTE
    _printf_pre_padding                      0x00000000   Number         0  stubs.o ABSOLUTE
    _printf_return_value                     0x00000000   Number         0  stubs.o ABSOLUTE
    _printf_s                                0x00000000   Number         0  stubs.o ABSOLUTE
    _printf_sizespec                         0x00000000   Number         0  stubs.o ABSOLUTE
    _printf_str                              0x00000000   Number         0  stubs.o ABSOLUTE
    _printf_truncate_signed                  0x00000000   Number         0  stubs.o ABSOLUTE
    _printf_truncate_unsigned                0x00000000   Number         0  stubs.o ABSOLUTE
    _printf_u                                0x00000000   Number         0  stubs.o ABSOLUTE
    _printf_wc                               0x00000000   Number         0  stubs.o ABSOLUTE
    _printf_wctomb                           0x00000000   Number         0  stubs.o ABSOLUTE
    _printf_widthprec                        0x00000000   Number         0  stubs.o ABSOLUTE
    _printf_x                                0x00000000   Number         0  stubs.o ABSOLUTE
    __cpp_initialize__aeabi_                  - Undefined Weak Reference
    __cxa_finalize                            - Undefined Weak Reference
    __decompress                              - Undefined Weak Reference
    _clock_init                               - Undefined Weak Reference
    _microlib_exit                            - Undefined Weak Reference
    __Vectors_Size                           0x00000400   Number         0  arm_startup_nrf52.o ABSOLUTE
    __Vectors                                0x0001f000   Data           4  arm_startup_nrf52.o(RESET)
    __Vectors_End                            0x0001f400   Data           0  arm_startup_nrf52.o(RESET)
    __main                                   0x0001f401   Thumb Code     0  entry.o(.ARM.Collect$$$$00000000)
    _main_stk                                0x0001f401   Thumb Code     0  entry2.o(.ARM.Collect$$$$00000001)
    _main_scatterload                        0x0001f405   Thumb Code     0  entry5.o(.ARM.Collect$$$$00000004)
    __main_after_scatterload                 0x0001f409   Thumb Code     0  entry5.o(.ARM.Collect$$$$00000004)
    _main_clock                              0x0001f409   Thumb Code     0  entry7b.o(.ARM.Collect$$$$00000008)
    _main_cpp_init                           0x0001f409   Thumb Code     0  entry8b.o(.ARM.Collect$$$$0000000A)
    _main_init                               0x0001f409   Thumb Code     0  entry9a.o(.ARM.Collect$$$$0000000B)
    __rt_final_cpp                           0x0001f411   Thumb Code     0  entry10a.o(.ARM.Collect$$$$0000000D)
    __rt_final_exit                          0x0001f411   Thumb Code     0  entry11a.o(.ARM.Collect$$$$0000000F)
    SVC_Handler                              0x0001f415   Thumb Code    28  port.o(.emb_text)
    vPortStartFirstTask                      0x0001f435   Thumb Code    32  port.o(.emb_text)
    PendSV_Handler                           0x0001f459   Thumb Code    88  port.o(.emb_text)
    HardFault_Handler                        0x0001f4b5   Thumb Code    40  hardfault_handler_keil.o(.emb_text)
    Reset_Handler                            0x0001f4e9   Thumb Code     8  arm_startup_nrf52.o(.text)
    NMI_Handler                              0x0001f4f1   Thumb Code     2  arm_startup_nrf52.o(.text)
    MemoryManagement_Handler                 0x0001f4f5   Thumb Code     2  arm_startup_nrf52.o(.text)
    BusFault_Handler                         0x0001f4f7   Thumb Code     2  arm_startup_nrf52.o(.text)
    UsageFault_Handler                       0x0001f4f9   Thumb Code     2  arm_startup_nrf52.o(.text)
    DebugMon_Handler                         0x0001f4fd   Thumb Code     2  arm_startup_nrf52.o(.text)
    SysTick_Handler                          0x0001f501   Thumb Code     2  arm_startup_nrf52.o(.text)
    CCM_AAR_IRQHandler                       0x0001f503   Thumb Code     0  arm_startup_nrf52.o(.text)
    COMP_LPCOMP_IRQHandler                   0x0001f503   Thumb Code     0  arm_startup_nrf52.o(.text)
    ECB_IRQHandler                           0x0001f503   Thumb Code     0  arm_startup_nrf52.o(.text)
    FPU_IRQHandler                           0x0001f503   Thumb Code     0  arm_startup_nrf52.o(.text)
    I2S_IRQHandler                           0x0001f503   Thumb Code     0  arm_startup_nrf52.o(.text)
    MWU_IRQHandler                           0x0001f503   Thumb Code     0  arm_startup_nrf52.o(.text)
    NFCT_IRQHandler                          0x0001f503   Thumb Code     0  arm_startup_nrf52.o(.text)
    PDM_IRQHandler                           0x0001f503   Thumb Code     0  arm_startup_nrf52.o(.text)
    PWM0_IRQHandler                          0x0001f503   Thumb Code     0  arm_startup_nrf52.o(.text)
    PWM1_IRQHandler                          0x0001f503   Thumb Code     0  arm_startup_nrf52.o(.text)
    PWM2_IRQHandler                          0x0001f503   Thumb Code     0  arm_startup_nrf52.o(.text)
    QDEC_IRQHandler                          0x0001f503   Thumb Code     0  arm_startup_nrf52.o(.text)
    RADIO_IRQHandler                         0x0001f503   Thumb Code     0  arm_startup_nrf52.o(.text)
    RNG_IRQHandler                           0x0001f503   Thumb Code     0  arm_startup_nrf52.o(.text)
    RTC0_IRQHandler                          0x0001f503   Thumb Code     0  arm_startup_nrf52.o(.text)
    RTC2_IRQHandler                          0x0001f503   Thumb Code     0  arm_startup_nrf52.o(.text)
    SAADC_IRQHandler                         0x0001f503   Thumb Code     0  arm_startup_nrf52.o(.text)
    SPIM0_SPIS0_TWIM0_TWIS0_SPI0_TWI0_IRQHandler 0x0001f503   Thumb Code     0  arm_startup_nrf52.o(.text)
    SPIM1_SPIS1_TWIM1_TWIS1_SPI1_TWI1_IRQHandler 0x0001f503   Thumb Code     0  arm_startup_nrf52.o(.text)
    SPIM2_SPIS2_SPI2_IRQHandler              0x0001f503   Thumb Code     0  arm_startup_nrf52.o(.text)
    SWI0_EGU0_IRQHandler                     0x0001f503   Thumb Code     0  arm_startup_nrf52.o(.text)
    SWI1_EGU1_IRQHandler                     0x0001f503   Thumb Code     0  arm_startup_nrf52.o(.text)
    SWI3_EGU3_IRQHandler                     0x0001f503   Thumb Code     0  arm_startup_nrf52.o(.text)
    SWI4_EGU4_IRQHandler                     0x0001f503   Thumb Code     0  arm_startup_nrf52.o(.text)
    SWI5_EGU5_IRQHandler                     0x0001f503   Thumb Code     0  arm_startup_nrf52.o(.text)
    TEMP_IRQHandler                          0x0001f503   Thumb Code     0  arm_startup_nrf52.o(.text)
    TIMER0_IRQHandler                        0x0001f503   Thumb Code     0  arm_startup_nrf52.o(.text)
    TIMER1_IRQHandler                        0x0001f503   Thumb Code     0  arm_startup_nrf52.o(.text)
    TIMER2_IRQHandler                        0x0001f503   Thumb Code     0  arm_startup_nrf52.o(.text)
    TIMER3_IRQHandler                        0x0001f503   Thumb Code     0  arm_startup_nrf52.o(.text)
    TIMER4_IRQHandler                        0x0001f503   Thumb Code     0  arm_startup_nrf52.o(.text)
    WDT_IRQHandler                           0x0001f503   Thumb Code     0  arm_startup_nrf52.o(.text)
    __aeabi_memcpy                           0x0001f50d   Thumb Code    36  memcpya.o(.text)
    __aeabi_memcpy4                          0x0001f50d   Thumb Code     0  memcpya.o(.text)
    __aeabi_memcpy8                          0x0001f50d   Thumb Code     0  memcpya.o(.text)
    __aeabi_memset                           0x0001f531   Thumb Code    14  memseta.o(.text)
    __aeabi_memset4                          0x0001f531   Thumb Code     0  memseta.o(.text)
    __aeabi_memset8                          0x0001f531   Thumb Code     0  memseta.o(.text)
    __aeabi_memclr                           0x0001f53f   Thumb Code     4  memseta.o(.text)
    __aeabi_memclr4                          0x0001f53f   Thumb Code     0  memseta.o(.text)
    __aeabi_memclr8                          0x0001f53f   Thumb Code     0  memseta.o(.text)
    _memset$wrapper                          0x0001f543   Thumb Code    18  memseta.o(.text)
    __aeabi_uldivmod                         0x0001f555   Thumb Code    98  uldiv.o(.text)
    __scatterload                            0x0001f5b9   Thumb Code    28  init.o(.text)
    __scatterload_rt2                        0x0001f5b9   Thumb Code     0  init.o(.text)
    __aeabi_llsl                             0x0001f5dd   Thumb Code    30  llshl.o(.text)
    __semihosting_library_function           0x0001f5dd   Thumb Code     0  semi.o(.text)
    _ll_shift_l                              0x0001f5dd   Thumb Code     0  llshl.o(.text)
    __aeabi_llsr                             0x0001f5fb   Thumb Code    32  llushr.o(.text)
    _ll_ushift_r                             0x0001f5fb   Thumb Code     0  llushr.o(.text)
    __I$use$semihosting$fputc                0x0001f61b   Thumb Code     0  iusesemip.o(.text)
    GPIOTE_IRQHandler                        0x0001f61d   Thumb Code   362  nrf_drv_gpiote.o(i.GPIOTE_IRQHandler)
    HardFault_c_handler                      0x0001f791   Thumb Code     4  hardfault_implementation.o(i.HardFault_c_handler)
    HardFault_process                        0x0001f795   Thumb Code    26  hardfault_implementation.o(i.HardFault_process)
    POWER_CLOCK_IRQHandler                   0x0001f7e5   Thumb Code    84  nrf_drv_clock.o(i.POWER_CLOCK_IRQHandler)
    RTC1_IRQHandler                          0x0001f83d   Thumb Code    52  port_cmsis_systick.o(i.RTC1_IRQHandler)
    SWI2_EGU2_IRQHandler                     0x0001f879   Thumb Code    32  softdevice_handler.o(i.SWI2_EGU2_IRQHandler)
    SystemInit                               0x0001f89d   Thumb Code   610  system_nrf52.o(i.SystemInit)
    UARTE0_UART0_IRQHandler                  0x0001fb39   Thumb Code    20  nrf_drv_uart.o(i.UARTE0_UART0_IRQHandler)
    __0printf$8                              0x0001fb55   Thumb Code    22  printf8.o(i.__0printf$8)
    __1printf$8                              0x0001fb55   Thumb Code     0  printf8.o(i.__0printf$8)
    __2printf                                0x0001fb55   Thumb Code     0  printf8.o(i.__0printf$8)
    __scatterload_copy                       0x0001fb75   Thumb Code    14  handlers.o(i.__scatterload_copy)
    __scatterload_null                       0x0001fb83   Thumb Code     2  handlers.o(i.__scatterload_null)
    __scatterload_zeroinit                   0x0001fb85   Thumb Code    14  handlers.o(i.__scatterload_zeroinit)
    app_button_enable                        0x00020059   Thumb Code    32  app_button.o(i.app_button_enable)
    app_button_init                          0x0002007d   Thumb Code    96  app_button.o(i.app_button_init)
    app_error_fault_handler                  0x000200ed   Thumb Code    26  app_error_weak.o(i.app_error_fault_handler)
    app_error_handler_bare                   0x00020111   Thumb Code    22  app_error.o(i.app_error_handler_bare)
    app_fifo_get                             0x00020127   Thumb Code    22  app_fifo.o(i.app_fifo_get)
    app_fifo_init                            0x0002013d   Thumb Code    32  app_fifo.o(i.app_fifo_init)
    app_fifo_put                             0x0002015d   Thumb Code    26  app_fifo.o(i.app_fifo_put)
    app_timer_create                         0x00020191   Thumb Code    76  app_timer_freertos.o(i.app_timer_create)
    app_timer_init                           0x000201e5   Thumb Code    10  app_timer_freertos.o(i.app_timer_init)
    app_timer_start                          0x000201f5   Thumb Code   186  app_timer_freertos.o(i.app_timer_start)
    app_timer_stop                           0x000202bd   Thumb Code    94  app_timer_freertos.o(i.app_timer_stop)
    app_uart_get                             0x00020321   Thumb Code    42  app_uart_fifo.o(i.app_uart_get)
    app_uart_init                            0x00020355   Thumb Code   164  app_uart_fifo.o(i.app_uart_init)
    app_uart_put                             0x00020409   Thumb Code    52  app_uart_fifo.o(i.app_uart_put)
    app_util_critical_region_enter           0x00020445   Thumb Code    64  app_util_platform.o(i.app_util_critical_region_enter)
    app_util_critical_region_exit            0x0002048d   Thumb Code    46  app_util_platform.o(i.app_util_critical_region_exit)
    ble_db_discovery_evt_register            0x00020579   Thumb Code    56  ble_db_discovery.o(i.ble_db_discovery_evt_register)
    ble_db_discovery_init                    0x000205b9   Thumb Code    24  ble_db_discovery.o(i.ble_db_discovery_init)
    ble_db_discovery_on_ble_evt              0x000205d5   Thumb Code    70  ble_db_discovery.o(i.ble_db_discovery_on_ble_evt)
    ble_db_discovery_start                   0x00020621   Thumb Code    84  ble_db_discovery.o(i.ble_db_discovery_start)
    ble_nus_c_handles_assign                 0x00020779   Thumb Code    26  ble_nus_c.o(i.ble_nus_c_handles_assign)
    ble_nus_c_init                           0x00020795   Thumb Code    72  ble_nus_c.o(i.ble_nus_c_init)
    ble_nus_c_on_ble_evt                     0x000207e1   Thumb Code   102  ble_nus_c.o(i.ble_nus_c_on_ble_evt)
    ble_nus_c_on_db_disc_evt                 0x00020847   Thumb Code   120  ble_nus_c.o(i.ble_nus_c_on_db_disc_evt)
    ble_nus_c_rx_notif_enable                0x000208c1   Thumb Code    66  ble_nus_c.o(i.ble_nus_c_rx_notif_enable)
    ble_nus_c_string_send                    0x00020909   Thumb Code    58  ble_nus_c.o(i.ble_nus_c_string_send)
    bsp_board_button_idx_to_pin              0x00020a71   Thumb Code     6  boards.o(i.bsp_board_button_idx_to_pin)
    bsp_board_button_state_get               0x00020a7d   Thumb Code    28  boards.o(i.bsp_board_button_state_get)
    bsp_board_led_invert                     0x00020a9d   Thumb Code    32  boards.o(i.bsp_board_led_invert)
    bsp_board_led_off                        0x00020ac1   Thumb Code    10  boards.o(i.bsp_board_led_off)
    bsp_board_led_on                         0x00020ad1   Thumb Code    10  boards.o(i.bsp_board_led_on)
    bsp_board_led_state_get                  0x00020ae1   Thumb Code    28  boards.o(i.bsp_board_led_state_get)
    bsp_board_leds_init                      0x00020b01   Thumb Code    38  boards.o(i.bsp_board_leds_init)
    bsp_board_leds_off                       0x00020b2d   Thumb Code    18  boards.o(i.bsp_board_leds_off)
    bsp_board_leds_on                        0x00020b3f   Thumb Code    18  boards.o(i.bsp_board_leds_on)
    bsp_board_pin_to_button_idx              0x00020b51   Thumb Code    30  boards.o(i.bsp_board_pin_to_button_idx)
    bsp_btn_ble_init                         0x00020b75   Thumb Code    52  bsp_btn_ble.o(i.bsp_btn_ble_init)
    bsp_btn_ble_on_ble_evt                   0x00020bad   Thumb Code   106  bsp_btn_ble.o(i.bsp_btn_ble_on_ble_evt)
    bsp_btn_ble_sleep_mode_prepare           0x00020c1d   Thumb Code    30  bsp_btn_ble.o(i.bsp_btn_ble_sleep_mode_prepare)
    bsp_button_is_pressed                    0x00020cd1   Thumb Code     4  bsp.o(i.bsp_button_is_pressed)
    bsp_event_handler                        0x00020cd5   Thumb Code    62  main.o(i.bsp_event_handler)
    bsp_event_to_button_action_assign        0x00020d19   Thumb Code    64  bsp.o(i.bsp_event_to_button_action_assign)
    bsp_indication_set                       0x00020d5d   Thumb Code    20  bsp.o(i.bsp_indication_set)
    bsp_init                                 0x00020d75   Thumb Code   132  bsp.o(i.bsp_init)
    bsp_wakeup_button_enable                 0x00020f81   Thumb Code    16  bsp.o(i.bsp_wakeup_button_enable)
    eTaskConfirmSleepModeStatus              0x00021315   Thumb Code    22  tasks.o(i.eTaskConfirmSleepModeStatus)
    fputc                                    0x00021409   Thumb Code    18  fputc.o(i.fputc)
    fs_erase                                 0x0002141d   Thumb Code   110  fstorage.o(i.fs_erase)
    fs_store                                 0x00021499   Thumb Code   124  fstorage.o(i.fs_store)
    intern_softdevice_events_execute         0x00021825   Thumb Code   114  softdevice_handler.o(i.intern_softdevice_events_execute)
    main                                     0x00021a79   Thumb Code   100  main.o(i.main)
    nrf_drv_clock_init                       0x00021b31   Thumb Code    64  nrf_drv_clock.o(i.nrf_drv_clock_init)
    nrf_drv_clock_lfclk_request              0x00021b79   Thumb Code    96  nrf_drv_clock.o(i.nrf_drv_clock_lfclk_request)
    nrf_drv_clock_on_sd_enable               0x00021be1   Thumb Code    44  nrf_drv_clock.o(i.nrf_drv_clock_on_sd_enable)
    nrf_drv_clock_on_soc_event               0x00021c11   Thumb Code    10  nrf_drv_clock.o(i.nrf_drv_clock_on_soc_event)
    nrf_drv_common_irq_enable                0x00021c1b   Thumb Code    56  nrf_drv_common.o(i.nrf_drv_common_irq_enable)
    nrf_drv_gpiote_in_event_enable           0x00021c59   Thumb Code   156  nrf_drv_gpiote.o(i.nrf_drv_gpiote_in_event_enable)
    nrf_drv_gpiote_in_init                   0x00021cfd   Thumb Code   172  nrf_drv_gpiote.o(i.nrf_drv_gpiote_in_init)
    nrf_drv_gpiote_in_is_set                 0x00021db5   Thumb Code    20  nrf_drv_gpiote.o(i.nrf_drv_gpiote_in_is_set)
    nrf_drv_gpiote_init                      0x00021dc9   Thumb Code    84  nrf_drv_gpiote.o(i.nrf_drv_gpiote_init)
    nrf_drv_gpiote_is_init                   0x00021e25   Thumb Code    14  nrf_drv_gpiote.o(i.nrf_drv_gpiote_is_init)
    nrf_drv_uart_init                        0x00021e49   Thumb Code    98  nrf_drv_uart.o(i.nrf_drv_uart_init)
    nrf_drv_uart_rx                          0x00021eb1   Thumb Code   170  nrf_drv_uart.o(i.nrf_drv_uart_rx)
    nrf_drv_uart_rx_enable                   0x00021f61   Thumb Code    42  nrf_drv_uart.o(i.nrf_drv_uart_rx_enable)
    nrf_drv_uart_tx                          0x000220e9   Thumb Code   262  nrf_drv_uart.o(i.nrf_drv_uart_tx)
    nrf_drv_uart_tx_in_progress              0x000221f5   Thumb Code    18  nrf_drv_uart.o(i.nrf_drv_uart_tx_in_progress)
    pvPortMalloc                             0x00022cc5   Thumb Code    68  heap_1.o(i.pvPortMalloc)
    pvTaskIncrementMutexHeldCount            0x00022d11   Thumb Code    18  tasks.o(i.pvTaskIncrementMutexHeldCount)
    pvTimerGetTimerID                        0x00022d29   Thumb Code    18  timers.o(i.pvTimerGetTimerID)
    pxPortInitialiseStack                    0x00022d3d   Thumb Code    36  port_cmsis.o(i.pxPortInitialiseStack)
    softdevice_ble_evt_handler_set           0x0002325d   Thumb Code    14  softdevice_handler.o(i.softdevice_ble_evt_handler_set)
    softdevice_enable                        0x00023271   Thumb Code    14  softdevice_handler.o(i.softdevice_enable)
    softdevice_enable_get_default_config     0x00023285   Thumb Code    38  softdevice_handler.o(i.softdevice_enable_get_default_config)
    softdevice_fault_handler                 0x000232ab   Thumb Code     4  softdevice_handler.o(i.softdevice_fault_handler)
    softdevice_handler_init                  0x000232b1   Thumb Code    92  softdevice_handler.o(i.softdevice_handler_init)
    softdevice_handler_is_enabled            0x00023315   Thumb Code     6  softdevice_handler.o(i.softdevice_handler_is_enabled)
    uart_event_handle                        0x0002335d   Thumb Code    78  main.o(i.uart_event_handle)
    uxListRemove                             0x0002366f   Thumb Code    36  list.o(i.uxListRemove)
    vApplicationIdleHook                     0x00023695   Thumb Code     8  main.o(i.vApplicationIdleHook)
    vListInitialise                          0x000236a1   Thumb Code    22  list.o(i.vListInitialise)
    vListInitialiseItem                      0x000236b7   Thumb Code     6  list.o(i.vListInitialiseItem)
    vListInsert                              0x000236bd   Thumb Code    48  list.o(i.vListInsert)
    vListInsertEnd                           0x000236ed   Thumb Code    24  list.o(i.vListInsertEnd)
    vPortEnterCritical                       0x00023705   Thumb Code    16  port_cmsis.o(i.vPortEnterCritical)
    vPortExitCritical                        0x00023719   Thumb Code    16  port_cmsis.o(i.vPortExitCritical)
    vPortFree                                0x0002372d   Thumb Code     2  heap_1.o(i.vPortFree)
    vPortSetupTimerInterrupt                 0x00023731   Thumb Code    48  port_cmsis_systick.o(i.vPortSetupTimerInterrupt)
    vPortSuppressTicksAndSleep               0x00023769   Thumb Code   234  port_cmsis_systick.o(i.vPortSuppressTicksAndSleep)
    vQueueAddToRegistry                      0x00023865   Thumb Code    34  queue.o(i.vQueueAddToRegistry)
    vQueueWaitForMessageRestricted           0x0002388d   Thumb Code    56  queue.o(i.vQueueWaitForMessageRestricted)
    vTaskMissedYield                         0x000238c5   Thumb Code     8  tasks.o(i.vTaskMissedYield)
    vTaskPlaceOnEventList                    0x000238d1   Thumb Code    70  tasks.o(i.vTaskPlaceOnEventList)
    vTaskPlaceOnEventListRestricted          0x00023921   Thumb Code    52  tasks.o(i.vTaskPlaceOnEventListRestricted)
    vTaskPriorityInherit                     0x00023959   Thumb Code   124  tasks.o(i.vTaskPriorityInherit)
    vTaskResume                              0x000239dd   Thumb Code   100  tasks.o(i.vTaskResume)
    vTaskSetTimeOutState                     0x00023a4d   Thumb Code    12  tasks.o(i.vTaskSetTimeOutState)
    vTaskStartScheduler                      0x00023a5d   Thumb Code    64  tasks.o(i.vTaskStartScheduler)
    vTaskStepTick                            0x00023aad   Thumb Code    10  tasks.o(i.vTaskStepTick)
    vTaskSuspendAll                          0x00023abd   Thumb Code    10  tasks.o(i.vTaskSuspendAll)
    vTaskSwitchContext                       0x00023acd   Thumb Code    60  tasks.o(i.vTaskSwitchContext)
    xPortStartScheduler                      0x00023bf9   Thumb Code    58  port_cmsis.o(i.xPortStartScheduler)
    xQueueGenericCreate                      0x00023c45   Thumb Code    60  queue.o(i.xQueueGenericCreate)
    xQueueGenericReceive                     0x00023c81   Thumb Code   290  queue.o(i.xQueueGenericReceive)
    xQueueGenericReset                       0x00023da9   Thumb Code   108  queue.o(i.xQueueGenericReset)
    xQueueGenericSend                        0x00023e19   Thumb Code   248  queue.o(i.xQueueGenericSend)
    xQueueGenericSendFromISR                 0x00023f15   Thumb Code    96  queue.o(i.xQueueGenericSendFromISR)
    xQueueGiveFromISR                        0x00023f75   Thumb Code    80  queue.o(i.xQueueGiveFromISR)
    xTaskCheckForTimeOut                     0x00023fc5   Thumb Code    66  tasks.o(i.xTaskCheckForTimeOut)
    xTaskGenericCreate                       0x0002400d   Thumb Code   366  tasks.o(i.xTaskGenericCreate)
    xTaskGetSchedulerState                   0x00024189   Thumb Code    22  tasks.o(i.xTaskGetSchedulerState)
    xTaskGetTickCount                        0x000241a5   Thumb Code     6  tasks.o(i.xTaskGetTickCount)
    xTaskGetTickCountFromISR                 0x000241b1   Thumb Code     6  tasks.o(i.xTaskGetTickCountFromISR)
    xTaskIncrementTick                       0x000241bd   Thumb Code   152  tasks.o(i.xTaskIncrementTick)
    xTaskPriorityDisinherit                  0x0002425d   Thumb Code   102  tasks.o(i.xTaskPriorityDisinherit)
    xTaskRemoveFromEventList                 0x000242cd   Thumb Code    98  tasks.o(i.xTaskRemoveFromEventList)
    xTaskResumeAll                           0x00024339   Thumb Code   162  tasks.o(i.xTaskResumeAll)
    xTimerCreate                             0x000243e9   Thumb Code    60  timers.o(i.xTimerCreate)
    xTimerCreateTimerTask                    0x00024425   Thumb Code    50  timers.o(i.xTimerCreateTimerTask)
    xTimerGenericCommand                     0x00024469   Thumb Code    74  timers.o(i.xTimerGenericCommand)
    xTimerIsTimerActive                      0x000244b9   Thumb Code    26  timers.o(i.xTimerIsTimerActive)
    Region$$Table$$Base                      0x000245a4   Number         0  anon$$obj.o(Region$$Table)
    Region$$Table$$Limit                     0x000245c4   Number         0  anon$$obj.o(Region$$Table)
    Image$$RW_IRAM1$$Base                    0x20002128   Number         0  anon$$obj.o ABSOLUTE
    pxCurrentTCB                             0x20002160   Data           4  tasks.o(.data)
    SystemCoreClock                          0x20002218   Data           4  system_nrf52.o(.data)
    __stdout                                 0x2000221c   Data           4  stdout.o(.data)
    fs_data$$Base                            0x20002220   Number         0  fds.o(fs_data)
    fs_data$$Limit                           0x20002230   Number         0  fds.o(fs_data)
    xQueueRegistry                           0x200037b8   Data          16  queue.o(.bss)
    nrf_nvic_state                           0x20003bdc   Data          12  app_util_platform.o(.bss)
    STACK$$Base                              0x20003d90   Number         0  arm_startup_nrf52.o(STACK)
    STACK$$Limit                             0x20004590   Number         0  arm_startup_nrf52.o(STACK)
    __initial_sp                             0x20004590   Data           0  arm_startup_nrf52.o(STACK)



==============================================================================

Memory Map of the image

  Image Entry point : 0x0001f401

  Load Region LR_IROM1 (Base: 0x0001f000, Size: 0x000056cc, Max: 0x00061000, ABSOLUTE)

    Execution Region ER_IROM1 (Base: 0x0001f000, Size: 0x000055c4, Max: 0x00061000, ABSOLUTE)

    Base Addr    Size         Type   Attr      Idx    E Section Name        Object

    0x0001f000   0x00000400   Data   RO         4602    RESET               arm_startup_nrf52.o
    0x0001f400   0x00000000   Code   RO         4643  * .ARM.Collect$$$$00000000  mc_w.l(entry.o)
    0x0001f400   0x00000004   Code   RO         4917    .ARM.Collect$$$$00000001  mc_w.l(entry2.o)
    0x0001f404   0x00000004   Code   RO         4920    .ARM.Collect$$$$00000004  mc_w.l(entry5.o)
    0x0001f408   0x00000000   Code   RO         4922    .ARM.Collect$$$$00000008  mc_w.l(entry7b.o)
    0x0001f408   0x00000000   Code   RO         4924    .ARM.Collect$$$$0000000A  mc_w.l(entry8b.o)
    0x0001f408   0x00000008   Code   RO         4925    .ARM.Collect$$$$0000000B  mc_w.l(entry9a.o)
    0x0001f410   0x00000000   Code   RO         4927    .ARM.Collect$$$$0000000D  mc_w.l(entry10a.o)
    0x0001f410   0x00000000   Code   RO         4929    .ARM.Collect$$$$0000000F  mc_w.l(entry11a.o)
    0x0001f410   0x00000004   Code   RO         4918    .ARM.Collect$$$$00002712  mc_w.l(entry2.o)
    0x0001f414   0x000000a0   Code   RO          954    .emb_text           port.o
    0x0001f4b4   0x00000034   Code   RO         3938    .emb_text           hardfault_handler_keil.o
    0x0001f4e8   0x00000024   Code   RO         4603    .text               arm_startup_nrf52.o
    0x0001f50c   0x00000024   Code   RO         4646    .text               mc_w.l(memcpya.o)
    0x0001f530   0x00000024   Code   RO         4648    .text               mc_w.l(memseta.o)
    0x0001f554   0x00000062   Code   RO         4936    .text               mc_w.l(uldiv.o)
    0x0001f5b6   0x00000002   PAD
    0x0001f5b8   0x00000024   Code   RO         4949    .text               mc_w.l(init.o)
    0x0001f5dc   0x00000000   Code   RO         4951    .text               mc_w.l(semi.o)
    0x0001f5dc   0x0000001e   Code   RO         4952    .text               mc_w.l(llshl.o)
    0x0001f5fa   0x00000020   Code   RO         4954    .text               mc_w.l(llushr.o)
    0x0001f61a   0x00000000   Code   RO         4958    .text               mc_w.l(iusesemip.o)
    0x0001f61a   0x00000002   PAD
    0x0001f61c   0x00000174   Code   RO         2781    i.GPIOTE_IRQHandler  nrf_drv_gpiote.o
    0x0001f790   0x00000004   Code   RO         3960    i.HardFault_c_handler  hardfault_implementation.o
    0x0001f794   0x00000024   Code   RO         3961    i.HardFault_process  hardfault_implementation.o
    0x0001f7b8   0x00000016   Code   RO         4467    i.NVIC_DisableIRQ   softdevice_handler.o
    0x0001f7ce   0x00000016   Code   RO         4468    i.NVIC_EnableIRQ    softdevice_handler.o
    0x0001f7e4   0x00000058   Code   RO         2571    i.POWER_CLOCK_IRQHandler  nrf_drv_clock.o
    0x0001f83c   0x0000003c   Code   RO         1039    i.RTC1_IRQHandler   port_cmsis_systick.o
    0x0001f878   0x00000024   Code   RO         4469    i.SWI2_EGU2_IRQHandler  softdevice_handler.o
    0x0001f89c   0x0000029c   Code   RO         4611    i.SystemInit        system_nrf52.o
    0x0001fb38   0x0000001c   Code   RO         3021    i.UARTE0_UART0_IRQHandler  nrf_drv_uart.o
    0x0001fb54   0x00000020   Code   RO         4863    i.__0printf$8       mc_w.l(printf8.o)
    0x0001fb74   0x0000000e   Code   RO         4963    i.__scatterload_copy  mc_w.l(handlers.o)
    0x0001fb82   0x00000002   Code   RO         4964    i.__scatterload_null  mc_w.l(handlers.o)
    0x0001fb84   0x0000000e   Code   RO         4965    i.__scatterload_zeroinit  mc_w.l(handlers.o)
    0x0001fb92   0x00000002   PAD
    0x0001fb94   0x00000024   Code   RO         4470    i.__sd_nvic_app_accessible_irq  softdevice_handler.o
    0x0001fbb8   0x00000410   Code   RO         4870    i._printf_core      mc_w.l(printf8.o)
    0x0001ffc8   0x00000024   Code   RO         4871    i._printf_post_padding  mc_w.l(printf8.o)
    0x0001ffec   0x0000002e   Code   RO         4872    i._printf_pre_padding  mc_w.l(printf8.o)
    0x0002001a   0x00000036   Code   RO          643    i.advertising_buttons_configure  bsp_btn_ble.o
    0x00020050   0x00000006   Code   RO          528    i.alert_timer_handler  bsp.o
    0x00020056   0x00000002   PAD
    0x00020058   0x00000024   Code   RO         3254    i.app_button_enable  app_button.o
    0x0002007c   0x00000070   Code   RO         3255    i.app_button_init   app_button.o
    0x000200ec   0x00000024   Code   RO         3361    i.app_error_fault_handler  app_error_weak.o
    0x00020110   0x00000016   Code   RO         3316    i.app_error_handler_bare  app_error.o
    0x00020126   0x00000016   Code   RO         4115    i.app_fifo_get      app_fifo.o
    0x0002013c   0x00000020   Code   RO         4116    i.app_fifo_init     app_fifo.o
    0x0002015c   0x0000001a   Code   RO         4118    i.app_fifo_put      app_fifo.o
    0x00020176   0x0000001a   Code   RO         3389    i.app_timer_callback  app_timer_freertos.o
    0x00020190   0x00000054   Code   RO         3390    i.app_timer_create  app_timer_freertos.o
    0x000201e4   0x00000010   Code   RO         3391    i.app_timer_init    app_timer_freertos.o
    0x000201f4   0x000000c8   Code   RO         3392    i.app_timer_start   app_timer_freertos.o
    0x000202bc   0x00000064   Code   RO         3393    i.app_timer_stop    app_timer_freertos.o
    0x00020320   0x00000034   Code   RO         4189    i.app_uart_get      app_uart_fifo.o
    0x00020354   0x000000b4   Code   RO         4190    i.app_uart_init     app_uart_fifo.o
    0x00020408   0x0000003c   Code   RO         4191    i.app_uart_put      app_uart_fifo.o
    0x00020444   0x00000048   Code   RO         3441    i.app_util_critical_region_enter  app_util_platform.o
    0x0002048c   0x00000034   Code   RO         3442    i.app_util_critical_region_exit  app_util_platform.o
    0x000204c0   0x000000b8   Code   RO         3022    i.apply_config      nrf_drv_uart.o
    0x00020578   0x00000040   Code   RO         2350    i.ble_db_discovery_evt_register  ble_db_discovery.o
    0x000205b8   0x0000001c   Code   RO         2351    i.ble_db_discovery_init  ble_db_discovery.o
    0x000205d4   0x0000004c   Code   RO         2352    i.ble_db_discovery_on_ble_evt  ble_db_discovery.o
    0x00020620   0x0000005c   Code   RO         2353    i.ble_db_discovery_start  ble_db_discovery.o
    0x0002067c   0x00000028   Code   RO            5    i.ble_evt_dispatch  main.o
    0x000206a4   0x00000034   Code   RO            6    i.ble_new_event_handler  main.o
    0x000206d8   0x000000a0   Code   RO            7    i.ble_nus_c_evt_handler  main.o
    0x00020778   0x0000001a   Code   RO         2504    i.ble_nus_c_handles_assign  ble_nus_c.o
    0x00020792   0x00000002   PAD
    0x00020794   0x0000004c   Code   RO         2505    i.ble_nus_c_init    ble_nus_c.o
    0x000207e0   0x00000066   Code   RO         2506    i.ble_nus_c_on_ble_evt  ble_nus_c.o
    0x00020846   0x00000078   Code   RO         2507    i.ble_nus_c_on_db_disc_evt  ble_nus_c.o
    0x000208be   0x00000002   PAD
    0x000208c0   0x00000048   Code   RO         2508    i.ble_nus_c_rx_notif_enable  ble_nus_c.o
    0x00020908   0x00000040   Code   RO         2509    i.ble_nus_c_string_send  ble_nus_c.o
    0x00020948   0x00000060   Code   RO            8    i.ble_stack_init    main.o
    0x000209a8   0x000000c8   Code   RO            9    i.ble_stack_thread  main.o
    0x00020a70   0x0000000c   Code   RO          412    i.bsp_board_button_idx_to_pin  boards.o
    0x00020a7c   0x00000020   Code   RO          413    i.bsp_board_button_state_get  boards.o
    0x00020a9c   0x00000024   Code   RO          416    i.bsp_board_led_invert  boards.o
    0x00020ac0   0x00000010   Code   RO          417    i.bsp_board_led_off  boards.o
    0x00020ad0   0x00000010   Code   RO          418    i.bsp_board_led_on  boards.o
    0x00020ae0   0x00000020   Code   RO          419    i.bsp_board_led_state_get  boards.o
    0x00020b00   0x0000002c   Code   RO          420    i.bsp_board_leds_init  boards.o
    0x00020b2c   0x00000012   Code   RO          421    i.bsp_board_leds_off  boards.o
    0x00020b3e   0x00000012   Code   RO          422    i.bsp_board_leds_on  boards.o
    0x00020b50   0x00000024   Code   RO          423    i.bsp_board_pin_to_button_idx  boards.o
    0x00020b74   0x00000038   Code   RO          644    i.bsp_btn_ble_init  bsp_btn_ble.o
    0x00020bac   0x00000070   Code   RO          645    i.bsp_btn_ble_on_ble_evt  bsp_btn_ble.o
    0x00020c1c   0x0000001e   Code   RO          646    i.bsp_btn_ble_sleep_mode_prepare  bsp_btn_ble.o
    0x00020c3a   0x00000002   PAD
    0x00020c3c   0x00000094   Code   RO          529    i.bsp_button_event_handler  bsp.o
    0x00020cd0   0x00000004   Code   RO          530    i.bsp_button_is_pressed  bsp.o
    0x00020cd4   0x00000044   Code   RO           10    i.bsp_event_handler  main.o
    0x00020d18   0x00000044   Code   RO          533    i.bsp_event_to_button_action_assign  bsp.o
    0x00020d5c   0x00000018   Code   RO          534    i.bsp_indication_set  bsp.o
    0x00020d74   0x00000098   Code   RO          535    i.bsp_init          bsp.o
    0x00020e0c   0x00000174   Code   RO          536    i.bsp_led_indication  bsp.o
    0x00020f80   0x00000010   Code   RO          538    i.bsp_wakeup_button_enable  bsp.o
    0x00020f90   0x00000008   Code   RO          539    i.button_timer_handler  bsp.o
    0x00020f98   0x0000001c   Code   RO         2782    i.channel_free      nrf_drv_gpiote.o
    0x00020fb4   0x00000048   Code   RO         2783    i.channel_port_alloc  nrf_drv_gpiote.o
    0x00020ffc   0x00000010   Code   RO         2784    i.channel_port_get  nrf_drv_gpiote.o
    0x0002100c   0x00000042   Code   RO         2354    i.characteristics_discover  ble_db_discovery.o
    0x0002104e   0x00000002   PAD
    0x00021050   0x00000020   Code   RO         3830    i.check_config      fstorage.o
    0x00021070   0x00000028   Code   RO         2572    i.clock_clk_started_notify  nrf_drv_clock.o
    0x00021098   0x0000000c   Code   RO           11    i.db_disc_handler   main.o
    0x000210a4   0x0000009c   Code   RO         3521    i.delete_execute    fds.o
    0x00021140   0x0000008c   Code   RO         2355    i.descriptors_discover  ble_db_discovery.o
    0x000211cc   0x00000060   Code   RO         3257    i.detection_delay_timeout_handler  app_button.o
    0x0002122c   0x000000b4   Code   RO         2356    i.discovery_complete_evt_trigger  ble_db_discovery.o
    0x000212e0   0x00000034   Code   RO         2357    i.discovery_error_evt_trigger  ble_db_discovery.o
    0x00021314   0x00000020   Code   RO         1270    i.eTaskConfirmSleepModeStatus  tasks.o
    0x00021334   0x0000006a   Code   RO         3522    i.event_prepare     fds.o
    0x0002139e   0x00000002   PAD
    0x000213a0   0x00000020   Code   RO         3523    i.event_send        fds.o
    0x000213c0   0x00000014   Code   RO         4121    i.fifo_get          app_fifo.o
    0x000213d4   0x00000012   Code   RO         4122    i.fifo_put          app_fifo.o
    0x000213e6   0x00000002   PAD
    0x000213e8   0x00000010   Code   RO         3543    i.flag_clear        fds.o
    0x000213f8   0x00000010   Code   RO         3544    i.flag_set          fds.o
    0x00021408   0x00000012   Code   RO         4931    i.fputc             mc_w.l(fputc.o)
    0x0002141a   0x00000002   PAD
    0x0002141c   0x00000074   Code   RO         3831    i.fs_erase          fstorage.o
    0x00021490   0x00000006   Code   RO         3545    i.fs_event_handler  fds.o
    0x00021496   0x00000002   PAD
    0x00021498   0x00000080   Code   RO         3837    i.fs_store          fstorage.o
    0x00021518   0x00000070   Code   RO         3546    i.gc_execute        fds.o
    0x00021588   0x00000048   Code   RO         3547    i.gc_next_page      fds.o
    0x000215d0   0x0000004c   Code   RO         3548    i.gc_page_erase     fds.o
    0x0002161c   0x00000034   Code   RO         3549    i.gc_record_copy    fds.o
    0x00021650   0x00000024   Code   RO         3550    i.gc_record_find_next  fds.o
    0x00021674   0x00000080   Code   RO         3551    i.gc_state_advance  fds.o
    0x000216f4   0x00000058   Code   RO         3258    i.gpiote_event_handler  app_button.o
    0x0002174c   0x00000016   Code   RO         3552    i.header_is_valid   fds.o
    0x00021762   0x00000002   PAD
    0x00021764   0x000000c0   Code   RO         3553    i.init_execute      fds.o
    0x00021824   0x00000078   Code   RO         4471    i.intern_softdevice_events_execute  softdevice_handler.o
    0x0002189c   0x00000078   Code   RO         3023    i.interrupts_enable  nrf_drv_uart.o
    0x00021914   0x0000004c   Code   RO         2358    i.is_desc_discovery_reqd  ble_db_discovery.o
    0x00021960   0x000000e0   Code   RO           12    i.is_uuid_present   main.o
    0x00021a40   0x0000000c   Code   RO         3554    i.is_word_aligned   fds.o
    0x00021a4c   0x00000016   Code   RO         2574    i.item_enqueue      nrf_drv_clock.o
    0x00021a62   0x00000002   PAD
    0x00021a64   0x00000014   Code   RO          540    i.leds_timer_handler  bsp.o
    0x00021a78   0x00000088   Code   RO           13    i.main              main.o
    0x00021b00   0x00000010   Code   RO         2785    i.nrf_bitmask_bit_is_set  nrf_drv_gpiote.o
    0x00021b10   0x0000000e   Code   RO         2576    i.nrf_clock_event_check  nrf_drv_clock.o
    0x00021b1e   0x00000010   Code   RO         2577    i.nrf_clock_event_clear  nrf_drv_clock.o
    0x00021b2e   0x00000002   PAD
    0x00021b30   0x00000048   Code   RO         2584    i.nrf_drv_clock_init  nrf_drv_clock.o
    0x00021b78   0x00000068   Code   RO         2589    i.nrf_drv_clock_lfclk_request  nrf_drv_clock.o
    0x00021be0   0x00000030   Code   RO         2591    i.nrf_drv_clock_on_sd_enable  nrf_drv_clock.o
    0x00021c10   0x0000000a   Code   RO         2592    i.nrf_drv_clock_on_soc_event  nrf_drv_clock.o
    0x00021c1a   0x00000038   Code   RO         2745    i.nrf_drv_common_irq_enable  nrf_drv_common.o
    0x00021c52   0x00000006   Code   RO         3025    i.nrf_drv_get_IRQn  nrf_drv_uart.o
    0x00021c58   0x000000a4   Code   RO         2790    i.nrf_drv_gpiote_in_event_enable  nrf_drv_gpiote.o
    0x00021cfc   0x000000b8   Code   RO         2791    i.nrf_drv_gpiote_in_init  nrf_drv_gpiote.o
    0x00021db4   0x00000014   Code   RO         2792    i.nrf_drv_gpiote_in_is_set  nrf_drv_gpiote.o
    0x00021dc8   0x0000005c   Code   RO         2794    i.nrf_drv_gpiote_init  nrf_drv_gpiote.o
    0x00021e24   0x00000014   Code   RO         2795    i.nrf_drv_gpiote_is_init  nrf_drv_gpiote.o
    0x00021e38   0x00000010   Code   RO         3026    i.nrf_drv_is_in_RAM  nrf_drv_uart.o
    0x00021e48   0x00000068   Code   RO         3028    i.nrf_drv_uart_init  nrf_drv_uart.o
    0x00021eb0   0x000000b0   Code   RO         3029    i.nrf_drv_uart_rx   nrf_drv_uart.o
    0x00021f60   0x00000030   Code   RO         3032    i.nrf_drv_uart_rx_enable  nrf_drv_uart.o
    0x00021f90   0x000000a8   Code   RO         3033    i.nrf_drv_uart_rx_for_uart  nrf_drv_uart.o
    0x00022038   0x000000b0   Code   RO         3034    i.nrf_drv_uart_rx_for_uarte  nrf_drv_uart.o
    0x000220e8   0x0000010c   Code   RO         3035    i.nrf_drv_uart_tx   nrf_drv_uart.o
    0x000221f4   0x00000018   Code   RO         3037    i.nrf_drv_uart_tx_in_progress  nrf_drv_uart.o
    0x0002220c   0x00000024   Code   RO          425    i.nrf_gpio_cfg      boards.o
    0x00022230   0x00000024   Code   RO         2809    i.nrf_gpio_cfg      nrf_drv_gpiote.o
    0x00022254   0x00000024   Code   RO         3039    i.nrf_gpio_cfg      nrf_drv_uart.o
    0x00022278   0x00000012   Code   RO         3041    i.nrf_gpio_cfg_input  nrf_drv_uart.o
    0x0002228a   0x00000014   Code   RO         3042    i.nrf_gpio_cfg_output  nrf_drv_uart.o
    0x0002229e   0x00000022   Code   RO          541    i.nrf_gpio_cfg_sense_set  bsp.o
    0x000222c0   0x00000022   Code   RO         2811    i.nrf_gpio_cfg_sense_set  nrf_drv_gpiote.o
    0x000222e2   0x00000016   Code   RO          426    i.nrf_gpio_pin_write  boards.o
    0x000222f8   0x00000028   Code   RO         2812    i.nrf_gpio_ports_read  nrf_drv_gpiote.o
    0x00022320   0x00000014   Code   RO         2813    i.nrf_gpiote_event_clear  nrf_drv_gpiote.o
    0x00022334   0x00000010   Code   RO         2814    i.nrf_gpiote_event_is_set  nrf_drv_gpiote.o
    0x00022344   0x0000000c   Code   RO         1040    i.nrf_rtc_event_clear  port_cmsis_systick.o
    0x00022350   0x0000000a   Code   RO         3043    i.nrf_uart_event_check  nrf_drv_uart.o
    0x0002235a   0x0000000c   Code   RO         3044    i.nrf_uart_event_clear  nrf_drv_uart.o
    0x00022366   0x0000000c   Code   RO         3045    i.nrf_uart_int_enable_check  nrf_drv_uart.o
    0x00022372   0x0000000a   Code   RO         3046    i.nrf_uarte_event_check  nrf_drv_uart.o
    0x0002237c   0x0000000c   Code   RO         3047    i.nrf_uarte_event_clear  nrf_drv_uart.o
    0x00022388   0x0000012c   Code   RO           14    i.on_ble_evt        main.o
    0x000224b4   0x00000114   Code   RO         2359    i.on_characteristic_discovery_rsp  ble_db_discovery.o
    0x000225c8   0x000000f0   Code   RO         2360    i.on_descriptor_discovery_rsp  ble_db_discovery.o
    0x000226b8   0x0000006c   Code   RO         2361    i.on_primary_srv_discovery_rsp  ble_db_discovery.o
    0x00022724   0x0000007c   Code   RO         2362    i.on_srv_disc_completion  ble_db_discovery.o
    0x000227a0   0x00000012   Code   RO         3556    i.page_offsets_update  fds.o
    0x000227b2   0x00000002   PAD
    0x000227b4   0x0000001c   Code   RO         3558    i.page_tag_write_data  fds.o
    0x000227d0   0x00000024   Code   RO         3559    i.page_tag_write_swap  fds.o
    0x000227f4   0x00000018   Code   RO         2815    i.pin_in_use_by_port  nrf_drv_gpiote.o
    0x0002280c   0x00000018   Code   RO         2816    i.pin_in_use_by_te  nrf_drv_gpiote.o
    0x00022824   0x00000034   Code   RO         1273    i.prvAddCurrentTaskToDelayedList  tasks.o
    0x00022858   0x00000050   Code   RO         1594    i.prvCheckForValidListAndQueue  timers.o
    0x000228a8   0x00000054   Code   RO         1274    i.prvCheckTasksWaitingTermination  tasks.o
    0x000228fc   0x00000026   Code   RO         1100    i.prvCopyDataFromQueue  queue.o
    0x00022922   0x0000006e   Code   RO         1101    i.prvCopyDataToQueue  queue.o
    0x00022990   0x00000024   Code   RO         1275    i.prvGetExpectedIdleTime  tasks.o
    0x000229b4   0x00000048   Code   RO         1276    i.prvIdleTask       tasks.o
    0x000229fc   0x00000038   Code   RO         1595    i.prvInsertTimerInActiveList  timers.o
    0x00022a34   0x000000a8   Code   RO         1596    i.prvProcessReceivedCommands  timers.o
    0x00022adc   0x00000098   Code   RO         1597    i.prvProcessTimerOrBlockTask  timers.o
    0x00022b74   0x00000020   Code   RO         1277    i.prvResetNextTaskUnblockTime  tasks.o
    0x00022b94   0x00000028   Code   RO         1598    i.prvSampleTimeNow  timers.o
    0x00022bbc   0x00000058   Code   RO         1599    i.prvSwitchTimerLists  timers.o
    0x00022c14   0x00000008   Code   RO          976    i.prvTaskExitError  port_cmsis.o
    0x00022c1c   0x00000020   Code   RO         1278    i.prvTaskIsTaskSuspended  tasks.o
    0x00022c3c   0x00000024   Code   RO         1600    i.prvTimerTask      timers.o
    0x00022c60   0x00000064   Code   RO         1102    i.prvUnlockQueue    queue.o
    0x00022cc4   0x0000004c   Code   RO          861    i.pvPortMalloc      heap_1.o
    0x00022d10   0x00000018   Code   RO         1279    i.pvTaskIncrementMutexHeldCount  tasks.o
    0x00022d28   0x00000012   Code   RO         1601    i.pvTimerGetTimerID  timers.o
    0x00022d3a   0x00000002   PAD
    0x00022d3c   0x0000002c   Code   RO          977    i.pxPortInitialiseStack  port_cmsis.o
    0x00022d68   0x00000038   Code   RO         3841    i.queue_get_next_free  fstorage.o
    0x00022da0   0x000000bc   Code   RO         3561    i.queue_process     fds.o
    0x00022e5c   0x00000070   Code   RO         3842    i.queue_process     fstorage.o
    0x00022ecc   0x0000001c   Code   RO         3843    i.queue_start       fstorage.o
    0x00022ee8   0x00000088   Code   RO         3563    i.record_find       fds.o
    0x00022f70   0x0000009c   Code   RO         3564    i.record_find_by_desc  fds.o
    0x0002300c   0x0000004c   Code   RO         3565    i.record_find_next  fds.o
    0x00023058   0x00000024   Code   RO         3566    i.record_header_flag_dirty  fds.o
    0x0002307c   0x0000005c   Code   RO         3567    i.record_write_chunk  fds.o
    0x000230d8   0x00000038   Code   RO         2363    i.registered_handler_get  ble_db_discovery.o
    0x00023110   0x00000032   Code   RO         3049    i.rx_byte           nrf_drv_uart.o
    0x00023142   0x00000018   Code   RO         3050    i.rx_done_event     nrf_drv_uart.o
    0x0002315a   0x00000020   Code   RO         3051    i.rx_enable         nrf_drv_uart.o
    0x0002317a   0x00000002   PAD
    0x0002317c   0x00000024   Code   RO           15    i.scan_start        main.o
    0x000231a0   0x00000070   Code   RO         4473    i.sd_nvic_EnableIRQ  softdevice_handler.o
    0x00023210   0x0000004c   Code   RO         3844    i.send_event        fstorage.o
    0x0002325c   0x00000014   Code   RO         4474    i.softdevice_ble_evt_handler_set  softdevice_handler.o
    0x00023270   0x00000014   Code   RO         4475    i.softdevice_enable  softdevice_handler.o
    0x00023284   0x00000026   Code   RO         4476    i.softdevice_enable_get_default_config  softdevice_handler.o
    0x000232aa   0x00000004   Code   RO         4477    i.softdevice_fault_handler  softdevice_handler.o
    0x000232ae   0x00000002   PAD
    0x000232b0   0x00000064   Code   RO         4478    i.softdevice_handler_init  softdevice_handler.o
    0x00023314   0x0000000c   Code   RO         4479    i.softdevice_handler_is_enabled  softdevice_handler.o
    0x00023320   0x00000020   Code   RO         3052    i.tx_byte           nrf_drv_uart.o
    0x00023340   0x0000001c   Code   RO         3053    i.tx_done_event     nrf_drv_uart.o
    0x0002335c   0x00000058   Code   RO           16    i.uart_event_handle  main.o
    0x000233b4   0x000000a0   Code   RO         4192    i.uart_event_handler  app_uart_fifo.o
    0x00023454   0x0000011e   Code   RO         3054    i.uart_irq_handler  nrf_drv_uart.o
    0x00023572   0x000000f0   Code   RO         3055    i.uarte_irq_handler  nrf_drv_uart.o
    0x00023662   0x0000000c   Code   RO         1103    i.ulPortRaiseBASEPRI  queue.o
    0x0002366e   0x00000024   Code   RO          906    i.uxListRemove      list.o
    0x00023692   0x00000002   PAD
    0x00023694   0x0000000c   Code   RO           17    i.vApplicationIdleHook  main.o
    0x000236a0   0x00000016   Code   RO          907    i.vListInitialise   list.o
    0x000236b6   0x00000006   Code   RO          908    i.vListInitialiseItem  list.o
    0x000236bc   0x00000030   Code   RO          909    i.vListInsert       list.o
    0x000236ec   0x00000018   Code   RO          910    i.vListInsertEnd    list.o
    0x00023704   0x00000014   Code   RO          979    i.vPortEnterCritical  port_cmsis.o
    0x00023718   0x00000014   Code   RO          980    i.vPortExitCritical  port_cmsis.o
    0x0002372c   0x00000002   Code   RO          862    i.vPortFree         heap_1.o
    0x0002372e   0x00000002   PAD
    0x00023730   0x00000038   Code   RO         1041    i.vPortSetupTimerInterrupt  port_cmsis_systick.o
    0x00023768   0x000000fc   Code   RO         1042    i.vPortSuppressTicksAndSleep  port_cmsis_systick.o
    0x00023864   0x00000028   Code   RO         1107    i.vQueueAddToRegistry  queue.o
    0x0002388c   0x00000038   Code   RO         1110    i.vQueueWaitForMessageRestricted  queue.o
    0x000238c4   0x0000000c   Code   RO         1291    i.vTaskMissedYield  tasks.o
    0x000238d0   0x00000050   Code   RO         1293    i.vTaskPlaceOnEventList  tasks.o
    0x00023920   0x00000038   Code   RO         1294    i.vTaskPlaceOnEventListRestricted  tasks.o
    0x00023958   0x00000084   Code   RO         1296    i.vTaskPriorityInherit  tasks.o
    0x000239dc   0x00000070   Code   RO         1298    i.vTaskResume       tasks.o
    0x00023a4c   0x00000010   Code   RO         1299    i.vTaskSetTimeOutState  tasks.o
    0x00023a5c   0x00000050   Code   RO         1300    i.vTaskStartScheduler  tasks.o
    0x00023aac   0x00000010   Code   RO         1301    i.vTaskStepTick     tasks.o
    0x00023abc   0x00000010   Code   RO         1303    i.vTaskSuspendAll   tasks.o
    0x00023acc   0x00000044   Code   RO         1304    i.vTaskSwitchContext  tasks.o
    0x00023b10   0x000000e8   Code   RO         3569    i.write_execute     fds.o
    0x00023bf8   0x0000004c   Code   RO          981    i.xPortStartScheduler  port_cmsis.o
    0x00023c44   0x0000003c   Code   RO         1113    i.xQueueGenericCreate  queue.o
    0x00023c80   0x00000128   Code   RO         1114    i.xQueueGenericReceive  queue.o
    0x00023da8   0x00000070   Code   RO         1115    i.xQueueGenericReset  queue.o
    0x00023e18   0x000000fc   Code   RO         1116    i.xQueueGenericSend  queue.o
    0x00023f14   0x00000060   Code   RO         1117    i.xQueueGenericSendFromISR  queue.o
    0x00023f74   0x00000050   Code   RO         1118    i.xQueueGiveFromISR  queue.o
    0x00023fc4   0x00000048   Code   RO         1305    i.xTaskCheckForTimeOut  tasks.o
    0x0002400c   0x0000017c   Code   RO         1306    i.xTaskGenericCreate  tasks.o
    0x00024188   0x0000001c   Code   RO         1310    i.xTaskGetSchedulerState  tasks.o
    0x000241a4   0x0000000c   Code   RO         1311    i.xTaskGetTickCount  tasks.o
    0x000241b0   0x0000000c   Code   RO         1312    i.xTaskGetTickCountFromISR  tasks.o
    0x000241bc   0x000000a0   Code   RO         1313    i.xTaskIncrementTick  tasks.o
    0x0002425c   0x00000070   Code   RO         1316    i.xTaskPriorityDisinherit  tasks.o
    0x000242cc   0x0000006c   Code   RO         1317    i.xTaskRemoveFromEventList  tasks.o
    0x00024338   0x000000b0   Code   RO         1319    i.xTaskResumeAll    tasks.o
    0x000243e8   0x0000003c   Code   RO         1603    i.xTimerCreate      timers.o
    0x00024424   0x00000044   Code   RO         1604    i.xTimerCreateTimerTask  timers.o
    0x00024468   0x00000050   Code   RO         1605    i.xTimerGenericCommand  timers.o
    0x000244b8   0x0000001a   Code   RO         1607    i.xTimerIsTimerActive  timers.o
    0x000244d2   0x00000002   PAD
    0x000244d4   0x00000030   Data   RO           19    .constdata          main.o
    0x00024504   0x00000008   Data   RO          427    .constdata          boards.o
    0x0002450c   0x0000002c   Data   RO          546    .constdata          bsp.o
    0x00024538   0x00000004   Data   RO          982    .constdata          port_cmsis.o
    0x0002453c   0x00000028   Data   RO         2510    .constdata          ble_nus_c.o
    0x00024564   0x00000004   Data   RO         2818    .constdata          nrf_drv_gpiote.o
    0x00024568   0x00000008   Data   RO         3260    .constdata          app_button.o
    0x00024570   0x00000014   Data   RO         3573    .constdata          fds.o
    0x00024584   0x00000020   Data   RO         4194    .constdata          app_uart_fifo.o
    0x000245a4   0x00000020   Data   RO         4961    Region$$Table       anon$$obj.o


    Execution Region RW_IRAM1 (Base: 0x20002128, Size: 0x00002468, Max: 0x0000ded8, ABSOLUTE)

    Base Addr    Size         Type   Attr      Idx    E Section Name        Object

    0x20002128   0x00000010   Data   RW           20    .data               main.o
    0x20002138   0x00000014   Data   RW          547    .data               bsp.o
    0x2000214c   0x00000008   Data   RW          647    .data               bsp_btn_ble.o
    0x20002154   0x00000008   Data   RW          866    .data               heap_1.o
    0x2000215c   0x00000004   Data   RW          983    .data               port_cmsis.o
    0x20002160   0x0000003c   Data   RW         1322    .data               tasks.o
    0x2000219c   0x00000014   Data   RW         1611    .data               timers.o
    0x200021b0   0x00000010   Data   RW         2365    .data               ble_db_discovery.o
    0x200021c0   0x00000014   Data   RW         3261    .data               app_button.o
    0x200021d4   0x00000004   Data   RW         3394    .data               app_timer_freertos.o
    0x200021d8   0x00000018   Data   RW         3574    .data               fds.o
    0x200021f0   0x00000002   Data   RW         3846    .data               fstorage.o
    0x200021f2   0x00000002   PAD
    0x200021f4   0x00000010   Data   RW         4195    .data               app_uart_fifo.o
    0x20002204   0x00000014   Data   RW         4485    .data               softdevice_handler.o
    0x20002218   0x00000004   Data   RW         4612    .data               system_nrf52.o
    0x2000221c   0x00000004   Data   RW         4933    .data               mc_w.l(stdout.o)
    0x20002220   0x00000010   Data   RW         3575    fs_data             fds.o
    0x20002230   0x0000051c   Zero   RW           18    .bss                main.o
    0x2000274c   0x00000020   Zero   RW          542    .bss                bsp.o
    0x2000276c   0x00000020   Zero   RW          543    .bss                bsp.o
    0x2000278c   0x0000000c   Zero   RW          544    .bss                bsp.o
    0x20002798   0x00000020   Zero   RW          545    .bss                bsp.o
    0x200027b8   0x00001000   Zero   RW          865    .bss                heap_1.o
    0x200037b8   0x00000010   Zero   RW         1125    .bss                queue.o
    0x200037c8   0x000000a0   Zero   RW         1321    .bss                tasks.o
    0x20003868   0x00000028   Zero   RW         1610    .bss                timers.o
    0x20003890   0x000002a0   Zero   RW         2364    .bss                ble_db_discovery.o
    0x20003b30   0x00000014   Zero   RW         2594    .bss                nrf_drv_clock.o
    0x20003b44   0x00000058   Zero   RW         2817    .bss                nrf_drv_gpiote.o
    0x20003b9c   0x00000020   Zero   RW         3056    .bss                nrf_drv_uart.o
    0x20003bbc   0x00000020   Zero   RW         3259    .bss                app_button.o
    0x20003bdc   0x0000000c   Zero   RW         3445    .bss                app_util_platform.o
    0x20003be8   0x0000011c   Zero   RW         3572    .bss                fds.o
    0x20003d04   0x00000068   Zero   RW         3845    .bss                fstorage.o
    0x20003d6c   0x00000020   Zero   RW         4193    .bss                app_uart_fifo.o
    0x20003d8c   0x00000004   PAD
    0x20003d90   0x00000800   Zero   RW         4600    STACK               arm_startup_nrf52.o


==============================================================================

Image component sizes


      Code (inc. data)   RO Data    RW Data    ZI Data      Debug   Object Name

       332         34          8         20         32      10146   app_button.o
        22          0          0          0          0       2237   app_error.o
        36         10          0          0          0      27353   app_error_weak.o
       118          0          0          0          0       4998   app_fifo.o
       426         34          0          4          0      10491   app_timer_freertos.o
       452         42         32         16         32      10846   app_uart_fifo.o
       124         14          0          0         12       9498   app_util_platform.o
        36          8       1024          0       2048        924   arm_startup_nrf52.o
      1578         66          0         16        672      16007   ble_db_discovery.o
       460         16         40          0          0      15934   ble_nus_c.o
       318         42          8          0          0      13348   boards.o
       852         78         44         20        108      14759   bsp.o
       252         10          0          8          0       4957   bsp_btn_ble.o
         0          0          0          0          0      13964   event_groups.o
      2032        210         20         40        284      43191   fds.o
       548         38          0          2        104       8873   fstorage.o
        52         14          0          0          0        620   hardfault_handler_keil.o
        40         10          0          0          0       2938   hardfault_implementation.o
        78          8          0          8       4096       2483   heap_1.o
       136          0          0          0          0       3950   list.o
      1424        280         48         16       1308     128770   main.o
       414         30          0          0         20      14482   nrf_drv_clock.o
        56          0          0          0          0      27555   nrf_drv_common.o
      1178         84          4          0         88      28584   nrf_drv_gpiote.o
      2140         66          0          0         32      42357   nrf_drv_uart.o
       160         14          0          0          0        692   port.o
       168         34          4          4          0      36158   port_cmsis.o
       380         34          0          0          0      41298   port_cmsis_systick.o
      1252         20          0          0         16      14181   queue.o
       542         46          0         20          0      43103   softdevice_handler.o
       668         58          0          4          0       2731   system_nrf52.o
      2012        212          0         60        160      25240   tasks.o
       872         84          0         20         40      12080   timers.o

    ----------------------------------------------------------------------
     19194       1596       1264        260       9056     634748   Object Totals
         0          0         32          0          0          0   (incl. Generated)
        36          0          0          2          4          0   (incl. Padding)

    ----------------------------------------------------------------------

      Code (inc. data)   RO Data    RW Data    ZI Data      Debug   Library Member Name

         0          0          0          0          0          0   entry.o
         0          0          0          0          0          0   entry10a.o
         0          0          0          0          0          0   entry11a.o
         8          4          0          0          0          0   entry2.o
         4          0          0          0          0          0   entry5.o
         0          0          0          0          0          0   entry7b.o
         0          0          0          0          0          0   entry8b.o
         8          4          0          0          0          0   entry9a.o
        18          0          0          0          0         80   fputc.o
        30          0          0          0          0          0   handlers.o
        36          8          0          0          0         68   init.o
         0          0          0          0          0          0   iusesemip.o
        30          0          0          0          0         68   llshl.o
        32          0          0          0          0         68   llushr.o
        36          0          0          0          0         68   memcpya.o
        36          0          0          0          0        108   memseta.o
      1154         54          0          0          0        352   printf8.o
         0          0          0          0          0          0   semi.o
         0          0          0          4          0          0   stdout.o
        98          0          0          0          0         92   uldiv.o

    ----------------------------------------------------------------------
      1498         70          0          4          0        904   Library Totals
         8          0          0          0          0          0   (incl. Padding)

    ----------------------------------------------------------------------

      Code (inc. data)   RO Data    RW Data    ZI Data      Debug   Library Name

      1490         70          0          4          0        904   mc_w.l

    ----------------------------------------------------------------------
      1498         70          0          4          0        904   Library Totals

    ----------------------------------------------------------------------

==============================================================================


      Code (inc. data)   RO Data    RW Data    ZI Data      Debug   

     20692       1666       1264        264       9056     610740   Grand Totals
     20692       1666       1264        264       9056     610740   ELF Image Totals
     20692       1666       1264        264          0          0   ROM Totals

==============================================================================

    Total RO  Size (Code + RO Data)                21956 (  21.44kB)
    Total RW  Size (RW Data + ZI Data)              9320 (   9.10kB)
    Total ROM Size (Code + RO Data + RW Data)      22220 (  21.70kB)

==============================================================================

