Component: ARM Compiler 5.06 update 2 (build 183) Tool: armlink [4d35b7]

==============================================================================

Section Cross References

    main.o(i.ack_timer_handler) refers to main.o(i.send_data) for send_data
    main.o(i.ack_timer_handler) refers to main.o(.data) for .data
    main.o(i.adv_scan_start) refers to fstorage.o(i.fs_queued_op_count_get) for fs_queued_op_count_get
    main.o(i.adv_scan_start) refers to app_error.o(i.app_error_handler_bare) for app_error_handler_bare
    main.o(i.adv_scan_start) refers to main.o(i.scan_start) for scan_start
    main.o(i.adv_scan_start) refers to boards.o(i.bsp_board_led_on) for bsp_board_led_on
    main.o(i.adv_scan_start) refers to ble_advertising.o(i.ble_advertising_start) for ble_advertising_start
    main.o(i.advertising_init) refers to memseta.o(.text) for __aeabi_memclr4
    main.o(i.advertising_init) refers to ble_advertising.o(i.ble_advertising_init) for ble_advertising_init
    main.o(i.advertising_init) refers to app_error.o(i.app_error_handler_bare) for app_error_handler_bare
    main.o(i.advertising_init) refers to main.o(.data) for .data
    main.o(i.advertising_init) refers to main.o(i.on_adv_evt) for on_adv_evt
    main.o(i.assert_nrf_callback) refers to app_error.o(i.app_error_handler) for app_error_handler
    main.o(i.ble_evt_dispatch) refers to ble_conn_state.o(i.ble_conn_state_on_ble_evt) for ble_conn_state_on_ble_evt
    main.o(i.ble_evt_dispatch) refers to peer_manager.o(i.pm_on_ble_evt) for pm_on_ble_evt
    main.o(i.ble_evt_dispatch) refers to ble_conn_state.o(i.ble_conn_state_role) for ble_conn_state_role
    main.o(i.ble_evt_dispatch) refers to main.o(i.on_ble_peripheral_evt) for on_ble_peripheral_evt
    main.o(i.ble_evt_dispatch) refers to ble_conn_params.o(i.ble_conn_params_on_ble_evt) for ble_conn_params_on_ble_evt
    main.o(i.ble_evt_dispatch) refers to ble_advertising.o(i.ble_advertising_on_ble_evt) for ble_advertising_on_ble_evt
    main.o(i.ble_evt_dispatch) refers to ble_nus.o(i.ble_nus_on_ble_evt) for ble_nus_on_ble_evt
    main.o(i.ble_evt_dispatch) refers to main.o(i.on_ble_central_evt) for on_ble_central_evt
    main.o(i.ble_evt_dispatch) refers to bsp_btn_ble.o(i.bsp_btn_ble_on_ble_evt) for bsp_btn_ble_on_ble_evt
    main.o(i.ble_evt_dispatch) refers to ble_db_discovery.o(i.ble_db_discovery_on_ble_evt) for ble_db_discovery_on_ble_evt
    main.o(i.ble_evt_dispatch) refers to ble_nus_c.o(i.ble_nus_c_on_ble_evt) for ble_nus_c_on_ble_evt
    main.o(i.ble_evt_dispatch) refers to main.o(.bss) for .bss
    main.o(i.ble_new_event_handler) refers to queue.o(i.xQueueGiveFromISR) for xQueueGiveFromISR
    main.o(i.ble_new_event_handler) refers to main.o(.data) for .data
    main.o(i.ble_nus_c_evt_handler) refers to nrf_log_frontend.o(i.nrf_log_frontend_std_0) for nrf_log_frontend_std_0
    main.o(i.ble_nus_c_evt_handler) refers to main.o(i.scan_start) for scan_start
    main.o(i.ble_nus_c_evt_handler) refers to ble_nus_c.o(i.ble_nus_c_handles_assign) for ble_nus_c_handles_assign
    main.o(i.ble_nus_c_evt_handler) refers to app_error.o(i.app_error_handler_bare) for app_error_handler_bare
    main.o(i.ble_nus_c_evt_handler) refers to ble_nus_c.o(i.ble_nus_c_rx_notif_enable) for ble_nus_c_rx_notif_enable
    main.o(i.ble_nus_c_evt_handler) refers to bsp.o(i.bsp_indication_set) for bsp_indication_set
    main.o(i.ble_nus_c_evt_handler) refers to main.o(i.send_ack) for send_ack
    main.o(i.ble_nus_c_evt_handler) refers to app_timer_freertos.o(i.app_timer_stop) for app_timer_stop
    main.o(i.ble_nus_c_evt_handler) refers to main.o(i.print_slave_data) for print_slave_data
    main.o(i.ble_nus_c_evt_handler) refers to main.o(.data) for .data
    main.o(i.ble_nus_c_evt_handler) refers to main.o(.bss) for .bss
    main.o(i.ble_nus_c_evt_handler) refers to main.o(.constdata) for .constdata
    main.o(i.ble_stack_init) refers to softdevice_handler.o(i.softdevice_handler_init) for softdevice_handler_init
    main.o(i.ble_stack_init) refers to app_error.o(i.app_error_handler_bare) for app_error_handler_bare
    main.o(i.ble_stack_init) refers to softdevice_handler.o(i.softdevice_enable_get_default_config) for softdevice_enable_get_default_config
    main.o(i.ble_stack_init) refers to nrf_log_frontend.o(i.nrf_log_frontend_dequeue) for nrf_log_frontend_dequeue
    main.o(i.ble_stack_init) refers to softdevice_handler.o(i.softdevice_enable) for softdevice_enable
    main.o(i.ble_stack_init) refers to softdevice_handler.o(i.softdevice_ble_evt_handler_set) for softdevice_ble_evt_handler_set
    main.o(i.ble_stack_init) refers to main.o(.constdata) for .constdata
    main.o(i.ble_stack_init) refers to main.o(i.ble_new_event_handler) for ble_new_event_handler
    main.o(i.ble_stack_init) refers to main.o(.bss) for .bss
    main.o(i.ble_stack_init) refers to main.o(i.ble_evt_dispatch) for ble_evt_dispatch
    main.o(i.ble_stack_thread) refers to app_timer_freertos.o(i.app_timer_init) for app_timer_init
[...]
    SWI2_EGU2_IRQHandler                     0x0001f921   Thumb Code    32  softdevice_handler.o(i.SWI2_EGU2_IRQHandler)
    SystemInit                               0x0001f945   Thumb Code   610  system_nrf52.o(i.SystemInit)
    UARTE0_UART0_IRQHandler                  0x0001fbe1   Thumb Code    20  nrf_drv_uart.o(i.UARTE0_UART0_IRQHandler)
    __0snprintf$8                            0x0001fd15   Thumb Code    36  printf8.o(i.__0snprintf$8)
    __1snprintf$8                            0x0001fd15   Thumb Code     0  printf8.o(i.__0snprintf$8)
    __2snprintf                              0x0001fd15   Thumb Code     0  printf8.o(i.__0snprintf$8)
    __scatterload_copy                       0x0001fd3d   Thumb Code    14  handlers.o(i.__scatterload_copy)
    __scatterload_null                       0x0001fd4b   Thumb Code     2  handlers.o(i.__scatterload_null)
    __scatterload_zeroinit                   0x0001fd4d   Thumb Code    14  handlers.o(i.__scatterload_zeroinit)
    addr_compare                             0x00020219   Thumb Code    38  id_manager.o(i.addr_compare)
    adv_data_encode                          0x0002023f   Thumb Code   386  ble_advdata.o(i.adv_data_encode)
    ah                                       0x000204e9   Thumb Code    82  id_manager.o(i.ah)
    app_button_enable                        0x00020541   Thumb Code    32  app_button.o(i.app_button_enable)
    app_button_init                          0x00020565   Thumb Code    96  app_button.o(i.app_button_init)
    app_error_fault_handler                  0x000205d5   Thumb Code    58  app_error_weak.o(i.app_error_fault_handler)
    app_error_handler_bare                   0x00020631   Thumb Code    22  app_error.o(i.app_error_handler_bare)
    app_fifo_get                             0x00020647   Thumb Code    22  app_fifo.o(i.app_fifo_get)
    app_fifo_init                            0x0002065d   Thumb Code    32  app_fifo.o(i.app_fifo_init)
    app_fifo_put                             0x0002067d   Thumb Code    26  app_fifo.o(i.app_fifo_put)
    app_timer_create                         0x000206b1   Thumb Code    76  app_timer_freertos.o(i.app_timer_create)
    app_timer_init                           0x00020705   Thumb Code    10  app_timer_freertos.o(i.app_timer_init)
    app_timer_start                          0x00020715   Thumb Code   186  app_timer_freertos.o(i.app_timer_start)
    app_timer_stop                           0x000207dd   Thumb Code    94  app_timer_freertos.o(i.app_timer_stop)
    app_uart_init                            0x00020841   Thumb Code   164  app_uart_fifo.o(i.app_uart_init)
    app_util_critical_region_enter           0x000208f5   Thumb Code    64  app_util_platform.o(i.app_util_critical_region_enter)
    app_util_critical_region_exit            0x0002093d   Thumb Code    46  app_util_platform.o(i.app_util_critical_region_exit)
    ble_advdata_set                          0x00020ac9   Thumb Code   104  ble_advdata.o(i.ble_advdata_set)
    ble_advertising_init                     0x00020b31   Thumb Code   278  ble_advertising.o(i.ble_advertising_init)
    ble_advertising_on_ble_evt               0x00020c51   Thumb Code    88  ble_advertising.o(i.ble_advertising_on_ble_evt)
    ble_advertising_start                    0x00020cad   Thumb Code   250  ble_advertising.o(i.ble_advertising_start)
    ble_conn_params_init                     0x00020db1   Thumb Code    72  ble_conn_params.o(i.ble_conn_params_init)
    ble_conn_params_on_ble_evt               0x00020e09   Thumb Code   120  ble_conn_params.o(i.ble_conn_params_on_ble_evt)
    ble_conn_state_conn_handles              0x00020e8d   Thumb Code    10  ble_conn_state.o(i.ble_conn_state_conn_handles)
    ble_conn_state_encrypted                 0x00020e9d   Thumb Code    12  ble_conn_state.o(i.ble_conn_state_encrypted)
    ble_conn_state_mitm_protected            0x00020ead   Thumb Code    12  ble_conn_state.o(i.ble_conn_state_mitm_protected)
    ble_conn_state_n_centrals                0x00020ebd   Thumb Code    12  ble_conn_state.o(i.ble_conn_state_n_centrals)
    ble_conn_state_on_ble_evt                0x00020ecd   Thumb Code   264  ble_conn_state.o(i.ble_conn_state_on_ble_evt)
    ble_conn_state_role                      0x00020fd9   Thumb Code    42  ble_conn_state.o(i.ble_conn_state_role)
    ble_conn_state_user_flag_acquire         0x00021009   Thumb Code    40  ble_conn_state.o(i.ble_conn_state_user_flag_acquire)
    ble_conn_state_user_flag_collection      0x00021035   Thumb Code    20  ble_conn_state.o(i.ble_conn_state_user_flag_collection)
    ble_conn_state_user_flag_get             0x0002104d   Thumb Code    36  ble_conn_state.o(i.ble_conn_state_user_flag_get)
    ble_conn_state_user_flag_set             0x00021075   Thumb Code    40  ble_conn_state.o(i.ble_conn_state_user_flag_set)
    ble_db_discovery_evt_register            0x000210a1   Thumb Code    56  ble_db_discovery.o(i.ble_db_discovery_evt_register)
    ble_db_discovery_init                    0x000210e1   Thumb Code    24  ble_db_discovery.o(i.ble_db_discovery_init)
    ble_db_discovery_on_ble_evt              0x000210fd   Thumb Code    70  ble_db_discovery.o(i.ble_db_discovery_on_ble_evt)
    ble_db_discovery_start                   0x00021149   Thumb Code    96  ble_db_discovery.o(i.ble_db_discovery_start)
    ble_nus_c_handles_assign                 0x00021485   Thumb Code    26  ble_nus_c.o(i.ble_nus_c_handles_assign)
    ble_nus_c_init                           0x000214a1   Thumb Code    72  ble_nus_c.o(i.ble_nus_c_init)
    ble_nus_c_on_ble_evt                     0x000214ed   Thumb Code   102  ble_nus_c.o(i.ble_nus_c_on_ble_evt)
    ble_nus_c_on_db_disc_evt                 0x00021553   Thumb Code   120  ble_nus_c.o(i.ble_nus_c_on_db_disc_evt)
    ble_nus_c_rx_notif_enable                0x000215cd   Thumb Code    66  ble_nus_c.o(i.ble_nus_c_rx_notif_enable)
    ble_nus_c_string_send                    0x00021615   Thumb Code    58  ble_nus_c.o(i.ble_nus_c_string_send)
    ble_nus_init                             0x00021655   Thumb Code    94  ble_nus.o(i.ble_nus_init)
    ble_nus_on_ble_evt                       0x000216b9   Thumb Code    92  ble_nus.o(i.ble_nus_on_ble_evt)
    ble_srv_is_notification_enabled          0x00021715   Thumb Code     8  ble_srv_common.o(i.ble_srv_is_notification_enabled)
    bsp_board_button_idx_to_pin              0x000219e1   Thumb Code     6  boards.o(i.bsp_board_button_idx_to_pin)
    bsp_board_button_state_get               0x000219ed   Thumb Code    28  boards.o(i.bsp_board_button_state_get)
    bsp_board_led_invert                     0x00021a0d   Thumb Code    32  boards.o(i.bsp_board_led_invert)
    bsp_board_led_off                        0x00021a31   Thumb Code    10  boards.o(i.bsp_board_led_off)
    bsp_board_led_on                         0x00021a41   Thumb Code    10  boards.o(i.bsp_board_led_on)
    bsp_board_led_state_get                  0x00021a51   Thumb Code    28  boards.o(i.bsp_board_led_state_get)
    bsp_board_leds_init                      0x00021a71   Thumb Code    38  boards.o(i.bsp_board_leds_init)
    bsp_board_leds_off                       0x00021a9d   Thumb Code    18  boards.o(i.bsp_board_leds_off)
    bsp_board_leds_on                        0x00021aaf   Thumb Code    18  boards.o(i.bsp_board_leds_on)
    bsp_board_pin_to_button_idx              0x00021ac1   Thumb Code    30  boards.o(i.bsp_board_pin_to_button_idx)
    bsp_btn_ble_init                         0x00021ae5   Thumb Code    52  bsp_btn_ble.o(i.bsp_btn_ble_init)
    bsp_btn_ble_on_ble_evt                   0x00021b1d   Thumb Code   106  bsp_btn_ble.o(i.bsp_btn_ble_on_ble_evt)
    bsp_btn_ble_sleep_mode_prepare           0x00021b8d   Thumb Code    30  bsp_btn_ble.o(i.bsp_btn_ble_sleep_mode_prepare)
    bsp_button_is_pressed                    0x00021c41   Thumb Code     4  bsp.o(i.bsp_button_is_pressed)
    bsp_event_handler                        0x00021c45   Thumb Code    54  main.o(i.bsp_event_handler)
    bsp_event_to_button_action_assign        0x00021ce5   Thumb Code    64  bsp.o(i.bsp_event_to_button_action_assign)
    bsp_indication_set                       0x00021d29   Thumb Code    20  bsp.o(i.bsp_indication_set)
    bsp_init                                 0x00021d41   Thumb Code   132  bsp.o(i.bsp_init)
    bsp_wakeup_button_enable                 0x00021f4d   Thumb Code    16  bsp.o(i.bsp_wakeup_button_enable)
    buffer_is_empty                          0x00021fd9   Thumb Code    16  nrf_log_frontend.o(i.buffer_is_empty)
    chunk_queue_next                         0x000220cd   Thumb Code    20  fds.o(i.chunk_queue_next)
    eTaskConfirmSleepModeStatus              0x000224d1   Thumb Code    22  tasks.o(i.eTaskConfirmSleepModeStatus)
    fds_file_delete                          0x00022755   Thumb Code    70  fds.o(i.fds_file_delete)
    fds_gc                                   0x000227a1   Thumb Code    58  fds.o(i.fds_gc)
    fds_init                                 0x000227e5   Thumb Code   136  fds.o(i.fds_init)
    fds_record_close                         0x00022871   Thumb Code    54  fds.o(i.fds_record_close)
    fds_record_find                          0x000228ad   Thumb Code    14  fds.o(i.fds_record_find)
    fds_record_find_by_key                   0x000228bb   Thumb Code    16  fds.o(i.fds_record_find_by_key)
    fds_record_find_in_file                  0x000228cb   Thumb Code    16  fds.o(i.fds_record_find_in_file)
    fds_record_id_from_desc                  0x000228db   Thumb Code    16  fds.o(i.fds_record_id_from_desc)
    fds_record_open                          0x000228ed   Thumb Code    60  fds.o(i.fds_record_open)
    fds_record_update                        0x0002292d   Thumb Code    14  fds.o(i.fds_record_update)
    fds_record_write                         0x0002293b   Thumb Code     8  fds.o(i.fds_record_write)
    fds_record_write_reserved                0x00022943   Thumb Code    12  fds.o(i.fds_record_write_reserved)
    fds_register                             0x00022951   Thumb Code    26  fds.o(i.fds_register)
    fds_reserve                              0x00022975   Thumb Code    46  fds.o(i.fds_reserve)
    fds_reserve_cancel                       0x000229a9   Thumb Code    60  fds.o(i.fds_reserve_cancel)
    fs_erase                                 0x00022ac5   Thumb Code   110  fstorage.o(i.fs_erase)
    fs_init                                  0x00022b41   Thumb Code   164  fstorage.o(i.fs_init)
    fs_queued_op_count_get                   0x00022bf1   Thumb Code    16  fstorage.o(i.fs_queued_op_count_get)
    fs_store                                 0x00022c05   Thumb Code   124  fstorage.o(i.fs_store)
    gcm_ble_evt_handler                      0x00022e61   Thumb Code   232  gatt_cache_manager.o(i.gcm_ble_evt_handler)
    gcm_gscm_evt_handler                     0x00022f4d   Thumb Code   102  gatt_cache_manager.o(i.gcm_gscm_evt_handler)
    gcm_im_evt_handler                       0x00022fb9   Thumb Code    44  gatt_cache_manager.o(i.gcm_im_evt_handler)
    gcm_init                                 0x00022fe9   Thumb Code    66  gatt_cache_manager.o(i.gcm_init)
    gcm_local_database_has_changed           0x00023031   Thumb Code    78  gatt_cache_manager.o(i.gcm_local_database_has_changed)
    gcm_smd_evt_handler                      0x00023085   Thumb Code    14  gatt_cache_manager.o(i.gcm_smd_evt_handler)
    get_connection_by_conn_handle            0x00023095   Thumb Code    48  id_manager.o(i.get_connection_by_conn_handle)
    get_free_connection                      0x000230cd   Thumb Code    40  id_manager.o(i.get_free_connection)
    gscm_db_change_notification_done         0x00023155   Thumb Code    22  gatts_cache_manager.o(i.gscm_db_change_notification_done)
    gscm_init                                0x00023171   Thumb Code    16  gatts_cache_manager.o(i.gscm_init)
    gscm_local_database_has_changed          0x00023185   Thumb Code    22  gatts_cache_manager.o(i.gscm_local_database_has_changed)
    gscm_local_db_cache_apply                0x000231a1   Thumb Code   106  gatts_cache_manager.o(i.gscm_local_db_cache_apply)
    gscm_local_db_cache_update               0x0002320b   Thumb Code   128  gatts_cache_manager.o(i.gscm_local_db_cache_update)
    gscm_pdb_evt_handler                     0x0002328d   Thumb Code    78  gatts_cache_manager.o(i.gscm_pdb_evt_handler)
    gscm_service_changed_ind_needed          0x000232e1   Thumb Code    26  gatts_cache_manager.o(i.gscm_service_changed_ind_needed)
    gscm_service_changed_ind_send            0x000232fd   Thumb Code    40  gatts_cache_manager.o(i.gscm_service_changed_ind_send)
    im_address_resolve                       0x0002333f   Thumb Code    70  id_manager.o(i.im_address_resolve)
    im_ble_addr_get                          0x00023385   Thumb Code    42  id_manager.o(i.im_ble_addr_get)
    im_ble_evt_handler                       0x000233b5   Thumb Code   174  id_manager.o(i.im_ble_evt_handler)
    im_conn_handle_get                       0x00023465   Thumb Code    40  id_manager.o(i.im_conn_handle_get)
    im_init                                  0x00023491   Thumb Code    54  id_manager.o(i.im_init)
    im_is_duplicate_bonding_data             0x000234d1   Thumb Code    52  id_manager.o(i.im_is_duplicate_bonding_data)
    im_master_id_is_valid                    0x00023505   Thumb Code    24  id_manager.o(i.im_master_id_is_valid)
    im_master_ids_compare                    0x0002351d   Thumb Code    42  id_manager.o(i.im_master_ids_compare)
    im_new_peer_id                           0x00023547   Thumb Code     4  id_manager.o(i.im_new_peer_id)
    im_pdb_evt_handler                       0x0002354b   Thumb Code   114  id_manager.o(i.im_pdb_evt_handler)
    im_peer_free                             0x000235bd   Thumb Code    38  id_manager.o(i.im_peer_free)
    im_peer_id_get_by_conn_handle            0x000235e5   Thumb Code    28  id_manager.o(i.im_peer_id_get_by_conn_handle)
    im_peer_id_get_by_master_id              0x00023605   Thumb Code    60  id_manager.o(i.im_peer_id_get_by_master_id)
    intern_softdevice_events_execute         0x00023701   Thumb Code   114  softdevice_handler.o(i.intern_softdevice_events_execute)
    is_valid_irk                             0x00023939   Thumb Code    20  id_manager.o(i.is_valid_irk)
    main                                     0x00023db9   Thumb Code   206  main.o(i.main)
    new_connection                           0x00023fb1   Thumb Code    80  id_manager.o(i.new_connection)
    next_id_get                              0x00024009   Thumb Code    48  peer_id.o(i.next_id_get)
    nrf_drv_clock_init                       0x00024069   Thumb Code    64  nrf_drv_clock.o(i.nrf_drv_clock_init)
    nrf_drv_clock_lfclk_request              0x000240b1   Thumb Code    96  nrf_drv_clock.o(i.nrf_drv_clock_lfclk_request)
    nrf_drv_clock_on_sd_enable               0x00024119   Thumb Code    44  nrf_drv_clock.o(i.nrf_drv_clock_on_sd_enable)
    nrf_drv_clock_on_soc_event               0x00024149   Thumb Code    10  nrf_drv_clock.o(i.nrf_drv_clock_on_soc_event)
    nrf_drv_common_irq_enable                0x00024169   Thumb Code    56  nrf_drv_common.o(i.nrf_drv_common_irq_enable)
    nrf_drv_gpiote_in_event_enable           0x000241a9   Thumb Code   156  nrf_drv_gpiote.o(i.nrf_drv_gpiote_in_event_enable)
    nrf_drv_gpiote_in_init                   0x0002424d   Thumb Code   172  nrf_drv_gpiote.o(i.nrf_drv_gpiote_in_init)
    nrf_drv_gpiote_in_is_set                 0x00024305   Thumb Code    20  nrf_drv_gpiote.o(i.nrf_drv_gpiote_in_is_set)
    nrf_drv_gpiote_init                      0x00024319   Thumb Code    84  nrf_drv_gpiote.o(i.nrf_drv_gpiote_init)
    nrf_drv_gpiote_is_init                   0x00024375   Thumb Code    14  nrf_drv_gpiote.o(i.nrf_drv_gpiote_is_init)
    nrf_drv_uart_init                        0x00024399   Thumb Code    98  nrf_drv_uart.o(i.nrf_drv_uart_init)
    nrf_drv_uart_rx                          0x00024401   Thumb Code   170  nrf_drv_uart.o(i.nrf_drv_uart_rx)
    nrf_drv_uart_rx_enable                   0x000244b1   Thumb Code    42  nrf_drv_uart.o(i.nrf_drv_uart_rx_enable)
    nrf_drv_uart_tx                          0x00024639   Thumb Code   262  nrf_drv_uart.o(i.nrf_drv_uart_tx)
    nrf_drv_uart_tx_in_progress              0x00024745   Thumb Code    18  nrf_drv_uart.o(i.nrf_drv_uart_tx_in_progress)
    nrf_drv_uart_uninit                      0x0002475d   Thumb Code    74  nrf_drv_uart.o(i.nrf_drv_uart_uninit)
    nrf_log_backend_hexdump_handler_get      0x000248fd   Thumb Code     4  nrf_log_backend_serial.o(i.nrf_log_backend_hexdump_handler_get)
    nrf_log_backend_init                     0x00024905   Thumb Code   102  nrf_log_backend_serial.o(i.nrf_log_backend_init)
    nrf_log_backend_std_handler_get          0x00024bc1   Thumb Code     4  nrf_log_backend_serial.o(i.nrf_log_backend_std_handler_get)
    nrf_log_blocking_backend_set             0x00024bc9   Thumb Code     6  nrf_log_frontend.o(i.nrf_log_blocking_backend_set)
    nrf_log_frontend_dequeue                 0x00024bd1   Thumb Code   298  nrf_log_frontend.o(i.nrf_log_frontend_dequeue)
    nrf_log_frontend_init                    0x00024d01   Thumb Code    16  nrf_log_frontend.o(i.nrf_log_frontend_init)
    nrf_log_frontend_std_0                   0x00024d15   Thumb Code    68  nrf_log_frontend.o(i.nrf_log_frontend_std_0)
    nrf_log_frontend_std_1                   0x00024d61   Thumb Code    80  nrf_log_frontend.o(i.nrf_log_frontend_std_1)
    nrf_log_frontend_std_2                   0x00024db9   Thumb Code    96  nrf_log_frontend.o(i.nrf_log_frontend_std_2)
    nrf_log_frontend_std_3                   0x00024e21   Thumb Code   114  nrf_log_frontend.o(i.nrf_log_frontend_std_3)
    nrf_log_frontend_std_6                   0x00024e9d   Thumb Code   156  nrf_log_frontend.o(i.nrf_log_frontend_std_6)
    nrf_log_handlers_set                     0x00024f41   Thumb Code    10  nrf_log_frontend.o(i.nrf_log_handlers_set)
    nrf_log_init                             0x00024f51   Thumb Code    36  nrf_log_frontend.o(i.nrf_log_init)
    pdb_init                                 0x00025aed   Thumb Code    66  peer_database.o(i.pdb_init)
    pdb_next_deleted_peer_id_get             0x00025b3d   Thumb Code     4  peer_database.o(i.pdb_next_deleted_peer_id_get)
    pdb_next_peer_id_get                     0x00025b41   Thumb Code     4  peer_database.o(i.pdb_next_peer_id_get)
    pdb_pds_evt_handler                      0x00025b45   Thumb Code   294  peer_database.o(i.pdb_pds_evt_handler)
    pdb_peer_allocate                        0x00025c75   Thumb Code     4  peer_database.o(i.pdb_peer_allocate)
    pdb_peer_data_ptr_get                    0x00025c79   Thumb Code     6  peer_database.o(i.pdb_peer_data_ptr_get)
    pdb_peer_free                            0x00025c7f   Thumb Code    68  peer_database.o(i.pdb_peer_free)
    pdb_raw_store                            0x00025cc3   Thumb Code     8  peer_database.o(i.pdb_raw_store)
    pdb_write_buf_get                        0x00025ccd   Thumb Code   260  peer_database.o(i.pdb_write_buf_get)
    pdb_write_buf_release                    0x00025dd5   Thumb Code    40  peer_database.o(i.pdb_write_buf_release)
    pdb_write_buf_store                      0x00025dfd   Thumb Code   188  peer_database.o(i.pdb_write_buf_store)
    pdb_write_buf_store_prepare              0x00025ec1   Thumb Code    98  peer_database.o(i.pdb_write_buf_store_prepare)
    pds_init                                 0x00025f35   Thumb Code    98  peer_data_storage.o(i.pds_init)
    pds_next_deleted_peer_id_get             0x00025fa1   Thumb Code     4  peer_data_storage.o(i.pds_next_deleted_peer_id_get)
    pds_next_peer_id_get                     0x00025fa5   Thumb Code     4  peer_data_storage.o(i.pds_next_peer_id_get)
    pds_peer_data_iterate                    0x00025fa9   Thumb Code    74  peer_data_storage.o(i.pds_peer_data_iterate)
    pds_peer_data_iterate_prepare            0x00025ff9   Thumb Code    10  peer_data_storage.o(i.pds_peer_data_iterate_prepare)
    pds_peer_data_read                       0x00026009   Thumb Code   104  peer_data_storage.o(i.pds_peer_data_read)
    pds_peer_data_store                      0x00026071   Thumb Code   160  peer_data_storage.o(i.pds_peer_data_store)
    pds_peer_id_allocate                     0x00026111   Thumb Code     8  peer_data_storage.o(i.pds_peer_id_allocate)
    pds_peer_id_free                         0x00026119   Thumb Code    22  peer_data_storage.o(i.pds_peer_id_free)
    pds_peer_id_is_allocated                 0x0002612f   Thumb Code     4  peer_data_storage.o(i.pds_peer_id_is_allocated)
    pds_space_reserve                        0x00026133   Thumb Code    46  peer_data_storage.o(i.pds_space_reserve)
    pds_space_reserve_cancel                 0x00026161   Thumb Code    16  peer_data_storage.o(i.pds_space_reserve_cancel)
    peer_id_allocate                         0x00026265   Thumb Code     6  peer_id.o(i.peer_id_allocate)
    peer_id_delete                           0x00026271   Thumb Code    32  peer_id.o(i.peer_id_delete)
    peer_id_free                             0x00026295   Thumb Code    24  peer_id.o(i.peer_id_free)
    peer_id_get_next_deleted                 0x000262b1   Thumb Code     6  peer_id.o(i.peer_id_get_next_deleted)
    peer_id_get_next_used                    0x000262bd   Thumb Code    42  peer_id.o(i.peer_id_get_next_used)
    peer_id_init                             0x000262ed   Thumb Code    36  peer_id.o(i.peer_id_init)
    peer_id_is_allocated                     0x00026315   Thumb Code    16  peer_id.o(i.peer_id_is_allocated)
    peer_id_is_deleted                       0x00026329   Thumb Code    16  peer_id.o(i.peer_id_is_deleted)
    pm_buffer_block_acquire                  0x00026401   Thumb Code    92  pm_buffer.o(i.pm_buffer_block_acquire)
    pm_buffer_init                           0x0002645d   Thumb Code    64  pm_buffer.o(i.pm_buffer_init)
    pm_buffer_ptr_get                        0x0002649d   Thumb Code    40  pm_buffer.o(i.pm_buffer_ptr_get)
    pm_buffer_release                        0x000264c5   Thumb Code    46  pm_buffer.o(i.pm_buffer_release)
    pm_conn_sec_config_reply                 0x000264f3   Thumb Code     4  peer_manager.o(i.pm_conn_sec_config_reply)
    pm_gcm_evt_handler                       0x000265b9   Thumb Code   136  peer_manager.o(i.pm_gcm_evt_handler)
    pm_im_evt_handler                        0x00026641   Thumb Code    74  peer_manager.o(i.pm_im_evt_handler)
    pm_init                                  0x00026691   Thumb Code    96  peer_manager.o(i.pm_init)
    pm_local_database_has_changed            0x000266f5   Thumb Code    14  peer_manager.o(i.pm_local_database_has_changed)
    pm_mutex_init                            0x00026709   Thumb Code    14  pm_mutex.o(i.pm_mutex_init)
    pm_mutex_lock                            0x00026717   Thumb Code    26  pm_mutex.o(i.pm_mutex_lock)
    pm_mutex_lock_first_available            0x00026731   Thumb Code    54  pm_mutex.o(i.pm_mutex_lock_first_available)
    pm_mutex_lock_status_get                 0x00026767   Thumb Code    24  pm_mutex.o(i.pm_mutex_lock_status_get)
    pm_mutex_unlock                          0x0002677f   Thumb Code    58  pm_mutex.o(i.pm_mutex_unlock)
    pm_on_ble_evt                            0x000267b9   Thumb Code    36  peer_manager.o(i.pm_on_ble_evt)
    pm_pdb_evt_handler                       0x000267e1   Thumb Code   338  peer_manager.o(i.pm_pdb_evt_handler)
    pm_peer_delete                           0x00026939   Thumb Code    14  peer_manager.o(i.pm_peer_delete)
    pm_peers_delete                          0x0002694d   Thumb Code    50  peer_manager.o(i.pm_peers_delete)
    pm_register                              0x00026985   Thumb Code    34  peer_manager.o(i.pm_register)
    pm_sm_evt_handler                        0x000269b1   Thumb Code   346  peer_manager.o(i.pm_sm_evt_handler)
    print_slave_data                         0x00026b11   Thumb Code    92  main.o(i.print_slave_data)
    pvPortMalloc                             0x000270f9   Thumb Code    68  heap_1.o(i.pvPortMalloc)
    pvTaskIncrementMutexHeldCount            0x00027145   Thumb Code    18  tasks.o(i.pvTaskIncrementMutexHeldCount)
    pvTimerGetTimerID                        0x0002715d   Thumb Code    18  timers.o(i.pvTimerGetTimerID)
    pxPortInitialiseStack                    0x00027171   Thumb Code    36  port_cmsis.o(i.pxPortInitialiseStack)
    sdk_mapped_flags_bulk_update_by_key      0x0002779d   Thumb Code    68  sdk_mapped_flags.o(i.sdk_mapped_flags_bulk_update_by_key)
    sdk_mapped_flags_first_key_index_get     0x000277e1   Thumb Code    34  sdk_mapped_flags.o(i.sdk_mapped_flags_first_key_index_get)
    sdk_mapped_flags_get_by_key              0x00027813   Thumb Code    38  sdk_mapped_flags.o(i.sdk_mapped_flags_get_by_key)
    sdk_mapped_flags_key_list_get            0x00027839   Thumb Code    74  sdk_mapped_flags.o(i.sdk_mapped_flags_key_list_get)
    sdk_mapped_flags_n_flags_set             0x00027883   Thumb Code    30  sdk_mapped_flags.o(i.sdk_mapped_flags_n_flags_set)
    sdk_mapped_flags_update_by_key           0x000278a1   Thumb Code    14  sdk_mapped_flags.o(i.sdk_mapped_flags_update_by_key)
    send_ack                                 0x000279d5   Thumb Code    96  main.o(i.send_ack)
    send_data                                0x00027a79   Thumb Code   142  main.o(i.send_data)
    sm_ble_evt_handler                       0x00027edd   Thumb Code    18  security_manager.o(i.sm_ble_evt_handler)
    sm_conn_sec_config_reply                 0x00027ef5   Thumb Code    18  security_manager.o(i.sm_conn_sec_config_reply)
    sm_init                                  0x00027f0d   Thumb Code    76  security_manager.o(i.sm_init)
    sm_pdb_evt_handler                       0x00027f5d   Thumb Code    52  security_manager.o(i.sm_pdb_evt_handler)
    sm_smd_evt_handler                       0x00027f95   Thumb Code   116  security_manager.o(i.sm_smd_evt_handler)
    smd_ble_evt_handler                      0x0002800d   Thumb Code   226  security_dispatcher.o(i.smd_ble_evt_handler)
    smd_init                                 0x000280f9   Thumb Code    56  security_dispatcher.o(i.smd_init)
    smd_link_secure                          0x00028135   Thumb Code    48  security_dispatcher.o(i.smd_link_secure)
    smd_params_reply                         0x00028165   Thumb Code   262  security_dispatcher.o(i.smd_params_reply)
    smd_pdb_evt_handler                      0x000282f9   Thumb Code    48  security_dispatcher.o(i.smd_pdb_evt_handler)
    softdevice_ble_evt_handler_set           0x0002832d   Thumb Code    14  softdevice_handler.o(i.softdevice_ble_evt_handler_set)
    softdevice_enable                        0x00028341   Thumb Code    74  softdevice_handler.o(i.softdevice_enable)
    softdevice_enable_get_default_config     0x00028421   Thumb Code    38  softdevice_handler.o(i.softdevice_enable_get_default_config)
    softdevice_fault_handler                 0x00028447   Thumb Code     4  softdevice_handler.o(i.softdevice_fault_handler)
    softdevice_handler_init                  0x0002844d   Thumb Code    92  softdevice_handler.o(i.softdevice_handler_init)
    softdevice_handler_is_enabled            0x000284b1   Thumb Code     6  softdevice_handler.o(i.softdevice_handler_is_enabled)
    uart_event_handle                        0x000285d1   Thumb Code    22  main.o(i.uart_event_handle)
    uxListRemove                             0x00028a7f   Thumb Code    36  list.o(i.uxListRemove)
    vApplicationIdleHook                     0x00028aa5   Thumb Code     8  main.o(i.vApplicationIdleHook)
    vListInitialise                          0x00028ab1   Thumb Code    22  list.o(i.vListInitialise)
    vListInitialiseItem                      0x00028ac7   Thumb Code     6  list.o(i.vListInitialiseItem)
    vListInsert                              0x00028acd   Thumb Code    48  list.o(i.vListInsert)
    vListInsertEnd                           0x00028afd   Thumb Code    24  list.o(i.vListInsertEnd)
    vPortEnterCritical                       0x00028b15   Thumb Code    16  port_cmsis.o(i.vPortEnterCritical)
    vPortExitCritical                        0x00028b29   Thumb Code    16  port_cmsis.o(i.vPortExitCritical)
    vPortFree                                0x00028b3d   Thumb Code     2  heap_1.o(i.vPortFree)
    vPortSetupTimerInterrupt                 0x00028b41   Thumb Code    48  port_cmsis_systick.o(i.vPortSetupTimerInterrupt)
    vPortSuppressTicksAndSleep               0x00028b79   Thumb Code   234  port_cmsis_systick.o(i.vPortSuppressTicksAndSleep)
    vQueueAddToRegistry                      0x00028c75   Thumb Code    34  queue.o(i.vQueueAddToRegistry)
    vQueueWaitForMessageRestricted           0x00028c9d   Thumb Code    56  queue.o(i.vQueueWaitForMessageRestricted)
    vTaskMissedYield                         0x00028cd5   Thumb Code     8  tasks.o(i.vTaskMissedYield)
    vTaskPlaceOnEventList                    0x00028ce1   Thumb Code    70  tasks.o(i.vTaskPlaceOnEventList)
    vTaskPlaceOnEventListRestricted          0x00028d31   Thumb Code    52  tasks.o(i.vTaskPlaceOnEventListRestricted)
    vTaskPriorityInherit                     0x00028d69   Thumb Code   124  tasks.o(i.vTaskPriorityInherit)
    vTaskResume                              0x00028ded   Thumb Code   100  tasks.o(i.vTaskResume)
    vTaskSetTimeOutState                     0x00028e5d   Thumb Code    12  tasks.o(i.vTaskSetTimeOutState)
    vTaskStartScheduler                      0x00028e6d   Thumb Code    64  tasks.o(i.vTaskStartScheduler)
    vTaskStepTick                            0x00028ebd   Thumb Code    10  tasks.o(i.vTaskStepTick)
    vTaskSuspend                             0x00028ecd   Thumb Code   148  tasks.o(i.vTaskSuspend)
    vTaskSuspendAll                          0x00028f6d   Thumb Code    10  tasks.o(i.vTaskSuspendAll)
    vTaskSwitchContext                       0x00028f7d   Thumb Code    60  tasks.o(i.vTaskSwitchContext)
    xPortStartScheduler                      0x000292f5   Thumb Code    58  port_cmsis.o(i.xPortStartScheduler)
    xQueueCreateMutex                        0x00029341   Thumb Code    68  queue.o(i.xQueueCreateMutex)
    xQueueGenericCreate                      0x00029385   Thumb Code    60  queue.o(i.xQueueGenericCreate)
    xQueueGenericReceive                     0x000293c1   Thumb Code   290  queue.o(i.xQueueGenericReceive)
    xQueueGenericReset                       0x000294e9   Thumb Code   108  queue.o(i.xQueueGenericReset)
    xQueueGenericSend                        0x00029559   Thumb Code   248  queue.o(i.xQueueGenericSend)
    xQueueGenericSendFromISR                 0x00029655   Thumb Code    96  queue.o(i.xQueueGenericSendFromISR)
    xQueueGiveFromISR                        0x000296b5   Thumb Code    80  queue.o(i.xQueueGiveFromISR)
    xTaskCheckForTimeOut                     0x00029705   Thumb Code    66  tasks.o(i.xTaskCheckForTimeOut)
    xTaskGenericCreate                       0x0002974d   Thumb Code   366  tasks.o(i.xTaskGenericCreate)
    xTaskGetSchedulerState                   0x000298c9   Thumb Code    22  tasks.o(i.xTaskGetSchedulerState)
    xTaskGetTickCount                        0x000298e5   Thumb Code     6  tasks.o(i.xTaskGetTickCount)
    xTaskGetTickCountFromISR                 0x000298f1   Thumb Code     6  tasks.o(i.xTaskGetTickCountFromISR)
    xTaskIncrementTick                       0x000298fd   Thumb Code   152  tasks.o(i.xTaskIncrementTick)
    xTaskPriorityDisinherit                  0x0002999d   Thumb Code   102  tasks.o(i.xTaskPriorityDisinherit)
    xTaskRemoveFromEventList                 0x00029a0d   Thumb Code    98  tasks.o(i.xTaskRemoveFromEventList)
    xTaskResumeAll                           0x00029a79   Thumb Code   162  tasks.o(i.xTaskResumeAll)
    xTimerCreate                             0x00029b29   Thumb Code    60  timers.o(i.xTimerCreate)
    xTimerCreateTimerTask                    0x00029b65   Thumb Code    50  timers.o(i.xTimerCreateTimerTask)
    xTimerGenericCommand                     0x00029ba9   Thumb Code    74  timers.o(i.xTimerGenericCommand)
    xTimerIsTimerActive                      0x00029bf9   Thumb Code    26  timers.o(i.xTimerIsTimerActive)
    __ctype_table                            0x00029dc4   Data         129  ctype_o.o(.constdata)
    Region$$Table$$Base                      0x0002a084   Number         0  anon$$obj.o(Region$$Table)
    Region$$Table$$Limit                     0x0002a0a4   Number         0  anon$$obj.o(Region$$Table)
    Image$$RW_IRAM1$$Base                    0x20002128   Number         0  anon$$obj.o ABSOLUTE
    waiting_ack                              0x2000214c   Data           7  main.o(.data)
    pxCurrentTCB                             0x2000217c   Data           4  tasks.o(.data)
    SystemCoreClock                          0x200022d4   Data           4  system_nrf52.o(.data)
    fs_data$$Base                            0x200022d8   Number         0  fds.o(fs_data)
    fs_data$$Limit                           0x200022e8   Number         0  fds.o(fs_data)
    xQueueRegistry                           0x20007afc   Data          16  queue.o(.bss)
    nrf_nvic_state                           0x20008470   Data          12  app_util_platform.o(.bss)
    _SEGGER_RTT                              0x20008d48   Data         120  segger_rtt.o(.bss)
    __initial_sp                             0x200095c0   Data           0  arm_startup_nrf52.o(STACK)



==============================================================================

Memory Map of the image

  Image Entry point : 0x0001f401

  Load Region LR_IROM1 (Base: 0x0001f000, Size: 0x0000b264, Max: 0x00061000, ABSOLUTE, COMPRESSED[0x0000b0dc])

    Execution Region ER_IROM1 (Base: 0x0001f000, Size: 0x0000b0a4, Max: 0x00061000, ABSOLUTE)

    Base Addr    Size         Type   Attr      Idx    E Section Name        Object

    0x0001f000   0x00000400   Data   RO         6343    RESET               arm_startup_nrf52.o
    0x0001f400   0x00000000   Code   RO         6384  * .ARM.Collect$$$$00000000  mc_w.l(entry.o)
    0x0001f400   0x00000004   Code   RO         6688    .ARM.Collect$$$$00000001  mc_w.l(entry2.o)
    0x0001f404   0x00000004   Code   RO         6691    .ARM.Collect$$$$00000004  mc_w.l(entry5.o)
    0x0001f408   0x00000000   Code   RO         6693    .ARM.Collect$$$$00000008  mc_w.l(entry7b.o)
    0x0001f408   0x00000000   Code   RO         6695    .ARM.Collect$$$$0000000A  mc_w.l(entry8b.o)
    0x0001f408   0x00000008   Code   RO         6696    .ARM.Collect$$$$0000000B  mc_w.l(entry9a.o)
    0x0001f410   0x00000000   Code   RO         6698    .ARM.Collect$$$$0000000D  mc_w.l(entry10a.o)
    0x0001f410   0x00000000   Code   RO         6700    .ARM.Collect$$$$0000000F  mc_w.l(entry11a.o)
    0x0001f410   0x00000004   Code   RO         6689    .ARM.Collect$$$$00002712  mc_w.l(entry2.o)
    0x0001f414   0x000000a0   Code   RO         1113    .emb_text           port.o
    0x0001f4b4   0x00000024   Code   RO         6344    .text               arm_startup_nrf52.o
    0x0001f4d8   0x00000008   Code   RO         6387    .text               mc_w.l(ctype_o.o)
    0x0001f4e0   0x00000024   Code   RO         6415    .text               mc_w.l(memcpya.o)
    0x0001f504   0x00000024   Code   RO         6417    .text               mc_w.l(memseta.o)
    0x0001f528   0x0000000e   Code   RO         6419    .text               mc_w.l(strlen.o)
    0x0001f536   0x0000001a   Code   RO         6421    .text               mc_w.l(memcmp.o)
    0x0001f550   0x00000012   Code   RO         6423    .text               mc_w.l(strcpy.o)
    0x0001f562   0x00000062   Code   RO         6707    .text               mc_w.l(uldiv.o)
    0x0001f5c4   0x00000024   Code   RO         6720    .text               mc_w.l(init.o)
    0x0001f5e8   0x0000001e   Code   RO         6723    .text               mc_w.l(llshl.o)
    0x0001f606   0x00000020   Code   RO         6725    .text               mc_w.l(llushr.o)
    0x0001f626   0x00000056   Code   RO         6740    .text               mc_w.l(__dczerorl2.o)
    0x0001f67c   0x00000174   Code   RO         4331    i.GPIOTE_IRQHandler  nrf_drv_gpiote.o
    0x0001f7f0   0x00000016   Code   RO         6196    i.NVIC_DisableIRQ   softdevice_handler.o
    0x0001f806   0x00000016   Code   RO         6197    i.NVIC_EnableIRQ    softdevice_handler.o
    0x0001f81c   0x00000058   Code   RO         4121    i.POWER_CLOCK_IRQHandler  nrf_drv_clock.o
    0x0001f874   0x0000003c   Code   RO         1205    i.RTC1_IRQHandler   port_cmsis_systick.o
    0x0001f8b0   0x00000014   Code   RO         6047    i.SEGGER_RTT_Init   segger_rtt.o
    0x0001f8c4   0x0000005c   Code   RO         6056    i.SEGGER_RTT_WriteNoLock  segger_rtt.o
    0x0001f920   0x00000024   Code   RO         6198    i.SWI2_EGU2_IRQHandler  softdevice_handler.o
    0x0001f944   0x0000029c   Code   RO         6352    i.SystemInit        system_nrf52.o
    0x0001fbe0   0x0000001c   Code   RO         4571    i.UARTE0_UART0_IRQHandler  nrf_drv_uart.o
    0x0001fbfc   0x00000068   Code   RO         6059    i._DoInit           segger_rtt.o
    0x0001fc64   0x00000016   Code   RO         6060    i._GetAvailWriteSpace  segger_rtt.o
    0x0001fc7a   0x0000005a   Code   RO         6062    i._WriteBlocking    segger_rtt.o
    0x0001fcd4   0x0000003e   Code   RO         6063    i._WriteNoCheck     segger_rtt.o
    0x0001fd12   0x00000002   PAD
    0x0001fd14   0x00000028   Code   RO         6635    i.__0snprintf$8     mc_w.l(printf8.o)
    0x0001fd3c   0x0000000e   Code   RO         6734    i.__scatterload_copy  mc_w.l(handlers.o)
    0x0001fd4a   0x00000002   Code   RO         6735    i.__scatterload_null  mc_w.l(handlers.o)
    0x0001fd4c   0x0000000e   Code   RO         6736    i.__scatterload_zeroinit  mc_w.l(handlers.o)
    0x0001fd5a   0x00000002   PAD
    0x0001fd5c   0x00000024   Code   RO         6199    i.__sd_nvic_app_accessible_irq  softdevice_handler.o
    0x0001fd80   0x00000410   Code   RO         6641    i._printf_core      mc_w.l(printf8.o)
    0x00020190   0x00000024   Code   RO         6642    i._printf_post_padding  mc_w.l(printf8.o)
    0x000201b4   0x0000002e   Code   RO         6643    i._printf_pre_padding  mc_w.l(printf8.o)
    0x000201e2   0x00000016   Code   RO         6644    i._snputc           mc_w.l(printf8.o)
    0x000201f8   0x00000020   Code   RO            4    i.ack_timer_handler  main.o
    0x00020218   0x00000026   Code   RO         2534    i.addr_compare      id_manager.o
    0x0002023e   0x00000182   Code   RO         1896    i.adv_data_encode   ble_advdata.o
    0x000203c0   0x00000058   Code   RO         1979    i.adv_mode_next_avail_get  ble_advertising.o
    0x00020418   0x0000002e   Code   RO            5    i.adv_scan_start    main.o
    0x00020446   0x00000036   Code   RO          754    i.advertising_buttons_configure  bsp_btn_ble.o
    0x0002047c   0x0000006c   Code   RO            6    i.advertising_init  main.o
    0x000204e8   0x00000052   Code   RO         2535    i.ah                id_manager.o
    0x0002053a   0x00000006   Code   RO          629    i.alert_timer_handler  bsp.o
    0x00020540   0x00000024   Code   RO         4804    i.app_button_enable  app_button.o
    0x00020564   0x00000070   Code   RO         4805    i.app_button_init   app_button.o
    0x000205d4   0x0000005c   Code   RO         4908    i.app_error_fault_handler  app_error_weak.o
    0x00020630   0x00000016   Code   RO         4866    i.app_error_handler_bare  app_error.o
    0x00020646   0x00000016   Code   RO         5651    i.app_fifo_get      app_fifo.o
    0x0002065c   0x00000020   Code   RO         5652    i.app_fifo_init     app_fifo.o
    0x0002067c   0x0000001a   Code   RO         5654    i.app_fifo_put      app_fifo.o
    0x00020696   0x0000001a   Code   RO         4936    i.app_timer_callback  app_timer_freertos.o
    0x000206b0   0x00000054   Code   RO         4937    i.app_timer_create  app_timer_freertos.o
    0x00020704   0x00000010   Code   RO         4938    i.app_timer_init    app_timer_freertos.o
    0x00020714   0x000000c8   Code   RO         4939    i.app_timer_start   app_timer_freertos.o
    0x000207dc   0x00000064   Code   RO         4940    i.app_timer_stop    app_timer_freertos.o
    0x00020840   0x000000b4   Code   RO         5726    i.app_uart_init     app_uart_fifo.o
    0x000208f4   0x00000048   Code   RO         4991    i.app_util_critical_region_enter  app_util_platform.o
    0x0002093c   0x00000034   Code   RO         4992    i.app_util_critical_region_exit  app_util_platform.o
    0x00020970   0x000000b8   Code   RO         4572    i.apply_config      nrf_drv_uart.o
    0x00020a28   0x000000a0   Code   RO         3601    i.auth_status_success_process  security_dispatcher.o
    0x00020ac8   0x00000068   Code   RO         1897    i.ble_advdata_set   ble_advdata.o
    0x00020b30   0x00000120   Code   RO         1980    i.ble_advertising_init  ble_advertising.o
    0x00020c50   0x0000005c   Code   RO         1981    i.ble_advertising_on_ble_evt  ble_advertising.o
    0x00020cac   0x00000104   Code   RO         1985    i.ble_advertising_start  ble_advertising.o
    0x00020db0   0x00000058   Code   RO         2070    i.ble_conn_params_init  ble_conn_params.o
    0x00020e08   0x00000084   Code   RO         2071    i.ble_conn_params_on_ble_evt  ble_conn_params.o
    0x00020e8c   0x00000010   Code   RO         2136    i.ble_conn_state_conn_handles  ble_conn_state.o
    0x00020e9c   0x00000010   Code   RO         2137    i.ble_conn_state_encrypted  ble_conn_state.o
    0x00020eac   0x00000010   Code   RO         2139    i.ble_conn_state_mitm_protected  ble_conn_state.o
    0x00020ebc   0x00000010   Code   RO         2140    i.ble_conn_state_n_centrals  ble_conn_state.o
    0x00020ecc   0x0000010c   Code   RO         2143    i.ble_conn_state_on_ble_evt  ble_conn_state.o
    0x00020fd8   0x00000030   Code   RO         2145    i.ble_conn_state_role  ble_conn_state.o
    0x00021008   0x0000002c   Code   RO         2147    i.ble_conn_state_user_flag_acquire  ble_conn_state.o
    0x00021034   0x00000018   Code   RO         2148    i.ble_conn_state_user_flag_collection  ble_conn_state.o
    0x0002104c   0x00000028   Code   RO         2149    i.ble_conn_state_user_flag_get  ble_conn_state.o
    0x00021074   0x0000002c   Code   RO         2150    i.ble_conn_state_user_flag_set  ble_conn_state.o
    0x000210a0   0x00000040   Code   RO         3843    i.ble_db_discovery_evt_register  ble_db_discovery.o
    0x000210e0   0x0000001c   Code   RO         3844    i.ble_db_discovery_init  ble_db_discovery.o
    0x000210fc   0x0000004c   Code   RO         3845    i.ble_db_discovery_on_ble_evt  ble_db_discovery.o
    0x00021148   0x0000006c   Code   RO         3846    i.ble_db_discovery_start  ble_db_discovery.o
    0x000211b4   0x00000060   Code   RO         1898    i.ble_device_addr_encode  ble_advdata.o
    0x00021214   0x00000094   Code   RO            8    i.ble_evt_dispatch  main.o
    0x000212a8   0x00000034   Code   RO            9    i.ble_new_event_handler  main.o
    0x000212dc   0x000001a8   Code   RO           10    i.ble_nus_c_evt_handler  main.o
    0x00021484   0x0000001a   Code   RO         4001    i.ble_nus_c_handles_assign  ble_nus_c.o
    0x0002149e   0x00000002   PAD
    0x000214a0   0x0000004c   Code   RO         4002    i.ble_nus_c_init    ble_nus_c.o
    0x000214ec   0x00000066   Code   RO         4003    i.ble_nus_c_on_ble_evt  ble_nus_c.o
    0x00021552   0x00000078   Code   RO         4004    i.ble_nus_c_on_db_disc_evt  ble_nus_c.o
    0x000215ca   0x00000002   PAD
    0x000215cc   0x00000048   Code   RO         4005    i.ble_nus_c_rx_notif_enable  ble_nus_c.o
    0x00021614   0x00000040   Code   RO         4006    i.ble_nus_c_string_send  ble_nus_c.o
    0x00021654   0x00000064   Code   RO         4071    i.ble_nus_init      ble_nus.o
    0x000216b8   0x0000005c   Code   RO         4072    i.ble_nus_on_ble_evt  ble_nus.o
    0x00021714   0x00000008   Code   RO         2275    i.ble_srv_is_notification_enabled  ble_srv_common.o
    0x0002171c   0x0000006c   Code   RO           11    i.ble_stack_init    main.o
    0x00021788   0x00000258   Code   RO           12    i.ble_stack_thread  main.o
    0x000219e0   0x0000000c   Code   RO          506    i.bsp_board_button_idx_to_pin  boards.o
    0x000219ec   0x00000020   Code   RO          507    i.bsp_board_button_state_get  boards.o
    0x00021a0c   0x00000024   Code   RO          510    i.bsp_board_led_invert  boards.o
    0x00021a30   0x00000010   Code   RO          511    i.bsp_board_led_off  boards.o
    0x00021a40   0x00000010   Code   RO          512    i.bsp_board_led_on  boards.o
    0x00021a50   0x00000020   Code   RO          513    i.bsp_board_led_state_get  boards.o
    0x00021a70   0x0000002c   Code   RO          514    i.bsp_board_leds_init  boards.o
    0x00021a9c   0x00000012   Code   RO          515    i.bsp_board_leds_off  boards.o
    0x00021aae   0x00000012   Code   RO          516    i.bsp_board_leds_on  boards.o
    0x00021ac0   0x00000024   Code   RO          517    i.bsp_board_pin_to_button_idx  boards.o
    0x00021ae4   0x00000038   Code   RO          755    i.bsp_btn_ble_init  bsp_btn_ble.o
    0x00021b1c   0x00000070   Code   RO          756    i.bsp_btn_ble_on_ble_evt  bsp_btn_ble.o
    0x00021b8c   0x0000001e   Code   RO          757    i.bsp_btn_ble_sleep_mode_prepare  bsp_btn_ble.o
    0x00021baa   0x00000002   PAD
    0x00021bac   0x00000094   Code   RO          630    i.bsp_button_event_handler  bsp.o
    0x00021c40   0x00000004   Code   RO          631    i.bsp_button_is_pressed  bsp.o
    0x00021c44   0x000000a0   Code   RO           13    i.bsp_event_handler  main.o
    0x00021ce4   0x00000044   Code   RO          634    i.bsp_event_to_button_action_assign  bsp.o
    0x00021d28   0x00000018   Code   RO          635    i.bsp_indication_set  bsp.o
    0x00021d40   0x00000098   Code   RO          636    i.bsp_init          bsp.o
    0x00021dd8   0x00000174   Code   RO          637    i.bsp_led_indication  bsp.o
    0x00021f4c   0x00000010   Code   RO          639    i.bsp_wakeup_button_enable  bsp.o
    0x00021f5c   0x00000012   Code   RO         5810    i.buf_len_update    nrf_log_backend_serial.o
    0x00021f6e   0x00000002   PAD
    0x00021f70   0x00000068   Code   RO         5912    i.buf_prealloc      nrf_log_frontend.o
    0x00021fd8   0x00000014   Code   RO         5913    i.buffer_is_empty   nrf_log_frontend.o
    0x00021fec   0x00000008   Code   RO          640    i.button_timer_handler  bsp.o
    0x00021ff4   0x0000001c   Code   RO         4332    i.channel_free      nrf_drv_gpiote.o
    0x00022010   0x00000048   Code   RO         4333    i.channel_port_alloc  nrf_drv_gpiote.o
    0x00022058   0x00000010   Code   RO         4334    i.channel_port_get  nrf_drv_gpiote.o
    0x00022068   0x00000042   Code   RO         3847    i.characteristics_discover  ble_db_discovery.o
    0x000220aa   0x00000002   PAD
    0x000220ac   0x00000020   Code   RO         5371    i.check_config      fstorage.o
    0x000220cc   0x00000018   Code   RO         5061    i.chunk_queue_next  fds.o
    0x000220e4   0x00000038   Code   RO         3146    i.claim             peer_id.o
    0x0002211c   0x00000028   Code   RO         4122    i.clock_clk_started_notify  nrf_drv_clock.o
    0x00022144   0x00000088   Code   RO         1899    i.conn_int_encode   ble_advdata.o
    0x000221cc   0x00000004   Code   RO           14    i.conn_params_error_handler  main.o
    0x000221d0   0x0000005c   Code   RO         2073    i.conn_params_negotiation  ble_conn_params.o
    0x0002222c   0x00000034   Code   RO           15    i.db_disc_handler   main.o
    0x00022260   0x0000009c   Code   RO         5062    i.delete_execute    fds.o
    0x000222fc   0x0000008c   Code   RO         3848    i.descriptors_discover  ble_db_discovery.o
    0x00022388   0x00000060   Code   RO         4807    i.detection_delay_timeout_handler  app_button.o
    0x000223e8   0x000000b4   Code   RO         3849    i.discovery_complete_evt_trigger  ble_db_discovery.o
    0x0002249c   0x00000034   Code   RO         3850    i.discovery_error_evt_trigger  ble_db_discovery.o
    0x000224d0   0x00000020   Code   RO         1457    i.eTaskConfirmSleepModeStatus  tasks.o
    0x000224f0   0x00000030   Code   RO         3602    i.encryption_failure  security_dispatcher.o
    0x00022520   0x0000006a   Code   RO         5063    i.event_prepare     fds.o
    0x0002258a   0x00000002   PAD
    0x0002258c   0x00000020   Code   RO         5064    i.event_send        fds.o
    0x000225ac   0x00000034   Code   RO         3716    i.events_send_from_err_code  security_manager.o
    0x000225e0   0x0000000c   Code   RO         2332    i.evt_send          gatt_cache_manager.o
    0x000225ec   0x0000001c   Code   RO         2536    i.evt_send          id_manager.o
    0x00022608   0x0000002c   Code   RO         3236    i.evt_send          peer_manager.o
    0x00022634   0x0000001c   Code   RO         3603    i.evt_send          security_dispatcher.o
    0x00022650   0x0000000c   Code   RO         3717    i.evt_send          security_manager.o
    0x0002265c   0x000000f8   Code   RO         2839    i.fds_evt_handler   peer_data_storage.o
    0x00022754   0x0000004c   Code   RO         5066    i.fds_file_delete   fds.o
    0x000227a0   0x00000044   Code   RO         5067    i.fds_gc            fds.o
    0x000227e4   0x0000008c   Code   RO         5068    i.fds_init          fds.o
    0x00022870   0x0000003c   Code   RO         5069    i.fds_record_close  fds.o
    0x000228ac   0x0000000e   Code   RO         5071    i.fds_record_find   fds.o
    0x000228ba   0x00000010   Code   RO         5072    i.fds_record_find_by_key  fds.o
    0x000228ca   0x00000010   Code   RO         5073    i.fds_record_find_in_file  fds.o
    0x000228da   0x00000010   Code   RO         5074    i.fds_record_id_from_desc  fds.o
    0x000228ea   0x00000002   PAD
    0x000228ec   0x00000040   Code   RO         5076    i.fds_record_open   fds.o
    0x0002292c   0x0000000e   Code   RO         5077    i.fds_record_update  fds.o
    0x0002293a   0x00000008   Code   RO         5078    i.fds_record_write  fds.o
    0x00022942   0x0000000c   Code   RO         5079    i.fds_record_write_reserved  fds.o
    0x0002294e   0x00000002   PAD
    0x00022950   0x00000024   Code   RO         5080    i.fds_register      fds.o
    0x00022974   0x00000034   Code   RO         5081    i.fds_reserve       fds.o
    0x000229a8   0x00000044   Code   RO         5082    i.fds_reserve_cancel  fds.o
    0x000229ec   0x00000014   Code   RO         5657    i.fifo_get          app_fifo.o
    0x00022a00   0x00000012   Code   RO         5658    i.fifo_put          app_fifo.o
    0x00022a12   0x00000014   Code   RO         2840    i.file_id_within_pm_range  peer_data_storage.o
    0x00022a26   0x00000002   PAD
    0x00022a28   0x00000010   Code   RO         5084    i.flag_clear        fds.o
    0x00022a38   0x00000012   Code   RO         3604    i.flag_id_init      security_dispatcher.o
    0x00022a4a   0x00000012   Code   RO         3718    i.flag_id_init      security_manager.o
    0x00022a5c   0x00000010   Code   RO         5085    i.flag_set          fds.o
    0x00022a6c   0x00000058   Code   RO         3719    i.flags_set_from_err_code  security_manager.o
    0x00022ac4   0x00000074   Code   RO         5372    i.fs_erase          fstorage.o
    0x00022b38   0x00000006   Code   RO         5086    i.fs_event_handler  fds.o
    0x00022b3e   0x00000002   PAD
    0x00022b40   0x000000b0   Code   RO         5374    i.fs_init           fstorage.o
    0x00022bf0   0x00000014   Code   RO         5377    i.fs_queued_op_count_get  fstorage.o
    0x00022c04   0x00000080   Code   RO         5378    i.fs_store          fstorage.o
    0x00022c84   0x00000070   Code   RO         5087    i.gc_execute        fds.o
    0x00022cf4   0x00000048   Code   RO         5088    i.gc_next_page      fds.o
    0x00022d3c   0x0000004c   Code   RO         5089    i.gc_page_erase     fds.o
    0x00022d88   0x00000034   Code   RO         5090    i.gc_record_copy    fds.o
    0x00022dbc   0x00000024   Code   RO         5091    i.gc_record_find_next  fds.o
    0x00022de0   0x00000080   Code   RO         5092    i.gc_state_advance  fds.o
    0x00022e60   0x000000ec   Code   RO         2333    i.gcm_ble_evt_handler  gatt_cache_manager.o
    0x00022f4c   0x0000006c   Code   RO         2334    i.gcm_gscm_evt_handler  gatt_cache_manager.o
    0x00022fb8   0x00000030   Code   RO         2335    i.gcm_im_evt_handler  gatt_cache_manager.o
    0x00022fe8   0x00000048   Code   RO         2336    i.gcm_init          gatt_cache_manager.o
    0x00023030   0x00000054   Code   RO         2337    i.gcm_local_database_has_changed  gatt_cache_manager.o
    0x00023084   0x0000000e   Code   RO         2340    i.gcm_smd_evt_handler  gatt_cache_manager.o
    0x00023092   0x00000002   PAD
    0x00023094   0x00000038   Code   RO         2537    i.get_connection_by_conn_handle  id_manager.o
    0x000230cc   0x00000030   Code   RO         2538    i.get_free_connection  id_manager.o
    0x000230fc   0x00000058   Code   RO         4808    i.gpiote_event_handler  app_button.o
    0x00023154   0x0000001c   Code   RO         2449    i.gscm_db_change_notification_done  gatts_cache_manager.o
    0x00023170   0x00000014   Code   RO         2450    i.gscm_init         gatts_cache_manager.o
    0x00023184   0x0000001c   Code   RO         2451    i.gscm_local_database_has_changed  gatts_cache_manager.o
    0x000231a0   0x0000006a   Code   RO         2452    i.gscm_local_db_cache_apply  gatts_cache_manager.o
    0x0002320a   0x00000080   Code   RO         2454    i.gscm_local_db_cache_update  gatts_cache_manager.o
    0x0002328a   0x00000002   PAD
    0x0002328c   0x00000054   Code   RO         2455    i.gscm_pdb_evt_handler  gatts_cache_manager.o
    0x000232e0   0x0000001a   Code   RO         2456    i.gscm_service_changed_ind_needed  gatts_cache_manager.o
    0x000232fa   0x00000002   PAD
    0x000232fc   0x0000002c   Code   RO         2457    i.gscm_service_changed_ind_send  gatts_cache_manager.o
    0x00023328   0x00000016   Code   RO         5093    i.header_is_valid   fds.o
    0x0002333e   0x00000046   Code   RO         2539    i.im_address_resolve  id_manager.o
    0x00023384   0x00000030   Code   RO         2540    i.im_ble_addr_get   id_manager.o
    0x000233b4   0x000000ae   Code   RO         2541    i.im_ble_evt_handler  id_manager.o
    0x00023462   0x00000002   PAD
    0x00023464   0x0000002c   Code   RO         2542    i.im_conn_handle_get  id_manager.o
    0x00023490   0x00000040   Code   RO         2546    i.im_init           id_manager.o
    0x000234d0   0x00000034   Code   RO         2547    i.im_is_duplicate_bonding_data  id_manager.o
    0x00023504   0x00000018   Code   RO         2548    i.im_master_id_is_valid  id_manager.o
    0x0002351c   0x0000002a   Code   RO         2549    i.im_master_ids_compare  id_manager.o
    0x00023546   0x00000004   Code   RO         2550    i.im_new_peer_id    id_manager.o
    0x0002354a   0x00000072   Code   RO         2551    i.im_pdb_evt_handler  id_manager.o
    0x000235bc   0x00000026   Code   RO         2552    i.im_peer_free      id_manager.o
    0x000235e2   0x00000002   PAD
    0x000235e4   0x00000020   Code   RO         2553    i.im_peer_id_get_by_conn_handle  id_manager.o
    0x00023604   0x0000003c   Code   RO         2554    i.im_peer_id_get_by_master_id  id_manager.o
    0x00023640   0x000000c0   Code   RO         5094    i.init_execute      fds.o
    0x00023700   0x00000078   Code   RO         6200    i.intern_softdevice_events_execute  softdevice_handler.o
    0x00023778   0x00000078   Code   RO         4573    i.interrupts_enable  nrf_drv_uart.o
    0x000237f0   0x0000001c   Code   RO         2074    i.is_conn_params_ok  ble_conn_params.o
    0x0002380c   0x0000004c   Code   RO         3851    i.is_desc_discovery_reqd  ble_db_discovery.o
    0x00023858   0x000000e0   Code   RO           16    i.is_uuid_present   main.o
    0x00023938   0x00000014   Code   RO         2559    i.is_valid_irk      id_manager.o
    0x0002394c   0x0000000c   Code   RO         5095    i.is_word_aligned   fds.o
    0x00023958   0x00000016   Code   RO         4124    i.item_enqueue      nrf_drv_clock.o
    0x0002396e   0x00000002   PAD
    0x00023970   0x00000014   Code   RO          641    i.leds_timer_handler  bsp.o
    0x00023984   0x00000098   Code   RO         3720    i.link_secure       security_manager.o
    0x00023a1c   0x00000086   Code   RO         3605    i.link_secure_central  security_dispatcher.o
    0x00023aa2   0x000000c8   Code   RO         3606    i.link_secure_central_existing_peer  security_dispatcher.o
    0x00023b6a   0x0000006c   Code   RO         3607    i.link_secure_central_new_peer  security_dispatcher.o
    0x00023bd6   0x00000002   PAD
    0x00023bd8   0x00000058   Code   RO         3608    i.link_secure_failure  security_dispatcher.o
    0x00023c30   0x0000005c   Code   RO         3721    i.link_secure_pending_process  security_manager.o
    0x00023c8c   0x00000074   Code   RO         2341    i.local_db_apply_in_evt  gatt_cache_manager.o
    0x00023d00   0x00000078   Code   RO         2342    i.local_db_update_in_evt  gatt_cache_manager.o
    0x00023d78   0x00000032   Code   RO         3548    i.lock_by_mask      pm_mutex.o
    0x00023daa   0x0000000e   Code   RO           17    i.logger_thread     main.o
    0x00023db8   0x000000f8   Code   RO           18    i.main              main.o
    0x00023eb0   0x00000064   Code   RO         1900    i.manuf_specific_data_encode  ble_advdata.o
    0x00023f14   0x0000009c   Code   RO         1901    i.name_encode       ble_advdata.o
    0x00023fb0   0x00000058   Code   RO         2560    i.new_connection    id_manager.o
    0x00024008   0x00000030   Code   RO         3147    i.next_id_get       peer_id.o
    0x00024038   0x00000010   Code   RO         4335    i.nrf_bitmask_bit_is_set  nrf_drv_gpiote.o
    0x00024048   0x0000000e   Code   RO         4126    i.nrf_clock_event_check  nrf_drv_clock.o
    0x00024056   0x00000010   Code   RO         4127    i.nrf_clock_event_clear  nrf_drv_clock.o
    0x00024066   0x00000002   PAD
    0x00024068   0x00000048   Code   RO         4134    i.nrf_drv_clock_init  nrf_drv_clock.o
    0x000240b0   0x00000068   Code   RO         4139    i.nrf_drv_clock_lfclk_request  nrf_drv_clock.o
    0x00024118   0x00000030   Code   RO         4141    i.nrf_drv_clock_on_sd_enable  nrf_drv_clock.o
    0x00024148   0x0000000a   Code   RO         4142    i.nrf_drv_clock_on_soc_event  nrf_drv_clock.o
    0x00024152   0x00000016   Code   RO         4574    i.nrf_drv_common_irq_disable  nrf_drv_uart.o
    0x00024168   0x00000038   Code   RO         4295    i.nrf_drv_common_irq_enable  nrf_drv_common.o
    0x000241a0   0x00000006   Code   RO         4575    i.nrf_drv_get_IRQn  nrf_drv_uart.o
    0x000241a6   0x00000002   PAD
    0x000241a8   0x000000a4   Code   RO         4340    i.nrf_drv_gpiote_in_event_enable  nrf_drv_gpiote.o
    0x0002424c   0x000000b8   Code   RO         4341    i.nrf_drv_gpiote_in_init  nrf_drv_gpiote.o
    0x00024304   0x00000014   Code   RO         4342    i.nrf_drv_gpiote_in_is_set  nrf_drv_gpiote.o
    0x00024318   0x0000005c   Code   RO         4344    i.nrf_drv_gpiote_init  nrf_drv_gpiote.o
    0x00024374   0x00000014   Code   RO         4345    i.nrf_drv_gpiote_is_init  nrf_drv_gpiote.o
    0x00024388   0x00000010   Code   RO         4576    i.nrf_drv_is_in_RAM  nrf_drv_uart.o
    0x00024398   0x00000068   Code   RO         4578    i.nrf_drv_uart_init  nrf_drv_uart.o
    0x00024400   0x000000b0   Code   RO         4579    i.nrf_drv_uart_rx   nrf_drv_uart.o
    0x000244b0   0x00000030   Code   RO         4582    i.nrf_drv_uart_rx_enable  nrf_drv_uart.o
    0x000244e0   0x000000a8   Code   RO         4583    i.nrf_drv_uart_rx_for_uart  nrf_drv_uart.o
    0x00024588   0x000000b0   Code   RO         4584    i.nrf_drv_uart_rx_for_uarte  nrf_drv_uart.o
    0x00024638   0x0000010c   Code   RO         4585    i.nrf_drv_uart_tx   nrf_drv_uart.o
    0x00024744   0x00000018   Code   RO         4587    i.nrf_drv_uart_tx_in_progress  nrf_drv_uart.o
    0x0002475c   0x00000054   Code   RO         4588    i.nrf_drv_uart_uninit  nrf_drv_uart.o
    0x000247b0   0x00000024   Code   RO          519    i.nrf_gpio_cfg      boards.o
    0x000247d4   0x00000024   Code   RO         4359    i.nrf_gpio_cfg      nrf_drv_gpiote.o
    0x000247f8   0x00000024   Code   RO         4589    i.nrf_gpio_cfg      nrf_drv_uart.o
    0x0002481c   0x00000012   Code   RO         4590    i.nrf_gpio_cfg_default  nrf_drv_uart.o
    0x0002482e   0x00000012   Code   RO         4591    i.nrf_gpio_cfg_input  nrf_drv_uart.o
    0x00024840   0x00000014   Code   RO         4592    i.nrf_gpio_cfg_output  nrf_drv_uart.o
    0x00024854   0x00000022   Code   RO          642    i.nrf_gpio_cfg_sense_set  bsp.o
    0x00024876   0x00000022   Code   RO         4361    i.nrf_gpio_cfg_sense_set  nrf_drv_gpiote.o
    0x00024898   0x00000016   Code   RO          520    i.nrf_gpio_pin_write  boards.o
    0x000248ae   0x00000002   PAD
    0x000248b0   0x00000028   Code   RO         4362    i.nrf_gpio_ports_read  nrf_drv_gpiote.o
    0x000248d8   0x00000014   Code   RO         4363    i.nrf_gpiote_event_clear  nrf_drv_gpiote.o
    0x000248ec   0x00000010   Code   RO         4364    i.nrf_gpiote_event_is_set  nrf_drv_gpiote.o
    0x000248fc   0x00000008   Code   RO         5812    i.nrf_log_backend_hexdump_handler_get  nrf_log_backend_serial.o
    0x00024904   0x00000078   Code   RO         5813    i.nrf_log_backend_init  nrf_log_backend_serial.o
    0x0002497c   0x0000012e   Code   RO         5814    i.nrf_log_backend_serial_hexdump_handler  nrf_log_backend_serial.o
    0x00024aaa   0x00000114   Code   RO         5815    i.nrf_log_backend_serial_std_handler  nrf_log_backend_serial.o
    0x00024bbe   0x00000002   PAD
    0x00024bc0   0x00000008   Code   RO         5816    i.nrf_log_backend_std_handler_get  nrf_log_backend_serial.o
    0x00024bc8   0x00000006   Code   RO         5915    i.nrf_log_blocking_backend_set  nrf_log_frontend.o
    0x00024bce   0x00000002   PAD
    0x00024bd0   0x00000130   Code   RO         5916    i.nrf_log_frontend_dequeue  nrf_log_frontend.o
    0x00024d00   0x00000014   Code   RO         5918    i.nrf_log_frontend_init  nrf_log_frontend.o
    0x00024d14   0x0000004c   Code   RO         5919    i.nrf_log_frontend_std_0  nrf_log_frontend.o
    0x00024d60   0x00000058   Code   RO         5920    i.nrf_log_frontend_std_1  nrf_log_frontend.o
    0x00024db8   0x00000068   Code   RO         5921    i.nrf_log_frontend_std_2  nrf_log_frontend.o
    0x00024e20   0x0000007c   Code   RO         5922    i.nrf_log_frontend_std_3  nrf_log_frontend.o
    0x00024e9c   0x000000a4   Code   RO         5925    i.nrf_log_frontend_std_6  nrf_log_frontend.o
    0x00024f40   0x00000010   Code   RO         5927    i.nrf_log_handlers_set  nrf_log_frontend.o
    0x00024f50   0x00000024   Code   RO         5928    i.nrf_log_init      nrf_log_frontend.o
    0x00024f74   0x0000000c   Code   RO         1206    i.nrf_rtc_event_clear  port_cmsis_systick.o
    0x00024f80   0x0000000a   Code   RO         4593    i.nrf_uart_event_check  nrf_drv_uart.o
    0x00024f8a   0x0000000c   Code   RO         4594    i.nrf_uart_event_clear  nrf_drv_uart.o
    0x00024f96   0x0000000c   Code   RO         4595    i.nrf_uart_int_enable_check  nrf_drv_uart.o
    0x00024fa2   0x0000000a   Code   RO         4596    i.nrf_uarte_event_check  nrf_drv_uart.o
    0x00024fac   0x0000000c   Code   RO         4597    i.nrf_uarte_event_clear  nrf_drv_uart.o
    0x00024fb8   0x00000098   Code   RO           19    i.nus_data_handler  main.o
    0x00025050   0x000000dc   Code   RO           20    i.on_adv_evt        main.o
    0x0002512c   0x000001d8   Code   RO           21    i.on_ble_central_evt  main.o
    0x00025304   0x00000160   Code   RO           22    i.on_ble_peripheral_evt  main.o
    0x00025464   0x00000124   Code   RO         3852    i.on_characteristic_discovery_rsp  ble_db_discovery.o
    0x00025588   0x00000100   Code   RO         3853    i.on_descriptor_discovery_rsp  ble_db_discovery.o
    0x00025688   0x000000dc   Code   RO         3854    i.on_primary_srv_discovery_rsp  ble_db_discovery.o
    0x00025764   0x00000094   Code   RO         3855    i.on_srv_disc_completion  ble_db_discovery.o
    0x000257f8   0x00000080   Code   RO         5096    i.op_enqueue        fds.o
    0x00025878   0x00000012   Code   RO         5097    i.page_offsets_update  fds.o
    0x0002588a   0x00000002   PAD
    0x0002588c   0x00000064   Code   RO         5098    i.page_scan         fds.o
    0x000258f0   0x0000001c   Code   RO         5099    i.page_tag_write_data  fds.o
    0x0002590c   0x00000024   Code   RO         5100    i.page_tag_write_swap  fds.o
    0x00025930   0x000000f8   Code   RO         5101    i.pages_init        fds.o
    0x00025a28   0x0000006c   Code   RO         3609    i.pairing_failure   security_dispatcher.o
    0x00025a94   0x0000003c   Code   RO         3722    i.params_reply_pending_process  security_manager.o
    0x00025ad0   0x0000001c   Code   RO         2983    i.pdb_evt_send      peer_database.o
    0x00025aec   0x00000050   Code   RO         2984    i.pdb_init          peer_database.o
    0x00025b3c   0x00000004   Code   RO         2986    i.pdb_next_deleted_peer_id_get  peer_database.o
    0x00025b40   0x00000004   Code   RO         2987    i.pdb_next_peer_id_get  peer_database.o
    0x00025b44   0x00000130   Code   RO         2988    i.pdb_pds_evt_handler  peer_database.o
    0x00025c74   0x00000004   Code   RO         2989    i.pdb_peer_allocate  peer_database.o
    0x00025c78   0x00000006   Code   RO         2991    i.pdb_peer_data_ptr_get  peer_database.o
    0x00025c7e   0x00000044   Code   RO         2992    i.pdb_peer_free     peer_database.o
    0x00025cc2   0x00000008   Code   RO         2993    i.pdb_raw_store     peer_database.o
    0x00025cca   0x00000002   PAD
    0x00025ccc   0x00000108   Code   RO         2994    i.pdb_write_buf_get  peer_database.o
    0x00025dd4   0x00000028   Code   RO         2995    i.pdb_write_buf_release  peer_database.o
    0x00025dfc   0x000000c4   Code   RO         2996    i.pdb_write_buf_store  peer_database.o
    0x00025ec0   0x00000068   Code   RO         2997    i.pdb_write_buf_store_prepare  peer_database.o
    0x00025f28   0x0000000c   Code   RO         2841    i.pds_evt_send      peer_data_storage.o
    0x00025f34   0x0000006c   Code   RO         2842    i.pds_init          peer_data_storage.o
    0x00025fa0   0x00000004   Code   RO         2843    i.pds_next_deleted_peer_id_get  peer_data_storage.o
    0x00025fa4   0x00000004   Code   RO         2844    i.pds_next_peer_id_get  peer_data_storage.o
    0x00025fa8   0x00000050   Code   RO         2847    i.pds_peer_data_iterate  peer_data_storage.o
    0x00025ff8   0x00000010   Code   RO         2848    i.pds_peer_data_iterate_prepare  peer_data_storage.o
    0x00026008   0x00000068   Code   RO         2849    i.pds_peer_data_read  peer_data_storage.o
    0x00026070   0x000000a0   Code   RO         2850    i.pds_peer_data_store  peer_data_storage.o
    0x00026110   0x00000008   Code   RO         2851    i.pds_peer_id_allocate  peer_data_storage.o
    0x00026118   0x00000016   Code   RO         2852    i.pds_peer_id_free  peer_data_storage.o
    0x0002612e   0x00000004   Code   RO         2853    i.pds_peer_id_is_allocated  peer_data_storage.o
    0x00026132   0x0000002e   Code   RO         2854    i.pds_space_reserve  peer_data_storage.o
    0x00026160   0x00000010   Code   RO         2855    i.pds_space_reserve_cancel  peer_data_storage.o
    0x00026170   0x00000006   Code   RO         2998    i.peer_data_const_point_to_buffer  peer_database.o
    0x00026176   0x00000002   PAD
    0x00026178   0x00000080   Code   RO         2856    i.peer_data_delete  peer_data_storage.o
    0x000261f8   0x00000030   Code   RO         2857    i.peer_data_find    peer_data_storage.o
    0x00026228   0x00000020   Code   RO         2858    i.peer_data_id_is_valid  peer_data_storage.o
    0x00026248   0x0000001a   Code   RO         2999    i.peer_data_point_to_buffer  peer_database.o
    0x00026262   0x00000002   PAD
    0x00026264   0x0000000c   Code   RO         3148    i.peer_id_allocate  peer_id.o
    0x00026270   0x00000024   Code   RO         3149    i.peer_id_delete    peer_id.o
    0x00026294   0x0000001c   Code   RO         3150    i.peer_id_free      peer_id.o
    0x000262b0   0x0000000c   Code   RO         3151    i.peer_id_get_next_deleted  peer_id.o
    0x000262bc   0x00000030   Code   RO         3152    i.peer_id_get_next_used  peer_id.o
    0x000262ec   0x00000028   Code   RO         3153    i.peer_id_init      peer_id.o
    0x00026314   0x00000014   Code   RO         3154    i.peer_id_is_allocated  peer_id.o
    0x00026328   0x00000014   Code   RO         3155    i.peer_id_is_deleted  peer_id.o
    0x0002633c   0x0000001c   Code   RO         2561    i.peer_id_set       id_manager.o
    0x00026358   0x00000018   Code   RO         4365    i.pin_in_use_by_port  nrf_drv_gpiote.o
    0x00026370   0x00000018   Code   RO         4366    i.pin_in_use_by_te  nrf_drv_gpiote.o
    0x00026388   0x00000078   Code   RO         4598    i.pins_to_default   nrf_drv_uart.o
    0x00026400   0x0000005c   Code   RO         3506    i.pm_buffer_block_acquire  pm_buffer.o
    0x0002645c   0x00000040   Code   RO         3507    i.pm_buffer_init    pm_buffer.o
    0x0002649c   0x00000028   Code   RO         3508    i.pm_buffer_ptr_get  pm_buffer.o
    0x000264c4   0x0000002e   Code   RO         3509    i.pm_buffer_release  pm_buffer.o
    0x000264f2   0x00000004   Code   RO         3238    i.pm_conn_sec_config_reply  peer_manager.o
    0x000264f6   0x00000002   PAD
    0x000264f8   0x000000c0   Code   RO           23    i.pm_evt_handler    main.o
    0x000265b8   0x00000088   Code   RO         3242    i.pm_gcm_evt_handler  peer_manager.o
    0x00026640   0x00000050   Code   RO         3245    i.pm_im_evt_handler  peer_manager.o
    0x00026690   0x00000064   Code   RO         3246    i.pm_init           peer_manager.o
    0x000266f4   0x00000014   Code   RO         3248    i.pm_local_database_has_changed  peer_manager.o
    0x00026708   0x0000000e   Code   RO         3549    i.pm_mutex_init     pm_mutex.o
    0x00026716   0x0000001a   Code   RO         3550    i.pm_mutex_lock     pm_mutex.o
    0x00026730   0x00000036   Code   RO         3551    i.pm_mutex_lock_first_available  pm_mutex.o
    0x00026766   0x00000018   Code   RO         3552    i.pm_mutex_lock_status_get  pm_mutex.o
    0x0002677e   0x0000003a   Code   RO         3553    i.pm_mutex_unlock   pm_mutex.o
    0x000267b8   0x00000028   Code   RO         3250    i.pm_on_ble_evt     peer_manager.o
    0x000267e0   0x00000158   Code   RO         3251    i.pm_pdb_evt_handler  peer_manager.o
    0x00026938   0x00000014   Code   RO         3262    i.pm_peer_delete    peer_manager.o
    0x0002694c   0x00000038   Code   RO         3267    i.pm_peers_delete   peer_manager.o
    0x00026984   0x0000002c   Code   RO         3270    i.pm_register       peer_manager.o
    0x000269b0   0x00000160   Code   RO         3273    i.pm_sm_evt_handler  peer_manager.o
    0x00026b10   0x00000148   Code   RO           24    i.print_slave_data  main.o
    0x00026c58   0x00000034   Code   RO         1460    i.prvAddCurrentTaskToDelayedList  tasks.o
    0x00026c8c   0x00000050   Code   RO         1781    i.prvCheckForValidListAndQueue  timers.o
    0x00026cdc   0x00000054   Code   RO         1461    i.prvCheckTasksWaitingTermination  tasks.o
    0x00026d30   0x00000026   Code   RO         1284    i.prvCopyDataFromQueue  queue.o
    0x00026d56   0x0000006e   Code   RO         1285    i.prvCopyDataToQueue  queue.o
    0x00026dc4   0x00000024   Code   RO         1462    i.prvGetExpectedIdleTime  tasks.o
    0x00026de8   0x00000048   Code   RO         1463    i.prvIdleTask       tasks.o
    0x00026e30   0x00000038   Code   RO         1782    i.prvInsertTimerInActiveList  timers.o
    0x00026e68   0x000000a8   Code   RO         1783    i.prvProcessReceivedCommands  timers.o
    0x00026f10   0x00000098   Code   RO         1784    i.prvProcessTimerOrBlockTask  timers.o
    0x00026fa8   0x00000020   Code   RO         1464    i.prvResetNextTaskUnblockTime  tasks.o
    0x00026fc8   0x00000028   Code   RO         1785    i.prvSampleTimeNow  timers.o
    0x00026ff0   0x00000058   Code   RO         1786    i.prvSwitchTimerLists  timers.o
    0x00027048   0x00000008   Code   RO         1135    i.prvTaskExitError  port_cmsis.o
    0x00027050   0x00000020   Code   RO         1465    i.prvTaskIsTaskSuspended  tasks.o
    0x00027070   0x00000024   Code   RO         1787    i.prvTimerTask      timers.o
    0x00027094   0x00000064   Code   RO         1286    i.prvUnlockQueue    queue.o
    0x000270f8   0x0000004c   Code   RO         1020    i.pvPortMalloc      heap_1.o
    0x00027144   0x00000018   Code   RO         1466    i.pvTaskIncrementMutexHeldCount  tasks.o
    0x0002715c   0x00000012   Code   RO         1788    i.pvTimerGetTimerID  timers.o
    0x0002716e   0x00000002   PAD
    0x00027170   0x0000002c   Code   RO         1136    i.pxPortInitialiseStack  port_cmsis.o
    0x0002719c   0x00000038   Code   RO         5382    i.queue_get_next_free  fstorage.o
    0x000271d4   0x000000bc   Code   RO         5102    i.queue_process     fds.o
    0x00027290   0x00000070   Code   RO         5383    i.queue_process     fstorage.o
    0x00027300   0x00000020   Code   RO         5103    i.queue_start       fds.o
    0x00027320   0x0000001c   Code   RO         5384    i.queue_start       fstorage.o
    0x0002733c   0x00000010   Code   RO         6201    i.ram_end_address_get  softdevice_handler.o
    0x0002734c   0x00000088   Code   RO         5104    i.record_find       fds.o
    0x000273d4   0x0000009c   Code   RO         5105    i.record_find_by_desc  fds.o
    0x00027470   0x0000004c   Code   RO         5106    i.record_find_next  fds.o
    0x000274bc   0x00000024   Code   RO         5107    i.record_header_flag_dirty  fds.o
    0x000274e0   0x00000014   Code   RO         2859    i.record_key_within_pm_range  peer_data_storage.o
    0x000274f4   0x0000005c   Code   RO         5108    i.record_write_chunk  fds.o
    0x00027550   0x00000038   Code   RO         3856    i.registered_handler_get  ble_db_discovery.o
    0x00027588   0x00000010   Code   RO         3157    i.release           peer_id.o
    0x00027598   0x00000032   Code   RO         4599    i.rx_byte           nrf_drv_uart.o
    0x000275ca   0x000000dc   Code   RO         4074    i.rx_char_add       ble_nus.o
    0x000276a6   0x00000018   Code   RO         4600    i.rx_done_event     nrf_drv_uart.o
    0x000276be   0x00000020   Code   RO         4601    i.rx_enable         nrf_drv_uart.o
    0x000276de   0x00000002   PAD
    0x000276e0   0x0000004c   Code   RO           25    i.scan_start        main.o
    0x0002772c   0x00000070   Code   RO         6203    i.sd_nvic_EnableIRQ  softdevice_handler.o
    0x0002779c   0x00000044   Code   RO         5559    i.sdk_mapped_flags_bulk_update_by_key  sdk_mapped_flags.o
    0x000277e0   0x00000022   Code   RO         5560    i.sdk_mapped_flags_first_key_index_get  sdk_mapped_flags.o
    0x00027802   0x00000010   Code   RO         5561    i.sdk_mapped_flags_get_by_index  sdk_mapped_flags.o
    0x00027812   0x00000026   Code   RO         5562    i.sdk_mapped_flags_get_by_key  sdk_mapped_flags.o
    0x00027838   0x0000004a   Code   RO         5563    i.sdk_mapped_flags_key_list_get  sdk_mapped_flags.o
    0x00027882   0x0000001e   Code   RO         5564    i.sdk_mapped_flags_n_flags_set  sdk_mapped_flags.o
    0x000278a0   0x0000000e   Code   RO         5565    i.sdk_mapped_flags_update_by_key  sdk_mapped_flags.o
    0x000278ae   0x000000b2   Code   RO         3610    i.sec_info_request_process  security_dispatcher.o
    0x00027960   0x00000054   Code   RO         3611    i.sec_proc_start    security_dispatcher.o
    0x000279b4   0x00000020   Code   RO         3612    i.sec_start_send    security_dispatcher.o
    0x000279d4   0x000000a4   Code   RO           26    i.send_ack          main.o
    0x00027a78   0x00000150   Code   RO           27    i.send_data         main.o
    0x00027bc8   0x0000004c   Code   RO         5385    i.send_event        fstorage.o
    0x00027c14   0x0000000c   Code   RO         5817    i.serial_is_busy    nrf_log_backend_serial.o
    0x00027c20   0x00000050   Code   RO         5818    i.serial_tx         nrf_log_backend_serial.o
    0x00027c70   0x00000058   Code   RO         2343    i.service_changed_pending_flags_check  gatt_cache_manager.o
    0x00027cc8   0x00000044   Code   RO         2458    i.service_changed_pending_set  gatts_cache_manager.o
    0x00027d0c   0x00000094   Code   RO         2344    i.service_changed_send_in_evt  gatt_cache_manager.o
    0x00027da0   0x00000088   Code   RO         1902    i.service_data_encode  ble_advdata.o
    0x00027e28   0x00000048   Code   RO         1987    i.set_adv_mode_fast  ble_advertising.o
    0x00027e70   0x00000044   Code   RO         1988    i.set_adv_mode_slow  ble_advertising.o
    0x00027eb4   0x00000028   Code   RO           28    i.sleep_mode_enter  main.o
    0x00027edc   0x00000018   Code   RO         3724    i.sm_ble_evt_handler  security_manager.o
    0x00027ef4   0x00000018   Code   RO         3725    i.sm_conn_sec_config_reply  security_manager.o
    0x00027f0c   0x00000050   Code   RO         3726    i.sm_init           security_manager.o
    0x00027f5c   0x00000038   Code   RO         3729    i.sm_pdb_evt_handler  security_manager.o
    0x00027f94   0x00000078   Code   RO         3732    i.sm_smd_evt_handler  security_manager.o
    0x0002800c   0x000000ec   Code   RO         3613    i.smd_ble_evt_handler  security_dispatcher.o
    0x000280f8   0x0000003c   Code   RO         3614    i.smd_init          security_dispatcher.o
    0x00028134   0x00000030   Code   RO         3615    i.smd_link_secure   security_dispatcher.o
    0x00028164   0x0000010c   Code   RO         3616    i.smd_params_reply  security_dispatcher.o
    0x00028270   0x00000088   Code   RO         3733    i.smd_params_reply_perform  security_manager.o
    0x000282f8   0x00000034   Code   RO         3617    i.smd_pdb_evt_handler  security_dispatcher.o
    0x0002832c   0x00000014   Code   RO         6204    i.softdevice_ble_evt_handler_set  softdevice_handler.o
    0x00028340   0x000000e0   Code   RO         6205    i.softdevice_enable  softdevice_handler.o
    0x00028420   0x00000026   Code   RO         6206    i.softdevice_enable_get_default_config  softdevice_handler.o
    0x00028446   0x00000004   Code   RO         6207    i.softdevice_fault_handler  softdevice_handler.o
    0x0002844a   0x00000002   PAD
    0x0002844c   0x00000064   Code   RO         6208    i.softdevice_handler_init  softdevice_handler.o
    0x000284b0   0x0000000c   Code   RO         6209    i.softdevice_handler_is_enabled  softdevice_handler.o
    0x000284bc   0x00000004   Code   RO           29    i.timer_handler     main.o
    0x000284c0   0x00000034   Code   RO         5819    i.timestamp_process  nrf_log_backend_serial.o
    0x000284f4   0x00000020   Code   RO         4602    i.tx_byte           nrf_drv_uart.o
    0x00028514   0x000000a0   Code   RO         4075    i.tx_char_add       ble_nus.o
    0x000285b4   0x0000001c   Code   RO         4603    i.tx_done_event     nrf_drv_uart.o
    0x000285d0   0x00000016   Code   RO           30    i.uart_event_handle  main.o
    0x000285e6   0x00000002   PAD
    0x000285e8   0x000000a0   Code   RO         5728    i.uart_event_handler  app_uart_fifo.o
    0x00028688   0x00000010   Code   RO         5820    i.uart_event_handler  nrf_log_backend_serial.o
    0x00028698   0x0000011e   Code   RO         4604    i.uart_irq_handler  nrf_drv_uart.o
    0x000287b6   0x00000008   Code   RO           31    i.uart_stack_thread  main.o
    0x000287be   0x000000f0   Code   RO         4605    i.uarte_irq_handler  nrf_drv_uart.o
    0x000288ae   0x0000000a   Code   RO         1903    i.uint16_encode     ble_advdata.o
    0x000288b8   0x0000000c   Code   RO         1287    i.ulPortRaiseBASEPRI  queue.o
    0x000288c4   0x00000074   Code   RO           32    i.update_clock      main.o
    0x00028938   0x00000060   Code   RO         2075    i.update_timeout_handler  ble_conn_params.o
    0x00028998   0x00000018   Code   RO         2152    i.user_flag_is_acquired  ble_conn_state.o
    0x000289b0   0x00000030   Code   RO         1904    i.uuid_list_encode  ble_advdata.o
    0x000289e0   0x0000009e   Code   RO         1905    i.uuid_list_sized_encode  ble_advdata.o
    0x00028a7e   0x00000024   Code   RO         1065    i.uxListRemove      list.o
    0x00028aa2   0x00000002   PAD
    0x00028aa4   0x0000000c   Code   RO           33    i.vApplicationIdleHook  main.o
    0x00028ab0   0x00000016   Code   RO         1066    i.vListInitialise   list.o
    0x00028ac6   0x00000006   Code   RO         1067    i.vListInitialiseItem  list.o
    0x00028acc   0x00000030   Code   RO         1068    i.vListInsert       list.o
    0x00028afc   0x00000018   Code   RO         1069    i.vListInsertEnd    list.o
    0x00028b14   0x00000014   Code   RO         1138    i.vPortEnterCritical  port_cmsis.o
    0x00028b28   0x00000014   Code   RO         1139    i.vPortExitCritical  port_cmsis.o
    0x00028b3c   0x00000002   Code   RO         1021    i.vPortFree         heap_1.o
    0x00028b3e   0x00000002   PAD
    0x00028b40   0x00000038   Code   RO         1207    i.vPortSetupTimerInterrupt  port_cmsis_systick.o
    0x00028b78   0x000000fc   Code   RO         1208    i.vPortSuppressTicksAndSleep  port_cmsis_systick.o
    0x00028c74   0x00000028   Code   RO         1291    i.vQueueAddToRegistry  queue.o
    0x00028c9c   0x00000038   Code   RO         1294    i.vQueueWaitForMessageRestricted  queue.o
    0x00028cd4   0x0000000c   Code   RO         1478    i.vTaskMissedYield  tasks.o
    0x00028ce0   0x00000050   Code   RO         1480    i.vTaskPlaceOnEventList  tasks.o
    0x00028d30   0x00000038   Code   RO         1481    i.vTaskPlaceOnEventListRestricted  tasks.o
    0x00028d68   0x00000084   Code   RO         1483    i.vTaskPriorityInherit  tasks.o
    0x00028dec   0x00000070   Code   RO         1485    i.vTaskResume       tasks.o
    0x00028e5c   0x00000010   Code   RO         1486    i.vTaskSetTimeOutState  tasks.o
    0x00028e6c   0x00000050   Code   RO         1487    i.vTaskStartScheduler  tasks.o
    0x00028ebc   0x00000010   Code   RO         1488    i.vTaskStepTick     tasks.o
    0x00028ecc   0x000000a0   Code   RO         1489    i.vTaskSuspend      tasks.o
    0x00028f6c   0x00000010   Code   RO         1490    i.vTaskSuspendAll   tasks.o
    0x00028f7c   0x00000044   Code   RO         1491    i.vTaskSwitchContext  tasks.o
    0x00028fc0   0x00000024   Code   RO         3000    i.write_buf_length_words_set  peer_database.o
    0x00028fe4   0x00000024   Code   RO         3001    i.write_buffer_record_find  peer_database.o
    0x00029008   0x0000002c   Code   RO         3002    i.write_buffer_record_find_next  peer_database.o
    0x00029034   0x0000001e   Code   RO         3003    i.write_buffer_record_invalidate  peer_database.o
    0x00029052   0x00000002   PAD
    0x00029054   0x0000002c   Code   RO         3004    i.write_buffer_record_release  peer_database.o
    0x00029080   0x00000124   Code   RO         5109    i.write_enqueue     fds.o
    0x000291a4   0x000000e8   Code   RO         5110    i.write_execute     fds.o
    0x0002928c   0x00000014   Code   RO         5111    i.write_space_free  fds.o
    0x000292a0   0x00000054   Code   RO         5112    i.write_space_reserve  fds.o
    0x000292f4   0x0000004c   Code   RO         1140    i.xPortStartScheduler  port_cmsis.o
    0x00029340   0x00000044   Code   RO         1296    i.xQueueCreateMutex  queue.o
    0x00029384   0x0000003c   Code   RO         1297    i.xQueueGenericCreate  queue.o
    0x000293c0   0x00000128   Code   RO         1298    i.xQueueGenericReceive  queue.o
    0x000294e8   0x00000070   Code   RO         1299    i.xQueueGenericReset  queue.o
    0x00029558   0x000000fc   Code   RO         1300    i.xQueueGenericSend  queue.o
    0x00029654   0x00000060   Code   RO         1301    i.xQueueGenericSendFromISR  queue.o
    0x000296b4   0x00000050   Code   RO         1302    i.xQueueGiveFromISR  queue.o
    0x00029704   0x00000048   Code   RO         1492    i.xTaskCheckForTimeOut  tasks.o
    0x0002974c   0x0000017c   Code   RO         1493    i.xTaskGenericCreate  tasks.o
    0x000298c8   0x0000001c   Code   RO         1497    i.xTaskGetSchedulerState  tasks.o
    0x000298e4   0x0000000c   Code   RO         1498    i.xTaskGetTickCount  tasks.o
    0x000298f0   0x0000000c   Code   RO         1499    i.xTaskGetTickCountFromISR  tasks.o
    0x000298fc   0x000000a0   Code   RO         1500    i.xTaskIncrementTick  tasks.o
    0x0002999c   0x00000070   Code   RO         1503    i.xTaskPriorityDisinherit  tasks.o
    0x00029a0c   0x0000006c   Code   RO         1504    i.xTaskRemoveFromEventList  tasks.o
    0x00029a78   0x000000b0   Code   RO         1506    i.xTaskResumeAll    tasks.o
    0x00029b28   0x0000003c   Code   RO         1790    i.xTimerCreate      timers.o
    0x00029b64   0x00000044   Code   RO         1791    i.xTimerCreateTimerTask  timers.o
    0x00029ba8   0x00000050   Code   RO         1792    i.xTimerGenericCommand  timers.o
    0x00029bf8   0x0000001a   Code   RO         1794    i.xTimerIsTimerActive  timers.o
    0x00029c12   0x00000002   PAD
    0x00029c14   0x00000038   Data   RO           37    .constdata          main.o
    0x00029c4c   0x00000008   Data   RO          521    .constdata          boards.o
    0x00029c54   0x0000002c   Data   RO          647    .constdata          bsp.o
    0x00029c80   0x00000004   Data   RO         1141    .constdata          port_cmsis.o
    0x00029c84   0x00000004   Data   RO         2078    .constdata          ble_conn_params.o
    0x00029c88   0x00000004   Data   RO         2459    .constdata          gatts_cache_manager.o
    0x00029c8c   0x00000010   Data   RO         2460    .constdata          gatts_cache_manager.o
    0x00029c9c   0x00000004   Data   RO         2461    .constdata          gatts_cache_manager.o
    0x00029ca0   0x00000008   Data   RO         2564    .constdata          id_manager.o
    0x00029ca8   0x00000004   Data   RO         2860    .constdata          peer_data_storage.o
    0x00029cac   0x00000014   Data   RO         3006    .constdata          peer_database.o
    0x00029cc0   0x00000044   Data   RO         3619    .constdata          security_dispatcher.o
    0x00029d04   0x00000004   Data   RO         3734    .constdata          security_manager.o
    0x00029d08   0x00000028   Data   RO         4007    .constdata          ble_nus_c.o
    0x00029d30   0x00000010   Data   RO         4076    .constdata          ble_nus.o
    0x00029d40   0x00000004   Data   RO         4368    .constdata          nrf_drv_gpiote.o
    0x00029d44   0x00000008   Data   RO         4810    .constdata          app_button.o
    0x00029d4c   0x00000014   Data   RO         5114    .constdata          fds.o
    0x00029d60   0x00000020   Data   RO         5730    .constdata          app_uart_fifo.o
    0x00029d80   0x00000020   Data   RO         5823    .constdata          nrf_log_backend_serial.o
    0x00029da0   0x00000024   Data   RO         5931    .constdata          nrf_log_frontend.o
    0x00029dc4   0x00000081   Data   RO         6388    .constdata          mc_w.l(ctype_o.o)
    0x00029e45   0x00000003   PAD
    0x00029e48   0x00000004   Data   RO         6389    .constdata          mc_w.l(ctype_o.o)
    0x00029e4c   0x00000123   Data   RO           38    .conststring        main.o
    0x00029f6f   0x00000001   PAD
    0x00029f70   0x000000c1   Data   RO         3858    .conststring        ble_db_discovery.o
    0x0002a031   0x00000003   PAD
    0x0002a034   0x0000000b   Data   RO         5932    .conststring        nrf_log_frontend.o
    0x0002a03f   0x00000001   PAD
    0x0002a040   0x00000042   Data   RO         6215    .conststring        softdevice_handler.o
    0x0002a082   0x00000002   PAD
    0x0002a084   0x00000020   Data   RO         6732    Region$$Table       anon$$obj.o


    Execution Region RW_IRAM1 (Base: 0x20002128, Size: 0x00007498, Max: 0x0000ded8, ABSOLUTE, COMPRESSED[0x00000038])

    Base Addr    Size         Type   Attr      Idx    E Section Name        Object

    0x20002128   0x0000002b   Data   RW           39    .data               main.o
    0x20002153   0x00000001   PAD
    0x20002154   0x00000014   Data   RW          648    .data               bsp.o
    0x20002168   0x00000008   Data   RW          758    .data               bsp_btn_ble.o
    0x20002170   0x00000008   Data   RW         1025    .data               heap_1.o
    0x20002178   0x00000004   Data   RW         1142    .data               port_cmsis.o
    0x2000217c   0x0000003c   Data   RW         1509    .data               tasks.o
    0x200021b8   0x00000014   Data   RW         1798    .data               timers.o
    0x200021cc   0x0000001f   Data   RW         1990    .data               ble_advertising.o
    0x200021eb   0x00000001   PAD
    0x200021ec   0x00000014   Data   RW         2079    .data               ble_conn_params.o
    0x20002200   0x0000000c   Data   RW         2345    .data               gatt_cache_manager.o
    0x2000220c   0x0000000c   Data   RW         2462    .data               gatts_cache_manager.o
    0x20002218   0x00000003   Data   RW         2565    .data               id_manager.o
    0x2000221b   0x00000001   PAD
    0x2000221c   0x0000000c   Data   RW         2861    .data               peer_data_storage.o
    0x20002228   0x00000008   Data   RW         3007    .data               peer_database.o
    0x20002230   0x00000010   Data   RW         3278    .data               peer_manager.o
    0x20002240   0x00000004   Data   RW         3620    .data               security_dispatcher.o
    0x20002244   0x00000015   Data   RW         3735    .data               security_manager.o
    0x20002259   0x00000003   PAD
    0x2000225c   0x00000010   Data   RW         3859    .data               ble_db_discovery.o
    0x2000226c   0x00000014   Data   RW         4811    .data               app_button.o
    0x20002280   0x00000004   Data   RW         4941    .data               app_timer_freertos.o
    0x20002284   0x00000018   Data   RW         5115    .data               fds.o
    0x2000229c   0x00000002   Data   RW         5387    .data               fstorage.o
    0x2000229e   0x00000002   PAD
    0x200022a0   0x00000010   Data   RW         5731    .data               app_uart_fifo.o
    0x200022b0   0x0000000c   Data   RW         5824    .data               nrf_log_backend_serial.o
    0x200022bc   0x00000004   Data   RW         5933    .data               nrf_log_frontend.o
    0x200022c0   0x00000014   Data   RW         6216    .data               softdevice_handler.o
    0x200022d4   0x00000004   Data   RW         6353    .data               system_nrf52.o
    0x200022d8   0x00000010   Data   RW         5116    fs_data             fds.o
    0x200022e8   0x00000020   Zero   RW           34    .bss                main.o
    0x20002308   0x00000020   Zero   RW           35    .bss                main.o
    0x20002328   0x00001765   Zero   RW           36    .bss                main.o
    0x20003a8d   0x00000003   PAD
    0x20003a90   0x00000020   Zero   RW          643    .bss                bsp.o
    0x20003ab0   0x00000020   Zero   RW          644    .bss                bsp.o
    0x20003ad0   0x0000000c   Zero   RW          645    .bss                bsp.o
    0x20003adc   0x00000020   Zero   RW          646    .bss                bsp.o
    0x20003afc   0x00004000   Zero   RW         1024    .bss                heap_1.o
    0x20007afc   0x00000010   Zero   RW         1309    .bss                queue.o
    0x20007b0c   0x000000a0   Zero   RW         1508    .bss                tasks.o
    0x20007bac   0x00000028   Zero   RW         1797    .bss                timers.o
    0x20007bd4   0x000000b3   Zero   RW         1989    .bss                ble_advertising.o
    0x20007c87   0x00000001   PAD
    0x20007c88   0x00000020   Zero   RW         2076    .bss                ble_conn_params.o
    0x20007ca8   0x0000001c   Zero   RW         2077    .bss                ble_conn_params.o
    0x20007cc4   0x00000034   Zero   RW         2153    .bss                ble_conn_state.o
    0x20007cf8   0x00000070   Zero   RW         2563    .bss                id_manager.o
    0x20007d68   0x00000330   Zero   RW         3005    .bss                peer_database.o
    0x20008098   0x00000040   Zero   RW         3158    .bss                peer_id.o
    0x200080d8   0x0000000c   Zero   RW         3276    .bss                peer_manager.o
    0x200080e4   0x00000040   Zero   RW         3618    .bss                security_dispatcher.o
    0x20008124   0x000002a0   Zero   RW         3857    .bss                ble_db_discovery.o
    0x200083c4   0x00000014   Zero   RW         4144    .bss                nrf_drv_clock.o
    0x200083d8   0x00000058   Zero   RW         4367    .bss                nrf_drv_gpiote.o
    0x20008430   0x00000020   Zero   RW         4606    .bss                nrf_drv_uart.o
    0x20008450   0x00000020   Zero   RW         4809    .bss                app_button.o
    0x20008470   0x0000000c   Zero   RW         4995    .bss                app_util_platform.o
    0x2000847c   0x0000011c   Zero   RW         5113    .bss                fds.o
    0x20008598   0x00000068   Zero   RW         5386    .bss                fstorage.o
    0x20008600   0x00000020   Zero   RW         5729    .bss                app_uart_fifo.o
    0x20008620   0x00000100   Zero   RW         5821    .bss                nrf_log_backend_serial.o
    0x20008720   0x00000418   Zero   RW         5930    .bss                nrf_log_frontend.o
    0x20008b38   0x00000288   Zero   RW         6064    .bss                segger_rtt.o
    0x20008dc0   0x00000800   Zero   RW         6341    STACK               arm_startup_nrf52.o

