Component: ARM Compiler 5.06 update 2 (build 183) Tool: armlink [4d35b7]

==============================================================================

Section Cross References

    main.o(i.assert_nrf_callback) refers to app_error.o(i.app_error_handler) for app_error_handler
    main.o(i.ble_evt_dispatch) refers to main.o(i.on_ble_evt) for on_ble_evt
    main.o(i.ble_evt_dispatch) refers to bsp_btn_ble.o(i.bsp_btn_ble_on_ble_evt) for bsp_btn_ble_on_ble_evt
    main.o(i.ble_evt_dispatch) refers to ble_db_discovery.o(i.ble_db_discovery_on_ble_evt) for ble_db_discovery_on_ble_evt
    main.o(i.ble_evt_dispatch) refers to ble_nus_c.o(i.ble_nus_c_on_ble_evt) for ble_nus_c_on_ble_evt
    main.o(i.ble_evt_dispatch) refers to main.o(.bss) for .bss
    main.o(i.ble_new_event_handler) refers to queue.o(i.xQueueGiveFromISR) for xQueueGiveFromISR
    main.o(i.ble_new_event_handler) refers to main.o(.data) for .data
    main.o(i.ble_nus_c_evt_handler) refers to nrf_log_frontend.o(i.nrf_log_frontend_std_0) for nrf_log_frontend_std_0
    main.o(i.ble_nus_c_evt_handler) refers to main.o(i.scan_start) for scan_start
    main.o(i.ble_nus_c_evt_handler) refers to ble_nus_c.o(i.ble_nus_c_handles_assign) for ble_nus_c_handles_assign
    main.o(i.ble_nus_c_evt_handler) refers to app_error.o(i.app_error_handler_bare) for app_error_handler_bare
    main.o(i.ble_nus_c_evt_handler) refers to ble_nus_c.o(i.ble_nus_c_rx_notif_enable) for ble_nus_c_rx_notif_enable
    main.o(i.ble_nus_c_evt_handler) refers to app_uart_fifo.o(i.app_uart_put) for app_uart_put
    main.o(i.ble_stack_init) refers to softdevice_handler.o(i.softdevice_handler_init) for softdevice_handler_init
    main.o(i.ble_stack_init) refers to app_error.o(i.app_error_handler_bare) for app_error_handler_bare
    main.o(i.ble_stack_init) refers to softdevice_handler.o(i.softdevice_enable_get_default_config) for softdevice_enable_get_default_config
    main.o(i.ble_stack_init) refers to nrf_log_frontend.o(i.nrf_log_frontend_dequeue) for nrf_log_frontend_dequeue
    main.o(i.ble_stack_init) refers to softdevice_handler.o(i.softdevice_enable) for softdevice_enable
    main.o(i.ble_stack_init) refers to softdevice_handler.o(i.softdevice_ble_evt_handler_set) for softdevice_ble_evt_handler_set
    main.o(i.ble_stack_init) refers to main.o(.constdata) for .constdata
    main.o(i.ble_stack_init) refers to main.o(i.ble_new_event_handler) for ble_new_event_handler
    main.o(i.ble_stack_init) refers to main.o(.bss) for .bss
    main.o(i.ble_stack_init) refers to main.o(i.ble_evt_dispatch) for ble_evt_dispatch
    main.o(i.ble_stack_thread) refers to app_timer_freertos.o(i.app_timer_init) for app_timer_init
    main.o(i.ble_stack_thread) refers to app_error.o(i.app_error_handler_bare) for app_error_handler_bare
    main.o(i.ble_stack_thread) refers to memcpya.o(.text) for __aeabi_memcpy4
    main.o(i.ble_stack_thread) refers to app_uart_fifo.o(i.app_uart_init) for app_uart_init
    main.o(i.ble_stack_thread) refers to nrf_log_frontend.o(i.nrf_log_init) for nrf_log_init
    main.o(i.ble_stack_thread) refers to bsp.o(i.bsp_init) for bsp_init
    main.o(i.ble_stack_thread) refers to bsp_btn_ble.o(i.bsp_btn_ble_init) for bsp_btn_ble_init
    main.o(i.ble_stack_thread) refers to ble_db_discovery.o(i.ble_db_discovery_init) for ble_db_discovery_init
    main.o(i.ble_stack_thread) refers to main.o(i.ble_stack_init) for ble_stack_init
    main.o(i.ble_stack_thread) refers to ble_nus_c.o(i.ble_nus_c_init) for ble_nus_c_init
    main.o(i.ble_stack_thread) refers to main.o(i.scan_start) for scan_start
    main.o(i.ble_stack_thread) refers to queue.o(i.xQueueGenericReceive) for xQueueGenericReceive
    main.o(i.ble_stack_thread) refers to softdevice_handler.o(i.intern_softdevice_events_execute) for intern_softdevice_events_execute
    main.o(i.ble_stack_thread) refers to main.o(.bss) for .bss
    main.o(i.ble_stack_thread) refers to main.o(.constdata) for .constdata
    main.o(i.ble_stack_thread) refers to main.o(i.uart_event_handle) for uart_event_handle
    main.o(i.ble_stack_thread) refers to main.o(i.bsp_event_handler) for bsp_event_handler
    main.o(i.ble_stack_thread) refers to main.o(i.db_disc_handler) for db_disc_handler
    main.o(i.ble_stack_thread) refers to main.o(i.ble_nus_c_evt_handler) for ble_nus_c_evt_handler
    main.o(i.ble_stack_thread) refers to main.o(.data) for .data
    main.o(i.bsp_event_handler) refers to bsp.o(i.bsp_indication_set) for bsp_indication_set
    main.o(i.bsp_event_handler) refers to app_error.o(i.app_error_handler_bare) for app_error_handler_bare
    main.o(i.bsp_event_handler) refers to bsp_btn_ble.o(i.bsp_btn_ble_sleep_mode_prepare) for bsp_btn_ble_sleep_mode_prepare
    main.o(i.bsp_event_handler) refers to main.o(.bss) for .bss
    main.o(i.db_disc_handler) refers to ble_nus_c.o(i.ble_nus_c_on_db_disc_evt) for ble_nus_c_on_db_disc_evt
    main.o(i.db_disc_handler) refers to main.o(.bss) for .bss
[...]
    i.prvTaskIsTaskSuspended                 0x00023250   Section        0  tasks.o(i.prvTaskIsTaskSuspended)
    prvTaskIsTaskSuspended                   0x00023251   Thumb Code    28  tasks.o(i.prvTaskIsTaskSuspended)
    i.prvTimerTask                           0x00023270   Section        0  timers.o(i.prvTimerTask)
    prvTimerTask                             0x00023271   Thumb Code    32  timers.o(i.prvTimerTask)
    i.prvUnlockQueue                         0x00023294   Section        0  queue.o(i.prvUnlockQueue)
    prvUnlockQueue                           0x00023295   Thumb Code   100  queue.o(i.prvUnlockQueue)
    i.pvPortMalloc                           0x000232f8   Section        0  heap_1.o(i.pvPortMalloc)
    i.pvTaskIncrementMutexHeldCount          0x00023344   Section        0  tasks.o(i.pvTaskIncrementMutexHeldCount)
    i.pvTimerGetTimerID                      0x0002335c   Section        0  timers.o(i.pvTimerGetTimerID)
    i.pxPortInitialiseStack                  0x00023370   Section        0  port_cmsis.o(i.pxPortInitialiseStack)
    i.ram_end_address_get                    0x0002339c   Section        0  softdevice_handler.o(i.ram_end_address_get)
    ram_end_address_get                      0x0002339d   Thumb Code    16  softdevice_handler.o(i.ram_end_address_get)
    i.registered_handler_get                 0x000233ac   Section        0  ble_db_discovery.o(i.registered_handler_get)
    registered_handler_get                   0x000233ad   Thumb Code    48  ble_db_discovery.o(i.registered_handler_get)
    i.rx_byte                                0x000233e4   Section        0  nrf_drv_uart.o(i.rx_byte)
    rx_byte                                  0x000233e5   Thumb Code    50  nrf_drv_uart.o(i.rx_byte)
    i.rx_done_event                          0x00023416   Section        0  nrf_drv_uart.o(i.rx_done_event)
    rx_done_event                            0x00023417   Thumb Code    24  nrf_drv_uart.o(i.rx_done_event)
    i.rx_enable                              0x0002342e   Section        0  nrf_drv_uart.o(i.rx_enable)
    rx_enable                                0x0002342f   Thumb Code    32  nrf_drv_uart.o(i.rx_enable)
    i.scan_start                             0x00023450   Section        0  main.o(i.scan_start)
    scan_start                               0x00023451   Thumb Code    36  main.o(i.scan_start)
    i.sd_nvic_EnableIRQ                      0x0002349c   Section        0  softdevice_handler.o(i.sd_nvic_EnableIRQ)
    sd_nvic_EnableIRQ                        0x0002349d   Thumb Code   106  softdevice_handler.o(i.sd_nvic_EnableIRQ)
    i.serial_is_busy                         0x0002350c   Section        0  nrf_log_backend_serial.o(i.serial_is_busy)
    serial_is_busy                           0x0002350d   Thumb Code     6  nrf_log_backend_serial.o(i.serial_is_busy)
    i.serial_tx                              0x00023518   Section        0  nrf_log_backend_serial.o(i.serial_tx)
    serial_tx                                0x00023519   Thumb Code    72  nrf_log_backend_serial.o(i.serial_tx)
    i.softdevice_ble_evt_handler_set         0x00023568   Section        0  softdevice_handler.o(i.softdevice_ble_evt_handler_set)
    i.softdevice_enable                      0x0002357c   Section        0  softdevice_handler.o(i.softdevice_enable)
    i.softdevice_enable_get_default_config   0x0002365c   Section        0  softdevice_handler.o(i.softdevice_enable_get_default_config)
    i.softdevice_fault_handler               0x00023682   Section        0  softdevice_handler.o(i.softdevice_fault_handler)
    i.softdevice_handler_init                0x00023688   Section        0  softdevice_handler.o(i.softdevice_handler_init)
    i.softdevice_handler_is_enabled          0x000236ec   Section        0  softdevice_handler.o(i.softdevice_handler_is_enabled)
    i.timestamp_process                      0x000236f8   Section        0  nrf_log_backend_serial.o(i.timestamp_process)
    timestamp_process                        0x000236f9   Thumb Code    44  nrf_log_backend_serial.o(i.timestamp_process)
    i.tx_byte                                0x0002372c   Section        0  nrf_drv_uart.o(i.tx_byte)
    tx_byte                                  0x0002372d   Thumb Code    32  nrf_drv_uart.o(i.tx_byte)
    i.tx_done_event                          0x0002374c   Section        0  nrf_drv_uart.o(i.tx_done_event)
    tx_done_event                            0x0002374d   Thumb Code    28  nrf_drv_uart.o(i.tx_done_event)
    i.uart_event_handle                      0x00023768   Section        0  main.o(i.uart_event_handle)
    i.uart_event_handler                     0x000237c0   Section        0  app_uart_fifo.o(i.uart_event_handler)
    uart_event_handler                       0x000237c1   Thumb Code   152  app_uart_fifo.o(i.uart_event_handler)
    i.uart_event_handler                     0x00023860   Section        0  nrf_log_backend_serial.o(i.uart_event_handler)
    uart_event_handler                       0x00023861   Thumb Code    12  nrf_log_backend_serial.o(i.uart_event_handler)
    i.uart_irq_handler                       0x00023870   Section        0  nrf_drv_uart.o(i.uart_irq_handler)
    uart_irq_handler                         0x00023871   Thumb Code   286  nrf_drv_uart.o(i.uart_irq_handler)
    i.uart_stack_thread                      0x0002398e   Section        0  main.o(i.uart_stack_thread)
    uart_stack_thread                        0x0002398f   Thumb Code     8  main.o(i.uart_stack_thread)
    i.uarte_irq_handler                      0x00023996   Section        0  nrf_drv_uart.o(i.uarte_irq_handler)
    uarte_irq_handler                        0x00023997   Thumb Code   240  nrf_drv_uart.o(i.uarte_irq_handler)
    i.ulPortRaiseBASEPRI                     0x00023a86   Section        0  queue.o(i.ulPortRaiseBASEPRI)
    ulPortRaiseBASEPRI                       0x00023a87   Thumb Code    12  queue.o(i.ulPortRaiseBASEPRI)
    i.uxListRemove                           0x00023a92   Section        0  list.o(i.uxListRemove)
    i.vApplicationIdleHook                   0x00023ab8   Section        0  main.o(i.vApplicationIdleHook)
    i.vListInitialise                        0x00023ac4   Section        0  list.o(i.vListInitialise)
    i.vListInitialiseItem                    0x00023ada   Section        0  list.o(i.vListInitialiseItem)
    i.vListInsert                            0x00023ae0   Section        0  list.o(i.vListInsert)
    i.vListInsertEnd                         0x00023b10   Section        0  list.o(i.vListInsertEnd)
    i.vPortEnterCritical                     0x00023b28   Section        0  port_cmsis.o(i.vPortEnterCritical)
    i.vPortExitCritical                      0x00023b3c   Section        0  port_cmsis.o(i.vPortExitCritical)
    i.vPortFree                              0x00023b50   Section        0  heap_1.o(i.vPortFree)
    i.vPortSetupTimerInterrupt               0x00023b54   Section        0  port_cmsis_systick.o(i.vPortSetupTimerInterrupt)
    i.vPortSuppressTicksAndSleep             0x00023b8c   Section        0  port_cmsis_systick.o(i.vPortSuppressTicksAndSleep)
    i.vQueueAddToRegistry                    0x00023c88   Section        0  queue.o(i.vQueueAddToRegistry)
    i.vQueueWaitForMessageRestricted         0x00023cb0   Section        0  queue.o(i.vQueueWaitForMessageRestricted)
    i.vTaskMissedYield                       0x00023ce8   Section        0  tasks.o(i.vTaskMissedYield)
    i.vTaskPlaceOnEventList                  0x00023cf4   Section        0  tasks.o(i.vTaskPlaceOnEventList)
    i.vTaskPlaceOnEventListRestricted        0x00023d44   Section        0  tasks.o(i.vTaskPlaceOnEventListRestricted)
    i.vTaskPriorityInherit                   0x00023d7c   Section        0  tasks.o(i.vTaskPriorityInherit)
    i.vTaskResume                            0x00023e00   Section        0  tasks.o(i.vTaskResume)
    i.vTaskSetTimeOutState                   0x00023e70   Section        0  tasks.o(i.vTaskSetTimeOutState)
    i.vTaskStartScheduler                    0x00023e80   Section        0  tasks.o(i.vTaskStartScheduler)
    i.vTaskStepTick                          0x00023ed0   Section        0  tasks.o(i.vTaskStepTick)
    i.vTaskSuspend                           0x00023ee0   Section        0  tasks.o(i.vTaskSuspend)
    i.vTaskSuspendAll                        0x00023f80   Section        0  tasks.o(i.vTaskSuspendAll)
    i.vTaskSwitchContext                     0x00023f90   Section        0  tasks.o(i.vTaskSwitchContext)
    i.xPortStartScheduler                    0x00023fd4   Section        0  port_cmsis.o(i.xPortStartScheduler)
    i.xQueueCreateMutex                      0x00024020   Section        0  queue.o(i.xQueueCreateMutex)
    i.xQueueGenericCreate                    0x00024064   Section        0  queue.o(i.xQueueGenericCreate)
    i.xQueueGenericReceive                   0x000240a0   Section        0  queue.o(i.xQueueGenericReceive)
    i.xQueueGenericReset                     0x000241c8   Section        0  queue.o(i.xQueueGenericReset)
    i.xQueueGenericSend                      0x00024238   Section        0  queue.o(i.xQueueGenericSend)
    i.xQueueGenericSendFromISR               0x00024334   Section        0  queue.o(i.xQueueGenericSendFromISR)
    i.xQueueGiveFromISR                      0x00024394   Section        0  queue.o(i.xQueueGiveFromISR)
    i.xTaskCheckForTimeOut                   0x000243e4   Section        0  tasks.o(i.xTaskCheckForTimeOut)
    i.xTaskGenericCreate                     0x0002442c   Section        0  tasks.o(i.xTaskGenericCreate)
    i.xTaskGetSchedulerState                 0x000245a8   Section        0  tasks.o(i.xTaskGetSchedulerState)
    i.xTaskGetTickCount                      0x000245c4   Section        0  tasks.o(i.xTaskGetTickCount)
    i.xTaskGetTickCountFromISR               0x000245d0   Section        0  tasks.o(i.xTaskGetTickCountFromISR)
    i.xTaskIncrementTick                     0x000245dc   Section        0  tasks.o(i.xTaskIncrementTick)
    i.xTaskPriorityDisinherit                0x0002467c   Section        0  tasks.o(i.xTaskPriorityDisinherit)
    i.xTaskRemoveFromEventList               0x000246ec   Section        0  tasks.o(i.xTaskRemoveFromEventList)
    i.xTaskResumeAll                         0x00024758   Section        0  tasks.o(i.xTaskResumeAll)
    i.xTimerCreate                           0x00024808   Section        0  timers.o(i.xTimerCreate)
    i.xTimerCreateTimerTask                  0x00024844   Section        0  timers.o(i.xTimerCreateTimerTask)
    i.xTimerGenericCommand                   0x00024888   Section        0  timers.o(i.xTimerGenericCommand)
    i.xTimerIsTimerActive                    0x000248d8   Section        0  timers.o(i.xTimerIsTimerActive)
    .constdata                               0x000248f4   Section       48  main.o(.constdata)
    m_nus_uuid                               0x000248f4   Data           4  main.o(.constdata)
    m_connection_param                       0x000248fc   Data           8  main.o(.constdata)
    m_scan_params                            0x00024904   Data           8  main.o(.constdata)
    .constdata                               0x00024924   Section        8  boards.o(.constdata)
    m_board_led_list                         0x00024924   Data           4  boards.o(.constdata)
    m_board_btn_list                         0x00024928   Data           4  boards.o(.constdata)
    .constdata                               0x0002492c   Section       44  bsp.o(.constdata)
    m_leds_timer_id                          0x0002492c   Data           4  bsp.o(.constdata)
    m_alert_timer_id                         0x00024930   Data           4  bsp.o(.constdata)
    m_button_timer_id                        0x00024934   Data           4  bsp.o(.constdata)
    app_buttons                              0x00024938   Data          32  bsp.o(.constdata)
    .constdata                               0x00024958   Section        4  port_cmsis.o(.constdata)
    <Data1>                                  0x00024958   Data           4  port_cmsis.o(.constdata)
    .constdata                               0x0002495c   Section       40  ble_nus_c.o(.constdata)
    .constdata                               0x00024984   Section        4  nrf_drv_gpiote.o(.constdata)
    .constdata                               0x00024988   Section        8  app_button.o(.constdata)
    m_detection_delay_timer_id               0x00024988   Data           4  app_button.o(.constdata)
    .constdata                               0x00024990   Section       32  app_uart_fifo.o(.constdata)
    .constdata                               0x000249b0   Section       32  nrf_log_backend_serial.o(.constdata)
    .constdata                               0x000249d0   Section       36  nrf_log_frontend.o(.constdata)
    .constdata                               0x000249f4   Section      129  ctype_o.o(.constdata)
    .constdata                               0x00024a78   Section        4  ctype_o.o(.constdata)
    table                                    0x00024a78   Data           4  ctype_o.o(.constdata)
    .conststring                             0x00024a7c   Section      193  ble_db_discovery.o(.conststring)
    .conststring                             0x00024b40   Section       11  nrf_log_frontend.o(.conststring)
    .conststring                             0x00024b4c   Section       66  softdevice_handler.o(.conststring)
    .data                                    0x20002128   Section       24  main.o(.data)
    index                                    0x20002128   Data           1  main.o(.data)
    m_ble_event_ready                        0x2000212c   Data           4  main.o(.data)
    one_time_init                            0x20002130   Data           4  main.o(.data)
    m_ble_stack_thread                       0x20002134   Data           4  main.o(.data)
    m_uart_stack_thread                      0x20002138   Data           4  main.o(.data)
    m_logger_thread                          0x2000213c   Data           4  main.o(.data)
    .data                                    0x20002140   Section       20  bsp.o(.data)
    m_stable_state                           0x20002140   Data           1  bsp.o(.data)
    m_leds_clear                             0x20002141   Data           1  bsp.o(.data)
    current_long_push_pin_no                 0x20002142   Data           1  bsp.o(.data)
    m_app_ticks_per_100ms                    0x20002144   Data           4  bsp.o(.data)
    m_indication_type                        0x20002148   Data           4  bsp.o(.data)
    m_registered_callback                    0x2000214c   Data           4  bsp.o(.data)
    release_event_at_push                    0x20002150   Data           4  bsp.o(.data)
    .data                                    0x20002154   Section        8  bsp_btn_ble.o(.data)
    m_error_handler                          0x20002154   Data           4  bsp_btn_ble.o(.data)
    m_num_connections                        0x20002158   Data           4  bsp_btn_ble.o(.data)
    .data                                    0x2000215c   Section        8  heap_1.o(.data)
    xNextFreeByte                            0x2000215c   Data           4  heap_1.o(.data)
    pucAlignedHeap                           0x20002160   Data           4  heap_1.o(.data)
    .data                                    0x20002164   Section        4  port_cmsis.o(.data)
    uxCriticalNesting                        0x20002164   Data           4  port_cmsis.o(.data)
    .data                                    0x20002168   Section       60  tasks.o(.data)
    uxTasksDeleted                           0x2000216c   Data           4  tasks.o(.data)
    xIdleTaskHandle                          0x20002170   Data           4  tasks.o(.data)
    uxCurrentNumberOfTasks                   0x20002174   Data           4  tasks.o(.data)
    xTickCount                               0x20002178   Data           4  tasks.o(.data)
    uxTopReadyPriority                       0x2000217c   Data           4  tasks.o(.data)
    xSchedulerRunning                        0x20002180   Data           4  tasks.o(.data)
    uxPendedTicks                            0x20002184   Data           4  tasks.o(.data)
    xYieldPending                            0x20002188   Data           4  tasks.o(.data)
    xNumOfOverflows                          0x2000218c   Data           4  tasks.o(.data)
    uxTaskNumber                             0x20002190   Data           4  tasks.o(.data)
    xNextTaskUnblockTime                     0x20002194   Data           4  tasks.o(.data)
    uxSchedulerSuspended                     0x20002198   Data           4  tasks.o(.data)
    pxDelayedTaskList                        0x2000219c   Data           4  tasks.o(.data)
    pxOverflowDelayedTaskList                0x200021a0   Data           4  tasks.o(.data)
    .data                                    0x200021a4   Section       20  timers.o(.data)
    xTimerQueue                              0x200021a4   Data           4  timers.o(.data)
    xTimerTaskHandle                         0x200021a8   Data           4  timers.o(.data)
    xLastTime                                0x200021ac   Data           4  timers.o(.data)
    pxCurrentTimerList                       0x200021b0   Data           4  timers.o(.data)
    pxOverflowTimerList                      0x200021b4   Data           4  timers.o(.data)
    .data                                    0x200021b8   Section       16  ble_db_discovery.o(.data)
    m_initialized                            0x200021b8   Data           1  ble_db_discovery.o(.data)
    m_evt_handler                            0x200021bc   Data           4  ble_db_discovery.o(.data)
    m_pending_usr_evt_index                  0x200021c0   Data           4  ble_db_discovery.o(.data)
    m_num_of_handlers_reg                    0x200021c4   Data           4  ble_db_discovery.o(.data)
    .data                                    0x200021c8   Section       20  app_button.o(.data)
    m_button_count                           0x200021c8   Data           1  app_button.o(.data)
    mp_buttons                               0x200021cc   Data           4  app_button.o(.data)
    m_detection_delay                        0x200021d0   Data           4  app_button.o(.data)
    m_pin_state                              0x200021d4   Data           4  app_button.o(.data)
    m_pin_transition                         0x200021d8   Data           4  app_button.o(.data)
    .data                                    0x200021dc   Section        4  app_timer_freertos.o(.data)
    m_prescaler                              0x200021dc   Data           4  app_timer_freertos.o(.data)
    .data                                    0x200021e0   Section       16  app_uart_fifo.o(.data)
    tx_buffer                                0x200021e0   Data           1  app_uart_fifo.o(.data)
    rx_buffer                                0x200021e1   Data           1  app_uart_fifo.o(.data)
    m_rx_ovf                                 0x200021e2   Data           1  app_uart_fifo.o(.data)
    m_event_handler                          0x200021e4   Data           4  app_uart_fifo.o(.data)
    app_uart_inst                            0x200021e8   Data           8  app_uart_fifo.o(.data)
    .data                                    0x200021f0   Section       12  nrf_log_backend_serial.o(.data)
    m_initialized                            0x200021f0   Data           1  nrf_log_backend_serial.o(.data)
    m_blocking_mode                          0x200021f1   Data           1  nrf_log_backend_serial.o(.data)
    m_rx_done                                0x200021f2   Data           1  nrf_log_backend_serial.o(.data)
    m_uart                                   0x200021f4   Data           8  nrf_log_backend_serial.o(.data)
    .data                                    0x200021fc   Section        4  nrf_log_frontend.o(.data)
    m_overflow_info                          0x200021fc   Data           4  nrf_log_frontend.o(.data)
    .data                                    0x20002200   Section       20  softdevice_handler.o(.data)
    m_softdevice_enabled                     0x20002200   Data           1  softdevice_handler.o(.data)
    m_suspended                              0x20002201   Data           1  softdevice_handler.o(.data)
    m_ble_evt_buffer_size                    0x20002202   Data           2  softdevice_handler.o(.data)
    m_evt_schedule_func                      0x20002204   Data           4  softdevice_handler.o(.data)
    mp_ble_evt_buffer                        0x20002208   Data           4  softdevice_handler.o(.data)
    m_ble_evt_handler                        0x2000220c   Data           4  softdevice_handler.o(.data)
    m_sys_evt_handler                        0x20002210   Data           4  softdevice_handler.o(.data)
    .data                                    0x20002214   Section        4  system_nrf52.o(.data)
    __tagsym$$used                           0x20002214   Number         0  system_nrf52.o(.data)
    .bss                                     0x20002218   Section     1564  main.o(.bss)
    data_array                               0x20002218   Data          20  main.o(.bss)
    BLE_EVT_BUFFER                           0x2000222c   Data          80  main.o(.bss)
    rx_buf                                   0x2000227c   Data         512  main.o(.bss)
    tx_buf                                   0x2000247c   Data         256  main.o(.bss)
    APP_TIMER_BUF                            0x2000257c   Data          72  main.o(.bss)
    m_ble_nus_c                              0x200025c4   Data          16  main.o(.bss)
    m_ble_db_discovery                       0x200025d4   Data         608  main.o(.bss)
    .bss                                     0x20002834   Section       32  bsp.o(.bss)
    m_leds_timer_id_data                     0x20002834   Data          32  bsp.o(.bss)
    .bss                                     0x20002854   Section       32  bsp.o(.bss)
    m_alert_timer_id_data                    0x20002854   Data          32  bsp.o(.bss)
    .bss                                     0x20002874   Section       12  bsp.o(.bss)
    m_events_list                            0x20002874   Data          12  bsp.o(.bss)
    .bss                                     0x20002880   Section       32  bsp.o(.bss)
    m_button_timer_id_data                   0x20002880   Data          32  bsp.o(.bss)
    .bss                                     0x200028a0   Section     8192  heap_1.o(.bss)
    ucHeap                                   0x200028a0   Data        8192  heap_1.o(.bss)
    .bss                                     0x200048a0   Section       16  queue.o(.bss)
    .bss                                     0x200048b0   Section      160  tasks.o(.bss)
    pxReadyTasksLists                        0x200048b0   Data          60  tasks.o(.bss)
    xDelayedTaskList1                        0x200048ec   Data          20  tasks.o(.bss)
    xDelayedTaskList2                        0x20004900   Data          20  tasks.o(.bss)
    xPendingReadyList                        0x20004914   Data          20  tasks.o(.bss)
    xTasksWaitingTermination                 0x20004928   Data          20  tasks.o(.bss)
    xSuspendedTaskList                       0x2000493c   Data          20  tasks.o(.bss)
    .bss                                     0x20004950   Section       40  timers.o(.bss)
    xActiveTimerList1                        0x20004950   Data          20  timers.o(.bss)
    xActiveTimerList2                        0x20004964   Data          20  timers.o(.bss)
    .bss                                     0x20004978   Section      672  ble_db_discovery.o(.bss)
    m_registered_handlers                    0x20004978   Data          24  ble_db_discovery.o(.bss)
    m_pending_user_evts                      0x20004990   Data         648  ble_db_discovery.o(.bss)
    .bss                                     0x20004c18   Section       20  nrf_drv_clock.o(.bss)
    m_clock_cb                               0x20004c18   Data          20  nrf_drv_clock.o(.bss)
    .bss                                     0x20004c2c   Section       88  nrf_drv_gpiote.o(.bss)
    m_cb                                     0x20004c2c   Data          88  nrf_drv_gpiote.o(.bss)
    .bss                                     0x20004c84   Section       32  nrf_drv_uart.o(.bss)
    m_cb                                     0x20004c84   Data          32  nrf_drv_uart.o(.bss)
    .bss                                     0x20004ca4   Section       32  app_button.o(.bss)
    m_detection_delay_timer_id_data          0x20004ca4   Data          32  app_button.o(.bss)
    .bss                                     0x20004cc4   Section       12  app_util_platform.o(.bss)
    .bss                                     0x20004cd0   Section       32  app_uart_fifo.o(.bss)
    m_rx_fifo                                0x20004cd0   Data          16  app_uart_fifo.o(.bss)
    m_tx_fifo                                0x20004ce0   Data          16  app_uart_fifo.o(.bss)
    .bss                                     0x20004cf0   Section      256  nrf_log_backend_serial.o(.bss)
    m_uart_buffer                            0x20004cf0   Data         256  nrf_log_backend_serial.o(.bss)
    .bss                                     0x20004df0   Section     1048  nrf_log_frontend.o(.bss)
    m_log_data                               0x20004df0   Data        1048  nrf_log_frontend.o(.bss)
    .bss                                     0x20005208   Section      648  segger_rtt.o(.bss)
    _acUpBuffer                              0x20005208   Data         512  segger_rtt.o(.bss)
    _acDownBuffer                            0x20005408   Data          16  segger_rtt.o(.bss)
    STACK                                    0x20005490   Section     2048  arm_startup_nrf52.o(STACK)

    Global Symbols

    Symbol Name                              Value     Ov Type        Size  Object(Section)

    BuildAttributes$$THM_ISAv4$E$P$D$K$B$S$7EM$VFPi3$EXTD16$VFPS$VFMA$PE$A:L22UL41UL21$X:L11$S22US41US21$IEEE1$IW$USESV6$~STKCKD$USESV7$~SHL$OSPACE$ROPI$EBA8$MICROLIB$REQ8$PRES8$EABIv2 0x00000000   Number         0  anon$$obj.o ABSOLUTE
    __ARM_use_no_argv                        0x00000000   Number         0  main.o ABSOLUTE
    _printf_a                                0x00000000   Number         0  stubs.o ABSOLUTE
    _printf_c                                0x00000000   Number         0  stubs.o ABSOLUTE
    _printf_charcount                        0x00000000   Number         0  stubs.o ABSOLUTE
    _printf_d                                0x00000000   Number         0  stubs.o ABSOLUTE
    _printf_e                                0x00000000   Number         0  stubs.o ABSOLUTE
    _printf_f                                0x00000000   Number         0  stubs.o ABSOLUTE
    _printf_flags                            0x00000000   Number         0  stubs.o ABSOLUTE
    _printf_fp_dec                           0x00000000   Number         0  stubs.o ABSOLUTE
    _printf_fp_hex                           0x00000000   Number         0  stubs.o ABSOLUTE
    _printf_g                                0x00000000   Number         0  stubs.o ABSOLUTE
    _printf_i                                0x00000000   Number         0  stubs.o ABSOLUTE
    _printf_int_dec                          0x00000000   Number         0  stubs.o ABSOLUTE
    _printf_l                                0x00000000   Number         0  stubs.o ABSOLUTE
    _printf_lc                               0x00000000   Number         0  stubs.o ABSOLUTE
    _printf_ll                               0x00000000   Number         0  stubs.o ABSOLUTE
    _printf_lld                              0x00000000   Number         0  stubs.o ABSOLUTE
    _printf_lli                              0x00000000   Number         0  stubs.o ABSOLUTE
    _printf_llo                              0x00000000   Number         0  stubs.o ABSOLUTE
    _printf_llu                              0x00000000   Number         0  stubs.o ABSOLUTE
    _printf_llx                              0x00000000   Number         0  stubs.o ABSOLUTE
    _printf_longlong_dec                     0x00000000   Number         0  stubs.o ABSOLUTE
    _printf_longlong_hex                     0x00000000   Number         0  stubs.o ABSOLUTE
    _printf_longlong_oct                     0x00000000   Number         0  stubs.o ABSOLUTE
    _printf_ls                               0x00000000   Number         0  stubs.o ABSOLUTE
    _printf_mbtowc                           0x00000000   Number         0  stubs.o ABSOLUTE
    _printf_n                                0x00000000   Number         0  stubs.o ABSOLUTE
    _printf_o                                0x00000000   Number         0  stubs.o ABSOLUTE
    _printf_p                                0x00000000   Number         0  stubs.o ABSOLUTE
    _printf_percent                          0x00000000   Number         0  stubs.o ABSOLUTE
    _printf_pre_padding                      0x00000000   Number         0  stubs.o ABSOLUTE
    _printf_return_value                     0x00000000   Number         0  stubs.o ABSOLUTE
    _printf_s                                0x00000000   Number         0  stubs.o ABSOLUTE
    _printf_sizespec                         0x00000000   Number         0  stubs.o ABSOLUTE
    _printf_str                              0x00000000   Number         0  stubs.o ABSOLUTE
    _printf_truncate_signed                  0x00000000   Number         0  stubs.o ABSOLUTE
    _printf_truncate_unsigned                0x00000000   Number         0  stubs.o ABSOLUTE
    _printf_u                                0x00000000   Number         0  stubs.o ABSOLUTE
    _printf_wc                               0x00000000   Number         0  stubs.o ABSOLUTE
    _printf_wctomb                           0x00000000   Number         0  stubs.o ABSOLUTE
    _printf_widthprec                        0x00000000   Number         0  stubs.o ABSOLUTE
    _printf_x                                0x00000000   Number         0  stubs.o ABSOLUTE
    __cpp_initialize__aeabi_                  - Undefined Weak Reference
    __cxa_finalize                            - Undefined Weak Reference
    __decompress                              - Undefined Weak Reference
    _clock_init                               - Undefined Weak Reference
    _microlib_exit                            - Undefined Weak Reference
    __Vectors_Size                           0x00000400   Number         0  arm_startup_nrf52.o ABSOLUTE
    __Vectors                                0x0001f000   Data           4  arm_startup_nrf52.o(RESET)
    __Vectors_End                            0x0001f400   Data           0  arm_startup_nrf52.o(RESET)
    __main                                   0x0001f401   Thumb Code     0  entry.o(.ARM.Collect$$$$00000000)
    _main_stk                                0x0001f401   Thumb Code     0  entry2.o(.ARM.Collect$$$$00000001)
    _main_scatterload                        0x0001f405   Thumb Code     0  entry5.o(.ARM.Collect$$$$00000004)
    __main_after_scatterload                 0x0001f409   Thumb Code     0  entry5.o(.ARM.Collect$$$$00000004)
    _main_clock                              0x0001f409   Thumb Code     0  entry7b.o(.ARM.Collect$$$$00000008)
    _main_cpp_init                           0x0001f409   Thumb Code     0  entry8b.o(.ARM.Collect$$$$0000000A)
    _main_init                               0x0001f409   Thumb Code     0  entry9a.o(.ARM.Collect$$$$0000000B)
    __rt_final_cpp                           0x0001f411   Thumb Code     0  entry10a.o(.ARM.Collect$$$$0000000D)
    __rt_final_exit                          0x0001f411   Thumb Code     0  entry11a.o(.ARM.Collect$$$$0000000F)
    SVC_Handler                              0x0001f415   Thumb Code    28  port.o(.emb_text)
    vPortStartFirstTask                      0x0001f435   Thumb Code    32  port.o(.emb_text)
    PendSV_Handler                           0x0001f459   Thumb Code    88  port.o(.emb_text)
    Reset_Handler                            0x0001f4b5   Thumb Code     8  arm_startup_nrf52.o(.text)
    NMI_Handler                              0x0001f4bd   Thumb Code     2  arm_startup_nrf52.o(.text)
    HardFault_Handler                        0x0001f4bf   Thumb Code     2  arm_startup_nrf52.o(.text)
    MemoryManagement_Handler                 0x0001f4c1   Thumb Code     2  arm_startup_nrf52.o(.text)
    BusFault_Handler                         0x0001f4c3   Thumb Code     2  arm_startup_nrf52.o(.text)
    UsageFault_Handler                       0x0001f4c5   Thumb Code     2  arm_startup_nrf52.o(.text)
    DebugMon_Handler                         0x0001f4c9   Thumb Code     2  arm_startup_nrf52.o(.text)
    SysTick_Handler                          0x0001f4cd   Thumb Code     2  arm_startup_nrf52.o(.text)
    CCM_AAR_IRQHandler                       0x0001f4cf   Thumb Code     0  arm_startup_nrf52.o(.text)
    COMP_LPCOMP_IRQHandler                   0x0001f4cf   Thumb Code     0  arm_startup_nrf52.o(.text)
    ECB_IRQHandler                           0x0001f4cf   Thumb Code     0  arm_startup_nrf52.o(.text)
    FPU_IRQHandler                           0x0001f4cf   Thumb Code     0  arm_startup_nrf52.o(.text)
    I2S_IRQHandler                           0x0001f4cf   Thumb Code     0  arm_startup_nrf52.o(.text)
    MWU_IRQHandler                           0x0001f4cf   Thumb Code     0  arm_startup_nrf52.o(.text)
    NFCT_IRQHandler                          0x0001f4cf   Thumb Code     0  arm_startup_nrf52.o(.text)
    PDM_IRQHandler                           0x0001f4cf   Thumb Code     0  arm_startup_nrf52.o(.text)
    PWM0_IRQHandler                          0x0001f4cf   Thumb Code     0  arm_startup_nrf52.o(.text)
    PWM1_IRQHandler                          0x0001f4cf   Thumb Code     0  arm_startup_nrf52.o(.text)
    PWM2_IRQHandler                          0x0001f4cf   Thumb Code     0  arm_startup_nrf52.o(.text)
    QDEC_IRQHandler                          0x0001f4cf   Thumb Code     0  arm_startup_nrf52.o(.text)
    RADIO_IRQHandler                         0x0001f4cf   Thumb Code     0  arm_startup_nrf52.o(.text)
    RNG_IRQHandler                           0x0001f4cf   Thumb Code     0  arm_startup_nrf52.o(.text)
    RTC0_IRQHandler                          0x0001f4cf   Thumb Code     0  arm_startup_nrf52.o(.text)
    RTC2_IRQHandler                          0x0001f4cf   Thumb Code     0  arm_startup_nrf52.o(.text)
    SAADC_IRQHandler                         0x0001f4cf   Thumb Code     0  arm_startup_nrf52.o(.text)
    SPIM0_SPIS0_TWIM0_TWIS0_SPI0_TWI0_IRQHandler 0x0001f4cf   Thumb Code     0  arm_startup_nrf52.o(.text)
    SPIM1_SPIS1_TWIM1_TWIS1_SPI1_TWI1_IRQHandler 0x0001f4cf   Thumb Code     0  arm_startup_nrf52.o(.text)
    SPIM2_SPIS2_SPI2_IRQHandler              0x0001f4cf   Thumb Code     0  arm_startup_nrf52.o(.text)
    SWI0_EGU0_IRQHandler                     0x0001f4cf   Thumb Code     0  arm_startup_nrf52.o(.text)
    SWI1_EGU1_IRQHandler                     0x0001f4cf   Thumb Code     0  arm_startup_nrf52.o(.text)
    SWI3_EGU3_IRQHandler                     0x0001f4cf   Thumb Code     0  arm_startup_nrf52.o(.text)
    SWI4_EGU4_IRQHandler                     0x0001f4cf   Thumb Code     0  arm_startup_nrf52.o(.text)
    SWI5_EGU5_IRQHandler                     0x0001f4cf   Thumb Code     0  arm_startup_nrf52.o(.text)
    TEMP_IRQHandler                          0x0001f4cf   Thumb Code     0  arm_startup_nrf52.o(.text)
    TIMER0_IRQHandler                        0x0001f4cf   Thumb Code     0  arm_startup_nrf52.o(.text)
    TIMER1_IRQHandler                        0x0001f4cf   Thumb Code     0  arm_startup_nrf52.o(.text)
    TIMER2_IRQHandler                        0x0001f4cf   Thumb Code     0  arm_startup_nrf52.o(.text)
    TIMER3_IRQHandler                        0x0001f4cf   Thumb Code     0  arm_startup_nrf52.o(.text)
    TIMER4_IRQHandler                        0x0001f4cf   Thumb Code     0  arm_startup_nrf52.o(.text)
    WDT_IRQHandler                           0x0001f4cf   Thumb Code     0  arm_startup_nrf52.o(.text)
    __rt_ctype_table                         0x0001f4d9   Thumb Code     4  ctype_o.o(.text)
    __aeabi_memcpy                           0x0001f4e1   Thumb Code    36  memcpya.o(.text)
    __aeabi_memcpy4                          0x0001f4e1   Thumb Code     0  memcpya.o(.text)
    __aeabi_memcpy8                          0x0001f4e1   Thumb Code     0  memcpya.o(.text)
    __aeabi_memset                           0x0001f505   Thumb Code    14  memseta.o(.text)
    __aeabi_memset4                          0x0001f505   Thumb Code     0  memseta.o(.text)
    __aeabi_memset8                          0x0001f505   Thumb Code     0  memseta.o(.text)
    __aeabi_memclr                           0x0001f513   Thumb Code     4  memseta.o(.text)
    __aeabi_memclr4                          0x0001f513   Thumb Code     0  memseta.o(.text)
    __aeabi_memclr8                          0x0001f513   Thumb Code     0  memseta.o(.text)
    _memset$wrapper                          0x0001f517   Thumb Code    18  memseta.o(.text)
    strlen                                   0x0001f529   Thumb Code    14  strlen.o(.text)
    strcpy                                   0x0001f537   Thumb Code    18  strcpy.o(.text)
    __aeabi_uldivmod                         0x0001f549   Thumb Code    98  uldiv.o(.text)
    __scatterload                            0x0001f5ad   Thumb Code    28  init.o(.text)
    __scatterload_rt2                        0x0001f5ad   Thumb Code     0  init.o(.text)
    __aeabi_llsl                             0x0001f5d1   Thumb Code    30  llshl.o(.text)
    _ll_shift_l                              0x0001f5d1   Thumb Code     0  llshl.o(.text)
    __aeabi_llsr                             0x0001f5ef   Thumb Code    32  llushr.o(.text)
    _ll_ushift_r                             0x0001f5ef   Thumb Code     0  llushr.o(.text)
    GPIOTE_IRQHandler                        0x0001f611   Thumb Code   362  nrf_drv_gpiote.o(i.GPIOTE_IRQHandler)
    POWER_CLOCK_IRQHandler                   0x0001f7b1   Thumb Code    84  nrf_drv_clock.o(i.POWER_CLOCK_IRQHandler)
    RTC1_IRQHandler                          0x0001f809   Thumb Code    52  port_cmsis_systick.o(i.RTC1_IRQHandler)
    SEGGER_RTT_Init                          0x0001f845   Thumb Code    14  segger_rtt.o(i.SEGGER_RTT_Init)
    SEGGER_RTT_WriteNoLock                   0x0001f859   Thumb Code    86  segger_rtt.o(i.SEGGER_RTT_WriteNoLock)
    SWI2_EGU2_IRQHandler                     0x0001f8b5   Thumb Code    32  softdevice_handler.o(i.SWI2_EGU2_IRQHandler)
    SystemInit                               0x0001f8d9   Thumb Code   610  system_nrf52.o(i.SystemInit)
    UARTE0_UART0_IRQHandler                  0x0001fb75   Thumb Code    20  nrf_drv_uart.o(i.UARTE0_UART0_IRQHandler)
    __0snprintf$8                            0x0001fca9   Thumb Code    36  printf8.o(i.__0snprintf$8)
    __1snprintf$8                            0x0001fca9   Thumb Code     0  printf8.o(i.__0snprintf$8)
    __2snprintf                              0x0001fca9   Thumb Code     0  printf8.o(i.__0snprintf$8)
    __scatterload_copy                       0x0001fcd1   Thumb Code    14  handlers.o(i.__scatterload_copy)
    __scatterload_null                       0x0001fcdf   Thumb Code     2  handlers.o(i.__scatterload_null)
    __scatterload_zeroinit                   0x0001fce1   Thumb Code    14  handlers.o(i.__scatterload_zeroinit)
    app_button_enable                        0x000201c9   Thumb Code    32  app_button.o(i.app_button_enable)
    app_button_init                          0x000201ed   Thumb Code    96  app_button.o(i.app_button_init)
    app_error_fault_handler                  0x0002025d   Thumb Code    94  app_error_weak.o(i.app_error_fault_handler)
    app_error_handler_bare                   0x0002034d   Thumb Code    24  app_error.o(i.app_error_handler_bare)
    app_fifo_get                             0x00020365   Thumb Code    22  app_fifo.o(i.app_fifo_get)
    app_fifo_init                            0x0002037b   Thumb Code    32  app_fifo.o(i.app_fifo_init)
    app_fifo_put                             0x0002039b   Thumb Code    26  app_fifo.o(i.app_fifo_put)
    app_timer_create                         0x000203d1   Thumb Code    76  app_timer_freertos.o(i.app_timer_create)
    app_timer_init                           0x00020425   Thumb Code    10  app_timer_freertos.o(i.app_timer_init)
    app_timer_start                          0x00020435   Thumb Code   186  app_timer_freertos.o(i.app_timer_start)
    app_timer_stop                           0x000204fd   Thumb Code    94  app_timer_freertos.o(i.app_timer_stop)
    app_uart_get                             0x00020561   Thumb Code    42  app_uart_fifo.o(i.app_uart_get)
    app_uart_init                            0x00020595   Thumb Code   164  app_uart_fifo.o(i.app_uart_init)
    app_uart_put                             0x00020649   Thumb Code    52  app_uart_fifo.o(i.app_uart_put)
    app_util_critical_region_enter           0x00020685   Thumb Code    64  app_util_platform.o(i.app_util_critical_region_enter)
    app_util_critical_region_exit            0x000206cd   Thumb Code    46  app_util_platform.o(i.app_util_critical_region_exit)
    ble_db_discovery_evt_register            0x000207b9   Thumb Code    56  ble_db_discovery.o(i.ble_db_discovery_evt_register)
    ble_db_discovery_init                    0x000207f9   Thumb Code    24  ble_db_discovery.o(i.ble_db_discovery_init)
    ble_db_discovery_on_ble_evt              0x00020815   Thumb Code    70  ble_db_discovery.o(i.ble_db_discovery_on_ble_evt)
    ble_db_discovery_start                   0x00020861   Thumb Code    96  ble_db_discovery.o(i.ble_db_discovery_start)
    ble_nus_c_handles_assign                 0x000209e9   Thumb Code    26  ble_nus_c.o(i.ble_nus_c_handles_assign)
    ble_nus_c_init                           0x00020a05   Thumb Code    72  ble_nus_c.o(i.ble_nus_c_init)
    ble_nus_c_on_ble_evt                     0x00020a51   Thumb Code   102  ble_nus_c.o(i.ble_nus_c_on_ble_evt)
    ble_nus_c_on_db_disc_evt                 0x00020ab7   Thumb Code   120  ble_nus_c.o(i.ble_nus_c_on_db_disc_evt)
    ble_nus_c_rx_notif_enable                0x00020b31   Thumb Code    66  ble_nus_c.o(i.ble_nus_c_rx_notif_enable)
    ble_nus_c_string_send                    0x00020b79   Thumb Code    58  ble_nus_c.o(i.ble_nus_c_string_send)
    bsp_board_button_idx_to_pin              0x00020cfd   Thumb Code     6  boards.o(i.bsp_board_button_idx_to_pin)
    bsp_board_button_state_get               0x00020d09   Thumb Code    28  boards.o(i.bsp_board_button_state_get)
    bsp_board_led_invert                     0x00020d29   Thumb Code    32  boards.o(i.bsp_board_led_invert)
    bsp_board_led_off                        0x00020d4d   Thumb Code    10  boards.o(i.bsp_board_led_off)
    bsp_board_led_on                         0x00020d5d   Thumb Code    10  boards.o(i.bsp_board_led_on)
    bsp_board_led_state_get                  0x00020d6d   Thumb Code    28  boards.o(i.bsp_board_led_state_get)
    bsp_board_leds_init                      0x00020d8d   Thumb Code    38  boards.o(i.bsp_board_leds_init)
    bsp_board_leds_off                       0x00020db9   Thumb Code    18  boards.o(i.bsp_board_leds_off)
    bsp_board_leds_on                        0x00020dcb   Thumb Code    18  boards.o(i.bsp_board_leds_on)
    bsp_board_pin_to_button_idx              0x00020ddd   Thumb Code    30  boards.o(i.bsp_board_pin_to_button_idx)
    bsp_btn_ble_init                         0x00020e01   Thumb Code    52  bsp_btn_ble.o(i.bsp_btn_ble_init)
    bsp_btn_ble_on_ble_evt                   0x00020e39   Thumb Code   106  bsp_btn_ble.o(i.bsp_btn_ble_on_ble_evt)
    bsp_btn_ble_sleep_mode_prepare           0x00020ea9   Thumb Code    30  bsp_btn_ble.o(i.bsp_btn_ble_sleep_mode_prepare)
    bsp_button_is_pressed                    0x00020f5d   Thumb Code     4  bsp.o(i.bsp_button_is_pressed)
    bsp_event_handler                        0x00020f61   Thumb Code    62  main.o(i.bsp_event_handler)
    bsp_event_to_button_action_assign        0x00020fa5   Thumb Code    64  bsp.o(i.bsp_event_to_button_action_assign)
    bsp_indication_set                       0x00020fe9   Thumb Code    20  bsp.o(i.bsp_indication_set)
    bsp_init                                 0x00021001   Thumb Code   132  bsp.o(i.bsp_init)
    bsp_wakeup_button_enable                 0x0002120d   Thumb Code    16  bsp.o(i.bsp_wakeup_button_enable)
    buffer_is_empty                          0x00021299   Thumb Code    16  nrf_log_frontend.o(i.buffer_is_empty)
    eTaskConfirmSleepModeStatus              0x00021575   Thumb Code    22  tasks.o(i.eTaskConfirmSleepModeStatus)
    intern_softdevice_events_execute         0x00021615   Thumb Code   114  softdevice_handler.o(i.intern_softdevice_events_execute)
    main                                     0x0002186d   Thumb Code   182  main.o(i.main)
    nrf_drv_clock_init                       0x0002197d   Thumb Code    64  nrf_drv_clock.o(i.nrf_drv_clock_init)
    nrf_drv_clock_lfclk_request              0x000219c5   Thumb Code    96  nrf_drv_clock.o(i.nrf_drv_clock_lfclk_request)
    nrf_drv_clock_on_sd_enable               0x00021a2d   Thumb Code    44  nrf_drv_clock.o(i.nrf_drv_clock_on_sd_enable)
    nrf_drv_clock_on_soc_event               0x00021a5d   Thumb Code    10  nrf_drv_clock.o(i.nrf_drv_clock_on_soc_event)
    nrf_drv_common_irq_enable                0x00021a7d   Thumb Code    56  nrf_drv_common.o(i.nrf_drv_common_irq_enable)
    nrf_drv_gpiote_in_event_enable           0x00021abd   Thumb Code   156  nrf_drv_gpiote.o(i.nrf_drv_gpiote_in_event_enable)
    nrf_drv_gpiote_in_init                   0x00021b61   Thumb Code   172  nrf_drv_gpiote.o(i.nrf_drv_gpiote_in_init)
    nrf_drv_gpiote_in_is_set                 0x00021c19   Thumb Code    20  nrf_drv_gpiote.o(i.nrf_drv_gpiote_in_is_set)
    nrf_drv_gpiote_init                      0x00021c2d   Thumb Code    84  nrf_drv_gpiote.o(i.nrf_drv_gpiote_init)
    nrf_drv_gpiote_is_init                   0x00021c89   Thumb Code    14  nrf_drv_gpiote.o(i.nrf_drv_gpiote_is_init)
    nrf_drv_uart_init                        0x00021cad   Thumb Code    98  nrf_drv_uart.o(i.nrf_drv_uart_init)
    nrf_drv_uart_rx                          0x00021d15   Thumb Code   170  nrf_drv_uart.o(i.nrf_drv_uart_rx)
    nrf_drv_uart_rx_enable                   0x00021dc5   Thumb Code    42  nrf_drv_uart.o(i.nrf_drv_uart_rx_enable)
    nrf_drv_uart_tx                          0x00021f4d   Thumb Code   262  nrf_drv_uart.o(i.nrf_drv_uart_tx)
    nrf_drv_uart_tx_in_progress              0x00022059   Thumb Code    18  nrf_drv_uart.o(i.nrf_drv_uart_tx_in_progress)
    nrf_drv_uart_uninit                      0x00022071   Thumb Code    74  nrf_drv_uart.o(i.nrf_drv_uart_uninit)
    nrf_log_backend_hexdump_handler_get      0x00022211   Thumb Code     4  nrf_log_backend_serial.o(i.nrf_log_backend_hexdump_handler_get)
    nrf_log_backend_init                     0x00022219   Thumb Code   102  nrf_log_backend_serial.o(i.nrf_log_backend_init)
    nrf_log_backend_std_handler_get          0x000224d5   Thumb Code     4  nrf_log_backend_serial.o(i.nrf_log_backend_std_handler_get)
    nrf_log_blocking_backend_set             0x000224dd   Thumb Code     6  nrf_log_frontend.o(i.nrf_log_blocking_backend_set)
    nrf_log_frontend_dequeue                 0x000224e5   Thumb Code   298  nrf_log_frontend.o(i.nrf_log_frontend_dequeue)
    nrf_log_frontend_init                    0x00022615   Thumb Code    16  nrf_log_frontend.o(i.nrf_log_frontend_init)
    nrf_log_frontend_std_0                   0x00022629   Thumb Code    68  nrf_log_frontend.o(i.nrf_log_frontend_std_0)
    nrf_log_frontend_std_1                   0x00022675   Thumb Code    80  nrf_log_frontend.o(i.nrf_log_frontend_std_1)
    nrf_log_frontend_std_2                   0x000226cd   Thumb Code    96  nrf_log_frontend.o(i.nrf_log_frontend_std_2)
    nrf_log_frontend_std_3                   0x00022735   Thumb Code   114  nrf_log_frontend.o(i.nrf_log_frontend_std_3)
    nrf_log_frontend_std_6                   0x000227b1   Thumb Code   156  nrf_log_frontend.o(i.nrf_log_frontend_std_6)
    nrf_log_handlers_set                     0x00022855   Thumb Code    10  nrf_log_frontend.o(i.nrf_log_handlers_set)
    nrf_log_init                             0x00022865   Thumb Code    36  nrf_log_frontend.o(i.nrf_log_init)
    pvPortMalloc                             0x000232f9   Thumb Code    68  heap_1.o(i.pvPortMalloc)
    pvTaskIncrementMutexHeldCount            0x00023345   Thumb Code    18  tasks.o(i.pvTaskIncrementMutexHeldCount)
    pvTimerGetTimerID                        0x0002335d   Thumb Code    18  timers.o(i.pvTimerGetTimerID)
    pxPortInitialiseStack                    0x00023371   Thumb Code    36  port_cmsis.o(i.pxPortInitialiseStack)
    softdevice_ble_evt_handler_set           0x00023569   Thumb Code    14  softdevice_handler.o(i.softdevice_ble_evt_handler_set)
    softdevice_enable                        0x0002357d   Thumb Code    74  softdevice_handler.o(i.softdevice_enable)
    softdevice_enable_get_default_config     0x0002365d   Thumb Code    38  softdevice_handler.o(i.softdevice_enable_get_default_config)
    softdevice_fault_handler                 0x00023683   Thumb Code     4  softdevice_handler.o(i.softdevice_fault_handler)
    softdevice_handler_init                  0x00023689   Thumb Code    92  softdevice_handler.o(i.softdevice_handler_init)
    softdevice_handler_is_enabled            0x000236ed   Thumb Code     6  softdevice_handler.o(i.softdevice_handler_is_enabled)
    uart_event_handle                        0x00023769   Thumb Code    78  main.o(i.uart_event_handle)
    uxListRemove                             0x00023a93   Thumb Code    36  list.o(i.uxListRemove)
    vApplicationIdleHook                     0x00023ab9   Thumb Code     8  main.o(i.vApplicationIdleHook)
    vListInitialise                          0x00023ac5   Thumb Code    22  list.o(i.vListInitialise)
    vListInitialiseItem                      0x00023adb   Thumb Code     6  list.o(i.vListInitialiseItem)
    vListInsert                              0x00023ae1   Thumb Code    48  list.o(i.vListInsert)
    vListInsertEnd                           0x00023b11   Thumb Code    24  list.o(i.vListInsertEnd)
    vPortEnterCritical                       0x00023b29   Thumb Code    16  port_cmsis.o(i.vPortEnterCritical)
    vPortExitCritical                        0x00023b3d   Thumb Code    16  port_cmsis.o(i.vPortExitCritical)
    vPortFree                                0x00023b51   Thumb Code     2  heap_1.o(i.vPortFree)
    vPortSetupTimerInterrupt                 0x00023b55   Thumb Code    48  port_cmsis_systick.o(i.vPortSetupTimerInterrupt)
    vPortSuppressTicksAndSleep               0x00023b8d   Thumb Code   234  port_cmsis_systick.o(i.vPortSuppressTicksAndSleep)
    vQueueAddToRegistry                      0x00023c89   Thumb Code    34  queue.o(i.vQueueAddToRegistry)
    vQueueWaitForMessageRestricted           0x00023cb1   Thumb Code    56  queue.o(i.vQueueWaitForMessageRestricted)
    vTaskMissedYield                         0x00023ce9   Thumb Code     8  tasks.o(i.vTaskMissedYield)
    vTaskPlaceOnEventList                    0x00023cf5   Thumb Code    70  tasks.o(i.vTaskPlaceOnEventList)
    vTaskPlaceOnEventListRestricted          0x00023d45   Thumb Code    52  tasks.o(i.vTaskPlaceOnEventListRestricted)
    vTaskPriorityInherit                     0x00023d7d   Thumb Code   124  tasks.o(i.vTaskPriorityInherit)
    vTaskResume                              0x00023e01   Thumb Code   100  tasks.o(i.vTaskResume)
    vTaskSetTimeOutState                     0x00023e71   Thumb Code    12  tasks.o(i.vTaskSetTimeOutState)
    vTaskStartScheduler                      0x00023e81   Thumb Code    64  tasks.o(i.vTaskStartScheduler)
    vTaskStepTick                            0x00023ed1   Thumb Code    10  tasks.o(i.vTaskStepTick)
    vTaskSuspend                             0x00023ee1   Thumb Code   148  tasks.o(i.vTaskSuspend)
    vTaskSuspendAll                          0x00023f81   Thumb Code    10  tasks.o(i.vTaskSuspendAll)
    vTaskSwitchContext                       0x00023f91   Thumb Code    60  tasks.o(i.vTaskSwitchContext)
    xPortStartScheduler                      0x00023fd5   Thumb Code    58  port_cmsis.o(i.xPortStartScheduler)
    xQueueCreateMutex                        0x00024021   Thumb Code    68  queue.o(i.xQueueCreateMutex)
    xQueueGenericCreate                      0x00024065   Thumb Code    60  queue.o(i.xQueueGenericCreate)
    xQueueGenericReceive                     0x000240a1   Thumb Code   290  queue.o(i.xQueueGenericReceive)
    xQueueGenericReset                       0x000241c9   Thumb Code   108  queue.o(i.xQueueGenericReset)
    xQueueGenericSend                        0x00024239   Thumb Code   248  queue.o(i.xQueueGenericSend)
    xQueueGenericSendFromISR                 0x00024335   Thumb Code    96  queue.o(i.xQueueGenericSendFromISR)
    xQueueGiveFromISR                        0x00024395   Thumb Code    80  queue.o(i.xQueueGiveFromISR)
    xTaskCheckForTimeOut                     0x000243e5   Thumb Code    66  tasks.o(i.xTaskCheckForTimeOut)
    xTaskGenericCreate                       0x0002442d   Thumb Code   366  tasks.o(i.xTaskGenericCreate)
    xTaskGetSchedulerState                   0x000245a9   Thumb Code    22  tasks.o(i.xTaskGetSchedulerState)
    xTaskGetTickCount                        0x000245c5   Thumb Code     6  tasks.o(i.xTaskGetTickCount)
    xTaskGetTickCountFromISR                 0x000245d1   Thumb Code     6  tasks.o(i.xTaskGetTickCountFromISR)
    xTaskIncrementTick                       0x000245dd   Thumb Code   152  tasks.o(i.xTaskIncrementTick)
    xTaskPriorityDisinherit                  0x0002467d   Thumb Code   102  tasks.o(i.xTaskPriorityDisinherit)
    xTaskRemoveFromEventList                 0x000246ed   Thumb Code    98  tasks.o(i.xTaskRemoveFromEventList)
    xTaskResumeAll                           0x00024759   Thumb Code   162  tasks.o(i.xTaskResumeAll)
    xTimerCreate                             0x00024809   Thumb Code    60  timers.o(i.xTimerCreate)
    xTimerCreateTimerTask                    0x00024845   Thumb Code    50  timers.o(i.xTimerCreateTimerTask)
    xTimerGenericCommand                     0x00024889   Thumb Code    74  timers.o(i.xTimerGenericCommand)
    xTimerIsTimerActive                      0x000248d9   Thumb Code    26  timers.o(i.xTimerIsTimerActive)
    __ctype_table                            0x000249f4   Data         129  ctype_o.o(.constdata)
    Region$$Table$$Base                      0x00024b90   Number         0  anon$$obj.o(Region$$Table)
    Region$$Table$$Limit                     0x00024bb0   Number         0  anon$$obj.o(Region$$Table)
    Image$$RW_IRAM1$$Base                    0x20002128   Number         0  anon$$obj.o ABSOLUTE
    pxCurrentTCB                             0x20002168   Data           4  tasks.o(.data)
    SystemCoreClock                          0x20002214   Data           4  system_nrf52.o(.data)
    xQueueRegistry                           0x200048a0   Data          16  queue.o(.bss)
    nrf_nvic_state                           0x20004cc4   Data          12  app_util_platform.o(.bss)
    _SEGGER_RTT                              0x20005418   Data         120  segger_rtt.o(.bss)
    __initial_sp                             0x20005c90   Data           0  arm_startup_nrf52.o(STACK)



==============================================================================

Memory Map of the image

  Image Entry point : 0x0001f401

  Load Region LR_IROM1 (Base: 0x0001f000, Size: 0x00005ca0, Max: 0x00061000, ABSOLUTE)

    Execution Region ER_IROM1 (Base: 0x0001f000, Size: 0x00005bb0, Max: 0x00061000, ABSOLUTE)

    Base Addr    Size         Type   Attr      Idx    E Section Name        Object

    0x0001f000   0x00000400   Data   RO         4484    RESET               arm_startup_nrf52.o
    0x0001f400   0x00000000   Code   RO         4525  * .ARM.Collect$$$$00000000  mc_w.l(entry.o)
    0x0001f400   0x00000004   Code   RO         4827    .ARM.Collect$$$$00000001  mc_w.l(entry2.o)
    0x0001f404   0x00000004   Code   RO         4830    .ARM.Collect$$$$00000004  mc_w.l(entry5.o)
    0x0001f408   0x00000000   Code   RO         4832    .ARM.Collect$$$$00000008  mc_w.l(entry7b.o)
    0x0001f408   0x00000000   Code   RO         4834    .ARM.Collect$$$$0000000A  mc_w.l(entry8b.o)
    0x0001f408   0x00000008   Code   RO         4835    .ARM.Collect$$$$0000000B  mc_w.l(entry9a.o)
    0x0001f410   0x00000000   Code   RO         4837    .ARM.Collect$$$$0000000D  mc_w.l(entry10a.o)
    0x0001f410   0x00000000   Code   RO         4839    .ARM.Collect$$$$0000000F  mc_w.l(entry11a.o)
    0x0001f410   0x00000004   Code   RO         4828    .ARM.Collect$$$$00002712  mc_w.l(entry2.o)
    0x0001f414   0x000000a0   Code   RO         1033    .emb_text           port.o
    0x0001f4b4   0x00000024   Code   RO         4485    .text               arm_startup_nrf52.o
    0x0001f4d8   0x00000008   Code   RO         4528    .text               mc_w.l(ctype_o.o)
    0x0001f4e0   0x00000024   Code   RO         4556    .text               mc_w.l(memcpya.o)
    0x0001f504   0x00000024   Code   RO         4558    .text               mc_w.l(memseta.o)
    0x0001f528   0x0000000e   Code   RO         4560    .text               mc_w.l(strlen.o)
    0x0001f536   0x00000012   Code   RO         4562    .text               mc_w.l(strcpy.o)
    0x0001f548   0x00000062   Code   RO         4846    .text               mc_w.l(uldiv.o)
    0x0001f5aa   0x00000002   PAD
    0x0001f5ac   0x00000024   Code   RO         4859    .text               mc_w.l(init.o)
    0x0001f5d0   0x0000001e   Code   RO         4862    .text               mc_w.l(llshl.o)
    0x0001f5ee   0x00000020   Code   RO         4864    .text               mc_w.l(llushr.o)
    0x0001f60e   0x00000002   PAD
    0x0001f610   0x00000174   Code   RO         2847    i.GPIOTE_IRQHandler  nrf_drv_gpiote.o
    0x0001f784   0x00000016   Code   RO         4333    i.NVIC_DisableIRQ   softdevice_handler.o
    0x0001f79a   0x00000016   Code   RO         4334    i.NVIC_EnableIRQ    softdevice_handler.o
    0x0001f7b0   0x00000058   Code   RO         2634    i.POWER_CLOCK_IRQHandler  nrf_drv_clock.o
    0x0001f808   0x0000003c   Code   RO         1125    i.RTC1_IRQHandler   port_cmsis_systick.o
    0x0001f844   0x00000014   Code   RO         4184    i.SEGGER_RTT_Init   segger_rtt.o
    0x0001f858   0x0000005c   Code   RO         4193    i.SEGGER_RTT_WriteNoLock  segger_rtt.o
    0x0001f8b4   0x00000024   Code   RO         4335    i.SWI2_EGU2_IRQHandler  softdevice_handler.o
    0x0001f8d8   0x0000029c   Code   RO         4493    i.SystemInit        system_nrf52.o
    0x0001fb74   0x0000001c   Code   RO         3087    i.UARTE0_UART0_IRQHandler  nrf_drv_uart.o
    0x0001fb90   0x00000068   Code   RO         4196    i._DoInit           segger_rtt.o
    0x0001fbf8   0x00000016   Code   RO         4197    i._GetAvailWriteSpace  segger_rtt.o
    0x0001fc0e   0x0000005a   Code   RO         4199    i._WriteBlocking    segger_rtt.o
    0x0001fc68   0x0000003e   Code   RO         4200    i._WriteNoCheck     segger_rtt.o
    0x0001fca6   0x00000002   PAD
    0x0001fca8   0x00000028   Code   RO         4774    i.__0snprintf$8     mc_w.l(printf8.o)
    0x0001fcd0   0x0000000e   Code   RO         4873    i.__scatterload_copy  mc_w.l(handlers.o)
    0x0001fcde   0x00000002   Code   RO         4874    i.__scatterload_null  mc_w.l(handlers.o)
    0x0001fce0   0x0000000e   Code   RO         4875    i.__scatterload_zeroinit  mc_w.l(handlers.o)
    0x0001fcee   0x00000002   PAD
    0x0001fcf0   0x00000024   Code   RO         4336    i.__sd_nvic_app_accessible_irq  softdevice_handler.o
    0x0001fd14   0x00000410   Code   RO         4780    i._printf_core      mc_w.l(printf8.o)
    0x00020124   0x00000024   Code   RO         4781    i._printf_post_padding  mc_w.l(printf8.o)
    0x00020148   0x0000002e   Code   RO         4782    i._printf_pre_padding  mc_w.l(printf8.o)
    0x00020176   0x00000016   Code   RO         4783    i._snputc           mc_w.l(printf8.o)
    0x0002018c   0x00000036   Code   RO          674    i.advertising_buttons_configure  bsp_btn_ble.o
    0x000201c2   0x00000006   Code   RO          549    i.alert_timer_handler  bsp.o
    0x000201c8   0x00000024   Code   RO         3320    i.app_button_enable  app_button.o
    0x000201ec   0x00000070   Code   RO         3321    i.app_button_init   app_button.o
    0x0002025c   0x000000f0   Code   RO         3427    i.app_error_fault_handler  app_error_weak.o
    0x0002034c   0x00000018   Code   RO         3382    i.app_error_handler_bare  app_error.o
    0x00020364   0x00000016   Code   RO         3788    i.app_fifo_get      app_fifo.o
    0x0002037a   0x00000020   Code   RO         3789    i.app_fifo_init     app_fifo.o
    0x0002039a   0x0000001a   Code   RO         3791    i.app_fifo_put      app_fifo.o
    0x000203b4   0x0000001a   Code   RO         3455    i.app_timer_callback  app_timer_freertos.o
    0x000203ce   0x00000002   PAD
    0x000203d0   0x00000054   Code   RO         3456    i.app_timer_create  app_timer_freertos.o
    0x00020424   0x00000010   Code   RO         3457    i.app_timer_init    app_timer_freertos.o
    0x00020434   0x000000c8   Code   RO         3458    i.app_timer_start   app_timer_freertos.o
    0x000204fc   0x00000064   Code   RO         3459    i.app_timer_stop    app_timer_freertos.o
    0x00020560   0x00000034   Code   RO         3862    i.app_uart_get      app_uart_fifo.o
    0x00020594   0x000000b4   Code   RO         3863    i.app_uart_init     app_uart_fifo.o
    0x00020648   0x0000003c   Code   RO         3864    i.app_uart_put      app_uart_fifo.o
    0x00020684   0x00000048   Code   RO         3510    i.app_util_critical_region_enter  app_util_platform.o
    0x000206cc   0x00000034   Code   RO         3511    i.app_util_critical_region_exit  app_util_platform.o
    0x00020700   0x000000b8   Code   RO         3088    i.apply_config      nrf_drv_uart.o
    0x000207b8   0x00000040   Code   RO         2403    i.ble_db_discovery_evt_register  ble_db_discovery.o
    0x000207f8   0x0000001c   Code   RO         2404    i.ble_db_discovery_init  ble_db_discovery.o
    0x00020814   0x0000004c   Code   RO         2405    i.ble_db_discovery_on_ble_evt  ble_db_discovery.o
    0x00020860   0x0000006c   Code   RO         2406    i.ble_db_discovery_start  ble_db_discovery.o
    0x000208cc   0x00000028   Code   RO            5    i.ble_evt_dispatch  main.o
    0x000208f4   0x00000034   Code   RO            6    i.ble_new_event_handler  main.o
    0x00020928   0x000000c0   Code   RO            7    i.ble_nus_c_evt_handler  main.o
    0x000209e8   0x0000001a   Code   RO         2564    i.ble_nus_c_handles_assign  ble_nus_c.o
    0x00020a02   0x00000002   PAD
    0x00020a04   0x0000004c   Code   RO         2565    i.ble_nus_c_init    ble_nus_c.o
    0x00020a50   0x00000066   Code   RO         2566    i.ble_nus_c_on_ble_evt  ble_nus_c.o
    0x00020ab6   0x00000078   Code   RO         2567    i.ble_nus_c_on_db_disc_evt  ble_nus_c.o
    0x00020b2e   0x00000002   PAD
    0x00020b30   0x00000048   Code   RO         2568    i.ble_nus_c_rx_notif_enable  ble_nus_c.o
    0x00020b78   0x00000040   Code   RO         2569    i.ble_nus_c_string_send  ble_nus_c.o
    0x00020bb8   0x0000006c   Code   RO            8    i.ble_stack_init    main.o
    0x00020c24   0x000000d8   Code   RO            9    i.ble_stack_thread  main.o
    0x00020cfc   0x0000000c   Code   RO          426    i.bsp_board_button_idx_to_pin  boards.o
    0x00020d08   0x00000020   Code   RO          427    i.bsp_board_button_state_get  boards.o
    0x00020d28   0x00000024   Code   RO          430    i.bsp_board_led_invert  boards.o
    0x00020d4c   0x00000010   Code   RO          431    i.bsp_board_led_off  boards.o
    0x00020d5c   0x00000010   Code   RO          432    i.bsp_board_led_on  boards.o
    0x00020d6c   0x00000020   Code   RO          433    i.bsp_board_led_state_get  boards.o
    0x00020d8c   0x0000002c   Code   RO          434    i.bsp_board_leds_init  boards.o
    0x00020db8   0x00000012   Code   RO          435    i.bsp_board_leds_off  boards.o
    0x00020dca   0x00000012   Code   RO          436    i.bsp_board_leds_on  boards.o
    0x00020ddc   0x00000024   Code   RO          437    i.bsp_board_pin_to_button_idx  boards.o
    0x00020e00   0x00000038   Code   RO          675    i.bsp_btn_ble_init  bsp_btn_ble.o
    0x00020e38   0x00000070   Code   RO          676    i.bsp_btn_ble_on_ble_evt  bsp_btn_ble.o
    0x00020ea8   0x0000001e   Code   RO          677    i.bsp_btn_ble_sleep_mode_prepare  bsp_btn_ble.o
    0x00020ec6   0x00000002   PAD
    0x00020ec8   0x00000094   Code   RO          550    i.bsp_button_event_handler  bsp.o
    0x00020f5c   0x00000004   Code   RO          551    i.bsp_button_is_pressed  bsp.o
    0x00020f60   0x00000044   Code   RO           10    i.bsp_event_handler  main.o
    0x00020fa4   0x00000044   Code   RO          554    i.bsp_event_to_button_action_assign  bsp.o
    0x00020fe8   0x00000018   Code   RO          555    i.bsp_indication_set  bsp.o
    0x00021000   0x00000098   Code   RO          556    i.bsp_init          bsp.o
    0x00021098   0x00000174   Code   RO          557    i.bsp_led_indication  bsp.o
    0x0002120c   0x00000010   Code   RO          559    i.bsp_wakeup_button_enable  bsp.o
    0x0002121c   0x00000012   Code   RO         3947    i.buf_len_update    nrf_log_backend_serial.o
    0x0002122e   0x00000002   PAD
    0x00021230   0x00000068   Code   RO         4049    i.buf_prealloc      nrf_log_frontend.o
    0x00021298   0x00000014   Code   RO         4050    i.buffer_is_empty   nrf_log_frontend.o
    0x000212ac   0x00000008   Code   RO          560    i.button_timer_handler  bsp.o
    0x000212b4   0x0000001c   Code   RO         2848    i.channel_free      nrf_drv_gpiote.o
    0x000212d0   0x00000048   Code   RO         2849    i.channel_port_alloc  nrf_drv_gpiote.o
    0x00021318   0x00000010   Code   RO         2850    i.channel_port_get  nrf_drv_gpiote.o
    0x00021328   0x00000042   Code   RO         2407    i.characteristics_discover  ble_db_discovery.o
    0x0002136a   0x00000002   PAD
    0x0002136c   0x00000028   Code   RO         2635    i.clock_clk_started_notify  nrf_drv_clock.o
    0x00021394   0x0000000c   Code   RO           11    i.db_disc_handler   main.o
    0x000213a0   0x0000008c   Code   RO         2408    i.descriptors_discover  ble_db_discovery.o
    0x0002142c   0x00000060   Code   RO         3323    i.detection_delay_timeout_handler  app_button.o
    0x0002148c   0x000000b4   Code   RO         2409    i.discovery_complete_evt_trigger  ble_db_discovery.o
    0x00021540   0x00000034   Code   RO         2410    i.discovery_error_evt_trigger  ble_db_discovery.o
    0x00021574   0x00000020   Code   RO         1377    i.eTaskConfirmSleepModeStatus  tasks.o
    0x00021594   0x00000014   Code   RO         3794    i.fifo_get          app_fifo.o
    0x000215a8   0x00000012   Code   RO         3795    i.fifo_put          app_fifo.o
    0x000215ba   0x00000002   PAD
    0x000215bc   0x00000058   Code   RO         3324    i.gpiote_event_handler  app_button.o
    0x00021614   0x00000078   Code   RO         4337    i.intern_softdevice_events_execute  softdevice_handler.o
    0x0002168c   0x00000078   Code   RO         3089    i.interrupts_enable  nrf_drv_uart.o
    0x00021704   0x0000004c   Code   RO         2411    i.is_desc_discovery_reqd  ble_db_discovery.o
    0x00021750   0x000000e0   Code   RO           12    i.is_uuid_present   main.o
    0x00021830   0x00000016   Code   RO         2637    i.item_enqueue      nrf_drv_clock.o
    0x00021846   0x00000002   PAD
    0x00021848   0x00000014   Code   RO          561    i.leds_timer_handler  bsp.o
    0x0002185c   0x0000000e   Code   RO           13    i.logger_thread     main.o
    0x0002186a   0x00000002   PAD
    0x0002186c   0x000000e0   Code   RO           14    i.main              main.o
    0x0002194c   0x00000010   Code   RO         2851    i.nrf_bitmask_bit_is_set  nrf_drv_gpiote.o
    0x0002195c   0x0000000e   Code   RO         2639    i.nrf_clock_event_check  nrf_drv_clock.o
    0x0002196a   0x00000010   Code   RO         2640    i.nrf_clock_event_clear  nrf_drv_clock.o
    0x0002197a   0x00000002   PAD
    0x0002197c   0x00000048   Code   RO         2647    i.nrf_drv_clock_init  nrf_drv_clock.o
    0x000219c4   0x00000068   Code   RO         2652    i.nrf_drv_clock_lfclk_request  nrf_drv_clock.o
    0x00021a2c   0x00000030   Code   RO         2654    i.nrf_drv_clock_on_sd_enable  nrf_drv_clock.o
    0x00021a5c   0x0000000a   Code   RO         2655    i.nrf_drv_clock_on_soc_event  nrf_drv_clock.o
    0x00021a66   0x00000016   Code   RO         3090    i.nrf_drv_common_irq_disable  nrf_drv_uart.o
    0x00021a7c   0x00000038   Code   RO         2811    i.nrf_drv_common_irq_enable  nrf_drv_common.o
    0x00021ab4   0x00000006   Code   RO         3091    i.nrf_drv_get_IRQn  nrf_drv_uart.o
    0x00021aba   0x00000002   PAD
    0x00021abc   0x000000a4   Code   RO         2856    i.nrf_drv_gpiote_in_event_enable  nrf_drv_gpiote.o
    0x00021b60   0x000000b8   Code   RO         2857    i.nrf_drv_gpiote_in_init  nrf_drv_gpiote.o
    0x00021c18   0x00000014   Code   RO         2858    i.nrf_drv_gpiote_in_is_set  nrf_drv_gpiote.o
    0x00021c2c   0x0000005c   Code   RO         2860    i.nrf_drv_gpiote_init  nrf_drv_gpiote.o
    0x00021c88   0x00000014   Code   RO         2861    i.nrf_drv_gpiote_is_init  nrf_drv_gpiote.o
    0x00021c9c   0x00000010   Code   RO         3092    i.nrf_drv_is_in_RAM  nrf_drv_uart.o
    0x00021cac   0x00000068   Code   RO         3094    i.nrf_drv_uart_init  nrf_drv_uart.o
    0x00021d14   0x000000b0   Code   RO         3095    i.nrf_drv_uart_rx   nrf_drv_uart.o
    0x00021dc4   0x00000030   Code   RO         3098    i.nrf_drv_uart_rx_enable  nrf_drv_uart.o
    0x00021df4   0x000000a8   Code   RO         3099    i.nrf_drv_uart_rx_for_uart  nrf_drv_uart.o
    0x00021e9c   0x000000b0   Code   RO         3100    i.nrf_drv_uart_rx_for_uarte  nrf_drv_uart.o
    0x00021f4c   0x0000010c   Code   RO         3101    i.nrf_drv_uart_tx   nrf_drv_uart.o
    0x00022058   0x00000018   Code   RO         3103    i.nrf_drv_uart_tx_in_progress  nrf_drv_uart.o
    0x00022070   0x00000054   Code   RO         3104    i.nrf_drv_uart_uninit  nrf_drv_uart.o
    0x000220c4   0x00000024   Code   RO          439    i.nrf_gpio_cfg      boards.o
    0x000220e8   0x00000024   Code   RO         2875    i.nrf_gpio_cfg      nrf_drv_gpiote.o
    0x0002210c   0x00000024   Code   RO         3105    i.nrf_gpio_cfg      nrf_drv_uart.o
    0x00022130   0x00000012   Code   RO         3106    i.nrf_gpio_cfg_default  nrf_drv_uart.o
    0x00022142   0x00000012   Code   RO         3107    i.nrf_gpio_cfg_input  nrf_drv_uart.o
    0x00022154   0x00000014   Code   RO         3108    i.nrf_gpio_cfg_output  nrf_drv_uart.o
    0x00022168   0x00000022   Code   RO          562    i.nrf_gpio_cfg_sense_set  bsp.o
    0x0002218a   0x00000022   Code   RO         2877    i.nrf_gpio_cfg_sense_set  nrf_drv_gpiote.o
    0x000221ac   0x00000016   Code   RO          440    i.nrf_gpio_pin_write  boards.o
    0x000221c2   0x00000002   PAD
    0x000221c4   0x00000028   Code   RO         2878    i.nrf_gpio_ports_read  nrf_drv_gpiote.o
    0x000221ec   0x00000014   Code   RO         2879    i.nrf_gpiote_event_clear  nrf_drv_gpiote.o
    0x00022200   0x00000010   Code   RO         2880    i.nrf_gpiote_event_is_set  nrf_drv_gpiote.o
    0x00022210   0x00000008   Code   RO         3949    i.nrf_log_backend_hexdump_handler_get  nrf_log_backend_serial.o
    0x00022218   0x00000078   Code   RO         3950    i.nrf_log_backend_init  nrf_log_backend_serial.o
    0x00022290   0x0000012e   Code   RO         3951    i.nrf_log_backend_serial_hexdump_handler  nrf_log_backend_serial.o
    0x000223be   0x00000114   Code   RO         3952    i.nrf_log_backend_serial_std_handler  nrf_log_backend_serial.o
    0x000224d2   0x00000002   PAD
    0x000224d4   0x00000008   Code   RO         3953    i.nrf_log_backend_std_handler_get  nrf_log_backend_serial.o
    0x000224dc   0x00000006   Code   RO         4052    i.nrf_log_blocking_backend_set  nrf_log_frontend.o
    0x000224e2   0x00000002   PAD
    0x000224e4   0x00000130   Code   RO         4053    i.nrf_log_frontend_dequeue  nrf_log_frontend.o
    0x00022614   0x00000014   Code   RO         4055    i.nrf_log_frontend_init  nrf_log_frontend.o
    0x00022628   0x0000004c   Code   RO         4056    i.nrf_log_frontend_std_0  nrf_log_frontend.o
    0x00022674   0x00000058   Code   RO         4057    i.nrf_log_frontend_std_1  nrf_log_frontend.o
    0x000226cc   0x00000068   Code   RO         4058    i.nrf_log_frontend_std_2  nrf_log_frontend.o
    0x00022734   0x0000007c   Code   RO         4059    i.nrf_log_frontend_std_3  nrf_log_frontend.o
    0x000227b0   0x000000a4   Code   RO         4062    i.nrf_log_frontend_std_6  nrf_log_frontend.o
    0x00022854   0x00000010   Code   RO         4064    i.nrf_log_handlers_set  nrf_log_frontend.o
    0x00022864   0x00000024   Code   RO         4065    i.nrf_log_init      nrf_log_frontend.o
    0x00022888   0x0000000c   Code   RO         1126    i.nrf_rtc_event_clear  port_cmsis_systick.o
    0x00022894   0x0000000a   Code   RO         3109    i.nrf_uart_event_check  nrf_drv_uart.o
    0x0002289e   0x0000000c   Code   RO         3110    i.nrf_uart_event_clear  nrf_drv_uart.o
    0x000228aa   0x0000000c   Code   RO         3111    i.nrf_uart_int_enable_check  nrf_drv_uart.o
    0x000228b6   0x0000000a   Code   RO         3112    i.nrf_uarte_event_check  nrf_drv_uart.o
    0x000228c0   0x0000000c   Code   RO         3113    i.nrf_uarte_event_clear  nrf_drv_uart.o
    0x000228cc   0x00000150   Code   RO           15    i.on_ble_evt        main.o
    0x00022a1c   0x00000124   Code   RO         2412    i.on_characteristic_discovery_rsp  ble_db_discovery.o
    0x00022b40   0x00000100   Code   RO         2413    i.on_descriptor_discovery_rsp  ble_db_discovery.o
    0x00022c40   0x000000dc   Code   RO         2414    i.on_primary_srv_discovery_rsp  ble_db_discovery.o
    0x00022d1c   0x00000094   Code   RO         2415    i.on_srv_disc_completion  ble_db_discovery.o
    0x00022db0   0x00000018   Code   RO         2881    i.pin_in_use_by_port  nrf_drv_gpiote.o
    0x00022dc8   0x00000018   Code   RO         2882    i.pin_in_use_by_te  nrf_drv_gpiote.o
    0x00022de0   0x00000078   Code   RO         3114    i.pins_to_default   nrf_drv_uart.o
    0x00022e58   0x00000034   Code   RO         1380    i.prvAddCurrentTaskToDelayedList  tasks.o
    0x00022e8c   0x00000050   Code   RO         1701    i.prvCheckForValidListAndQueue  timers.o
    0x00022edc   0x00000054   Code   RO         1381    i.prvCheckTasksWaitingTermination  tasks.o
    0x00022f30   0x00000026   Code   RO         1204    i.prvCopyDataFromQueue  queue.o
    0x00022f56   0x0000006e   Code   RO         1205    i.prvCopyDataToQueue  queue.o
    0x00022fc4   0x00000024   Code   RO         1382    i.prvGetExpectedIdleTime  tasks.o
    0x00022fe8   0x00000048   Code   RO         1383    i.prvIdleTask       tasks.o
    0x00023030   0x00000038   Code   RO         1702    i.prvInsertTimerInActiveList  timers.o
    0x00023068   0x000000a8   Code   RO         1703    i.prvProcessReceivedCommands  timers.o
    0x00023110   0x00000098   Code   RO         1704    i.prvProcessTimerOrBlockTask  timers.o
    0x000231a8   0x00000020   Code   RO         1384    i.prvResetNextTaskUnblockTime  tasks.o
    0x000231c8   0x00000028   Code   RO         1705    i.prvSampleTimeNow  timers.o
    0x000231f0   0x00000058   Code   RO         1706    i.prvSwitchTimerLists  timers.o
    0x00023248   0x00000008   Code   RO         1055    i.prvTaskExitError  port_cmsis.o
    0x00023250   0x00000020   Code   RO         1385    i.prvTaskIsTaskSuspended  tasks.o
    0x00023270   0x00000024   Code   RO         1707    i.prvTimerTask      timers.o
    0x00023294   0x00000064   Code   RO         1206    i.prvUnlockQueue    queue.o
    0x000232f8   0x0000004c   Code   RO          940    i.pvPortMalloc      heap_1.o
    0x00023344   0x00000018   Code   RO         1386    i.pvTaskIncrementMutexHeldCount  tasks.o
    0x0002335c   0x00000012   Code   RO         1708    i.pvTimerGetTimerID  timers.o
    0x0002336e   0x00000002   PAD
    0x00023370   0x0000002c   Code   RO         1056    i.pxPortInitialiseStack  port_cmsis.o
    0x0002339c   0x00000010   Code   RO         4338    i.ram_end_address_get  softdevice_handler.o
    0x000233ac   0x00000038   Code   RO         2416    i.registered_handler_get  ble_db_discovery.o
    0x000233e4   0x00000032   Code   RO         3115    i.rx_byte           nrf_drv_uart.o
    0x00023416   0x00000018   Code   RO         3116    i.rx_done_event     nrf_drv_uart.o
    0x0002342e   0x00000020   Code   RO         3117    i.rx_enable         nrf_drv_uart.o
    0x0002344e   0x00000002   PAD
    0x00023450   0x0000004c   Code   RO           16    i.scan_start        main.o
    0x0002349c   0x00000070   Code   RO         4340    i.sd_nvic_EnableIRQ  softdevice_handler.o
    0x0002350c   0x0000000c   Code   RO         3954    i.serial_is_busy    nrf_log_backend_serial.o
    0x00023518   0x00000050   Code   RO         3955    i.serial_tx         nrf_log_backend_serial.o
    0x00023568   0x00000014   Code   RO         4341    i.softdevice_ble_evt_handler_set  softdevice_handler.o
    0x0002357c   0x000000e0   Code   RO         4342    i.softdevice_enable  softdevice_handler.o
    0x0002365c   0x00000026   Code   RO         4343    i.softdevice_enable_get_default_config  softdevice_handler.o
    0x00023682   0x00000004   Code   RO         4344    i.softdevice_fault_handler  softdevice_handler.o
    0x00023686   0x00000002   PAD
    0x00023688   0x00000064   Code   RO         4345    i.softdevice_handler_init  softdevice_handler.o
    0x000236ec   0x0000000c   Code   RO         4346    i.softdevice_handler_is_enabled  softdevice_handler.o
    0x000236f8   0x00000034   Code   RO         3956    i.timestamp_process  nrf_log_backend_serial.o
    0x0002372c   0x00000020   Code   RO         3118    i.tx_byte           nrf_drv_uart.o
    0x0002374c   0x0000001c   Code   RO         3119    i.tx_done_event     nrf_drv_uart.o
    0x00023768   0x00000058   Code   RO           17    i.uart_event_handle  main.o
    0x000237c0   0x000000a0   Code   RO         3865    i.uart_event_handler  app_uart_fifo.o
    0x00023860   0x00000010   Code   RO         3957    i.uart_event_handler  nrf_log_backend_serial.o
    0x00023870   0x0000011e   Code   RO         3120    i.uart_irq_handler  nrf_drv_uart.o
    0x0002398e   0x00000008   Code   RO           18    i.uart_stack_thread  main.o
    0x00023996   0x000000f0   Code   RO         3121    i.uarte_irq_handler  nrf_drv_uart.o
    0x00023a86   0x0000000c   Code   RO         1207    i.ulPortRaiseBASEPRI  queue.o
    0x00023a92   0x00000024   Code   RO          985    i.uxListRemove      list.o
    0x00023ab6   0x00000002   PAD
    0x00023ab8   0x0000000c   Code   RO           19    i.vApplicationIdleHook  main.o
    0x00023ac4   0x00000016   Code   RO          986    i.vListInitialise   list.o
    0x00023ada   0x00000006   Code   RO          987    i.vListInitialiseItem  list.o
    0x00023ae0   0x00000030   Code   RO          988    i.vListInsert       list.o
    0x00023b10   0x00000018   Code   RO          989    i.vListInsertEnd    list.o
    0x00023b28   0x00000014   Code   RO         1058    i.vPortEnterCritical  port_cmsis.o
    0x00023b3c   0x00000014   Code   RO         1059    i.vPortExitCritical  port_cmsis.o
    0x00023b50   0x00000002   Code   RO          941    i.vPortFree         heap_1.o
    0x00023b52   0x00000002   PAD
    0x00023b54   0x00000038   Code   RO         1127    i.vPortSetupTimerInterrupt  port_cmsis_systick.o
    0x00023b8c   0x000000fc   Code   RO         1128    i.vPortSuppressTicksAndSleep  port_cmsis_systick.o
    0x00023c88   0x00000028   Code   RO         1211    i.vQueueAddToRegistry  queue.o
    0x00023cb0   0x00000038   Code   RO         1214    i.vQueueWaitForMessageRestricted  queue.o
    0x00023ce8   0x0000000c   Code   RO         1398    i.vTaskMissedYield  tasks.o
    0x00023cf4   0x00000050   Code   RO         1400    i.vTaskPlaceOnEventList  tasks.o
    0x00023d44   0x00000038   Code   RO         1401    i.vTaskPlaceOnEventListRestricted  tasks.o
    0x00023d7c   0x00000084   Code   RO         1403    i.vTaskPriorityInherit  tasks.o
    0x00023e00   0x00000070   Code   RO         1405    i.vTaskResume       tasks.o
    0x00023e70   0x00000010   Code   RO         1406    i.vTaskSetTimeOutState  tasks.o
    0x00023e80   0x00000050   Code   RO         1407    i.vTaskStartScheduler  tasks.o
    0x00023ed0   0x00000010   Code   RO         1408    i.vTaskStepTick     tasks.o
    0x00023ee0   0x000000a0   Code   RO         1409    i.vTaskSuspend      tasks.o
    0x00023f80   0x00000010   Code   RO         1410    i.vTaskSuspendAll   tasks.o
    0x00023f90   0x00000044   Code   RO         1411    i.vTaskSwitchContext  tasks.o
    0x00023fd4   0x0000004c   Code   RO         1060    i.xPortStartScheduler  port_cmsis.o
    0x00024020   0x00000044   Code   RO         1216    i.xQueueCreateMutex  queue.o
    0x00024064   0x0000003c   Code   RO         1217    i.xQueueGenericCreate  queue.o
    0x000240a0   0x00000128   Code   RO         1218    i.xQueueGenericReceive  queue.o
    0x000241c8   0x00000070   Code   RO         1219    i.xQueueGenericReset  queue.o
    0x00024238   0x000000fc   Code   RO         1220    i.xQueueGenericSend  queue.o
    0x00024334   0x00000060   Code   RO         1221    i.xQueueGenericSendFromISR  queue.o
    0x00024394   0x00000050   Code   RO         1222    i.xQueueGiveFromISR  queue.o
    0x000243e4   0x00000048   Code   RO         1412    i.xTaskCheckForTimeOut  tasks.o
    0x0002442c   0x0000017c   Code   RO         1413    i.xTaskGenericCreate  tasks.o
    0x000245a8   0x0000001c   Code   RO         1417    i.xTaskGetSchedulerState  tasks.o
    0x000245c4   0x0000000c   Code   RO         1418    i.xTaskGetTickCount  tasks.o
    0x000245d0   0x0000000c   Code   RO         1419    i.xTaskGetTickCountFromISR  tasks.o
    0x000245dc   0x000000a0   Code   RO         1420    i.xTaskIncrementTick  tasks.o
    0x0002467c   0x00000070   Code   RO         1423    i.xTaskPriorityDisinherit  tasks.o
    0x000246ec   0x0000006c   Code   RO         1424    i.xTaskRemoveFromEventList  tasks.o
    0x00024758   0x000000b0   Code   RO         1426    i.xTaskResumeAll    tasks.o
    0x00024808   0x0000003c   Code   RO         1710    i.xTimerCreate      timers.o
    0x00024844   0x00000044   Code   RO         1711    i.xTimerCreateTimerTask  timers.o
    0x00024888   0x00000050   Code   RO         1712    i.xTimerGenericCommand  timers.o
    0x000248d8   0x0000001a   Code   RO         1714    i.xTimerIsTimerActive  timers.o
    0x000248f2   0x00000002   PAD
    0x000248f4   0x00000030   Data   RO           21    .constdata          main.o
    0x00024924   0x00000008   Data   RO          441    .constdata          boards.o
    0x0002492c   0x0000002c   Data   RO          567    .constdata          bsp.o
    0x00024958   0x00000004   Data   RO         1061    .constdata          port_cmsis.o
    0x0002495c   0x00000028   Data   RO         2570    .constdata          ble_nus_c.o
    0x00024984   0x00000004   Data   RO         2884    .constdata          nrf_drv_gpiote.o
    0x00024988   0x00000008   Data   RO         3326    .constdata          app_button.o
    0x00024990   0x00000020   Data   RO         3867    .constdata          app_uart_fifo.o
    0x000249b0   0x00000020   Data   RO         3960    .constdata          nrf_log_backend_serial.o
    0x000249d0   0x00000024   Data   RO         4068    .constdata          nrf_log_frontend.o
    0x000249f4   0x00000081   Data   RO         4529    .constdata          mc_w.l(ctype_o.o)
    0x00024a75   0x00000003   PAD
    0x00024a78   0x00000004   Data   RO         4530    .constdata          mc_w.l(ctype_o.o)
    0x00024a7c   0x000000c1   Data   RO         2418    .conststring        ble_db_discovery.o
    0x00024b3d   0x00000003   PAD
    0x00024b40   0x0000000b   Data   RO         4069    .conststring        nrf_log_frontend.o
    0x00024b4b   0x00000001   PAD
    0x00024b4c   0x00000042   Data   RO         4352    .conststring        softdevice_handler.o
    0x00024b8e   0x00000002   PAD
    0x00024b90   0x00000020   Data   RO         4871    Region$$Table       anon$$obj.o


    Execution Region RW_IRAM1 (Base: 0x20002128, Size: 0x00003b68, Max: 0x0000ded8, ABSOLUTE)

    Base Addr    Size         Type   Attr      Idx    E Section Name        Object

    0x20002128   0x00000018   Data   RW           22    .data               main.o
    0x20002140   0x00000014   Data   RW          568    .data               bsp.o
    0x20002154   0x00000008   Data   RW          678    .data               bsp_btn_ble.o
    0x2000215c   0x00000008   Data   RW          945    .data               heap_1.o
    0x20002164   0x00000004   Data   RW         1062    .data               port_cmsis.o
    0x20002168   0x0000003c   Data   RW         1429    .data               tasks.o
    0x200021a4   0x00000014   Data   RW         1718    .data               timers.o
    0x200021b8   0x00000010   Data   RW         2419    .data               ble_db_discovery.o
    0x200021c8   0x00000014   Data   RW         3327    .data               app_button.o
    0x200021dc   0x00000004   Data   RW         3460    .data               app_timer_freertos.o
    0x200021e0   0x00000010   Data   RW         3868    .data               app_uart_fifo.o
    0x200021f0   0x0000000c   Data   RW         3961    .data               nrf_log_backend_serial.o
    0x200021fc   0x00000004   Data   RW         4070    .data               nrf_log_frontend.o
    0x20002200   0x00000014   Data   RW         4353    .data               softdevice_handler.o
    0x20002214   0x00000004   Data   RW         4494    .data               system_nrf52.o
    0x20002218   0x0000061c   Zero   RW           20    .bss                main.o
    0x20002834   0x00000020   Zero   RW          563    .bss                bsp.o
    0x20002854   0x00000020   Zero   RW          564    .bss                bsp.o
    0x20002874   0x0000000c   Zero   RW          565    .bss                bsp.o
    0x20002880   0x00000020   Zero   RW          566    .bss                bsp.o
    0x200028a0   0x00002000   Zero   RW          944    .bss                heap_1.o
    0x200048a0   0x00000010   Zero   RW         1229    .bss                queue.o
    0x200048b0   0x000000a0   Zero   RW         1428    .bss                tasks.o
    0x20004950   0x00000028   Zero   RW         1717    .bss                timers.o
    0x20004978   0x000002a0   Zero   RW         2417    .bss                ble_db_discovery.o
    0x20004c18   0x00000014   Zero   RW         2657    .bss                nrf_drv_clock.o
    0x20004c2c   0x00000058   Zero   RW         2883    .bss                nrf_drv_gpiote.o
    0x20004c84   0x00000020   Zero   RW         3122    .bss                nrf_drv_uart.o
    0x20004ca4   0x00000020   Zero   RW         3325    .bss                app_button.o
    0x20004cc4   0x0000000c   Zero   RW         3514    .bss                app_util_platform.o
    0x20004cd0   0x00000020   Zero   RW         3866    .bss                app_uart_fifo.o
    0x20004cf0   0x00000100   Zero   RW         3958    .bss                nrf_log_backend_serial.o
    0x20004df0   0x00000418   Zero   RW         4067    .bss                nrf_log_frontend.o
    0x20005208   0x00000288   Zero   RW         4201    .bss                segger_rtt.o
    0x20005490   0x00000800   Zero   RW         4482    STACK               arm_startup_nrf52.o


==============================================================================

Image component sizes


      Code (inc. data)   RO Data    RW Data    ZI Data      Debug   Object Name

       332         34          8         20         32      10338   app_button.o
        24          0          0          0          0       2285   app_error.o
       240        146          0          0          0      27533   app_error_weak.o
       118          0          0          0          0       5166   app_fifo.o
       426         34          0          4          0      10659   app_timer_freertos.o
       452         42         32         16         32      12878   app_uart_fifo.o
       124         14          0          0         12       9618   app_util_platform.o
        36          8       1024          0       2048        948   arm_startup_nrf52.o
      1762        176        193         16        672      18571   ble_db_discovery.o
       460         16         40          0          0      17702   ble_nus_c.o
       318         42          8          0          0      16063   boards.o
       852         78         44         20        108      19763   bsp.o
       252         10          0          8          0      44865   bsp_btn_ble.o
         0          0          0          0          0       9212   croutine.o
         0          0          0          0          0      16588   event_groups.o
        78          8          0          8       8192       2579   heap_1.o
       136          0          0          0          0       4094   list.o
      1670        382         48         24       1564     111005   main.o
       414         30          0          0         20      16062   nrf_drv_clock.o
        56          0          0          0          0      27579   nrf_drv_common.o
      1178         84          4          0         88      29136   nrf_drv_gpiote.o
      2384         82          0          0         32      73638   nrf_drv_uart.o
       892         60         32         12        256      11691   nrf_log_backend_serial.o
      1062         74         47          4       1048      15031   nrf_log_frontend.o
       160         14          0          0          0        716   port.o
       168         34          4          4          0      38174   port_cmsis.o
       380         34          0          0          0      48242   port_cmsis_systick.o
      1320         20          0          0         16      18381   queue.o
       390         40          0          0        648       8797   segger_rtt.o
       762        190         66         20          0      60107   softdevice_handler.o
       668         58          0          4          0       2803   system_nrf52.o
      2172        224          0         60        160      26855   tasks.o
       872         84          0         20         40      12416   timers.o

    ----------------------------------------------------------------------
     20200       2018       1588        240      14968     729495   Object Totals
         0          0         32          0          0          0   (incl. Generated)
        42          0          6          0          0          0   (incl. Padding)

    ----------------------------------------------------------------------

      Code (inc. data)   RO Data    RW Data    ZI Data      Debug   Library Member Name

         8          4        133          0          0         68   ctype_o.o
         0          0          0          0          0          0   entry.o
         0          0          0          0          0          0   entry10a.o
         0          0          0          0          0          0   entry11a.o
         8          4          0          0          0          0   entry2.o
         4          0          0          0          0          0   entry5.o
         0          0          0          0          0          0   entry7b.o
         0          0          0          0          0          0   entry8b.o
         8          4          0          0          0          0   entry9a.o
        30          0          0          0          0          0   handlers.o
        36          8          0          0          0         68   init.o
        30          0          0          0          0         68   llshl.o
        32          0          0          0          0         68   llushr.o
        36          0          0          0          0         68   memcpya.o
        36          0          0          0          0        108   memseta.o
      1184         48          0          0          0        420   printf8.o
        18          0          0          0          0         68   strcpy.o
        14          0          0          0          0         68   strlen.o
        98          0          0          0          0         92   uldiv.o

    ----------------------------------------------------------------------
      1548         68        136          0          0       1096   Library Totals
         6          0          3          0          0          0   (incl. Padding)

    ----------------------------------------------------------------------

      Code (inc. data)   RO Data    RW Data    ZI Data      Debug   Library Name

      1542         68        133          0          0       1096   mc_w.l

    ----------------------------------------------------------------------
      1548         68        136          0          0       1096   Library Totals

    ----------------------------------------------------------------------

==============================================================================


      Code (inc. data)   RO Data    RW Data    ZI Data      Debug   

     21748       2086       1724        240      14968     705527   Grand Totals
     21748       2086       1724        240      14968     705527   ELF Image Totals
     21748       2086       1724        240          0          0   ROM Totals

==============================================================================

    Total RO  Size (Code + RO Data)                23472 (  22.92kB)
    Total RW  Size (RW Data + ZI Data)             15208 (  14.85kB)
    Total ROM Size (Code + RO Data + RW Data)      23712 (  23.16kB)

==============================================================================

