Component: ARM Compiler 5.06 update 2 (build 183) Tool: armlink [4d35b7]

==============================================================================

Section Cross References

    main.o(i.advertising_init) refers to memseta.o(.text) for __aeabi_memclr4
    main.o(i.advertising_init) refers to ble_advertising.o(i.ble_advertising_init) for ble_advertising_init
    main.o(i.advertising_init) refers to app_error.o(i.app_error_handler_bare) for app_error_handler_bare
    main.o(i.advertising_init) refers to main.o(.data) for .data
    main.o(i.advertising_init) refers to main.o(i.on_adv_evt) for on_adv_evt
    main.o(i.assert_nrf_callback) refers to app_error.o(i.app_error_handler) for app_error_handler
    main.o(i.ble_evt_dispatch) refers to ble_conn_state.o(i.ble_conn_state_on_ble_evt) for ble_conn_state_on_ble_evt
    main.o(i.ble_evt_dispatch) refers to peer_manager.o(i.pm_on_ble_evt) for pm_on_ble_evt
    main.o(i.ble_evt_dispatch) refers to ble_conn_state.o(i.ble_conn_state_role) for ble_conn_state_role
    main.o(i.ble_evt_dispatch) refers to main.o(i.on_ble_peripheral_evt) for on_ble_peripheral_evt
    main.o(i.ble_evt_dispatch) refers to ble_conn_params.o(i.ble_conn_params_on_ble_evt) for ble_conn_params_on_ble_evt
    main.o(i.ble_evt_dispatch) refers to ble_advertising.o(i.ble_advertising_on_ble_evt) for ble_advertising_on_ble_evt
    main.o(i.ble_evt_dispatch) refers to ble_nus.o(i.ble_nus_on_ble_evt) for ble_nus_on_ble_evt
    main.o(i.ble_evt_dispatch) refers to main.o(i.on_ble_central_evt) for on_ble_central_evt
    main.o(i.ble_evt_dispatch) refers to bsp_btn_ble.o(i.bsp_btn_ble_on_ble_evt) for bsp_btn_ble_on_ble_evt
    main.o(i.ble_evt_dispatch) refers to ble_db_discovery.o(i.ble_db_discovery_on_ble_evt) for ble_db_discovery_on_ble_evt
    main.o(i.ble_evt_dispatch) refers to ble_nus_c.o(i.ble_nus_c_on_ble_evt) for ble_nus_c_on_ble_evt
    main.o(i.ble_evt_dispatch) refers to main.o(.bss) for .bss
    main.o(i.ble_new_event_handler) refers to queue.o(i.xQueueGiveFromISR) for xQueueGiveFromISR
    main.o(i.ble_new_event_handler) refers to main.o(.data) for .data
    main.o(i.ble_nus_c_evt_handler) refers to nrf_log_frontend.o(i.nrf_log_frontend_std_0) for nrf_log_frontend_std_0
    main.o(i.ble_nus_c_evt_handler) refers to main.o(i.scan_start) for scan_start
    main.o(i.ble_nus_c_evt_handler) refers to ble_nus_c.o(i.ble_nus_c_handles_assign) for ble_nus_c_handles_assign
    main.o(i.ble_nus_c_evt_handler) refers to app_error.o(i.app_error_handler_bare) for app_error_handler_bare
    main.o(i.ble_nus_c_evt_handler) refers to ble_nus_c.o(i.ble_nus_c_rx_notif_enable) for ble_nus_c_rx_notif_enable
    main.o(i.ble_nus_c_evt_handler) refers to bsp.o(i.bsp_indication_set) for bsp_indication_set
    main.o(i.ble_nus_c_evt_handler) refers to main.o(i.send_data) for send_data
    main.o(i.ble_nus_c_evt_handler) refers to main.o(i.print_slave_data) for print_slave_data
    main.o(i.ble_nus_c_evt_handler) refers to main.o(.data) for .data
    main.o(i.ble_nus_c_evt_handler) refers to main.o(.bss) for .bss
    main.o(i.ble_stack_init) refers to softdevice_handler.o(i.softdevice_handler_init) for softdevice_handler_init
    main.o(i.ble_stack_init) refers to app_error.o(i.app_error_handler_bare) for app_error_handler_bare
    main.o(i.ble_stack_init) refers to softdevice_handler.o(i.softdevice_enable_get_default_config) for softdevice_enable_get_default_config
    main.o(i.ble_stack_init) refers to nrf_log_frontend.o(i.nrf_log_frontend_dequeue) for nrf_log_frontend_dequeue
    main.o(i.ble_stack_init) refers to softdevice_handler.o(i.softdevice_enable) for softdevice_enable
    main.o(i.ble_stack_init) refers to softdevice_handler.o(i.softdevice_ble_evt_handler_set) for softdevice_ble_evt_handler_set
    main.o(i.ble_stack_init) refers to main.o(.constdata) for .constdata
    main.o(i.ble_stack_init) refers to main.o(i.ble_new_event_handler) for ble_new_event_handler
    main.o(i.ble_stack_init) refers to main.o(.bss) for .bss
    main.o(i.ble_stack_init) refers to main.o(i.ble_evt_dispatch) for ble_evt_dispatch
    main.o(i.ble_stack_thread) refers to app_timer_freertos.o(i.app_timer_init) for app_timer_init
    main.o(i.ble_stack_thread) refers to app_error.o(i.app_error_handler_bare) for app_error_handler_bare
    main.o(i.ble_stack_thread) refers to memcpya.o(.text) for __aeabi_memcpy4
    main.o(i.ble_stack_thread) refers to app_uart_fifo.o(i.app_uart_init) for app_uart_init
    main.o(i.ble_stack_thread) refers to nrf_log_frontend.o(i.nrf_log_init) for nrf_log_init
    main.o(i.ble_stack_thread) refers to bsp.o(i.bsp_init) for bsp_init
    main.o(i.ble_stack_thread) refers to bsp_btn_ble.o(i.bsp_btn_ble_init) for bsp_btn_ble_init
    main.o(i.ble_stack_thread) refers to ble_db_discovery.o(i.ble_db_discovery_init) for ble_db_discovery_init
    main.o(i.ble_stack_thread) refers to main.o(i.ble_stack_init) for ble_stack_init
[...]
    BusFault_Handler                         0x0001f4c3   Thumb Code     2  arm_startup_nrf52.o(.text)
    UsageFault_Handler                       0x0001f4c5   Thumb Code     2  arm_startup_nrf52.o(.text)
    DebugMon_Handler                         0x0001f4c9   Thumb Code     2  arm_startup_nrf52.o(.text)
    SysTick_Handler                          0x0001f4cd   Thumb Code     2  arm_startup_nrf52.o(.text)
    CCM_AAR_IRQHandler                       0x0001f4cf   Thumb Code     0  arm_startup_nrf52.o(.text)
    COMP_LPCOMP_IRQHandler                   0x0001f4cf   Thumb Code     0  arm_startup_nrf52.o(.text)
    ECB_IRQHandler                           0x0001f4cf   Thumb Code     0  arm_startup_nrf52.o(.text)
    FPU_IRQHandler                           0x0001f4cf   Thumb Code     0  arm_startup_nrf52.o(.text)
    I2S_IRQHandler                           0x0001f4cf   Thumb Code     0  arm_startup_nrf52.o(.text)
    MWU_IRQHandler                           0x0001f4cf   Thumb Code     0  arm_startup_nrf52.o(.text)
    NFCT_IRQHandler                          0x0001f4cf   Thumb Code     0  arm_startup_nrf52.o(.text)
    PDM_IRQHandler                           0x0001f4cf   Thumb Code     0  arm_startup_nrf52.o(.text)
    PWM0_IRQHandler                          0x0001f4cf   Thumb Code     0  arm_startup_nrf52.o(.text)
    PWM1_IRQHandler                          0x0001f4cf   Thumb Code     0  arm_startup_nrf52.o(.text)
    PWM2_IRQHandler                          0x0001f4cf   Thumb Code     0  arm_startup_nrf52.o(.text)
    QDEC_IRQHandler                          0x0001f4cf   Thumb Code     0  arm_startup_nrf52.o(.text)
    RADIO_IRQHandler                         0x0001f4cf   Thumb Code     0  arm_startup_nrf52.o(.text)
    RNG_IRQHandler                           0x0001f4cf   Thumb Code     0  arm_startup_nrf52.o(.text)
    RTC0_IRQHandler                          0x0001f4cf   Thumb Code     0  arm_startup_nrf52.o(.text)
    RTC2_IRQHandler                          0x0001f4cf   Thumb Code     0  arm_startup_nrf52.o(.text)
    SAADC_IRQHandler                         0x0001f4cf   Thumb Code     0  arm_startup_nrf52.o(.text)
    SPIM0_SPIS0_TWIM0_TWIS0_SPI0_TWI0_IRQHandler 0x0001f4cf   Thumb Code     0  arm_startup_nrf52.o(.text)
    SPIM1_SPIS1_TWIM1_TWIS1_SPI1_TWI1_IRQHandler 0x0001f4cf   Thumb Code     0  arm_startup_nrf52.o(.text)
    SPIM2_SPIS2_SPI2_IRQHandler              0x0001f4cf   Thumb Code     0  arm_startup_nrf52.o(.text)
    SWI0_EGU0_IRQHandler                     0x0001f4cf   Thumb Code     0  arm_startup_nrf52.o(.text)
    SWI1_EGU1_IRQHandler                     0x0001f4cf   Thumb Code     0  arm_startup_nrf52.o(.text)
    SWI3_EGU3_IRQHandler                     0x0001f4cf   Thumb Code     0  arm_startup_nrf52.o(.text)
    SWI4_EGU4_IRQHandler                     0x0001f4cf   Thumb Code     0  arm_startup_nrf52.o(.text)
    SWI5_EGU5_IRQHandler                     0x0001f4cf   Thumb Code     0  arm_startup_nrf52.o(.text)
    TEMP_IRQHandler                          0x0001f4cf   Thumb Code     0  arm_startup_nrf52.o(.text)
    TIMER0_IRQHandler                        0x0001f4cf   Thumb Code     0  arm_startup_nrf52.o(.text)
    TIMER1_IRQHandler                        0x0001f4cf   Thumb Code     0  arm_startup_nrf52.o(.text)
    TIMER2_IRQHandler                        0x0001f4cf   Thumb Code     0  arm_startup_nrf52.o(.text)
    TIMER3_IRQHandler                        0x0001f4cf   Thumb Code     0  arm_startup_nrf52.o(.text)
    TIMER4_IRQHandler                        0x0001f4cf   Thumb Code     0  arm_startup_nrf52.o(.text)
    WDT_IRQHandler                           0x0001f4cf   Thumb Code     0  arm_startup_nrf52.o(.text)
    __rt_ctype_table                         0x0001f4d9   Thumb Code     4  ctype_o.o(.text)
    __aeabi_memcpy                           0x0001f4e1   Thumb Code    36  memcpya.o(.text)
    __aeabi_memcpy4                          0x0001f4e1   Thumb Code     0  memcpya.o(.text)
    __aeabi_memcpy8                          0x0001f4e1   Thumb Code     0  memcpya.o(.text)
    __aeabi_memset                           0x0001f505   Thumb Code    14  memseta.o(.text)
    __aeabi_memset4                          0x0001f505   Thumb Code     0  memseta.o(.text)
    __aeabi_memset8                          0x0001f505   Thumb Code     0  memseta.o(.text)
    __aeabi_memclr                           0x0001f513   Thumb Code     4  memseta.o(.text)
    __aeabi_memclr4                          0x0001f513   Thumb Code     0  memseta.o(.text)
    __aeabi_memclr8                          0x0001f513   Thumb Code     0  memseta.o(.text)
    _memset$wrapper                          0x0001f517   Thumb Code    18  memseta.o(.text)
    strlen                                   0x0001f529   Thumb Code    14  strlen.o(.text)
    memcmp                                   0x0001f537   Thumb Code    26  memcmp.o(.text)
    strcpy                                   0x0001f551   Thumb Code    18  strcpy.o(.text)
    __aeabi_uldivmod                         0x0001f563   Thumb Code    98  uldiv.o(.text)
    __scatterload                            0x0001f5c5   Thumb Code    28  init.o(.text)
    __scatterload_rt2                        0x0001f5c5   Thumb Code     0  init.o(.text)
    __aeabi_llsl                             0x0001f5e9   Thumb Code    30  llshl.o(.text)
    _ll_shift_l                              0x0001f5e9   Thumb Code     0  llshl.o(.text)
    __aeabi_llsr                             0x0001f607   Thumb Code    32  llushr.o(.text)
    _ll_ushift_r                             0x0001f607   Thumb Code     0  llushr.o(.text)
    __decompress                             0x0001f627   Thumb Code     0  __dczerorl2.o(.text)
    __decompress1                            0x0001f627   Thumb Code    86  __dczerorl2.o(.text)
    GPIOTE_IRQHandler                        0x0001f67d   Thumb Code   362  nrf_drv_gpiote.o(i.GPIOTE_IRQHandler)
    POWER_CLOCK_IRQHandler                   0x0001f81d   Thumb Code    84  nrf_drv_clock.o(i.POWER_CLOCK_IRQHandler)
    RTC1_IRQHandler                          0x0001f875   Thumb Code    52  port_cmsis_systick.o(i.RTC1_IRQHandler)
    SEGGER_RTT_Init                          0x0001f8b1   Thumb Code    14  segger_rtt.o(i.SEGGER_RTT_Init)
    SEGGER_RTT_WriteNoLock                   0x0001f8c5   Thumb Code    86  segger_rtt.o(i.SEGGER_RTT_WriteNoLock)
    SWI2_EGU2_IRQHandler                     0x0001f921   Thumb Code    32  softdevice_handler.o(i.SWI2_EGU2_IRQHandler)
    SystemInit                               0x0001f945   Thumb Code   610  system_nrf52.o(i.SystemInit)
    UARTE0_UART0_IRQHandler                  0x0001fbe1   Thumb Code    20  nrf_drv_uart.o(i.UARTE0_UART0_IRQHandler)
    __0snprintf$8                            0x0001fd15   Thumb Code    36  printf8.o(i.__0snprintf$8)
    __1snprintf$8                            0x0001fd15   Thumb Code     0  printf8.o(i.__0snprintf$8)
    __2snprintf                              0x0001fd15   Thumb Code     0  printf8.o(i.__0snprintf$8)
    __scatterload_copy                       0x0001fd3d   Thumb Code    14  handlers.o(i.__scatterload_copy)
    __scatterload_null                       0x0001fd4b   Thumb Code     2  handlers.o(i.__scatterload_null)
    __scatterload_zeroinit                   0x0001fd4d   Thumb Code    14  handlers.o(i.__scatterload_zeroinit)
    addr_compare                             0x000201f9   Thumb Code    38  id_manager.o(i.addr_compare)
    adv_data_encode                          0x0002021f   Thumb Code   386  ble_advdata.o(i.adv_data_encode)
    ah                                       0x0002049d   Thumb Code    82  id_manager.o(i.ah)
    app_button_enable                        0x000204f5   Thumb Code    32  app_button.o(i.app_button_enable)
    app_button_init                          0x00020519   Thumb Code    96  app_button.o(i.app_button_init)
    app_error_fault_handler                  0x00020589   Thumb Code    58  app_error_weak.o(i.app_error_fault_handler)
    app_error_handler_bare                   0x000205e5   Thumb Code    22  app_error.o(i.app_error_handler_bare)
    app_fifo_get                             0x000205fb   Thumb Code    22  app_fifo.o(i.app_fifo_get)
    app_fifo_init                            0x00020611   Thumb Code    32  app_fifo.o(i.app_fifo_init)
    app_fifo_put                             0x00020631   Thumb Code    26  app_fifo.o(i.app_fifo_put)
    app_timer_create                         0x00020665   Thumb Code    76  app_timer_freertos.o(i.app_timer_create)
    app_timer_init                           0x000206b9   Thumb Code    10  app_timer_freertos.o(i.app_timer_init)
    app_timer_start                          0x000206c9   Thumb Code   186  app_timer_freertos.o(i.app_timer_start)
    app_timer_stop                           0x00020791   Thumb Code    94  app_timer_freertos.o(i.app_timer_stop)
    app_uart_init                            0x000207f5   Thumb Code   164  app_uart_fifo.o(i.app_uart_init)
    app_util_critical_region_enter           0x000208a9   Thumb Code    64  app_util_platform.o(i.app_util_critical_region_enter)
    app_util_critical_region_exit            0x000208f1   Thumb Code    46  app_util_platform.o(i.app_util_critical_region_exit)
    ble_advdata_set                          0x00020a7d   Thumb Code   104  ble_advdata.o(i.ble_advdata_set)
    ble_advertising_init                     0x00020ae5   Thumb Code   278  ble_advertising.o(i.ble_advertising_init)
    ble_advertising_on_ble_evt               0x00020c05   Thumb Code    88  ble_advertising.o(i.ble_advertising_on_ble_evt)
    ble_advertising_start                    0x00020c61   Thumb Code   250  ble_advertising.o(i.ble_advertising_start)
    ble_conn_params_init                     0x00020d65   Thumb Code    72  ble_conn_params.o(i.ble_conn_params_init)
    ble_conn_params_on_ble_evt               0x00020dbd   Thumb Code   120  ble_conn_params.o(i.ble_conn_params_on_ble_evt)
    ble_conn_state_conn_handles              0x00020e41   Thumb Code    10  ble_conn_state.o(i.ble_conn_state_conn_handles)
    ble_conn_state_encrypted                 0x00020e51   Thumb Code    12  ble_conn_state.o(i.ble_conn_state_encrypted)
    ble_conn_state_mitm_protected            0x00020e61   Thumb Code    12  ble_conn_state.o(i.ble_conn_state_mitm_protected)
    ble_conn_state_n_centrals                0x00020e71   Thumb Code    12  ble_conn_state.o(i.ble_conn_state_n_centrals)
    ble_conn_state_on_ble_evt                0x00020e81   Thumb Code   264  ble_conn_state.o(i.ble_conn_state_on_ble_evt)
    ble_conn_state_role                      0x00020f8d   Thumb Code    42  ble_conn_state.o(i.ble_conn_state_role)
    ble_conn_state_user_flag_collection      0x00020fbd   Thumb Code    20  ble_conn_state.o(i.ble_conn_state_user_flag_collection)
    ble_conn_state_user_flag_get             0x00020fd5   Thumb Code    36  ble_conn_state.o(i.ble_conn_state_user_flag_get)
    ble_conn_state_user_flag_set             0x00020ffd   Thumb Code    40  ble_conn_state.o(i.ble_conn_state_user_flag_set)
    ble_db_discovery_evt_register            0x00021029   Thumb Code    56  ble_db_discovery.o(i.ble_db_discovery_evt_register)
    ble_db_discovery_init                    0x00021069   Thumb Code    24  ble_db_discovery.o(i.ble_db_discovery_init)
    ble_db_discovery_on_ble_evt              0x00021085   Thumb Code    70  ble_db_discovery.o(i.ble_db_discovery_on_ble_evt)
    ble_db_discovery_start                   0x000210d1   Thumb Code    96  ble_db_discovery.o(i.ble_db_discovery_start)
    ble_nus_c_handles_assign                 0x00021369   Thumb Code    26  ble_nus_c.o(i.ble_nus_c_handles_assign)
    ble_nus_c_init                           0x00021385   Thumb Code    72  ble_nus_c.o(i.ble_nus_c_init)
    ble_nus_c_on_ble_evt                     0x000213d1   Thumb Code   102  ble_nus_c.o(i.ble_nus_c_on_ble_evt)
    ble_nus_c_on_db_disc_evt                 0x00021437   Thumb Code   120  ble_nus_c.o(i.ble_nus_c_on_db_disc_evt)
    ble_nus_c_rx_notif_enable                0x000214b1   Thumb Code    66  ble_nus_c.o(i.ble_nus_c_rx_notif_enable)
    ble_nus_c_string_send                    0x000214f9   Thumb Code    58  ble_nus_c.o(i.ble_nus_c_string_send)
    ble_nus_init                             0x00021539   Thumb Code    94  ble_nus.o(i.ble_nus_init)
    ble_nus_on_ble_evt                       0x0002159d   Thumb Code    92  ble_nus.o(i.ble_nus_on_ble_evt)
    ble_srv_is_notification_enabled          0x000215f9   Thumb Code     8  ble_srv_common.o(i.ble_srv_is_notification_enabled)
    bsp_board_button_idx_to_pin              0x0002182d   Thumb Code     6  boards.o(i.bsp_board_button_idx_to_pin)
    bsp_board_button_state_get               0x00021839   Thumb Code    28  boards.o(i.bsp_board_button_state_get)
    bsp_board_led_invert                     0x00021859   Thumb Code    32  boards.o(i.bsp_board_led_invert)
    bsp_board_led_off                        0x0002187d   Thumb Code    10  boards.o(i.bsp_board_led_off)
    bsp_board_led_on                         0x0002188d   Thumb Code    10  boards.o(i.bsp_board_led_on)
    bsp_board_led_state_get                  0x0002189d   Thumb Code    28  boards.o(i.bsp_board_led_state_get)
    bsp_board_leds_init                      0x000218bd   Thumb Code    38  boards.o(i.bsp_board_leds_init)
    bsp_board_leds_off                       0x000218e9   Thumb Code    18  boards.o(i.bsp_board_leds_off)
    bsp_board_leds_on                        0x000218fb   Thumb Code    18  boards.o(i.bsp_board_leds_on)
    bsp_board_pin_to_button_idx              0x0002190d   Thumb Code    30  boards.o(i.bsp_board_pin_to_button_idx)
    bsp_btn_ble_init                         0x00021931   Thumb Code    52  bsp_btn_ble.o(i.bsp_btn_ble_init)
    bsp_btn_ble_on_ble_evt                   0x00021969   Thumb Code   106  bsp_btn_ble.o(i.bsp_btn_ble_on_ble_evt)
    bsp_btn_ble_sleep_mode_prepare           0x000219d9   Thumb Code    30  bsp_btn_ble.o(i.bsp_btn_ble_sleep_mode_prepare)
    bsp_button_is_pressed                    0x00021a8d   Thumb Code     4  bsp.o(i.bsp_button_is_pressed)
    bsp_event_handler                        0x00021a91   Thumb Code    30  main.o(i.bsp_event_handler)
    bsp_event_to_button_action_assign        0x00021ad9   Thumb Code    64  bsp.o(i.bsp_event_to_button_action_assign)
    bsp_indication_set                       0x00021b1d   Thumb Code    20  bsp.o(i.bsp_indication_set)
    bsp_init                                 0x00021b35   Thumb Code   132  bsp.o(i.bsp_init)
    bsp_wakeup_button_enable                 0x00021d41   Thumb Code    16  bsp.o(i.bsp_wakeup_button_enable)
    buffer_is_empty                          0x00021dcd   Thumb Code    16  nrf_log_frontend.o(i.buffer_is_empty)
    chunk_queue_next                         0x00021ec1   Thumb Code    20  fds.o(i.chunk_queue_next)
    eTaskConfirmSleepModeStatus              0x000222c5   Thumb Code    22  tasks.o(i.eTaskConfirmSleepModeStatus)
    fds_file_delete                          0x00022451   Thumb Code    70  fds.o(i.fds_file_delete)
    fds_record_close                         0x0002249d   Thumb Code    54  fds.o(i.fds_record_close)
    fds_record_find                          0x000224d9   Thumb Code    14  fds.o(i.fds_record_find)
    fds_record_find_by_key                   0x000224e7   Thumb Code    16  fds.o(i.fds_record_find_by_key)
    fds_record_find_in_file                  0x000224f7   Thumb Code    16  fds.o(i.fds_record_find_in_file)
    fds_record_id_from_desc                  0x00022507   Thumb Code    16  fds.o(i.fds_record_id_from_desc)
    fds_record_open                          0x00022519   Thumb Code    60  fds.o(i.fds_record_open)
    fds_record_update                        0x00022559   Thumb Code    14  fds.o(i.fds_record_update)
    fds_record_write                         0x00022567   Thumb Code     8  fds.o(i.fds_record_write)
    fds_record_write_reserved                0x0002256f   Thumb Code    12  fds.o(i.fds_record_write_reserved)
    fds_reserve                              0x0002257d   Thumb Code    46  fds.o(i.fds_reserve)
    fds_reserve_cancel                       0x000225b1   Thumb Code    60  fds.o(i.fds_reserve_cancel)
    fs_erase                                 0x00022695   Thumb Code   110  fstorage.o(i.fs_erase)
    fs_queued_op_count_get                   0x00022711   Thumb Code    16  fstorage.o(i.fs_queued_op_count_get)
    fs_store                                 0x00022725   Thumb Code   124  fstorage.o(i.fs_store)
    gcm_ble_evt_handler                      0x00022981   Thumb Code   232  gatt_cache_manager.o(i.gcm_ble_evt_handler)
    gcm_gscm_evt_handler                     0x00022a6d   Thumb Code   102  gatt_cache_manager.o(i.gcm_gscm_evt_handler)
    gcm_im_evt_handler                       0x00022ad9   Thumb Code    44  gatt_cache_manager.o(i.gcm_im_evt_handler)
    gcm_smd_evt_handler                      0x00022b09   Thumb Code    14  gatt_cache_manager.o(i.gcm_smd_evt_handler)
    get_connection_by_conn_handle            0x00022b19   Thumb Code    48  id_manager.o(i.get_connection_by_conn_handle)
    get_free_connection                      0x00022b51   Thumb Code    40  id_manager.o(i.get_free_connection)
    gscm_db_change_notification_done         0x00022bd9   Thumb Code    22  gatts_cache_manager.o(i.gscm_db_change_notification_done)
    gscm_local_db_cache_apply                0x00022bf5   Thumb Code   106  gatts_cache_manager.o(i.gscm_local_db_cache_apply)
    gscm_local_db_cache_update               0x00022c5f   Thumb Code   128  gatts_cache_manager.o(i.gscm_local_db_cache_update)
    gscm_pdb_evt_handler                     0x00022ce1   Thumb Code    78  gatts_cache_manager.o(i.gscm_pdb_evt_handler)
    gscm_service_changed_ind_needed          0x00022d35   Thumb Code    26  gatts_cache_manager.o(i.gscm_service_changed_ind_needed)
    gscm_service_changed_ind_send            0x00022d51   Thumb Code    40  gatts_cache_manager.o(i.gscm_service_changed_ind_send)
    im_address_resolve                       0x00022d93   Thumb Code    70  id_manager.o(i.im_address_resolve)
    im_ble_addr_get                          0x00022dd9   Thumb Code    42  id_manager.o(i.im_ble_addr_get)
    im_ble_evt_handler                       0x00022e09   Thumb Code   174  id_manager.o(i.im_ble_evt_handler)
    im_conn_handle_get                       0x00022eb9   Thumb Code    40  id_manager.o(i.im_conn_handle_get)
    im_is_duplicate_bonding_data             0x00022ee5   Thumb Code    52  id_manager.o(i.im_is_duplicate_bonding_data)
    im_master_id_is_valid                    0x00022f19   Thumb Code    24  id_manager.o(i.im_master_id_is_valid)
    im_master_ids_compare                    0x00022f31   Thumb Code    42  id_manager.o(i.im_master_ids_compare)
    im_new_peer_id                           0x00022f5b   Thumb Code     4  id_manager.o(i.im_new_peer_id)
    im_pdb_evt_handler                       0x00022f5f   Thumb Code   114  id_manager.o(i.im_pdb_evt_handler)
    im_peer_free                             0x00022fd1   Thumb Code    38  id_manager.o(i.im_peer_free)
    im_peer_id_get_by_conn_handle            0x00022ff9   Thumb Code    28  id_manager.o(i.im_peer_id_get_by_conn_handle)
    im_peer_id_get_by_master_id              0x00023019   Thumb Code    60  id_manager.o(i.im_peer_id_get_by_master_id)
    intern_softdevice_events_execute         0x00023115   Thumb Code   114  softdevice_handler.o(i.intern_softdevice_events_execute)
    is_valid_irk                             0x0002334d   Thumb Code    20  id_manager.o(i.is_valid_irk)
    main                                     0x000237cd   Thumb Code   206  main.o(i.main)
    new_connection                           0x000239c5   Thumb Code    80  id_manager.o(i.new_connection)
    next_id_get                              0x00023a1d   Thumb Code    48  peer_id.o(i.next_id_get)
    nrf_drv_clock_init                       0x00023a7d   Thumb Code    64  nrf_drv_clock.o(i.nrf_drv_clock_init)
    nrf_drv_clock_lfclk_request              0x00023ac5   Thumb Code    96  nrf_drv_clock.o(i.nrf_drv_clock_lfclk_request)
    nrf_drv_clock_on_sd_enable               0x00023b2d   Thumb Code    44  nrf_drv_clock.o(i.nrf_drv_clock_on_sd_enable)
    nrf_drv_clock_on_soc_event               0x00023b5d   Thumb Code    10  nrf_drv_clock.o(i.nrf_drv_clock_on_soc_event)
    nrf_drv_common_irq_enable                0x00023b7d   Thumb Code    56  nrf_drv_common.o(i.nrf_drv_common_irq_enable)
    nrf_drv_gpiote_in_event_enable           0x00023bbd   Thumb Code   156  nrf_drv_gpiote.o(i.nrf_drv_gpiote_in_event_enable)
    nrf_drv_gpiote_in_init                   0x00023c61   Thumb Code   172  nrf_drv_gpiote.o(i.nrf_drv_gpiote_in_init)
    nrf_drv_gpiote_in_is_set                 0x00023d19   Thumb Code    20  nrf_drv_gpiote.o(i.nrf_drv_gpiote_in_is_set)
    nrf_drv_gpiote_init                      0x00023d2d   Thumb Code    84  nrf_drv_gpiote.o(i.nrf_drv_gpiote_init)
    nrf_drv_gpiote_is_init                   0x00023d89   Thumb Code    14  nrf_drv_gpiote.o(i.nrf_drv_gpiote_is_init)
    nrf_drv_uart_init                        0x00023dad   Thumb Code    98  nrf_drv_uart.o(i.nrf_drv_uart_init)
    nrf_drv_uart_rx                          0x00023e15   Thumb Code   170  nrf_drv_uart.o(i.nrf_drv_uart_rx)
    nrf_drv_uart_rx_enable                   0x00023ec5   Thumb Code    42  nrf_drv_uart.o(i.nrf_drv_uart_rx_enable)
    nrf_drv_uart_tx                          0x0002404d   Thumb Code   262  nrf_drv_uart.o(i.nrf_drv_uart_tx)
    nrf_drv_uart_tx_in_progress              0x00024159   Thumb Code    18  nrf_drv_uart.o(i.nrf_drv_uart_tx_in_progress)
    nrf_drv_uart_uninit                      0x00024171   Thumb Code    74  nrf_drv_uart.o(i.nrf_drv_uart_uninit)
    nrf_log_backend_hexdump_handler_get      0x00024311   Thumb Code     4  nrf_log_backend_serial.o(i.nrf_log_backend_hexdump_handler_get)
    nrf_log_backend_init                     0x00024319   Thumb Code   102  nrf_log_backend_serial.o(i.nrf_log_backend_init)
    nrf_log_backend_std_handler_get          0x000245d5   Thumb Code     4  nrf_log_backend_serial.o(i.nrf_log_backend_std_handler_get)
    nrf_log_blocking_backend_set             0x000245dd   Thumb Code     6  nrf_log_frontend.o(i.nrf_log_blocking_backend_set)
    nrf_log_frontend_dequeue                 0x000245e5   Thumb Code   298  nrf_log_frontend.o(i.nrf_log_frontend_dequeue)
    nrf_log_frontend_init                    0x00024715   Thumb Code    16  nrf_log_frontend.o(i.nrf_log_frontend_init)
    nrf_log_frontend_std_0                   0x00024729   Thumb Code    68  nrf_log_frontend.o(i.nrf_log_frontend_std_0)
    nrf_log_frontend_std_1                   0x00024775   Thumb Code    80  nrf_log_frontend.o(i.nrf_log_frontend_std_1)
    nrf_log_frontend_std_2                   0x000247cd   Thumb Code    96  nrf_log_frontend.o(i.nrf_log_frontend_std_2)
    nrf_log_frontend_std_6                   0x00024835   Thumb Code   156  nrf_log_frontend.o(i.nrf_log_frontend_std_6)
    nrf_log_handlers_set                     0x000248d9   Thumb Code    10  nrf_log_frontend.o(i.nrf_log_handlers_set)
    nrf_log_init                             0x000248e9   Thumb Code    36  nrf_log_frontend.o(i.nrf_log_init)
    pdb_next_deleted_peer_id_get             0x000253d9   Thumb Code     4  peer_database.o(i.pdb_next_deleted_peer_id_get)
    pdb_next_peer_id_get                     0x000253dd   Thumb Code     4  peer_database.o(i.pdb_next_peer_id_get)
    pdb_pds_evt_handler                      0x000253e1   Thumb Code   294  peer_database.o(i.pdb_pds_evt_handler)
    pdb_peer_allocate                        0x00025511   Thumb Code     4  peer_database.o(i.pdb_peer_allocate)
    pdb_peer_data_ptr_get                    0x00025515   Thumb Code     6  peer_database.o(i.pdb_peer_data_ptr_get)
    pdb_peer_free                            0x0002551b   Thumb Code    68  peer_database.o(i.pdb_peer_free)
    pdb_raw_store                            0x0002555f   Thumb Code     8  peer_database.o(i.pdb_raw_store)
    pdb_write_buf_get                        0x00025569   Thumb Code   260  peer_database.o(i.pdb_write_buf_get)
    pdb_write_buf_release                    0x00025671   Thumb Code    40  peer_database.o(i.pdb_write_buf_release)
    pdb_write_buf_store                      0x00025699   Thumb Code   188  peer_database.o(i.pdb_write_buf_store)
    pdb_write_buf_store_prepare              0x0002575d   Thumb Code    98  peer_database.o(i.pdb_write_buf_store_prepare)
    pds_next_deleted_peer_id_get             0x000257d1   Thumb Code     4  peer_data_storage.o(i.pds_next_deleted_peer_id_get)
    pds_next_peer_id_get                     0x000257d5   Thumb Code     4  peer_data_storage.o(i.pds_next_peer_id_get)
    pds_peer_data_iterate                    0x000257d9   Thumb Code    74  peer_data_storage.o(i.pds_peer_data_iterate)
    pds_peer_data_iterate_prepare            0x00025829   Thumb Code    10  peer_data_storage.o(i.pds_peer_data_iterate_prepare)
    pds_peer_data_read                       0x00025839   Thumb Code   104  peer_data_storage.o(i.pds_peer_data_read)
    pds_peer_data_store                      0x000258a1   Thumb Code   160  peer_data_storage.o(i.pds_peer_data_store)
    pds_peer_id_allocate                     0x00025941   Thumb Code     8  peer_data_storage.o(i.pds_peer_id_allocate)
    pds_peer_id_free                         0x00025949   Thumb Code    22  peer_data_storage.o(i.pds_peer_id_free)
    pds_peer_id_is_allocated                 0x0002595f   Thumb Code     4  peer_data_storage.o(i.pds_peer_id_is_allocated)
    pds_space_reserve                        0x00025963   Thumb Code    46  peer_data_storage.o(i.pds_space_reserve)
    pds_space_reserve_cancel                 0x00025991   Thumb Code    16  peer_data_storage.o(i.pds_space_reserve_cancel)
    peer_id_allocate                         0x00025a95   Thumb Code     6  peer_id.o(i.peer_id_allocate)
    peer_id_delete                           0x00025aa1   Thumb Code    32  peer_id.o(i.peer_id_delete)
    peer_id_free                             0x00025ac5   Thumb Code    24  peer_id.o(i.peer_id_free)
    peer_id_get_next_deleted                 0x00025ae1   Thumb Code     6  peer_id.o(i.peer_id_get_next_deleted)
    peer_id_get_next_used                    0x00025aed   Thumb Code    42  peer_id.o(i.peer_id_get_next_used)
    peer_id_is_allocated                     0x00025b1d   Thumb Code    16  peer_id.o(i.peer_id_is_allocated)
    peer_id_is_deleted                       0x00025b31   Thumb Code    16  peer_id.o(i.peer_id_is_deleted)
    pm_buffer_block_acquire                  0x00025c09   Thumb Code    92  pm_buffer.o(i.pm_buffer_block_acquire)
    pm_buffer_ptr_get                        0x00025c65   Thumb Code    40  pm_buffer.o(i.pm_buffer_ptr_get)
    pm_buffer_release                        0x00025c8d   Thumb Code    46  pm_buffer.o(i.pm_buffer_release)
    pm_gcm_evt_handler                       0x00025cbb   Thumb Code   136  peer_manager.o(i.pm_gcm_evt_handler)
    pm_im_evt_handler                        0x00025d45   Thumb Code    74  peer_manager.o(i.pm_im_evt_handler)
    pm_mutex_lock                            0x00025d95   Thumb Code    26  pm_mutex.o(i.pm_mutex_lock)
    pm_mutex_lock_first_available            0x00025daf   Thumb Code    54  pm_mutex.o(i.pm_mutex_lock_first_available)
    pm_mutex_lock_status_get                 0x00025de5   Thumb Code    24  pm_mutex.o(i.pm_mutex_lock_status_get)
    pm_mutex_unlock                          0x00025dfd   Thumb Code    58  pm_mutex.o(i.pm_mutex_unlock)
    pm_on_ble_evt                            0x00025e39   Thumb Code    36  peer_manager.o(i.pm_on_ble_evt)
    pm_pdb_evt_handler                       0x00025e61   Thumb Code   338  peer_manager.o(i.pm_pdb_evt_handler)
    pm_peer_delete                           0x00025fb9   Thumb Code    14  peer_manager.o(i.pm_peer_delete)
    pm_sm_evt_handler                        0x00025fcd   Thumb Code   346  peer_manager.o(i.pm_sm_evt_handler)
    print_slave_data                         0x0002612d   Thumb Code    92  main.o(i.print_slave_data)
    pvPortMalloc                             0x00026721   Thumb Code    68  heap_1.o(i.pvPortMalloc)
    pvTaskIncrementMutexHeldCount            0x0002676d   Thumb Code    18  tasks.o(i.pvTaskIncrementMutexHeldCount)
    pvTimerGetTimerID                        0x00026785   Thumb Code    18  timers.o(i.pvTimerGetTimerID)
    pxPortInitialiseStack                    0x00026799   Thumb Code    36  port_cmsis.o(i.pxPortInitialiseStack)
    sdk_mapped_flags_bulk_update_by_key      0x00026db1   Thumb Code    68  sdk_mapped_flags.o(i.sdk_mapped_flags_bulk_update_by_key)
    sdk_mapped_flags_first_key_index_get     0x00026df5   Thumb Code    34  sdk_mapped_flags.o(i.sdk_mapped_flags_first_key_index_get)
    sdk_mapped_flags_get_by_key              0x00026e27   Thumb Code    38  sdk_mapped_flags.o(i.sdk_mapped_flags_get_by_key)
    sdk_mapped_flags_key_list_get            0x00026e4d   Thumb Code    74  sdk_mapped_flags.o(i.sdk_mapped_flags_key_list_get)
    sdk_mapped_flags_n_flags_set             0x00026e97   Thumb Code    30  sdk_mapped_flags.o(i.sdk_mapped_flags_n_flags_set)
    sdk_mapped_flags_update_by_key           0x00026eb5   Thumb Code    14  sdk_mapped_flags.o(i.sdk_mapped_flags_update_by_key)
    send_data                                0x00026fe9   Thumb Code    96  main.o(i.send_data)
    sm_ble_evt_handler                       0x000273b1   Thumb Code    18  security_manager.o(i.sm_ble_evt_handler)
    sm_pdb_evt_handler                       0x000273c9   Thumb Code    52  security_manager.o(i.sm_pdb_evt_handler)
    sm_smd_evt_handler                       0x00027401   Thumb Code   116  security_manager.o(i.sm_smd_evt_handler)
    smd_ble_evt_handler                      0x00027479   Thumb Code   226  security_dispatcher.o(i.smd_ble_evt_handler)
    smd_link_secure                          0x00027565   Thumb Code    48  security_dispatcher.o(i.smd_link_secure)
    smd_params_reply                         0x00027595   Thumb Code   262  security_dispatcher.o(i.smd_params_reply)
    smd_pdb_evt_handler                      0x00027729   Thumb Code    48  security_dispatcher.o(i.smd_pdb_evt_handler)
    softdevice_ble_evt_handler_set           0x0002775d   Thumb Code    14  softdevice_handler.o(i.softdevice_ble_evt_handler_set)
    softdevice_enable                        0x00027771   Thumb Code    74  softdevice_handler.o(i.softdevice_enable)
    softdevice_enable_get_default_config     0x00027851   Thumb Code    38  softdevice_handler.o(i.softdevice_enable_get_default_config)
    softdevice_fault_handler                 0x00027877   Thumb Code     4  softdevice_handler.o(i.softdevice_fault_handler)
    softdevice_handler_init                  0x0002787d   Thumb Code    92  softdevice_handler.o(i.softdevice_handler_init)
    softdevice_handler_is_enabled            0x000278e1   Thumb Code     6  softdevice_handler.o(i.softdevice_handler_is_enabled)
    uart_event_handle                        0x000279fd   Thumb Code    22  main.o(i.uart_event_handle)
    uxListRemove                             0x00027e37   Thumb Code    36  list.o(i.uxListRemove)
    vApplicationIdleHook                     0x00027e5d   Thumb Code     8  main.o(i.vApplicationIdleHook)
    vListInitialise                          0x00027e69   Thumb Code    22  list.o(i.vListInitialise)
    vListInitialiseItem                      0x00027e7f   Thumb Code     6  list.o(i.vListInitialiseItem)
    vListInsert                              0x00027e85   Thumb Code    48  list.o(i.vListInsert)
    vListInsertEnd                           0x00027eb5   Thumb Code    24  list.o(i.vListInsertEnd)
    vPortEnterCritical                       0x00027ecd   Thumb Code    16  port_cmsis.o(i.vPortEnterCritical)
    vPortExitCritical                        0x00027ee1   Thumb Code    16  port_cmsis.o(i.vPortExitCritical)
    vPortFree                                0x00027ef5   Thumb Code     2  heap_1.o(i.vPortFree)
    vPortSetupTimerInterrupt                 0x00027ef9   Thumb Code    48  port_cmsis_systick.o(i.vPortSetupTimerInterrupt)
    vPortSuppressTicksAndSleep               0x00027f31   Thumb Code   234  port_cmsis_systick.o(i.vPortSuppressTicksAndSleep)
    vQueueAddToRegistry                      0x0002802d   Thumb Code    34  queue.o(i.vQueueAddToRegistry)
    vQueueWaitForMessageRestricted           0x00028055   Thumb Code    56  queue.o(i.vQueueWaitForMessageRestricted)
    vTaskMissedYield                         0x0002808d   Thumb Code     8  tasks.o(i.vTaskMissedYield)
    vTaskPlaceOnEventList                    0x00028099   Thumb Code    70  tasks.o(i.vTaskPlaceOnEventList)
    vTaskPlaceOnEventListRestricted          0x000280e9   Thumb Code    52  tasks.o(i.vTaskPlaceOnEventListRestricted)
    vTaskPriorityInherit                     0x00028121   Thumb Code   124  tasks.o(i.vTaskPriorityInherit)
    vTaskResume                              0x000281a5   Thumb Code   100  tasks.o(i.vTaskResume)
    vTaskSetTimeOutState                     0x00028215   Thumb Code    12  tasks.o(i.vTaskSetTimeOutState)
    vTaskStartScheduler                      0x00028225   Thumb Code    64  tasks.o(i.vTaskStartScheduler)
    vTaskStepTick                            0x00028275   Thumb Code    10  tasks.o(i.vTaskStepTick)
    vTaskSuspend                             0x00028285   Thumb Code   148  tasks.o(i.vTaskSuspend)
    vTaskSuspendAll                          0x00028325   Thumb Code    10  tasks.o(i.vTaskSuspendAll)
    vTaskSwitchContext                       0x00028335   Thumb Code    60  tasks.o(i.vTaskSwitchContext)
    xPortStartScheduler                      0x000286ad   Thumb Code    58  port_cmsis.o(i.xPortStartScheduler)
    xQueueCreateMutex                        0x000286f9   Thumb Code    68  queue.o(i.xQueueCreateMutex)
    xQueueGenericCreate                      0x0002873d   Thumb Code    60  queue.o(i.xQueueGenericCreate)
    xQueueGenericReceive                     0x00028779   Thumb Code   290  queue.o(i.xQueueGenericReceive)
    xQueueGenericReset                       0x000288a1   Thumb Code   108  queue.o(i.xQueueGenericReset)
    xQueueGenericSend                        0x00028911   Thumb Code   248  queue.o(i.xQueueGenericSend)
    xQueueGenericSendFromISR                 0x00028a0d   Thumb Code    96  queue.o(i.xQueueGenericSendFromISR)
    xQueueGiveFromISR                        0x00028a6d   Thumb Code    80  queue.o(i.xQueueGiveFromISR)
    xTaskCheckForTimeOut                     0x00028abd   Thumb Code    66  tasks.o(i.xTaskCheckForTimeOut)
    xTaskGenericCreate                       0x00028b05   Thumb Code   366  tasks.o(i.xTaskGenericCreate)
    xTaskGetSchedulerState                   0x00028c81   Thumb Code    22  tasks.o(i.xTaskGetSchedulerState)
    xTaskGetTickCount                        0x00028c9d   Thumb Code     6  tasks.o(i.xTaskGetTickCount)
    xTaskGetTickCountFromISR                 0x00028ca9   Thumb Code     6  tasks.o(i.xTaskGetTickCountFromISR)
    xTaskIncrementTick                       0x00028cb5   Thumb Code   152  tasks.o(i.xTaskIncrementTick)
    xTaskPriorityDisinherit                  0x00028d55   Thumb Code   102  tasks.o(i.xTaskPriorityDisinherit)
    xTaskRemoveFromEventList                 0x00028dc5   Thumb Code    98  tasks.o(i.xTaskRemoveFromEventList)
    xTaskResumeAll                           0x00028e31   Thumb Code   162  tasks.o(i.xTaskResumeAll)
    xTimerCreate                             0x00028ee1   Thumb Code    60  timers.o(i.xTimerCreate)
    xTimerCreateTimerTask                    0x00028f1d   Thumb Code    50  timers.o(i.xTimerCreateTimerTask)
    xTimerGenericCommand                     0x00028f61   Thumb Code    74  timers.o(i.xTimerGenericCommand)
    xTimerIsTimerActive                      0x00028fb1   Thumb Code    26  timers.o(i.xTimerIsTimerActive)
    __ctype_table                            0x00029174   Data         129  ctype_o.o(.constdata)
    Region$$Table$$Base                      0x000293ec   Number         0  anon$$obj.o(Region$$Table)
    Region$$Table$$Limit                     0x0002940c   Number         0  anon$$obj.o(Region$$Table)
    Image$$RW_IRAM1$$Base                    0x20002128   Number         0  anon$$obj.o ABSOLUTE
    pxCurrentTCB                             0x20002170   Data           4  tasks.o(.data)
    SystemCoreClock                          0x200022c8   Data           4  system_nrf52.o(.data)
    fs_data$$Base                            0x200022cc   Number         0  fds.o(fs_data)
    fs_data$$Limit                           0x200022dc   Number         0  fds.o(fs_data)
    xQueueRegistry                           0x20007ab0   Data          16  queue.o(.bss)
    nrf_nvic_state                           0x20008424   Data          12  app_util_platform.o(.bss)
    _SEGGER_RTT                              0x20008cfc   Data         120  segger_rtt.o(.bss)
    __initial_sp                             0x20009578   Data           0  arm_startup_nrf52.o(STACK)



==============================================================================

Memory Map of the image

  Image Entry point : 0x0001f401

  Load Region LR_IROM1 (Base: 0x0001f000, Size: 0x0000a5c0, Max: 0x00061000, ABSOLUTE, COMPRESSED[0x0000a440])

    Execution Region ER_IROM1 (Base: 0x0001f000, Size: 0x0000a40c, Max: 0x00061000, ABSOLUTE)

    Base Addr    Size         Type   Attr      Idx    E Section Name        Object

    0x0001f000   0x00000400   Data   RO         6309    RESET               arm_startup_nrf52.o
    0x0001f400   0x00000000   Code   RO         6350  * .ARM.Collect$$$$00000000  mc_w.l(entry.o)
    0x0001f400   0x00000004   Code   RO         6654    .ARM.Collect$$$$00000001  mc_w.l(entry2.o)
    0x0001f404   0x00000004   Code   RO         6657    .ARM.Collect$$$$00000004  mc_w.l(entry5.o)
    0x0001f408   0x00000000   Code   RO         6659    .ARM.Collect$$$$00000008  mc_w.l(entry7b.o)
    0x0001f408   0x00000000   Code   RO         6661    .ARM.Collect$$$$0000000A  mc_w.l(entry8b.o)
    0x0001f408   0x00000008   Code   RO         6662    .ARM.Collect$$$$0000000B  mc_w.l(entry9a.o)
    0x0001f410   0x00000000   Code   RO         6664    .ARM.Collect$$$$0000000D  mc_w.l(entry10a.o)
    0x0001f410   0x00000000   Code   RO         6666    .ARM.Collect$$$$0000000F  mc_w.l(entry11a.o)
    0x0001f410   0x00000004   Code   RO         6655    .ARM.Collect$$$$00002712  mc_w.l(entry2.o)
    0x0001f414   0x000000a0   Code   RO         1079    .emb_text           port.o
    0x0001f4b4   0x00000024   Code   RO         6310    .text               arm_startup_nrf52.o
    0x0001f4d8   0x00000008   Code   RO         6353    .text               mc_w.l(ctype_o.o)
    0x0001f4e0   0x00000024   Code   RO         6381    .text               mc_w.l(memcpya.o)
    0x0001f504   0x00000024   Code   RO         6383    .text               mc_w.l(memseta.o)
    0x0001f528   0x0000000e   Code   RO         6385    .text               mc_w.l(strlen.o)
    0x0001f536   0x0000001a   Code   RO         6387    .text               mc_w.l(memcmp.o)
    0x0001f550   0x00000012   Code   RO         6389    .text               mc_w.l(strcpy.o)
    0x0001f562   0x00000062   Code   RO         6673    .text               mc_w.l(uldiv.o)
    0x0001f5c4   0x00000024   Code   RO         6686    .text               mc_w.l(init.o)
    0x0001f5e8   0x0000001e   Code   RO         6689    .text               mc_w.l(llshl.o)
    0x0001f606   0x00000020   Code   RO         6691    .text               mc_w.l(llushr.o)
    0x0001f626   0x00000056   Code   RO         6706    .text               mc_w.l(__dczerorl2.o)
    0x0001f67c   0x00000174   Code   RO         4297    i.GPIOTE_IRQHandler  nrf_drv_gpiote.o
    0x0001f7f0   0x00000016   Code   RO         6162    i.NVIC_DisableIRQ   softdevice_handler.o
    0x0001f806   0x00000016   Code   RO         6163    i.NVIC_EnableIRQ    softdevice_handler.o
    0x0001f81c   0x00000058   Code   RO         4087    i.POWER_CLOCK_IRQHandler  nrf_drv_clock.o
    0x0001f874   0x0000003c   Code   RO         1171    i.RTC1_IRQHandler   port_cmsis_systick.o
    0x0001f8b0   0x00000014   Code   RO         6013    i.SEGGER_RTT_Init   segger_rtt.o
    0x0001f8c4   0x0000005c   Code   RO         6022    i.SEGGER_RTT_WriteNoLock  segger_rtt.o
    0x0001f920   0x00000024   Code   RO         6164    i.SWI2_EGU2_IRQHandler  softdevice_handler.o
    0x0001f944   0x0000029c   Code   RO         6318    i.SystemInit        system_nrf52.o
    0x0001fbe0   0x0000001c   Code   RO         4537    i.UARTE0_UART0_IRQHandler  nrf_drv_uart.o
    0x0001fbfc   0x00000068   Code   RO         6025    i._DoInit           segger_rtt.o
    0x0001fc64   0x00000016   Code   RO         6026    i._GetAvailWriteSpace  segger_rtt.o
    0x0001fc7a   0x0000005a   Code   RO         6028    i._WriteBlocking    segger_rtt.o
    0x0001fcd4   0x0000003e   Code   RO         6029    i._WriteNoCheck     segger_rtt.o
    0x0001fd12   0x00000002   PAD
    0x0001fd14   0x00000028   Code   RO         6601    i.__0snprintf$8     mc_w.l(printf8.o)
    0x0001fd3c   0x0000000e   Code   RO         6700    i.__scatterload_copy  mc_w.l(handlers.o)
    0x0001fd4a   0x00000002   Code   RO         6701    i.__scatterload_null  mc_w.l(handlers.o)
    0x0001fd4c   0x0000000e   Code   RO         6702    i.__scatterload_zeroinit  mc_w.l(handlers.o)
    0x0001fd5a   0x00000002   PAD
    0x0001fd5c   0x00000024   Code   RO         6165    i.__sd_nvic_app_accessible_irq  softdevice_handler.o
    0x0001fd80   0x00000410   Code   RO         6607    i._printf_core      mc_w.l(printf8.o)
    0x00020190   0x00000024   Code   RO         6608    i._printf_post_padding  mc_w.l(printf8.o)
    0x000201b4   0x0000002e   Code   RO         6609    i._printf_pre_padding  mc_w.l(printf8.o)
    0x000201e2   0x00000016   Code   RO         6610    i._snputc           mc_w.l(printf8.o)
    0x000201f8   0x00000026   Code   RO         2500    i.addr_compare      id_manager.o
    0x0002021e   0x00000182   Code   RO         1862    i.adv_data_encode   ble_advdata.o
    0x000203a0   0x00000058   Code   RO         1945    i.adv_mode_next_avail_get  ble_advertising.o
    0x000203f8   0x00000036   Code   RO          720    i.advertising_buttons_configure  bsp_btn_ble.o
    0x0002042e   0x00000002   PAD
    0x00020430   0x0000006c   Code   RO            4    i.advertising_init  main.o
    0x0002049c   0x00000052   Code   RO         2501    i.ah                id_manager.o
    0x000204ee   0x00000006   Code   RO          595    i.alert_timer_handler  bsp.o
    0x000204f4   0x00000024   Code   RO         4770    i.app_button_enable  app_button.o
    0x00020518   0x00000070   Code   RO         4771    i.app_button_init   app_button.o
    0x00020588   0x0000005c   Code   RO         4874    i.app_error_fault_handler  app_error_weak.o
    0x000205e4   0x00000016   Code   RO         4832    i.app_error_handler_bare  app_error.o
    0x000205fa   0x00000016   Code   RO         5617    i.app_fifo_get      app_fifo.o
    0x00020610   0x00000020   Code   RO         5618    i.app_fifo_init     app_fifo.o
    0x00020630   0x0000001a   Code   RO         5620    i.app_fifo_put      app_fifo.o
    0x0002064a   0x0000001a   Code   RO         4902    i.app_timer_callback  app_timer_freertos.o
    0x00020664   0x00000054   Code   RO         4903    i.app_timer_create  app_timer_freertos.o
    0x000206b8   0x00000010   Code   RO         4904    i.app_timer_init    app_timer_freertos.o
    0x000206c8   0x000000c8   Code   RO         4905    i.app_timer_start   app_timer_freertos.o
    0x00020790   0x00000064   Code   RO         4906    i.app_timer_stop    app_timer_freertos.o
    0x000207f4   0x000000b4   Code   RO         5692    i.app_uart_init     app_uart_fifo.o
    0x000208a8   0x00000048   Code   RO         4957    i.app_util_critical_region_enter  app_util_platform.o
    0x000208f0   0x00000034   Code   RO         4958    i.app_util_critical_region_exit  app_util_platform.o
    0x00020924   0x000000b8   Code   RO         4538    i.apply_config      nrf_drv_uart.o
    0x000209dc   0x000000a0   Code   RO         3567    i.auth_status_success_process  security_dispatcher.o
    0x00020a7c   0x00000068   Code   RO         1863    i.ble_advdata_set   ble_advdata.o
    0x00020ae4   0x00000120   Code   RO         1946    i.ble_advertising_init  ble_advertising.o
    0x00020c04   0x0000005c   Code   RO         1947    i.ble_advertising_on_ble_evt  ble_advertising.o
    0x00020c60   0x00000104   Code   RO         1951    i.ble_advertising_start  ble_advertising.o
    0x00020d64   0x00000058   Code   RO         2036    i.ble_conn_params_init  ble_conn_params.o
    0x00020dbc   0x00000084   Code   RO         2037    i.ble_conn_params_on_ble_evt  ble_conn_params.o
    0x00020e40   0x00000010   Code   RO         2102    i.ble_conn_state_conn_handles  ble_conn_state.o
    0x00020e50   0x00000010   Code   RO         2103    i.ble_conn_state_encrypted  ble_conn_state.o
    0x00020e60   0x00000010   Code   RO         2105    i.ble_conn_state_mitm_protected  ble_conn_state.o
    0x00020e70   0x00000010   Code   RO         2106    i.ble_conn_state_n_centrals  ble_conn_state.o
    0x00020e80   0x0000010c   Code   RO         2109    i.ble_conn_state_on_ble_evt  ble_conn_state.o
    0x00020f8c   0x00000030   Code   RO         2111    i.ble_conn_state_role  ble_conn_state.o
    0x00020fbc   0x00000018   Code   RO         2114    i.ble_conn_state_user_flag_collection  ble_conn_state.o
    0x00020fd4   0x00000028   Code   RO         2115    i.ble_conn_state_user_flag_get  ble_conn_state.o
    0x00020ffc   0x0000002c   Code   RO         2116    i.ble_conn_state_user_flag_set  ble_conn_state.o
    0x00021028   0x00000040   Code   RO         3809    i.ble_db_discovery_evt_register  ble_db_discovery.o
    0x00021068   0x0000001c   Code   RO         3810    i.ble_db_discovery_init  ble_db_discovery.o
    0x00021084   0x0000004c   Code   RO         3811    i.ble_db_discovery_on_ble_evt  ble_db_discovery.o
    0x000210d0   0x0000006c   Code   RO         3812    i.ble_db_discovery_start  ble_db_discovery.o
    0x0002113c   0x00000060   Code   RO         1864    i.ble_device_addr_encode  ble_advdata.o
    0x0002119c   0x0000009c   Code   RO            6    i.ble_evt_dispatch  main.o
    0x00021238   0x00000034   Code   RO            7    i.ble_new_event_handler  main.o
    0x0002126c   0x000000fc   Code   RO            8    i.ble_nus_c_evt_handler  main.o
    0x00021368   0x0000001a   Code   RO         3967    i.ble_nus_c_handles_assign  ble_nus_c.o
    0x00021382   0x00000002   PAD
    0x00021384   0x0000004c   Code   RO         3968    i.ble_nus_c_init    ble_nus_c.o
    0x000213d0   0x00000066   Code   RO         3969    i.ble_nus_c_on_ble_evt  ble_nus_c.o
    0x00021436   0x00000078   Code   RO         3970    i.ble_nus_c_on_db_disc_evt  ble_nus_c.o
    0x000214ae   0x00000002   PAD
    0x000214b0   0x00000048   Code   RO         3971    i.ble_nus_c_rx_notif_enable  ble_nus_c.o
    0x000214f8   0x00000040   Code   RO         3972    i.ble_nus_c_string_send  ble_nus_c.o
    0x00021538   0x00000064   Code   RO         4037    i.ble_nus_init      ble_nus.o
    0x0002159c   0x0000005c   Code   RO         4038    i.ble_nus_on_ble_evt  ble_nus.o
    0x000215f8   0x00000008   Code   RO         2241    i.ble_srv_is_notification_enabled  ble_srv_common.o
    0x00021600   0x0000006c   Code   RO            9    i.ble_stack_init    main.o
    0x0002166c   0x000001c0   Code   RO           10    i.ble_stack_thread  main.o
    0x0002182c   0x0000000c   Code   RO          472    i.bsp_board_button_idx_to_pin  boards.o
    0x00021838   0x00000020   Code   RO          473    i.bsp_board_button_state_get  boards.o
    0x00021858   0x00000024   Code   RO          476    i.bsp_board_led_invert  boards.o
    0x0002187c   0x00000010   Code   RO          477    i.bsp_board_led_off  boards.o
    0x0002188c   0x00000010   Code   RO          478    i.bsp_board_led_on  boards.o
    0x0002189c   0x00000020   Code   RO          479    i.bsp_board_led_state_get  boards.o
    0x000218bc   0x0000002c   Code   RO          480    i.bsp_board_leds_init  boards.o
    0x000218e8   0x00000012   Code   RO          481    i.bsp_board_leds_off  boards.o
    0x000218fa   0x00000012   Code   RO          482    i.bsp_board_leds_on  boards.o
    0x0002190c   0x00000024   Code   RO          483    i.bsp_board_pin_to_button_idx  boards.o
    0x00021930   0x00000038   Code   RO          721    i.bsp_btn_ble_init  bsp_btn_ble.o
    0x00021968   0x00000070   Code   RO          722    i.bsp_btn_ble_on_ble_evt  bsp_btn_ble.o
    0x000219d8   0x0000001e   Code   RO          723    i.bsp_btn_ble_sleep_mode_prepare  bsp_btn_ble.o
    0x000219f6   0x00000002   PAD
    0x000219f8   0x00000094   Code   RO          596    i.bsp_button_event_handler  bsp.o
    0x00021a8c   0x00000004   Code   RO          597    i.bsp_button_is_pressed  bsp.o
    0x00021a90   0x00000048   Code   RO           11    i.bsp_event_handler  main.o
    0x00021ad8   0x00000044   Code   RO          600    i.bsp_event_to_button_action_assign  bsp.o
    0x00021b1c   0x00000018   Code   RO          601    i.bsp_indication_set  bsp.o
    0x00021b34   0x00000098   Code   RO          602    i.bsp_init          bsp.o
    0x00021bcc   0x00000174   Code   RO          603    i.bsp_led_indication  bsp.o
    0x00021d40   0x00000010   Code   RO          605    i.bsp_wakeup_button_enable  bsp.o
    0x00021d50   0x00000012   Code   RO         5776    i.buf_len_update    nrf_log_backend_serial.o
    0x00021d62   0x00000002   PAD
    0x00021d64   0x00000068   Code   RO         5878    i.buf_prealloc      nrf_log_frontend.o
    0x00021dcc   0x00000014   Code   RO         5879    i.buffer_is_empty   nrf_log_frontend.o
    0x00021de0   0x00000008   Code   RO          606    i.button_timer_handler  bsp.o
    0x00021de8   0x0000001c   Code   RO         4298    i.channel_free      nrf_drv_gpiote.o
    0x00021e04   0x00000048   Code   RO         4299    i.channel_port_alloc  nrf_drv_gpiote.o
    0x00021e4c   0x00000010   Code   RO         4300    i.channel_port_get  nrf_drv_gpiote.o
    0x00021e5c   0x00000042   Code   RO         3813    i.characteristics_discover  ble_db_discovery.o
    0x00021e9e   0x00000002   PAD
    0x00021ea0   0x00000020   Code   RO         5337    i.check_config      fstorage.o
    0x00021ec0   0x00000018   Code   RO         5027    i.chunk_queue_next  fds.o
    0x00021ed8   0x00000038   Code   RO         3112    i.claim             peer_id.o
    0x00021f10   0x00000028   Code   RO         4088    i.clock_clk_started_notify  nrf_drv_clock.o
    0x00021f38   0x00000088   Code   RO         1865    i.conn_int_encode   ble_advdata.o
    0x00021fc0   0x00000004   Code   RO           12    i.conn_params_error_handler  main.o
    0x00021fc4   0x0000005c   Code   RO         2039    i.conn_params_negotiation  ble_conn_params.o
    0x00022020   0x00000034   Code   RO           13    i.db_disc_handler   main.o
    0x00022054   0x0000009c   Code   RO         5028    i.delete_execute    fds.o
    0x000220f0   0x0000008c   Code   RO         3814    i.descriptors_discover  ble_db_discovery.o
    0x0002217c   0x00000060   Code   RO         4773    i.detection_delay_timeout_handler  app_button.o
    0x000221dc   0x000000b4   Code   RO         3815    i.discovery_complete_evt_trigger  ble_db_discovery.o
    0x00022290   0x00000034   Code   RO         3816    i.discovery_error_evt_trigger  ble_db_discovery.o
    0x000222c4   0x00000020   Code   RO         1423    i.eTaskConfirmSleepModeStatus  tasks.o
    0x000222e4   0x00000030   Code   RO         3568    i.encryption_failure  security_dispatcher.o
    0x00022314   0x0000006a   Code   RO         5029    i.event_prepare     fds.o
    0x0002237e   0x00000002   PAD
    0x00022380   0x00000020   Code   RO         5030    i.event_send        fds.o
    0x000223a0   0x00000034   Code   RO         3682    i.events_send_from_err_code  security_manager.o
    0x000223d4   0x0000000c   Code   RO         2298    i.evt_send          gatt_cache_manager.o
    0x000223e0   0x0000001c   Code   RO         2502    i.evt_send          id_manager.o
    0x000223fc   0x0000002c   Code   RO         3202    i.evt_send          peer_manager.o
    0x00022428   0x0000001c   Code   RO         3569    i.evt_send          security_dispatcher.o
    0x00022444   0x0000000c   Code   RO         3683    i.evt_send          security_manager.o
    0x00022450   0x0000004c   Code   RO         5032    i.fds_file_delete   fds.o
    0x0002249c   0x0000003c   Code   RO         5035    i.fds_record_close  fds.o
    0x000224d8   0x0000000e   Code   RO         5037    i.fds_record_find   fds.o
    0x000224e6   0x00000010   Code   RO         5038    i.fds_record_find_by_key  fds.o
    0x000224f6   0x00000010   Code   RO         5039    i.fds_record_find_in_file  fds.o
    0x00022506   0x00000010   Code   RO         5040    i.fds_record_id_from_desc  fds.o
    0x00022516   0x00000002   PAD
    0x00022518   0x00000040   Code   RO         5042    i.fds_record_open   fds.o
    0x00022558   0x0000000e   Code   RO         5043    i.fds_record_update  fds.o
    0x00022566   0x00000008   Code   RO         5044    i.fds_record_write  fds.o
    0x0002256e   0x0000000c   Code   RO         5045    i.fds_record_write_reserved  fds.o
    0x0002257a   0x00000002   PAD
    0x0002257c   0x00000034   Code   RO         5047    i.fds_reserve       fds.o
    0x000225b0   0x00000044   Code   RO         5048    i.fds_reserve_cancel  fds.o
    0x000225f4   0x00000014   Code   RO         5623    i.fifo_get          app_fifo.o
    0x00022608   0x00000012   Code   RO         5624    i.fifo_put          app_fifo.o
    0x0002261a   0x00000002   PAD
    0x0002261c   0x00000010   Code   RO         5050    i.flag_clear        fds.o
    0x0002262c   0x00000010   Code   RO         5051    i.flag_set          fds.o
    0x0002263c   0x00000058   Code   RO         3685    i.flags_set_from_err_code  security_manager.o
    0x00022694   0x00000074   Code   RO         5338    i.fs_erase          fstorage.o
    0x00022708   0x00000006   Code   RO         5052    i.fs_event_handler  fds.o
    0x0002270e   0x00000002   PAD
    0x00022710   0x00000014   Code   RO         5343    i.fs_queued_op_count_get  fstorage.o
    0x00022724   0x00000080   Code   RO         5344    i.fs_store          fstorage.o
    0x000227a4   0x00000070   Code   RO         5053    i.gc_execute        fds.o
    0x00022814   0x00000048   Code   RO         5054    i.gc_next_page      fds.o
    0x0002285c   0x0000004c   Code   RO         5055    i.gc_page_erase     fds.o
    0x000228a8   0x00000034   Code   RO         5056    i.gc_record_copy    fds.o
    0x000228dc   0x00000024   Code   RO         5057    i.gc_record_find_next  fds.o
    0x00022900   0x00000080   Code   RO         5058    i.gc_state_advance  fds.o
    0x00022980   0x000000ec   Code   RO         2299    i.gcm_ble_evt_handler  gatt_cache_manager.o
    0x00022a6c   0x0000006c   Code   RO         2300    i.gcm_gscm_evt_handler  gatt_cache_manager.o
    0x00022ad8   0x00000030   Code   RO         2301    i.gcm_im_evt_handler  gatt_cache_manager.o
    0x00022b08   0x0000000e   Code   RO         2306    i.gcm_smd_evt_handler  gatt_cache_manager.o
    0x00022b16   0x00000002   PAD
    0x00022b18   0x00000038   Code   RO         2503    i.get_connection_by_conn_handle  id_manager.o
    0x00022b50   0x00000030   Code   RO         2504    i.get_free_connection  id_manager.o
    0x00022b80   0x00000058   Code   RO         4774    i.gpiote_event_handler  app_button.o
    0x00022bd8   0x0000001c   Code   RO         2415    i.gscm_db_change_notification_done  gatts_cache_manager.o
    0x00022bf4   0x0000006a   Code   RO         2418    i.gscm_local_db_cache_apply  gatts_cache_manager.o
    0x00022c5e   0x00000080   Code   RO         2420    i.gscm_local_db_cache_update  gatts_cache_manager.o
    0x00022cde   0x00000002   PAD
    0x00022ce0   0x00000054   Code   RO         2421    i.gscm_pdb_evt_handler  gatts_cache_manager.o
    0x00022d34   0x0000001a   Code   RO         2422    i.gscm_service_changed_ind_needed  gatts_cache_manager.o
    0x00022d4e   0x00000002   PAD
    0x00022d50   0x0000002c   Code   RO         2423    i.gscm_service_changed_ind_send  gatts_cache_manager.o
    0x00022d7c   0x00000016   Code   RO         5059    i.header_is_valid   fds.o
    0x00022d92   0x00000046   Code   RO         2505    i.im_address_resolve  id_manager.o
    0x00022dd8   0x00000030   Code   RO         2506    i.im_ble_addr_get   id_manager.o
    0x00022e08   0x000000ae   Code   RO         2507    i.im_ble_evt_handler  id_manager.o
    0x00022eb6   0x00000002   PAD
    0x00022eb8   0x0000002c   Code   RO         2508    i.im_conn_handle_get  id_manager.o
    0x00022ee4   0x00000034   Code   RO         2513    i.im_is_duplicate_bonding_data  id_manager.o
    0x00022f18   0x00000018   Code   RO         2514    i.im_master_id_is_valid  id_manager.o
    0x00022f30   0x0000002a   Code   RO         2515    i.im_master_ids_compare  id_manager.o
    0x00022f5a   0x00000004   Code   RO         2516    i.im_new_peer_id    id_manager.o
    0x00022f5e   0x00000072   Code   RO         2517    i.im_pdb_evt_handler  id_manager.o
    0x00022fd0   0x00000026   Code   RO         2518    i.im_peer_free      id_manager.o
    0x00022ff6   0x00000002   PAD
    0x00022ff8   0x00000020   Code   RO         2519    i.im_peer_id_get_by_conn_handle  id_manager.o
    0x00023018   0x0000003c   Code   RO         2520    i.im_peer_id_get_by_master_id  id_manager.o
    0x00023054   0x000000c0   Code   RO         5060    i.init_execute      fds.o
    0x00023114   0x00000078   Code   RO         6166    i.intern_softdevice_events_execute  softdevice_handler.o
    0x0002318c   0x00000078   Code   RO         4539    i.interrupts_enable  nrf_drv_uart.o
    0x00023204   0x0000001c   Code   RO         2040    i.is_conn_params_ok  ble_conn_params.o
    0x00023220   0x0000004c   Code   RO         3817    i.is_desc_discovery_reqd  ble_db_discovery.o
    0x0002326c   0x000000e0   Code   RO           14    i.is_uuid_present   main.o
    0x0002334c   0x00000014   Code   RO         2525    i.is_valid_irk      id_manager.o
    0x00023360   0x0000000c   Code   RO         5061    i.is_word_aligned   fds.o
    0x0002336c   0x00000016   Code   RO         4090    i.item_enqueue      nrf_drv_clock.o
    0x00023382   0x00000002   PAD
    0x00023384   0x00000014   Code   RO          607    i.leds_timer_handler  bsp.o
    0x00023398   0x00000098   Code   RO         3686    i.link_secure       security_manager.o
    0x00023430   0x00000086   Code   RO         3571    i.link_secure_central  security_dispatcher.o
    0x000234b6   0x000000c8   Code   RO         3572    i.link_secure_central_existing_peer  security_dispatcher.o
    0x0002357e   0x0000006c   Code   RO         3573    i.link_secure_central_new_peer  security_dispatcher.o
    0x000235ea   0x00000002   PAD
    0x000235ec   0x00000058   Code   RO         3574    i.link_secure_failure  security_dispatcher.o
    0x00023644   0x0000005c   Code   RO         3687    i.link_secure_pending_process  security_manager.o
    0x000236a0   0x00000074   Code   RO         2307    i.local_db_apply_in_evt  gatt_cache_manager.o
    0x00023714   0x00000078   Code   RO         2308    i.local_db_update_in_evt  gatt_cache_manager.o
    0x0002378c   0x00000032   Code   RO         3514    i.lock_by_mask      pm_mutex.o
    0x000237be   0x0000000e   Code   RO           15    i.logger_thread     main.o
    0x000237cc   0x000000f8   Code   RO           16    i.main              main.o
    0x000238c4   0x00000064   Code   RO         1866    i.manuf_specific_data_encode  ble_advdata.o
    0x00023928   0x0000009c   Code   RO         1867    i.name_encode       ble_advdata.o
    0x000239c4   0x00000058   Code   RO         2526    i.new_connection    id_manager.o
    0x00023a1c   0x00000030   Code   RO         3113    i.next_id_get       peer_id.o
    0x00023a4c   0x00000010   Code   RO         4301    i.nrf_bitmask_bit_is_set  nrf_drv_gpiote.o
    0x00023a5c   0x0000000e   Code   RO         4092    i.nrf_clock_event_check  nrf_drv_clock.o
    0x00023a6a   0x00000010   Code   RO         4093    i.nrf_clock_event_clear  nrf_drv_clock.o
    0x00023a7a   0x00000002   PAD
    0x00023a7c   0x00000048   Code   RO         4100    i.nrf_drv_clock_init  nrf_drv_clock.o
    0x00023ac4   0x00000068   Code   RO         4105    i.nrf_drv_clock_lfclk_request  nrf_drv_clock.o
    0x00023b2c   0x00000030   Code   RO         4107    i.nrf_drv_clock_on_sd_enable  nrf_drv_clock.o
    0x00023b5c   0x0000000a   Code   RO         4108    i.nrf_drv_clock_on_soc_event  nrf_drv_clock.o
    0x00023b66   0x00000016   Code   RO         4540    i.nrf_drv_common_irq_disable  nrf_drv_uart.o
    0x00023b7c   0x00000038   Code   RO         4261    i.nrf_drv_common_irq_enable  nrf_drv_common.o
    0x00023bb4   0x00000006   Code   RO         4541    i.nrf_drv_get_IRQn  nrf_drv_uart.o
    0x00023bba   0x00000002   PAD
    0x00023bbc   0x000000a4   Code   RO         4306    i.nrf_drv_gpiote_in_event_enable  nrf_drv_gpiote.o
    0x00023c60   0x000000b8   Code   RO         4307    i.nrf_drv_gpiote_in_init  nrf_drv_gpiote.o
    0x00023d18   0x00000014   Code   RO         4308    i.nrf_drv_gpiote_in_is_set  nrf_drv_gpiote.o
    0x00023d2c   0x0000005c   Code   RO         4310    i.nrf_drv_gpiote_init  nrf_drv_gpiote.o
    0x00023d88   0x00000014   Code   RO         4311    i.nrf_drv_gpiote_is_init  nrf_drv_gpiote.o
    0x00023d9c   0x00000010   Code   RO         4542    i.nrf_drv_is_in_RAM  nrf_drv_uart.o
    0x00023dac   0x00000068   Code   RO         4544    i.nrf_drv_uart_init  nrf_drv_uart.o
    0x00023e14   0x000000b0   Code   RO         4545    i.nrf_drv_uart_rx   nrf_drv_uart.o
    0x00023ec4   0x00000030   Code   RO         4548    i.nrf_drv_uart_rx_enable  nrf_drv_uart.o
    0x00023ef4   0x000000a8   Code   RO         4549    i.nrf_drv_uart_rx_for_uart  nrf_drv_uart.o
    0x00023f9c   0x000000b0   Code   RO         4550    i.nrf_drv_uart_rx_for_uarte  nrf_drv_uart.o
    0x0002404c   0x0000010c   Code   RO         4551    i.nrf_drv_uart_tx   nrf_drv_uart.o
    0x00024158   0x00000018   Code   RO         4553    i.nrf_drv_uart_tx_in_progress  nrf_drv_uart.o
    0x00024170   0x00000054   Code   RO         4554    i.nrf_drv_uart_uninit  nrf_drv_uart.o
    0x000241c4   0x00000024   Code   RO          485    i.nrf_gpio_cfg      boards.o
    0x000241e8   0x00000024   Code   RO         4325    i.nrf_gpio_cfg      nrf_drv_gpiote.o
    0x0002420c   0x00000024   Code   RO         4555    i.nrf_gpio_cfg      nrf_drv_uart.o
    0x00024230   0x00000012   Code   RO         4556    i.nrf_gpio_cfg_default  nrf_drv_uart.o
    0x00024242   0x00000012   Code   RO         4557    i.nrf_gpio_cfg_input  nrf_drv_uart.o
    0x00024254   0x00000014   Code   RO         4558    i.nrf_gpio_cfg_output  nrf_drv_uart.o
    0x00024268   0x00000022   Code   RO          608    i.nrf_gpio_cfg_sense_set  bsp.o
    0x0002428a   0x00000022   Code   RO         4327    i.nrf_gpio_cfg_sense_set  nrf_drv_gpiote.o
    0x000242ac   0x00000016   Code   RO          486    i.nrf_gpio_pin_write  boards.o
    0x000242c2   0x00000002   PAD
    0x000242c4   0x00000028   Code   RO         4328    i.nrf_gpio_ports_read  nrf_drv_gpiote.o
    0x000242ec   0x00000014   Code   RO         4329    i.nrf_gpiote_event_clear  nrf_drv_gpiote.o
    0x00024300   0x00000010   Code   RO         4330    i.nrf_gpiote_event_is_set  nrf_drv_gpiote.o
    0x00024310   0x00000008   Code   RO         5778    i.nrf_log_backend_hexdump_handler_get  nrf_log_backend_serial.o
    0x00024318   0x00000078   Code   RO         5779    i.nrf_log_backend_init  nrf_log_backend_serial.o
    0x00024390   0x0000012e   Code   RO         5780    i.nrf_log_backend_serial_hexdump_handler  nrf_log_backend_serial.o
    0x000244be   0x00000114   Code   RO         5781    i.nrf_log_backend_serial_std_handler  nrf_log_backend_serial.o
    0x000245d2   0x00000002   PAD
    0x000245d4   0x00000008   Code   RO         5782    i.nrf_log_backend_std_handler_get  nrf_log_backend_serial.o
    0x000245dc   0x00000006   Code   RO         5881    i.nrf_log_blocking_backend_set  nrf_log_frontend.o
    0x000245e2   0x00000002   PAD
    0x000245e4   0x00000130   Code   RO         5882    i.nrf_log_frontend_dequeue  nrf_log_frontend.o
    0x00024714   0x00000014   Code   RO         5884    i.nrf_log_frontend_init  nrf_log_frontend.o
    0x00024728   0x0000004c   Code   RO         5885    i.nrf_log_frontend_std_0  nrf_log_frontend.o
    0x00024774   0x00000058   Code   RO         5886    i.nrf_log_frontend_std_1  nrf_log_frontend.o
    0x000247cc   0x00000068   Code   RO         5887    i.nrf_log_frontend_std_2  nrf_log_frontend.o
    0x00024834   0x000000a4   Code   RO         5891    i.nrf_log_frontend_std_6  nrf_log_frontend.o
    0x000248d8   0x00000010   Code   RO         5893    i.nrf_log_handlers_set  nrf_log_frontend.o
    0x000248e8   0x00000024   Code   RO         5894    i.nrf_log_init      nrf_log_frontend.o
    0x0002490c   0x0000000c   Code   RO         1172    i.nrf_rtc_event_clear  port_cmsis_systick.o
    0x00024918   0x0000000a   Code   RO         4559    i.nrf_uart_event_check  nrf_drv_uart.o
    0x00024922   0x0000000c   Code   RO         4560    i.nrf_uart_event_clear  nrf_drv_uart.o
    0x0002492e   0x0000000c   Code   RO         4561    i.nrf_uart_int_enable_check  nrf_drv_uart.o
    0x0002493a   0x0000000a   Code   RO         4562    i.nrf_uarte_event_check  nrf_drv_uart.o
    0x00024944   0x0000000c   Code   RO         4563    i.nrf_uarte_event_clear  nrf_drv_uart.o
    0x00024950   0x0000013c   Code   RO           17    i.nus_data_handler  main.o
    0x00024a8c   0x000000dc   Code   RO           18    i.on_adv_evt        main.o
    0x00024b68   0x000001d8   Code   RO           19    i.on_ble_central_evt  main.o
    0x00024d40   0x0000016c   Code   RO           20    i.on_ble_peripheral_evt  main.o
    0x00024eac   0x00000124   Code   RO         3818    i.on_characteristic_discovery_rsp  ble_db_discovery.o
    0x00024fd0   0x00000100   Code   RO         3819    i.on_descriptor_discovery_rsp  ble_db_discovery.o
    0x000250d0   0x000000dc   Code   RO         3820    i.on_primary_srv_discovery_rsp  ble_db_discovery.o
    0x000251ac   0x00000094   Code   RO         3821    i.on_srv_disc_completion  ble_db_discovery.o
    0x00025240   0x00000080   Code   RO         5062    i.op_enqueue        fds.o
    0x000252c0   0x00000012   Code   RO         5063    i.page_offsets_update  fds.o
    0x000252d2   0x00000002   PAD
    0x000252d4   0x0000001c   Code   RO         5065    i.page_tag_write_data  fds.o
    0x000252f0   0x00000024   Code   RO         5066    i.page_tag_write_swap  fds.o
    0x00025314   0x0000006c   Code   RO         3575    i.pairing_failure   security_dispatcher.o
    0x00025380   0x0000003c   Code   RO         3688    i.params_reply_pending_process  security_manager.o
    0x000253bc   0x0000001c   Code   RO         2949    i.pdb_evt_send      peer_database.o
    0x000253d8   0x00000004   Code   RO         2952    i.pdb_next_deleted_peer_id_get  peer_database.o
    0x000253dc   0x00000004   Code   RO         2953    i.pdb_next_peer_id_get  peer_database.o
    0x000253e0   0x00000130   Code   RO         2954    i.pdb_pds_evt_handler  peer_database.o
    0x00025510   0x00000004   Code   RO         2955    i.pdb_peer_allocate  peer_database.o
    0x00025514   0x00000006   Code   RO         2957    i.pdb_peer_data_ptr_get  peer_database.o
    0x0002551a   0x00000044   Code   RO         2958    i.pdb_peer_free     peer_database.o
    0x0002555e   0x00000008   Code   RO         2959    i.pdb_raw_store     peer_database.o
    0x00025566   0x00000002   PAD
    0x00025568   0x00000108   Code   RO         2960    i.pdb_write_buf_get  peer_database.o
    0x00025670   0x00000028   Code   RO         2961    i.pdb_write_buf_release  peer_database.o
    0x00025698   0x000000c4   Code   RO         2962    i.pdb_write_buf_store  peer_database.o
    0x0002575c   0x00000068   Code   RO         2963    i.pdb_write_buf_store_prepare  peer_database.o
    0x000257c4   0x0000000c   Code   RO         2807    i.pds_evt_send      peer_data_storage.o
    0x000257d0   0x00000004   Code   RO         2809    i.pds_next_deleted_peer_id_get  peer_data_storage.o
    0x000257d4   0x00000004   Code   RO         2810    i.pds_next_peer_id_get  peer_data_storage.o
    0x000257d8   0x00000050   Code   RO         2813    i.pds_peer_data_iterate  peer_data_storage.o
    0x00025828   0x00000010   Code   RO         2814    i.pds_peer_data_iterate_prepare  peer_data_storage.o
    0x00025838   0x00000068   Code   RO         2815    i.pds_peer_data_read  peer_data_storage.o
    0x000258a0   0x000000a0   Code   RO         2816    i.pds_peer_data_store  peer_data_storage.o
    0x00025940   0x00000008   Code   RO         2817    i.pds_peer_id_allocate  peer_data_storage.o
    0x00025948   0x00000016   Code   RO         2818    i.pds_peer_id_free  peer_data_storage.o
    0x0002595e   0x00000004   Code   RO         2819    i.pds_peer_id_is_allocated  peer_data_storage.o
    0x00025962   0x0000002e   Code   RO         2820    i.pds_space_reserve  peer_data_storage.o
    0x00025990   0x00000010   Code   RO         2821    i.pds_space_reserve_cancel  peer_data_storage.o
    0x000259a0   0x00000006   Code   RO         2964    i.peer_data_const_point_to_buffer  peer_database.o
    0x000259a6   0x00000002   PAD
    0x000259a8   0x00000080   Code   RO         2822    i.peer_data_delete  peer_data_storage.o
    0x00025a28   0x00000030   Code   RO         2823    i.peer_data_find    peer_data_storage.o
    0x00025a58   0x00000020   Code   RO         2824    i.peer_data_id_is_valid  peer_data_storage.o
    0x00025a78   0x0000001a   Code   RO         2965    i.peer_data_point_to_buffer  peer_database.o
    0x00025a92   0x00000002   PAD
    0x00025a94   0x0000000c   Code   RO         3114    i.peer_id_allocate  peer_id.o
    0x00025aa0   0x00000024   Code   RO         3115    i.peer_id_delete    peer_id.o
    0x00025ac4   0x0000001c   Code   RO         3116    i.peer_id_free      peer_id.o
    0x00025ae0   0x0000000c   Code   RO         3117    i.peer_id_get_next_deleted  peer_id.o
    0x00025aec   0x00000030   Code   RO         3118    i.peer_id_get_next_used  peer_id.o
    0x00025b1c   0x00000014   Code   RO         3120    i.peer_id_is_allocated  peer_id.o
    0x00025b30   0x00000014   Code   RO         3121    i.peer_id_is_deleted  peer_id.o
    0x00025b44   0x0000001c   Code   RO         2527    i.peer_id_set       id_manager.o
    0x00025b60   0x00000018   Code   RO         4331    i.pin_in_use_by_port  nrf_drv_gpiote.o
    0x00025b78   0x00000018   Code   RO         4332    i.pin_in_use_by_te  nrf_drv_gpiote.o
    0x00025b90   0x00000078   Code   RO         4564    i.pins_to_default   nrf_drv_uart.o
    0x00025c08   0x0000005c   Code   RO         3472    i.pm_buffer_block_acquire  pm_buffer.o
    0x00025c64   0x00000028   Code   RO         3474    i.pm_buffer_ptr_get  pm_buffer.o
    0x00025c8c   0x0000002e   Code   RO         3475    i.pm_buffer_release  pm_buffer.o
    0x00025cba   0x00000088   Code   RO         3208    i.pm_gcm_evt_handler  peer_manager.o
    0x00025d42   0x00000002   PAD
    0x00025d44   0x00000050   Code   RO         3211    i.pm_im_evt_handler  peer_manager.o
    0x00025d94   0x0000001a   Code   RO         3516    i.pm_mutex_lock     pm_mutex.o
    0x00025dae   0x00000036   Code   RO         3517    i.pm_mutex_lock_first_available  pm_mutex.o
    0x00025de4   0x00000018   Code   RO         3518    i.pm_mutex_lock_status_get  pm_mutex.o
    0x00025dfc   0x0000003a   Code   RO         3519    i.pm_mutex_unlock   pm_mutex.o
    0x00025e36   0x00000002   PAD
    0x00025e38   0x00000028   Code   RO         3216    i.pm_on_ble_evt     peer_manager.o
    0x00025e60   0x00000158   Code   RO         3217    i.pm_pdb_evt_handler  peer_manager.o
    0x00025fb8   0x00000014   Code   RO         3228    i.pm_peer_delete    peer_manager.o
    0x00025fcc   0x00000160   Code   RO         3239    i.pm_sm_evt_handler  peer_manager.o
    0x0002612c   0x00000154   Code   RO           21    i.print_slave_data  main.o
    0x00026280   0x00000034   Code   RO         1426    i.prvAddCurrentTaskToDelayedList  tasks.o
    0x000262b4   0x00000050   Code   RO         1747    i.prvCheckForValidListAndQueue  timers.o
    0x00026304   0x00000054   Code   RO         1427    i.prvCheckTasksWaitingTermination  tasks.o
    0x00026358   0x00000026   Code   RO         1250    i.prvCopyDataFromQueue  queue.o
    0x0002637e   0x0000006e   Code   RO         1251    i.prvCopyDataToQueue  queue.o
    0x000263ec   0x00000024   Code   RO         1428    i.prvGetExpectedIdleTime  tasks.o
    0x00026410   0x00000048   Code   RO         1429    i.prvIdleTask       tasks.o
    0x00026458   0x00000038   Code   RO         1748    i.prvInsertTimerInActiveList  timers.o
    0x00026490   0x000000a8   Code   RO         1749    i.prvProcessReceivedCommands  timers.o
    0x00026538   0x00000098   Code   RO         1750    i.prvProcessTimerOrBlockTask  timers.o
    0x000265d0   0x00000020   Code   RO         1430    i.prvResetNextTaskUnblockTime  tasks.o
    0x000265f0   0x00000028   Code   RO         1751    i.prvSampleTimeNow  timers.o
    0x00026618   0x00000058   Code   RO         1752    i.prvSwitchTimerLists  timers.o
    0x00026670   0x00000008   Code   RO         1101    i.prvTaskExitError  port_cmsis.o
    0x00026678   0x00000020   Code   RO         1431    i.prvTaskIsTaskSuspended  tasks.o
    0x00026698   0x00000024   Code   RO         1753    i.prvTimerTask      timers.o
    0x000266bc   0x00000064   Code   RO         1252    i.prvUnlockQueue    queue.o
    0x00026720   0x0000004c   Code   RO          986    i.pvPortMalloc      heap_1.o
    0x0002676c   0x00000018   Code   RO         1432    i.pvTaskIncrementMutexHeldCount  tasks.o
    0x00026784   0x00000012   Code   RO         1754    i.pvTimerGetTimerID  timers.o
    0x00026796   0x00000002   PAD
    0x00026798   0x0000002c   Code   RO         1102    i.pxPortInitialiseStack  port_cmsis.o
    0x000267c4   0x00000038   Code   RO         5348    i.queue_get_next_free  fstorage.o
    0x000267fc   0x000000bc   Code   RO         5068    i.queue_process     fds.o
    0x000268b8   0x00000070   Code   RO         5349    i.queue_process     fstorage.o
    0x00026928   0x00000020   Code   RO         5069    i.queue_start       fds.o
    0x00026948   0x0000001c   Code   RO         5350    i.queue_start       fstorage.o
    0x00026964   0x00000010   Code   RO         6167    i.ram_end_address_get  softdevice_handler.o
    0x00026974   0x00000088   Code   RO         5070    i.record_find       fds.o
    0x000269fc   0x0000009c   Code   RO         5071    i.record_find_by_desc  fds.o
    0x00026a98   0x0000004c   Code   RO         5072    i.record_find_next  fds.o
    0x00026ae4   0x00000024   Code   RO         5073    i.record_header_flag_dirty  fds.o
    0x00026b08   0x0000005c   Code   RO         5074    i.record_write_chunk  fds.o
    0x00026b64   0x00000038   Code   RO         3822    i.registered_handler_get  ble_db_discovery.o
    0x00026b9c   0x00000010   Code   RO         3123    i.release           peer_id.o
    0x00026bac   0x00000032   Code   RO         4565    i.rx_byte           nrf_drv_uart.o
    0x00026bde   0x000000dc   Code   RO         4040    i.rx_char_add       ble_nus.o
    0x00026cba   0x00000018   Code   RO         4566    i.rx_done_event     nrf_drv_uart.o
    0x00026cd2   0x00000020   Code   RO         4567    i.rx_enable         nrf_drv_uart.o
    0x00026cf2   0x00000002   PAD
    0x00026cf4   0x0000004c   Code   RO           22    i.scan_start        main.o
    0x00026d40   0x00000070   Code   RO         6169    i.sd_nvic_EnableIRQ  softdevice_handler.o
    0x00026db0   0x00000044   Code   RO         5525    i.sdk_mapped_flags_bulk_update_by_key  sdk_mapped_flags.o
    0x00026df4   0x00000022   Code   RO         5526    i.sdk_mapped_flags_first_key_index_get  sdk_mapped_flags.o
    0x00026e16   0x00000010   Code   RO         5527    i.sdk_mapped_flags_get_by_index  sdk_mapped_flags.o
    0x00026e26   0x00000026   Code   RO         5528    i.sdk_mapped_flags_get_by_key  sdk_mapped_flags.o
    0x00026e4c   0x0000004a   Code   RO         5529    i.sdk_mapped_flags_key_list_get  sdk_mapped_flags.o
    0x00026e96   0x0000001e   Code   RO         5530    i.sdk_mapped_flags_n_flags_set  sdk_mapped_flags.o
    0x00026eb4   0x0000000e   Code   RO         5531    i.sdk_mapped_flags_update_by_key  sdk_mapped_flags.o
    0x00026ec2   0x000000b2   Code   RO         3576    i.sec_info_request_process  security_dispatcher.o
    0x00026f74   0x00000054   Code   RO         3577    i.sec_proc_start    security_dispatcher.o
    0x00026fc8   0x00000020   Code   RO         3578    i.sec_start_send    security_dispatcher.o
    0x00026fe8   0x000000b4   Code   RO           23    i.send_data         main.o
    0x0002709c   0x0000004c   Code   RO         5351    i.send_event        fstorage.o
    0x000270e8   0x0000000c   Code   RO         5783    i.serial_is_busy    nrf_log_backend_serial.o
    0x000270f4   0x00000050   Code   RO         5784    i.serial_tx         nrf_log_backend_serial.o
    0x00027144   0x00000058   Code   RO         2309    i.service_changed_pending_flags_check  gatt_cache_manager.o
    0x0002719c   0x00000044   Code   RO         2424    i.service_changed_pending_set  gatts_cache_manager.o
    0x000271e0   0x00000094   Code   RO         2310    i.service_changed_send_in_evt  gatt_cache_manager.o
    0x00027274   0x00000088   Code   RO         1868    i.service_data_encode  ble_advdata.o
    0x000272fc   0x00000048   Code   RO         1953    i.set_adv_mode_fast  ble_advertising.o
    0x00027344   0x00000044   Code   RO         1954    i.set_adv_mode_slow  ble_advertising.o
    0x00027388   0x00000028   Code   RO           24    i.sleep_mode_enter  main.o
    0x000273b0   0x00000018   Code   RO         3690    i.sm_ble_evt_handler  security_manager.o
    0x000273c8   0x00000038   Code   RO         3695    i.sm_pdb_evt_handler  security_manager.o
    0x00027400   0x00000078   Code   RO         3698    i.sm_smd_evt_handler  security_manager.o
    0x00027478   0x000000ec   Code   RO         3579    i.smd_ble_evt_handler  security_dispatcher.o
    0x00027564   0x00000030   Code   RO         3581    i.smd_link_secure   security_dispatcher.o
    0x00027594   0x0000010c   Code   RO         3582    i.smd_params_reply  security_dispatcher.o
    0x000276a0   0x00000088   Code   RO         3699    i.smd_params_reply_perform  security_manager.o
    0x00027728   0x00000034   Code   RO         3583    i.smd_pdb_evt_handler  security_dispatcher.o
    0x0002775c   0x00000014   Code   RO         6170    i.softdevice_ble_evt_handler_set  softdevice_handler.o
    0x00027770   0x000000e0   Code   RO         6171    i.softdevice_enable  softdevice_handler.o
    0x00027850   0x00000026   Code   RO         6172    i.softdevice_enable_get_default_config  softdevice_handler.o
    0x00027876   0x00000004   Code   RO         6173    i.softdevice_fault_handler  softdevice_handler.o
    0x0002787a   0x00000002   PAD
    0x0002787c   0x00000064   Code   RO         6174    i.softdevice_handler_init  softdevice_handler.o
    0x000278e0   0x0000000c   Code   RO         6175    i.softdevice_handler_is_enabled  softdevice_handler.o
    0x000278ec   0x00000034   Code   RO         5785    i.timestamp_process  nrf_log_backend_serial.o
    0x00027920   0x00000020   Code   RO         4568    i.tx_byte           nrf_drv_uart.o
    0x00027940   0x000000a0   Code   RO         4041    i.tx_char_add       ble_nus.o
    0x000279e0   0x0000001c   Code   RO         4569    i.tx_done_event     nrf_drv_uart.o
    0x000279fc   0x00000016   Code   RO           25    i.uart_event_handle  main.o
    0x00027a12   0x00000002   PAD
    0x00027a14   0x000000a0   Code   RO         5694    i.uart_event_handler  app_uart_fifo.o
    0x00027ab4   0x00000010   Code   RO         5786    i.uart_event_handler  nrf_log_backend_serial.o
    0x00027ac4   0x0000011e   Code   RO         4570    i.uart_irq_handler  nrf_drv_uart.o
    0x00027be2   0x00000008   Code   RO           26    i.uart_stack_thread  main.o
    0x00027bea   0x000000f0   Code   RO         4571    i.uarte_irq_handler  nrf_drv_uart.o
    0x00027cda   0x0000000a   Code   RO         1869    i.uint16_encode     ble_advdata.o
    0x00027ce4   0x0000000c   Code   RO         1253    i.ulPortRaiseBASEPRI  queue.o
    0x00027cf0   0x00000060   Code   RO         2041    i.update_timeout_handler  ble_conn_params.o
    0x00027d50   0x00000018   Code   RO         2118    i.user_flag_is_acquired  ble_conn_state.o
    0x00027d68   0x00000030   Code   RO         1870    i.uuid_list_encode  ble_advdata.o
    0x00027d98   0x0000009e   Code   RO         1871    i.uuid_list_sized_encode  ble_advdata.o
    0x00027e36   0x00000024   Code   RO         1031    i.uxListRemove      list.o
    0x00027e5a   0x00000002   PAD
    0x00027e5c   0x0000000c   Code   RO           27    i.vApplicationIdleHook  main.o
    0x00027e68   0x00000016   Code   RO         1032    i.vListInitialise   list.o
    0x00027e7e   0x00000006   Code   RO         1033    i.vListInitialiseItem  list.o
    0x00027e84   0x00000030   Code   RO         1034    i.vListInsert       list.o
    0x00027eb4   0x00000018   Code   RO         1035    i.vListInsertEnd    list.o
    0x00027ecc   0x00000014   Code   RO         1104    i.vPortEnterCritical  port_cmsis.o
    0x00027ee0   0x00000014   Code   RO         1105    i.vPortExitCritical  port_cmsis.o
    0x00027ef4   0x00000002   Code   RO          987    i.vPortFree         heap_1.o
    0x00027ef6   0x00000002   PAD
    0x00027ef8   0x00000038   Code   RO         1173    i.vPortSetupTimerInterrupt  port_cmsis_systick.o
    0x00027f30   0x000000fc   Code   RO         1174    i.vPortSuppressTicksAndSleep  port_cmsis_systick.o
    0x0002802c   0x00000028   Code   RO         1257    i.vQueueAddToRegistry  queue.o
    0x00028054   0x00000038   Code   RO         1260    i.vQueueWaitForMessageRestricted  queue.o
    0x0002808c   0x0000000c   Code   RO         1444    i.vTaskMissedYield  tasks.o
    0x00028098   0x00000050   Code   RO         1446    i.vTaskPlaceOnEventList  tasks.o
    0x000280e8   0x00000038   Code   RO         1447    i.vTaskPlaceOnEventListRestricted  tasks.o
    0x00028120   0x00000084   Code   RO         1449    i.vTaskPriorityInherit  tasks.o
    0x000281a4   0x00000070   Code   RO         1451    i.vTaskResume       tasks.o
    0x00028214   0x00000010   Code   RO         1452    i.vTaskSetTimeOutState  tasks.o
    0x00028224   0x00000050   Code   RO         1453    i.vTaskStartScheduler  tasks.o
    0x00028274   0x00000010   Code   RO         1454    i.vTaskStepTick     tasks.o
    0x00028284   0x000000a0   Code   RO         1455    i.vTaskSuspend      tasks.o
    0x00028324   0x00000010   Code   RO         1456    i.vTaskSuspendAll   tasks.o
    0x00028334   0x00000044   Code   RO         1457    i.vTaskSwitchContext  tasks.o
    0x00028378   0x00000024   Code   RO         2966    i.write_buf_length_words_set  peer_database.o
    0x0002839c   0x00000024   Code   RO         2967    i.write_buffer_record_find  peer_database.o
    0x000283c0   0x0000002c   Code   RO         2968    i.write_buffer_record_find_next  peer_database.o
    0x000283ec   0x0000001e   Code   RO         2969    i.write_buffer_record_invalidate  peer_database.o
    0x0002840a   0x00000002   PAD
    0x0002840c   0x0000002c   Code   RO         2970    i.write_buffer_record_release  peer_database.o
    0x00028438   0x00000124   Code   RO         5075    i.write_enqueue     fds.o
    0x0002855c   0x000000e8   Code   RO         5076    i.write_execute     fds.o
    0x00028644   0x00000014   Code   RO         5077    i.write_space_free  fds.o
    0x00028658   0x00000054   Code   RO         5078    i.write_space_reserve  fds.o
    0x000286ac   0x0000004c   Code   RO         1106    i.xPortStartScheduler  port_cmsis.o
    0x000286f8   0x00000044   Code   RO         1262    i.xQueueCreateMutex  queue.o
    0x0002873c   0x0000003c   Code   RO         1263    i.xQueueGenericCreate  queue.o
    0x00028778   0x00000128   Code   RO         1264    i.xQueueGenericReceive  queue.o
    0x000288a0   0x00000070   Code   RO         1265    i.xQueueGenericReset  queue.o
    0x00028910   0x000000fc   Code   RO         1266    i.xQueueGenericSend  queue.o
    0x00028a0c   0x00000060   Code   RO         1267    i.xQueueGenericSendFromISR  queue.o
    0x00028a6c   0x00000050   Code   RO         1268    i.xQueueGiveFromISR  queue.o
    0x00028abc   0x00000048   Code   RO         1458    i.xTaskCheckForTimeOut  tasks.o
    0x00028b04   0x0000017c   Code   RO         1459    i.xTaskGenericCreate  tasks.o
    0x00028c80   0x0000001c   Code   RO         1463    i.xTaskGetSchedulerState  tasks.o
    0x00028c9c   0x0000000c   Code   RO         1464    i.xTaskGetTickCount  tasks.o
    0x00028ca8   0x0000000c   Code   RO         1465    i.xTaskGetTickCountFromISR  tasks.o
    0x00028cb4   0x000000a0   Code   RO         1466    i.xTaskIncrementTick  tasks.o
    0x00028d54   0x00000070   Code   RO         1469    i.xTaskPriorityDisinherit  tasks.o
    0x00028dc4   0x0000006c   Code   RO         1470    i.xTaskRemoveFromEventList  tasks.o
    0x00028e30   0x000000b0   Code   RO         1472    i.xTaskResumeAll    tasks.o
    0x00028ee0   0x0000003c   Code   RO         1756    i.xTimerCreate      timers.o
    0x00028f1c   0x00000044   Code   RO         1757    i.xTimerCreateTimerTask  timers.o
    0x00028f60   0x00000050   Code   RO         1758    i.xTimerGenericCommand  timers.o
    0x00028fb0   0x0000001a   Code   RO         1760    i.xTimerIsTimerActive  timers.o
    0x00028fca   0x00000002   PAD
    0x00028fcc   0x00000030   Data   RO           29    .constdata          main.o
    0x00028ffc   0x00000008   Data   RO          487    .constdata          boards.o
    0x00029004   0x0000002c   Data   RO          613    .constdata          bsp.o
    0x00029030   0x00000004   Data   RO         1107    .constdata          port_cmsis.o
    0x00029034   0x00000004   Data   RO         2044    .constdata          ble_conn_params.o
    0x00029038   0x00000004   Data   RO         2425    .constdata          gatts_cache_manager.o
    0x0002903c   0x00000010   Data   RO         2426    .constdata          gatts_cache_manager.o
    0x0002904c   0x00000004   Data   RO         2427    .constdata          gatts_cache_manager.o
    0x00029050   0x00000008   Data   RO         2530    .constdata          id_manager.o
    0x00029058   0x00000004   Data   RO         2826    .constdata          peer_data_storage.o
    0x0002905c   0x00000014   Data   RO         2972    .constdata          peer_database.o
    0x00029070   0x00000044   Data   RO         3585    .constdata          security_dispatcher.o
    0x000290b4   0x00000004   Data   RO         3700    .constdata          security_manager.o
    0x000290b8   0x00000028   Data   RO         3973    .constdata          ble_nus_c.o
    0x000290e0   0x00000010   Data   RO         4042    .constdata          ble_nus.o
    0x000290f0   0x00000004   Data   RO         4334    .constdata          nrf_drv_gpiote.o
    0x000290f4   0x00000008   Data   RO         4776    .constdata          app_button.o
    0x000290fc   0x00000014   Data   RO         5080    .constdata          fds.o
    0x00029110   0x00000020   Data   RO         5696    .constdata          app_uart_fifo.o
    0x00029130   0x00000020   Data   RO         5789    .constdata          nrf_log_backend_serial.o
    0x00029150   0x00000024   Data   RO         5897    .constdata          nrf_log_frontend.o
    0x00029174   0x00000081   Data   RO         6354    .constdata          mc_w.l(ctype_o.o)
    0x000291f5   0x00000003   PAD
    0x000291f8   0x00000004   Data   RO         6355    .constdata          mc_w.l(ctype_o.o)
    0x000291fc   0x000000dc   Data   RO           30    .conststring        main.o
    0x000292d8   0x000000c1   Data   RO         3824    .conststring        ble_db_discovery.o
    0x00029399   0x00000003   PAD
    0x0002939c   0x0000000b   Data   RO         5898    .conststring        nrf_log_frontend.o
    0x000293a7   0x00000001   PAD
    0x000293a8   0x00000042   Data   RO         6181    .conststring        softdevice_handler.o
    0x000293ea   0x00000002   PAD
    0x000293ec   0x00000020   Data   RO         6698    Region$$Table       anon$$obj.o


    Execution Region RW_IRAM1 (Base: 0x20002128, Size: 0x00007450, Max: 0x0000ded8, ABSOLUTE, COMPRESSED[0x00000034])

    Base Addr    Size         Type   Attr      Idx    E Section Name        Object

    0x20002128   0x00000020   Data   RW           31    .data               main.o
    0x20002148   0x00000014   Data   RW          614    .data               bsp.o
    0x2000215c   0x00000008   Data   RW          724    .data               bsp_btn_ble.o
    0x20002164   0x00000008   Data   RW          991    .data               heap_1.o
    0x2000216c   0x00000004   Data   RW         1108    .data               port_cmsis.o
    0x20002170   0x0000003c   Data   RW         1475    .data               tasks.o
    0x200021ac   0x00000014   Data   RW         1764    .data               timers.o
    0x200021c0   0x0000001f   Data   RW         1956    .data               ble_advertising.o
    0x200021df   0x00000001   PAD
    0x200021e0   0x00000014   Data   RW         2045    .data               ble_conn_params.o
    0x200021f4   0x0000000c   Data   RW         2311    .data               gatt_cache_manager.o
    0x20002200   0x0000000c   Data   RW         2428    .data               gatts_cache_manager.o
    0x2000220c   0x00000003   Data   RW         2531    .data               id_manager.o
    0x2000220f   0x00000001   PAD
    0x20002210   0x0000000c   Data   RW         2827    .data               peer_data_storage.o
    0x2000221c   0x00000008   Data   RW         2973    .data               peer_database.o
    0x20002224   0x00000010   Data   RW         3244    .data               peer_manager.o
    0x20002234   0x00000004   Data   RW         3586    .data               security_dispatcher.o
    0x20002238   0x00000015   Data   RW         3701    .data               security_manager.o
    0x2000224d   0x00000003   PAD
    0x20002250   0x00000010   Data   RW         3825    .data               ble_db_discovery.o
    0x20002260   0x00000014   Data   RW         4777    .data               app_button.o
    0x20002274   0x00000004   Data   RW         4907    .data               app_timer_freertos.o
    0x20002278   0x00000018   Data   RW         5081    .data               fds.o
    0x20002290   0x00000002   Data   RW         5353    .data               fstorage.o
    0x20002292   0x00000002   PAD
    0x20002294   0x00000010   Data   RW         5697    .data               app_uart_fifo.o
    0x200022a4   0x0000000c   Data   RW         5790    .data               nrf_log_backend_serial.o
    0x200022b0   0x00000004   Data   RW         5899    .data               nrf_log_frontend.o
    0x200022b4   0x00000014   Data   RW         6182    .data               softdevice_handler.o
    0x200022c8   0x00000004   Data   RW         6319    .data               system_nrf52.o
    0x200022cc   0x00000010   Data   RW         5082    fs_data             fds.o
    0x200022dc   0x00001765   Zero   RW           28    .bss                main.o
    0x20003a41   0x00000003   PAD
    0x20003a44   0x00000020   Zero   RW          609    .bss                bsp.o
    0x20003a64   0x00000020   Zero   RW          610    .bss                bsp.o
    0x20003a84   0x0000000c   Zero   RW          611    .bss                bsp.o
    0x20003a90   0x00000020   Zero   RW          612    .bss                bsp.o
    0x20003ab0   0x00004000   Zero   RW          990    .bss                heap_1.o
    0x20007ab0   0x00000010   Zero   RW         1275    .bss                queue.o
    0x20007ac0   0x000000a0   Zero   RW         1474    .bss                tasks.o
    0x20007b60   0x00000028   Zero   RW         1763    .bss                timers.o
    0x20007b88   0x000000b3   Zero   RW         1955    .bss                ble_advertising.o
    0x20007c3b   0x00000001   PAD
    0x20007c3c   0x00000020   Zero   RW         2042    .bss                ble_conn_params.o
    0x20007c5c   0x0000001c   Zero   RW         2043    .bss                ble_conn_params.o
    0x20007c78   0x00000034   Zero   RW         2119    .bss                ble_conn_state.o
    0x20007cac   0x00000070   Zero   RW         2529    .bss                id_manager.o
    0x20007d1c   0x00000330   Zero   RW         2971    .bss                peer_database.o
    0x2000804c   0x00000040   Zero   RW         3124    .bss                peer_id.o
    0x2000808c   0x0000000c   Zero   RW         3242    .bss                peer_manager.o
    0x20008098   0x00000040   Zero   RW         3584    .bss                security_dispatcher.o
    0x200080d8   0x000002a0   Zero   RW         3823    .bss                ble_db_discovery.o
    0x20008378   0x00000014   Zero   RW         4110    .bss                nrf_drv_clock.o
    0x2000838c   0x00000058   Zero   RW         4333    .bss                nrf_drv_gpiote.o
    0x200083e4   0x00000020   Zero   RW         4572    .bss                nrf_drv_uart.o
    0x20008404   0x00000020   Zero   RW         4775    .bss                app_button.o
    0x20008424   0x0000000c   Zero   RW         4961    .bss                app_util_platform.o
    0x20008430   0x0000011c   Zero   RW         5079    .bss                fds.o
    0x2000854c   0x00000068   Zero   RW         5352    .bss                fstorage.o
    0x200085b4   0x00000020   Zero   RW         5695    .bss                app_uart_fifo.o
    0x200085d4   0x00000100   Zero   RW         5787    .bss                nrf_log_backend_serial.o
    0x200086d4   0x00000418   Zero   RW         5896    .bss                nrf_log_frontend.o
    0x20008aec   0x00000288   Zero   RW         6030    .bss                segger_rtt.o
    0x20008d74   0x00000004   PAD
    0x20008d78   0x00000800   Zero   RW         6307    STACK               arm_startup_nrf52.o

