Component: ARM Compiler 5.06 update 2 (build 183) Tool: armlink [4d35b7]

==============================================================================

Section Cross References

    main.o(i.advertising_init) refers to memseta.o(.text) for __aeabi_memclr4
    main.o(i.advertising_init) refers to app_error.o(i.app_error_handler_bare) for app_error_handler_bare
    main.o(i.advertising_init) refers to main.o(.data) for .data
    main.o(i.advertising_init) refers to main.o(i.on_adv_evt) for on_adv_evt
    main.o(i.assert_nrf_callback) refers to app_error.o(i.app_error_handler) for app_error_handler
    main.o(i.ble_evt_dispatch) refers to main.o(i.on_ble_evt) for on_ble_evt
    main.o(i.ble_evt_dispatch) refers to bsp_btn_ble.o(i.bsp_btn_ble_on_ble_evt) for bsp_btn_ble_on_ble_evt
    main.o(i.ble_evt_dispatch) refers to ble_db_discovery.o(i.ble_db_discovery_on_ble_evt) for ble_db_discovery_on_ble_evt
    main.o(i.ble_evt_dispatch) refers to ble_nus_c.o(i.ble_nus_c_on_ble_evt) for ble_nus_c_on_ble_evt
    main.o(i.ble_evt_dispatch) refers to main.o(.bss) for .bss
    main.o(i.ble_new_event_handler) refers to queue.o(i.xQueueGiveFromISR) for xQueueGiveFromISR
    main.o(i.ble_new_event_handler) refers to main.o(.data) for .data
    main.o(i.ble_nus_c_evt_handler) refers to nrf_log_frontend.o(i.nrf_log_frontend_std_0) for nrf_log_frontend_std_0
    main.o(i.ble_nus_c_evt_handler) refers to main.o(i.scan_start) for scan_start
    main.o(i.ble_nus_c_evt_handler) refers to ble_nus_c.o(i.ble_nus_c_handles_assign) for ble_nus_c_handles_assign
    main.o(i.ble_nus_c_evt_handler) refers to app_error.o(i.app_error_handler_bare) for app_error_handler_bare
    main.o(i.ble_nus_c_evt_handler) refers to ble_nus_c.o(i.ble_nus_c_rx_notif_enable) for ble_nus_c_rx_notif_enable
    main.o(i.ble_nus_c_evt_handler) refers to bsp.o(i.bsp_indication_set) for bsp_indication_set
    main.o(i.ble_nus_c_evt_handler) refers to main.o(i.send_data) for send_data
    main.o(i.ble_nus_c_evt_handler) refers to main.o(i.print_slave_data) for print_slave_data
    main.o(i.ble_nus_c_evt_handler) refers to main.o(.data) for .data
    main.o(i.ble_nus_c_evt_handler) refers to main.o(.bss) for .bss
    main.o(i.ble_stack_init) refers to softdevice_handler.o(i.softdevice_handler_init) for softdevice_handler_init
    main.o(i.ble_stack_init) refers to app_error.o(i.app_error_handler_bare) for app_error_handler_bare
    main.o(i.ble_stack_init) refers to softdevice_handler.o(i.softdevice_enable_get_default_config) for softdevice_enable_get_default_config
    main.o(i.ble_stack_init) refers to nrf_log_frontend.o(i.nrf_log_frontend_dequeue) for nrf_log_frontend_dequeue
    main.o(i.ble_stack_init) refers to softdevice_handler.o(i.softdevice_enable) for softdevice_enable
    main.o(i.ble_stack_init) refers to softdevice_handler.o(i.softdevice_ble_evt_handler_set) for softdevice_ble_evt_handler_set
    main.o(i.ble_stack_init) refers to main.o(.constdata) for .constdata
    main.o(i.ble_stack_init) refers to main.o(i.ble_new_event_handler) for ble_new_event_handler
    main.o(i.ble_stack_init) refers to main.o(.bss) for .bss
    main.o(i.ble_stack_init) refers to main.o(i.ble_evt_dispatch) for ble_evt_dispatch
    main.o(i.ble_stack_thread) refers to app_timer_freertos.o(i.app_timer_init) for app_timer_init
    main.o(i.ble_stack_thread) refers to app_error.o(i.app_error_handler_bare) for app_error_handler_bare
    main.o(i.ble_stack_thread) refers to memcpya.o(.text) for __aeabi_memcpy4
    main.o(i.ble_stack_thread) refers to app_uart_fifo.o(i.app_uart_init) for app_uart_init
    main.o(i.ble_stack_thread) refers to nrf_log_frontend.o(i.nrf_log_init) for nrf_log_init
    main.o(i.ble_stack_thread) refers to bsp.o(i.bsp_init) for bsp_init
    main.o(i.ble_stack_thread) refers to bsp_btn_ble.o(i.bsp_btn_ble_init) for bsp_btn_ble_init
    main.o(i.ble_stack_thread) refers to ble_db_discovery.o(i.ble_db_discovery_init) for ble_db_discovery_init
    main.o(i.ble_stack_thread) refers to main.o(i.ble_stack_init) for ble_stack_init
    main.o(i.ble_stack_thread) refers to ble_nus_c.o(i.ble_nus_c_init) for ble_nus_c_init
    main.o(i.ble_stack_thread) refers to main.o(i.advertising_init) for advertising_init
    main.o(i.ble_stack_thread) refers to main.o(i.scan_start) for scan_start
    main.o(i.ble_stack_thread) refers to queue.o(i.xQueueGenericReceive) for xQueueGenericReceive
    main.o(i.ble_stack_thread) refers to softdevice_handler.o(i.intern_softdevice_events_execute) for intern_softdevice_events_execute
    main.o(i.ble_stack_thread) refers to main.o(.bss) for .bss
    main.o(i.ble_stack_thread) refers to main.o(.constdata) for .constdata
    main.o(i.ble_stack_thread) refers to main.o(i.uart_event_handle) for uart_event_handle
    main.o(i.ble_stack_thread) refers to main.o(i.bsp_event_handler) for bsp_event_handler
    main.o(i.ble_stack_thread) refers to main.o(i.db_disc_handler) for db_disc_handler
[...]
    nrf_log_frontend.o(i.nrf_log_frontend_std_0) refers to nrf_log_frontend.o(.constdata) for .constdata
    nrf_log_frontend.o(i.nrf_log_frontend_std_1) refers to nrf_log_frontend.o(i.buf_prealloc) for buf_prealloc
    nrf_log_frontend.o(i.nrf_log_frontend_std_1) refers to nrf_log_frontend.o(.bss) for .bss
    nrf_log_frontend.o(i.nrf_log_frontend_std_1) refers to nrf_log_frontend.o(.constdata) for .constdata
    nrf_log_frontend.o(i.nrf_log_frontend_std_2) refers to nrf_log_frontend.o(i.buf_prealloc) for buf_prealloc
    nrf_log_frontend.o(i.nrf_log_frontend_std_2) refers to nrf_log_frontend.o(.bss) for .bss
    nrf_log_frontend.o(i.nrf_log_frontend_std_2) refers to nrf_log_frontend.o(.constdata) for .constdata
    nrf_log_frontend.o(i.nrf_log_frontend_std_3) refers to nrf_log_frontend.o(i.buf_prealloc) for buf_prealloc
    nrf_log_frontend.o(i.nrf_log_frontend_std_3) refers to nrf_log_frontend.o(.bss) for .bss
    nrf_log_frontend.o(i.nrf_log_frontend_std_3) refers to nrf_log_frontend.o(.constdata) for .constdata
    nrf_log_frontend.o(i.nrf_log_frontend_std_4) refers to nrf_log_frontend.o(i.buf_prealloc) for buf_prealloc
    nrf_log_frontend.o(i.nrf_log_frontend_std_4) refers to nrf_log_frontend.o(.bss) for .bss
    nrf_log_frontend.o(i.nrf_log_frontend_std_4) refers to nrf_log_frontend.o(.constdata) for .constdata
    nrf_log_frontend.o(i.nrf_log_frontend_std_5) refers to nrf_log_frontend.o(i.buf_prealloc) for buf_prealloc
    nrf_log_frontend.o(i.nrf_log_frontend_std_5) refers to nrf_log_frontend.o(.bss) for .bss
    nrf_log_frontend.o(i.nrf_log_frontend_std_5) refers to nrf_log_frontend.o(.constdata) for .constdata
    nrf_log_frontend.o(i.nrf_log_frontend_std_6) refers to nrf_log_frontend.o(i.buf_prealloc) for buf_prealloc
    nrf_log_frontend.o(i.nrf_log_frontend_std_6) refers to nrf_log_frontend.o(.bss) for .bss
    nrf_log_frontend.o(i.nrf_log_frontend_std_6) refers to nrf_log_frontend.o(.constdata) for .constdata
    nrf_log_frontend.o(i.nrf_log_getchar) refers to nrf_log_backend_serial.o(i.nrf_log_backend_getchar) for nrf_log_backend_getchar
    nrf_log_frontend.o(i.nrf_log_handlers_set) refers to nrf_log_frontend.o(.bss) for .bss
    nrf_log_frontend.o(i.nrf_log_init) refers to nrf_log_backend_serial.o(i.nrf_log_backend_init) for nrf_log_backend_init
    nrf_log_frontend.o(i.nrf_log_init) refers to nrf_log_backend_serial.o(i.nrf_log_backend_hexdump_handler_get) for nrf_log_backend_hexdump_handler_get
    nrf_log_frontend.o(i.nrf_log_init) refers to nrf_log_backend_serial.o(i.nrf_log_backend_std_handler_get) for nrf_log_backend_std_handler_get
    nrf_log_frontend.o(i.nrf_log_init) refers to nrf_log_frontend.o(i.nrf_log_frontend_init) for nrf_log_frontend_init
    nrf_log_frontend.o(i.nrf_log_push) refers to strlen.o(.text) for strlen
    nrf_log_frontend.o(i.nrf_log_push) refers to nrf_log_frontend.o(i.cont_buf_prealloc) for cont_buf_prealloc
    nrf_log_frontend.o(i.nrf_log_push) refers to memcpya.o(.text) for __aeabi_memcpy
    nrf_log_frontend.o(i.nrf_log_push) refers to nrf_log_frontend.o(.bss) for .bss
    nrf_log_frontend.o(.data) refers to nrf_log_frontend.o(.conststring) for .conststring
    segger_rtt.o(i.SEGGER_RTT_ConfigDownBuffer) refers to segger_rtt.o(i._DoInit) for _DoInit
    segger_rtt.o(i.SEGGER_RTT_ConfigDownBuffer) refers to app_util_platform.o(i.app_util_critical_region_enter) for app_util_critical_region_enter
    segger_rtt.o(i.SEGGER_RTT_ConfigDownBuffer) refers to app_util_platform.o(i.app_util_critical_region_exit) for app_util_critical_region_exit
    segger_rtt.o(i.SEGGER_RTT_ConfigDownBuffer) refers to segger_rtt.o(.bss) for .bss
    segger_rtt.o(i.SEGGER_RTT_ConfigUpBuffer) refers to segger_rtt.o(i._DoInit) for _DoInit
    segger_rtt.o(i.SEGGER_RTT_ConfigUpBuffer) refers to app_util_platform.o(i.app_util_critical_region_enter) for app_util_critical_region_enter
    segger_rtt.o(i.SEGGER_RTT_ConfigUpBuffer) refers to app_util_platform.o(i.app_util_critical_region_exit) for app_util_critical_region_exit
    segger_rtt.o(i.SEGGER_RTT_ConfigUpBuffer) refers to segger_rtt.o(.bss) for .bss
    segger_rtt.o(i.SEGGER_RTT_GetKey) refers to segger_rtt.o(i.SEGGER_RTT_Read) for SEGGER_RTT_Read
    segger_rtt.o(i.SEGGER_RTT_HasData) refers to segger_rtt.o(.bss) for .bss
    segger_rtt.o(i.SEGGER_RTT_HasKey) refers to segger_rtt.o(i._DoInit) for _DoInit
    segger_rtt.o(i.SEGGER_RTT_HasKey) refers to segger_rtt.o(.bss) for .bss
    segger_rtt.o(i.SEGGER_RTT_Init) refers to segger_rtt.o(i._DoInit) for _DoInit
    segger_rtt.o(i.SEGGER_RTT_Init) refers to segger_rtt.o(.bss) for .bss
    segger_rtt.o(i.SEGGER_RTT_Read) refers to app_util_platform.o(i.app_util_critical_region_enter) for app_util_critical_region_enter
    segger_rtt.o(i.SEGGER_RTT_Read) refers to segger_rtt.o(i.SEGGER_RTT_ReadNoLock) for SEGGER_RTT_ReadNoLock
    segger_rtt.o(i.SEGGER_RTT_Read) refers to app_util_platform.o(i.app_util_critical_region_exit) for app_util_critical_region_exit
    segger_rtt.o(i.SEGGER_RTT_ReadNoLock) refers to segger_rtt.o(i._DoInit) for _DoInit
    segger_rtt.o(i.SEGGER_RTT_ReadNoLock) refers to memcpya.o(.text) for __aeabi_memcpy
    segger_rtt.o(i.SEGGER_RTT_ReadNoLock) refers to segger_rtt.o(.bss) for .bss
    segger_rtt.o(i.SEGGER_RTT_SetNameDownBuffer) refers to segger_rtt.o(i._DoInit) for _DoInit
    segger_rtt.o(i.SEGGER_RTT_SetNameDownBuffer) refers to app_util_platform.o(i.app_util_critical_region_enter) for app_util_critical_region_enter
    segger_rtt.o(i.SEGGER_RTT_SetNameDownBuffer) refers to app_util_platform.o(i.app_util_critical_region_exit) for app_util_critical_region_exit
    segger_rtt.o(i.SEGGER_RTT_SetNameDownBuffer) refers to segger_rtt.o(.bss) for .bss
    segger_rtt.o(i.SEGGER_RTT_SetNameUpBuffer) refers to segger_rtt.o(i._DoInit) for _DoInit
    segger_rtt.o(i.SEGGER_RTT_SetNameUpBuffer) refers to app_util_platform.o(i.app_util_critical_region_enter) for app_util_critical_region_enter
    segger_rtt.o(i.SEGGER_RTT_SetNameUpBuffer) refers to app_util_platform.o(i.app_util_critical_region_exit) for app_util_critical_region_exit
    segger_rtt.o(i.SEGGER_RTT_SetNameUpBuffer) refers to segger_rtt.o(.bss) for .bss
    segger_rtt.o(i.SEGGER_RTT_SetTerminal) refers to segger_rtt.o(i._DoInit) for _DoInit
    segger_rtt.o(i.SEGGER_RTT_SetTerminal) refers to app_util_platform.o(i.app_util_critical_region_enter) for app_util_critical_region_enter
    segger_rtt.o(i.SEGGER_RTT_SetTerminal) refers to segger_rtt.o(i._GetAvailWriteSpace) for _GetAvailWriteSpace
    segger_rtt.o(i.SEGGER_RTT_SetTerminal) refers to segger_rtt.o(i._WriteNoCheck) for _WriteNoCheck
    segger_rtt.o(i.SEGGER_RTT_SetTerminal) refers to segger_rtt.o(i._WriteBlocking) for _WriteBlocking
    segger_rtt.o(i.SEGGER_RTT_SetTerminal) refers to app_util_platform.o(i.app_util_critical_region_exit) for app_util_critical_region_exit
    segger_rtt.o(i.SEGGER_RTT_SetTerminal) refers to segger_rtt.o(.bss) for .bss
    segger_rtt.o(i.SEGGER_RTT_SetTerminal) refers to segger_rtt.o(.data) for .data
    segger_rtt.o(i.SEGGER_RTT_TerminalOut) refers to segger_rtt.o(i._DoInit) for _DoInit
    segger_rtt.o(i.SEGGER_RTT_TerminalOut) refers to strlen.o(.text) for strlen
    segger_rtt.o(i.SEGGER_RTT_TerminalOut) refers to app_util_platform.o(i.app_util_critical_region_enter) for app_util_critical_region_enter
    segger_rtt.o(i.SEGGER_RTT_TerminalOut) refers to segger_rtt.o(i._GetAvailWriteSpace) for _GetAvailWriteSpace
    segger_rtt.o(i.SEGGER_RTT_TerminalOut) refers to segger_rtt.o(i._PostTerminalSwitch) for _PostTerminalSwitch
    segger_rtt.o(i.SEGGER_RTT_TerminalOut) refers to segger_rtt.o(i._WriteBlocking) for _WriteBlocking
    segger_rtt.o(i.SEGGER_RTT_TerminalOut) refers to app_util_platform.o(i.app_util_critical_region_exit) for app_util_critical_region_exit
    segger_rtt.o(i.SEGGER_RTT_TerminalOut) refers to segger_rtt.o(.bss) for .bss
    segger_rtt.o(i.SEGGER_RTT_TerminalOut) refers to segger_rtt.o(.data) for .data
    segger_rtt.o(i.SEGGER_RTT_WaitKey) refers to segger_rtt.o(i.SEGGER_RTT_GetKey) for SEGGER_RTT_GetKey
    segger_rtt.o(i.SEGGER_RTT_Write) refers to segger_rtt.o(i._DoInit) for _DoInit
    segger_rtt.o(i.SEGGER_RTT_Write) refers to app_util_platform.o(i.app_util_critical_region_enter) for app_util_critical_region_enter
    segger_rtt.o(i.SEGGER_RTT_Write) refers to segger_rtt.o(i.SEGGER_RTT_WriteNoLock) for SEGGER_RTT_WriteNoLock
    segger_rtt.o(i.SEGGER_RTT_Write) refers to app_util_platform.o(i.app_util_critical_region_exit) for app_util_critical_region_exit
    segger_rtt.o(i.SEGGER_RTT_Write) refers to segger_rtt.o(.bss) for .bss
    segger_rtt.o(i.SEGGER_RTT_WriteNoLock) refers to segger_rtt.o(i._GetAvailWriteSpace) for _GetAvailWriteSpace
    segger_rtt.o(i.SEGGER_RTT_WriteNoLock) refers to segger_rtt.o(i._WriteNoCheck) for _WriteNoCheck
    segger_rtt.o(i.SEGGER_RTT_WriteNoLock) refers to segger_rtt.o(i._WriteBlocking) for _WriteBlocking
    segger_rtt.o(i.SEGGER_RTT_WriteNoLock) refers to segger_rtt.o(.bss) for .bss
    segger_rtt.o(i.SEGGER_RTT_WriteSkipNoLock) refers to memcpya.o(.text) for __aeabi_memcpy
    segger_rtt.o(i.SEGGER_RTT_WriteSkipNoLock) refers to segger_rtt.o(.bss) for .bss
    segger_rtt.o(i.SEGGER_RTT_WriteString) refers to strlen.o(.text) for strlen
    segger_rtt.o(i.SEGGER_RTT_WriteString) refers to segger_rtt.o(i.SEGGER_RTT_Write) for SEGGER_RTT_Write
    segger_rtt.o(i._DoInit) refers to strcpy.o(.text) for strcpy
    segger_rtt.o(i._DoInit) refers to segger_rtt.o(.bss) for .bss
    segger_rtt.o(i._PostTerminalSwitch) refers to segger_rtt.o(i._WriteBlocking) for _WriteBlocking
    segger_rtt.o(i._PostTerminalSwitch) refers to segger_rtt.o(.data) for .data
    segger_rtt.o(i._WriteBlocking) refers to memcpya.o(.text) for __aeabi_memcpy
    segger_rtt.o(i._WriteNoCheck) refers to memcpya.o(.text) for __aeabi_memcpy
    softdevice_handler.o(i.SWI2_EGU2_IRQHandler) refers to app_error.o(i.app_error_handler_bare) for app_error_handler_bare
    softdevice_handler.o(i.SWI2_EGU2_IRQHandler) refers to softdevice_handler.o(i.intern_softdevice_events_execute) for intern_softdevice_events_execute
    softdevice_handler.o(i.SWI2_EGU2_IRQHandler) refers to softdevice_handler.o(.data) for .data
    softdevice_handler.o(i.intern_softdevice_events_execute) refers to app_error.o(i.app_error_handler_bare) for app_error_handler_bare
    softdevice_handler.o(i.intern_softdevice_events_execute) refers to nrf_drv_clock.o(i.nrf_drv_clock_on_soc_event) for nrf_drv_clock_on_soc_event
    softdevice_handler.o(i.intern_softdevice_events_execute) refers to softdevice_handler.o(.data) for .data
    softdevice_handler.o(i.sd_check_ram_start) refers to nrf_log_frontend.o(i.nrf_log_frontend_std_2) for nrf_log_frontend_std_2
    softdevice_handler.o(i.sd_check_ram_start) refers to softdevice_handler.o(i.ram_end_address_get) for ram_end_address_get
    softdevice_handler.o(i.sd_check_ram_start) refers to nrf_log_frontend.o(i.nrf_log_frontend_std_1) for nrf_log_frontend_std_1
    softdevice_handler.o(i.sd_nvic_EnableIRQ) refers to softdevice_handler.o(i.__sd_nvic_app_accessible_irq) for __sd_nvic_app_accessible_irq
    softdevice_handler.o(i.sd_nvic_EnableIRQ) refers to softdevice_handler.o(i.NVIC_EnableIRQ) for NVIC_EnableIRQ
    softdevice_handler.o(i.sd_nvic_EnableIRQ) refers to app_util_platform.o(.bss) for nrf_nvic_state
    softdevice_handler.o(i.softdevice_ble_evt_handler_set) refers to softdevice_handler.o(.data) for .data
    softdevice_handler.o(i.softdevice_enable) refers to nrf_log_frontend.o(i.nrf_log_frontend_std_1) for nrf_log_frontend_std_1
    softdevice_handler.o(i.softdevice_enable) refers to softdevice_handler.o(i.ram_end_address_get) for ram_end_address_get
    softdevice_handler.o(i.softdevice_enable) refers to softdevice_handler.o(.conststring) for .conststring
    softdevice_handler.o(i.softdevice_enable_get_default_config) refers to memseta.o(.text) for __aeabi_memclr4
    softdevice_handler.o(i.softdevice_fault_handler) refers to app_error_weak.o(i.app_error_fault_handler) for app_error_fault_handler
    softdevice_handler.o(i.softdevice_handler_init) refers to softdevice_handler.o(i.NVIC_DisableIRQ) for NVIC_DisableIRQ
    softdevice_handler.o(i.softdevice_handler_init) refers to softdevice_handler.o(i.NVIC_EnableIRQ) for NVIC_EnableIRQ
    softdevice_handler.o(i.softdevice_handler_init) refers to nrf_drv_clock.o(i.nrf_drv_clock_on_sd_enable) for nrf_drv_clock_on_sd_enable
    softdevice_handler.o(i.softdevice_handler_init) refers to softdevice_handler.o(i.sd_nvic_EnableIRQ) for sd_nvic_EnableIRQ
    softdevice_handler.o(i.softdevice_handler_init) refers to softdevice_handler.o(.data) for .data
    softdevice_handler.o(i.softdevice_handler_init) refers to softdevice_handler.o(i.softdevice_fault_handler) for softdevice_fault_handler
    softdevice_handler.o(i.softdevice_handler_is_enabled) refers to softdevice_handler.o(.data) for .data
    softdevice_handler.o(i.softdevice_handler_is_suspended) refers to softdevice_handler.o(.data) for .data
    softdevice_handler.o(i.softdevice_handler_resume) refers to softdevice_handler.o(i.__sd_nvic_app_accessible_irq) for __sd_nvic_app_accessible_irq
    softdevice_handler.o(i.softdevice_handler_resume) refers to app_error.o(i.app_error_handler_bare) for app_error_handler_bare
    softdevice_handler.o(i.softdevice_handler_resume) refers to softdevice_handler.o(i.sd_nvic_EnableIRQ) for sd_nvic_EnableIRQ
    softdevice_handler.o(i.softdevice_handler_resume) refers to softdevice_handler.o(.data) for .data
    softdevice_handler.o(i.softdevice_handler_sd_disable) refers to nrf_drv_clock.o(i.nrf_drv_clock_on_sd_disable) for nrf_drv_clock_on_sd_disable
    softdevice_handler.o(i.softdevice_handler_sd_disable) refers to softdevice_handler.o(.data) for .data
    softdevice_handler.o(i.softdevice_handler_suspend) refers to softdevice_handler.o(i.__sd_nvic_app_accessible_irq) for __sd_nvic_app_accessible_irq
    softdevice_handler.o(i.softdevice_handler_suspend) refers to app_error.o(i.app_error_handler_bare) for app_error_handler_bare
    softdevice_handler.o(i.softdevice_handler_suspend) refers to softdevice_handler.o(i.NVIC_DisableIRQ) for NVIC_DisableIRQ
    softdevice_handler.o(i.softdevice_handler_suspend) refers to app_util_platform.o(.bss) for nrf_nvic_state
    softdevice_handler.o(i.softdevice_handler_suspend) refers to softdevice_handler.o(.data) for .data
    softdevice_handler.o(i.softdevice_sys_evt_handler_set) refers to softdevice_handler.o(.data) for .data
    arm_startup_nrf52.o(RESET) refers to arm_startup_nrf52.o(STACK) for __initial_sp
    arm_startup_nrf52.o(RESET) refers to arm_startup_nrf52.o(.text) for Reset_Handler
    arm_startup_nrf52.o(RESET) refers to port.o(.emb_text) for SVC_Handler
    arm_startup_nrf52.o(RESET) refers to nrf_drv_clock.o(i.POWER_CLOCK_IRQHandler) for POWER_CLOCK_IRQHandler
    arm_startup_nrf52.o(RESET) refers to nrf_drv_uart.o(i.UARTE0_UART0_IRQHandler) for UARTE0_UART0_IRQHandler
    arm_startup_nrf52.o(RESET) refers to nrf_drv_gpiote.o(i.GPIOTE_IRQHandler) for GPIOTE_IRQHandler
    arm_startup_nrf52.o(RESET) refers to port_cmsis_systick.o(i.RTC1_IRQHandler) for RTC1_IRQHandler
    arm_startup_nrf52.o(RESET) refers to softdevice_handler.o(i.SWI2_EGU2_IRQHandler) for SWI2_EGU2_IRQHandler
    arm_startup_nrf52.o(.text) refers to system_nrf52.o(i.SystemInit) for SystemInit
    arm_startup_nrf52.o(.text) refers to entry.o(.ARM.Collect$$$$00000000) for __main
    system_nrf52.o(i.SystemCoreClockUpdate) refers to system_nrf52.o(.data) for .data
    system_nrf52.o(i.SystemInit) refers to system_nrf52.o(.data) for .data
    entry.o(.ARM.Collect$$$$00000000) refers (Special) to entry10a.o(.ARM.Collect$$$$0000000D) for __rt_final_cpp
    entry.o(.ARM.Collect$$$$00000000) refers (Special) to entry11a.o(.ARM.Collect$$$$0000000F) for __rt_final_exit
    entry.o(.ARM.Collect$$$$00000000) refers (Special) to entry7b.o(.ARM.Collect$$$$00000008) for _main_clock
    entry.o(.ARM.Collect$$$$00000000) refers (Special) to entry8b.o(.ARM.Collect$$$$0000000A) for _main_cpp_init
    entry.o(.ARM.Collect$$$$00000000) refers (Special) to entry9a.o(.ARM.Collect$$$$0000000B) for _main_init
    entry.o(.ARM.Collect$$$$00000000) refers (Special) to entry5.o(.ARM.Collect$$$$00000004) for _main_scatterload
    entry.o(.ARM.Collect$$$$00000000) refers (Special) to entry2.o(.ARM.Collect$$$$00000001) for _main_stk
    ctype_o.o(.text) refers to ctype_o.o(.constdata) for .constdata
    ctype_o.o(.constdata) refers to ctype_o.o(.constdata) for __ctype_table
    isalnum_o.o(.text) refers to ctype_o.o(.text) for __rt_ctype_table
    isalpha_o.o(.text) refers to ctype_o.o(.text) for __rt_ctype_table
    isblank_o.o(.text) refers to ctype_o.o(.constdata) for __ctype_table
    iscntrl_o.o(.text) refers to ctype_o.o(.text) for __rt_ctype_table
    isdigit_o.o(.text) refers to ctype_o.o(.text) for __rt_ctype_table
    isgraph_o.o(.text) refers to ctype_o.o(.text) for __rt_ctype_table
    islower_o.o(.text) refers to ctype_o.o(.text) for __rt_ctype_table
    isprint_o.o(.text) refers to ctype_o.o(.text) for __rt_ctype_table
    ispunct_o.o(.text) refers to ctype_o.o(.text) for __rt_ctype_table
    isspace_o.o(.text) refers to ctype_o.o(.text) for __rt_ctype_table
    isupper_o.o(.text) refers to ctype_o.o(.text) for __rt_ctype_table
    isxdigit_o.o(.text) refers to ctype_o.o(.text) for __rt_ctype_table
    printfb.o(i.__0fprintf$bare) refers to printfb.o(i._printf_core) for _printf_core
    printfb.o(i.__0fprintf$bare) refers to fputc.o(i.fputc) for fputc
    printfb.o(i.__0printf$bare) refers to printfb.o(i._printf_core) for _printf_core
    printfb.o(i.__0printf$bare) refers to fputc.o(i.fputc) for fputc
    printfb.o(i.__0printf$bare) refers to stdout.o(.data) for __stdout
    printfb.o(i.__0snprintf$bare) refers to printfb.o(i._printf_core) for _printf_core
    printfb.o(i.__0snprintf$bare) refers to printfb.o(i._snputc) for _snputc
    printfb.o(i.__0sprintf$bare) refers to printfb.o(i._printf_core) for _printf_core
    printfb.o(i.__0sprintf$bare) refers to printfb.o(i._sputc) for _sputc
    printfb.o(i.__0vfprintf$bare) refers to printfb.o(i._printf_core) for _printf_core
    printfb.o(i.__0vfprintf$bare) refers to fputc.o(i.fputc) for fputc
    printfb.o(i.__0vprintf$bare) refers to printfb.o(i._printf_core) for _printf_core
    printfb.o(i.__0vprintf$bare) refers to fputc.o(i.fputc) for fputc
    printfb.o(i.__0vprintf$bare) refers to stdout.o(.data) for __stdout
    printfb.o(i.__0vsnprintf$bare) refers to printfb.o(i._printf_core) for _printf_core
    printfb.o(i.__0vsnprintf$bare) refers to printfb.o(i._snputc) for _snputc
    printfb.o(i.__0vsprintf$bare) refers to printfb.o(i._printf_core) for _printf_core
    printfb.o(i.__0vsprintf$bare) refers to printfb.o(i._sputc) for _sputc
    printf0.o(i.__0fprintf$0) refers to printf0.o(i._printf_core) for _printf_core
    printf0.o(i.__0fprintf$0) refers to fputc.o(i.fputc) for fputc
    printf0.o(i.__0printf$0) refers to printf0.o(i._printf_core) for _printf_core
    printf0.o(i.__0printf$0) refers to fputc.o(i.fputc) for fputc
    printf0.o(i.__0printf$0) refers to stdout.o(.data) for __stdout
    printf0.o(i.__0snprintf$0) refers to printf0.o(i._printf_core) for _printf_core
    printf0.o(i.__0snprintf$0) refers to printf0.o(i._snputc) for _snputc
    printf0.o(i.__0sprintf$0) refers to printf0.o(i._printf_core) for _printf_core
    printf0.o(i.__0sprintf$0) refers to printf0.o(i._sputc) for _sputc
    printf0.o(i.__0vfprintf$0) refers to printf0.o(i._printf_core) for _printf_core
    printf0.o(i.__0vfprintf$0) refers to fputc.o(i.fputc) for fputc
    printf0.o(i.__0vprintf$0) refers to printf0.o(i._printf_core) for _printf_core
    printf0.o(i.__0vprintf$0) refers to fputc.o(i.fputc) for fputc
    printf0.o(i.__0vprintf$0) refers to stdout.o(.data) for __stdout
    printf0.o(i.__0vsnprintf$0) refers to printf0.o(i._printf_core) for _printf_core
    printf0.o(i.__0vsnprintf$0) refers to printf0.o(i._snputc) for _snputc
    printf0.o(i.__0vsprintf$0) refers to printf0.o(i._printf_core) for _printf_core
    printf0.o(i.__0vsprintf$0) refers to printf0.o(i._sputc) for _sputc
    printf1.o(i.__0fprintf$1) refers to printf1.o(i._printf_core) for _printf_core
    printf1.o(i.__0fprintf$1) refers to fputc.o(i.fputc) for fputc
    printf1.o(i.__0printf$1) refers to printf1.o(i._printf_core) for _printf_core
    printf1.o(i.__0printf$1) refers to fputc.o(i.fputc) for fputc
    printf1.o(i.__0printf$1) refers to stdout.o(.data) for __stdout
    printf1.o(i.__0snprintf$1) refers to printf1.o(i._printf_core) for _printf_core
    printf1.o(i.__0snprintf$1) refers to printf1.o(i._snputc) for _snputc
    printf1.o(i.__0sprintf$1) refers to printf1.o(i._printf_core) for _printf_core
    printf1.o(i.__0sprintf$1) refers to printf1.o(i._sputc) for _sputc
    printf1.o(i.__0vfprintf$1) refers to printf1.o(i._printf_core) for _printf_core
    printf1.o(i.__0vfprintf$1) refers to fputc.o(i.fputc) for fputc
    printf1.o(i.__0vprintf$1) refers to printf1.o(i._printf_core) for _printf_core
    printf1.o(i.__0vprintf$1) refers to fputc.o(i.fputc) for fputc
    printf1.o(i.__0vprintf$1) refers to stdout.o(.data) for __stdout
    printf1.o(i.__0vsnprintf$1) refers to printf1.o(i._printf_core) for _printf_core
    printf1.o(i.__0vsnprintf$1) refers to printf1.o(i._snputc) for _snputc
    printf1.o(i.__0vsprintf$1) refers to printf1.o(i._printf_core) for _printf_core
    printf1.o(i.__0vsprintf$1) refers to printf1.o(i._sputc) for _sputc
    printf1.o(i._printf_core) refers to uidiv.o(.text) for __aeabi_uidivmod
    printf2.o(i.__0fprintf$2) refers to printf2.o(i._printf_core) for _printf_core
    printf2.o(i.__0fprintf$2) refers to fputc.o(i.fputc) for fputc
    printf2.o(i.__0printf$2) refers to printf2.o(i._printf_core) for _printf_core
    printf2.o(i.__0printf$2) refers to fputc.o(i.fputc) for fputc
    printf2.o(i.__0printf$2) refers to stdout.o(.data) for __stdout
    printf2.o(i.__0snprintf$2) refers to printf2.o(i._printf_core) for _printf_core
    printf2.o(i.__0snprintf$2) refers to printf2.o(i._snputc) for _snputc
    printf2.o(i.__0sprintf$2) refers to printf2.o(i._printf_core) for _printf_core
    printf2.o(i.__0sprintf$2) refers to printf2.o(i._sputc) for _sputc
    printf2.o(i.__0vfprintf$2) refers to printf2.o(i._printf_core) for _printf_core
    printf2.o(i.__0vfprintf$2) refers to fputc.o(i.fputc) for fputc
    printf2.o(i.__0vprintf$2) refers to printf2.o(i._printf_core) for _printf_core
    printf2.o(i.__0vprintf$2) refers to fputc.o(i.fputc) for fputc
    printf2.o(i.__0vprintf$2) refers to stdout.o(.data) for __stdout
    printf2.o(i.__0vsnprintf$2) refers to printf2.o(i._printf_core) for _printf_core
    printf2.o(i.__0vsnprintf$2) refers to printf2.o(i._snputc) for _snputc
    printf2.o(i.__0vsprintf$2) refers to printf2.o(i._printf_core) for _printf_core
    printf2.o(i.__0vsprintf$2) refers to printf2.o(i._sputc) for _sputc
    printf3.o(i.__0fprintf$3) refers to printf3.o(i._printf_core) for _printf_core
    printf3.o(i.__0fprintf$3) refers to fputc.o(i.fputc) for fputc
    printf3.o(i.__0printf$3) refers to printf3.o(i._printf_core) for _printf_core
    printf3.o(i.__0printf$3) refers to fputc.o(i.fputc) for fputc
    printf3.o(i.__0printf$3) refers to stdout.o(.data) for __stdout
    printf3.o(i.__0snprintf$3) refers to printf3.o(i._printf_core) for _printf_core
    printf3.o(i.__0snprintf$3) refers to printf3.o(i._snputc) for _snputc
    printf3.o(i.__0sprintf$3) refers to printf3.o(i._printf_core) for _printf_core
    printf3.o(i.__0sprintf$3) refers to printf3.o(i._sputc) for _sputc
    printf3.o(i.__0vfprintf$3) refers to printf3.o(i._printf_core) for _printf_core
    printf3.o(i.__0vfprintf$3) refers to fputc.o(i.fputc) for fputc
    printf3.o(i.__0vprintf$3) refers to printf3.o(i._printf_core) for _printf_core
    printf3.o(i.__0vprintf$3) refers to fputc.o(i.fputc) for fputc
    printf3.o(i.__0vprintf$3) refers to stdout.o(.data) for __stdout
    printf3.o(i.__0vsnprintf$3) refers to printf3.o(i._printf_core) for _printf_core
    printf3.o(i.__0vsnprintf$3) refers to printf3.o(i._snputc) for _snputc
    printf3.o(i.__0vsprintf$3) refers to printf3.o(i._printf_core) for _printf_core
    printf3.o(i.__0vsprintf$3) refers to printf3.o(i._sputc) for _sputc
    printf3.o(i._printf_core) refers to uidiv.o(.text) for __aeabi_uidivmod
    printf4.o(i.__0fprintf$4) refers to printf4.o(i._printf_core) for _printf_core
    printf4.o(i.__0fprintf$4) refers to fputc.o(i.fputc) for fputc
    printf4.o(i.__0printf$4) refers to printf4.o(i._printf_core) for _printf_core
    printf4.o(i.__0printf$4) refers to fputc.o(i.fputc) for fputc
    printf4.o(i.__0printf$4) refers to stdout.o(.data) for __stdout
    printf4.o(i.__0snprintf$4) refers to printf4.o(i._printf_core) for _printf_core
    printf4.o(i.__0snprintf$4) refers to printf4.o(i._snputc) for _snputc
    printf4.o(i.__0sprintf$4) refers to printf4.o(i._printf_core) for _printf_core
    printf4.o(i.__0sprintf$4) refers to printf4.o(i._sputc) for _sputc
    printf4.o(i.__0vfprintf$4) refers to printf4.o(i._printf_core) for _printf_core
    printf4.o(i.__0vfprintf$4) refers to fputc.o(i.fputc) for fputc
    printf4.o(i.__0vprintf$4) refers to printf4.o(i._printf_core) for _printf_core
    printf4.o(i.__0vprintf$4) refers to fputc.o(i.fputc) for fputc
    printf4.o(i.__0vprintf$4) refers to stdout.o(.data) for __stdout
    printf4.o(i.__0vsnprintf$4) refers to printf4.o(i._printf_core) for _printf_core
    printf4.o(i.__0vsnprintf$4) refers to printf4.o(i._snputc) for _snputc
    printf4.o(i.__0vsprintf$4) refers to printf4.o(i._printf_core) for _printf_core
    printf4.o(i.__0vsprintf$4) refers to printf4.o(i._sputc) for _sputc
    printf4.o(i._printf_core) refers to uldiv.o(.text) for __aeabi_uldivmod
    printf5.o(i.__0fprintf$5) refers to printf5.o(i._printf_core) for _printf_core
    printf5.o(i.__0fprintf$5) refers to fputc.o(i.fputc) for fputc
    printf5.o(i.__0printf$5) refers to printf5.o(i._printf_core) for _printf_core
    printf5.o(i.__0printf$5) refers to fputc.o(i.fputc) for fputc
    printf5.o(i.__0printf$5) refers to stdout.o(.data) for __stdout
    printf5.o(i.__0snprintf$5) refers to printf5.o(i._printf_core) for _printf_core
    printf5.o(i.__0snprintf$5) refers to printf5.o(i._snputc) for _snputc
    printf5.o(i.__0sprintf$5) refers to printf5.o(i._printf_core) for _printf_core
    printf5.o(i.__0sprintf$5) refers to printf5.o(i._sputc) for _sputc
    printf5.o(i.__0vfprintf$5) refers to printf5.o(i._printf_core) for _printf_core
    printf5.o(i.__0vfprintf$5) refers to fputc.o(i.fputc) for fputc
    printf5.o(i.__0vprintf$5) refers to printf5.o(i._printf_core) for _printf_core
    printf5.o(i.__0vprintf$5) refers to fputc.o(i.fputc) for fputc
    printf5.o(i.__0vprintf$5) refers to stdout.o(.data) for __stdout
    printf5.o(i.__0vsnprintf$5) refers to printf5.o(i._printf_core) for _printf_core
    printf5.o(i.__0vsnprintf$5) refers to printf5.o(i._snputc) for _snputc
    printf5.o(i.__0vsprintf$5) refers to printf5.o(i._printf_core) for _printf_core
    printf5.o(i.__0vsprintf$5) refers to printf5.o(i._sputc) for _sputc
    printf5.o(i._printf_core) refers to uldiv.o(.text) for __aeabi_uldivmod
    printf6.o(i.__0fprintf$6) refers to printf6.o(i._printf_core) for _printf_core
    printf6.o(i.__0fprintf$6) refers to fputc.o(i.fputc) for fputc
    printf6.o(i.__0printf$6) refers to printf6.o(i._printf_core) for _printf_core
    printf6.o(i.__0printf$6) refers to fputc.o(i.fputc) for fputc
    printf6.o(i.__0printf$6) refers to stdout.o(.data) for __stdout
    printf6.o(i.__0snprintf$6) refers to printf6.o(i._printf_core) for _printf_core
    printf6.o(i.__0snprintf$6) refers to printf6.o(i._snputc) for _snputc
    printf6.o(i.__0sprintf$6) refers to printf6.o(i._printf_core) for _printf_core
    printf6.o(i.__0sprintf$6) refers to printf6.o(i._sputc) for _sputc
    printf6.o(i.__0vfprintf$6) refers to printf6.o(i._printf_core) for _printf_core
    printf6.o(i.__0vfprintf$6) refers to fputc.o(i.fputc) for fputc
    printf6.o(i.__0vprintf$6) refers to printf6.o(i._printf_core) for _printf_core
    printf6.o(i.__0vprintf$6) refers to fputc.o(i.fputc) for fputc
    printf6.o(i.__0vprintf$6) refers to stdout.o(.data) for __stdout
    printf6.o(i.__0vsnprintf$6) refers to printf6.o(i._printf_core) for _printf_core
    printf6.o(i.__0vsnprintf$6) refers to printf6.o(i._snputc) for _snputc
    printf6.o(i.__0vsprintf$6) refers to printf6.o(i._printf_core) for _printf_core
    printf6.o(i.__0vsprintf$6) refers to printf6.o(i._sputc) for _sputc
    printf6.o(i._printf_core) refers to printf6.o(i._printf_pre_padding) for _printf_pre_padding
    printf6.o(i._printf_core) refers to uidiv.o(.text) for __aeabi_uidivmod
    printf6.o(i._printf_core) refers to printf6.o(i._printf_post_padding) for _printf_post_padding
    printf7.o(i.__0fprintf$7) refers to printf7.o(i._printf_core) for _printf_core
    printf7.o(i.__0fprintf$7) refers to fputc.o(i.fputc) for fputc
    printf7.o(i.__0printf$7) refers to printf7.o(i._printf_core) for _printf_core
    printf7.o(i.__0printf$7) refers to fputc.o(i.fputc) for fputc
    printf7.o(i.__0printf$7) refers to stdout.o(.data) for __stdout
    printf7.o(i.__0snprintf$7) refers to printf7.o(i._printf_core) for _printf_core
    printf7.o(i.__0snprintf$7) refers to printf7.o(i._snputc) for _snputc
    printf7.o(i.__0sprintf$7) refers to printf7.o(i._printf_core) for _printf_core
    printf7.o(i.__0sprintf$7) refers to printf7.o(i._sputc) for _sputc
    printf7.o(i.__0vfprintf$7) refers to printf7.o(i._printf_core) for _printf_core
    printf7.o(i.__0vfprintf$7) refers to fputc.o(i.fputc) for fputc
    printf7.o(i.__0vprintf$7) refers to printf7.o(i._printf_core) for _printf_core
    printf7.o(i.__0vprintf$7) refers to fputc.o(i.fputc) for fputc
    printf7.o(i.__0vprintf$7) refers to stdout.o(.data) for __stdout
    printf7.o(i.__0vsnprintf$7) refers to printf7.o(i._printf_core) for _printf_core
    printf7.o(i.__0vsnprintf$7) refers to printf7.o(i._snputc) for _snputc
    printf7.o(i.__0vsprintf$7) refers to printf7.o(i._printf_core) for _printf_core
    printf7.o(i.__0vsprintf$7) refers to printf7.o(i._sputc) for _sputc
    printf7.o(i._printf_core) refers to printf7.o(i._printf_pre_padding) for _printf_pre_padding
    printf7.o(i._printf_core) refers to uldiv.o(.text) for __aeabi_uldivmod
    printf7.o(i._printf_core) refers to printf7.o(i._printf_post_padding) for _printf_post_padding
    printf8.o(i.__0fprintf$8) refers to printf8.o(i._printf_core) for _printf_core
    printf8.o(i.__0fprintf$8) refers to fputc.o(i.fputc) for fputc
    printf8.o(i.__0printf$8) refers to printf8.o(i._printf_core) for _printf_core
    printf8.o(i.__0printf$8) refers to fputc.o(i.fputc) for fputc
    printf8.o(i.__0printf$8) refers to stdout.o(.data) for __stdout
    printf8.o(i.__0snprintf$8) refers to printf8.o(i._printf_core) for _printf_core
    printf8.o(i.__0snprintf$8) refers to printf8.o(i._snputc) for _snputc
    printf8.o(i.__0sprintf$8) refers to printf8.o(i._printf_core) for _printf_core
    printf8.o(i.__0sprintf$8) refers to printf8.o(i._sputc) for _sputc
    printf8.o(i.__0vfprintf$8) refers to printf8.o(i._printf_core) for _printf_core
    printf8.o(i.__0vfprintf$8) refers to fputc.o(i.fputc) for fputc
    printf8.o(i.__0vprintf$8) refers to printf8.o(i._printf_core) for _printf_core
    printf8.o(i.__0vprintf$8) refers to fputc.o(i.fputc) for fputc
    printf8.o(i.__0vprintf$8) refers to stdout.o(.data) for __stdout
    printf8.o(i.__0vsnprintf$8) refers to printf8.o(i._printf_core) for _printf_core
    printf8.o(i.__0vsnprintf$8) refers to printf8.o(i._snputc) for _snputc
    printf8.o(i.__0vsprintf$8) refers to printf8.o(i._printf_core) for _printf_core
    printf8.o(i.__0vsprintf$8) refers to printf8.o(i._sputc) for _sputc
    printf8.o(i._printf_core) refers to printf8.o(i._printf_pre_padding) for _printf_pre_padding
    printf8.o(i._printf_core) refers to uldiv.o(.text) for __aeabi_uldivmod
    printf8.o(i._printf_core) refers to printf8.o(i._printf_post_padding) for _printf_post_padding
    printfa.o(i.__0fprintf) refers (Special) to iusefp.o(.text) for __I$use$fp
    printfa.o(i.__0fprintf) refers to printfa.o(i._printf_core) for _printf_core
    printfa.o(i.__0fprintf) refers to fputc.o(i.fputc) for fputc
    printfa.o(i.__0printf) refers (Special) to iusefp.o(.text) for __I$use$fp
    printfa.o(i.__0printf) refers to printfa.o(i._printf_core) for _printf_core
    printfa.o(i.__0printf) refers to fputc.o(i.fputc) for fputc
    printfa.o(i.__0printf) refers to stdout.o(.data) for __stdout
    printfa.o(i.__0snprintf) refers (Special) to iusefp.o(.text) for __I$use$fp
    printfa.o(i.__0snprintf) refers to printfa.o(i._printf_core) for _printf_core
    printfa.o(i.__0snprintf) refers to printfa.o(i._snputc) for _snputc
    printfa.o(i.__0sprintf) refers (Special) to iusefp.o(.text) for __I$use$fp
    printfa.o(i.__0sprintf) refers to printfa.o(i._printf_core) for _printf_core
    printfa.o(i.__0sprintf) refers to printfa.o(i._sputc) for _sputc
    printfa.o(i.__0vfprintf) refers (Special) to iusefp.o(.text) for __I$use$fp
    printfa.o(i.__0vfprintf) refers to printfa.o(i._printf_core) for _printf_core
    printfa.o(i.__0vfprintf) refers to fputc.o(i.fputc) for fputc
    printfa.o(i.__0vprintf) refers (Special) to iusefp.o(.text) for __I$use$fp
    printfa.o(i.__0vprintf) refers to printfa.o(i._printf_core) for _printf_core
    printfa.o(i.__0vprintf) refers to fputc.o(i.fputc) for fputc
    printfa.o(i.__0vprintf) refers to stdout.o(.data) for __stdout
    printfa.o(i.__0vsnprintf) refers (Special) to iusefp.o(.text) for __I$use$fp
    printfa.o(i.__0vsnprintf) refers to printfa.o(i._printf_core) for _printf_core
    printfa.o(i.__0vsnprintf) refers to printfa.o(i._snputc) for _snputc
    printfa.o(i.__0vsprintf) refers (Special) to iusefp.o(.text) for __I$use$fp
    printfa.o(i.__0vsprintf) refers to printfa.o(i._printf_core) for _printf_core
    printfa.o(i.__0vsprintf) refers to printfa.o(i._sputc) for _sputc
    printfa.o(i._fp_digits) refers (Special) to iusefp.o(.text) for __I$use$fp
    printfa.o(i._fp_digits) refers to dmul.o(.text) for __aeabi_dmul
    printfa.o(i._fp_digits) refers to ddiv.o(.text) for __aeabi_ddiv
    printfa.o(i._fp_digits) refers to cdrcmple.o(.text) for __aeabi_cdrcmple
    printfa.o(i._fp_digits) refers to dadd.o(.text) for __aeabi_dadd
    printfa.o(i._fp_digits) refers to dfixul.o(.text) for __aeabi_d2ulz
    printfa.o(i._fp_digits) refers to uldiv.o(.text) for __aeabi_uldivmod
    printfa.o(i._printf_core) refers (Special) to iusefp.o(.text) for __I$use$fp
    printfa.o(i._printf_core) refers to printfa.o(i._printf_pre_padding) for _printf_pre_padding
    printfa.o(i._printf_core) refers to uldiv.o(.text) for __aeabi_uldivmod
    printfa.o(i._printf_core) refers to printfa.o(i._printf_post_padding) for _printf_post_padding
    printfa.o(i._printf_core) refers to printfa.o(i._fp_digits) for _fp_digits
    printfa.o(i._printf_core) refers to uidiv.o(.text) for __aeabi_uidivmod
    printfa.o(i._printf_post_padding) refers (Special) to iusefp.o(.text) for __I$use$fp
    printfa.o(i._printf_pre_padding) refers (Special) to iusefp.o(.text) for __I$use$fp
    printfa.o(i._snputc) refers (Special) to iusefp.o(.text) for __I$use$fp
    printfa.o(i._sputc) refers (Special) to iusefp.o(.text) for __I$use$fp
    entry2.o(.ARM.Collect$$$$00000001) refers to entry2.o(.ARM.Collect$$$$00002712) for __lit__00000000
    entry2.o(.ARM.Collect$$$$00002712) refers to arm_startup_nrf52.o(STACK) for __initial_sp
    entry2.o(__vectab_stack_and_reset_area) refers to arm_startup_nrf52.o(STACK) for __initial_sp
    entry2.o(__vectab_stack_and_reset_area) refers to entry.o(.ARM.Collect$$$$00000000) for __main
    entry5.o(.ARM.Collect$$$$00000004) refers to init.o(.text) for __scatterload
    entry9a.o(.ARM.Collect$$$$0000000B) refers to main.o(i.main) for main
    entry9b.o(.ARM.Collect$$$$0000000C) refers to main.o(i.main) for main
    fputc.o(i.fputc) refers (Special) to iusesemip.o(.text) for __I$use$semihosting$fputc
    fputc.o(i.fputc) refers (Special) to semi.o(.text) for __semihosting_library_function
    uldiv.o(.text) refers to llushr.o(.text) for __aeabi_llsr
    uldiv.o(.text) refers to llshl.o(.text) for __aeabi_llsl
    dadd.o(.text) refers to llshl.o(.text) for __aeabi_llsl
    dadd.o(.text) refers to llsshr.o(.text) for __aeabi_lasr
    dadd.o(.text) refers to depilogue.o(.text) for _double_epilogue
    dmul.o(.text) refers to depilogue.o(.text) for _double_epilogue
    ddiv.o(.text) refers to depilogue.o(.text) for _double_round
    dfixul.o(.text) refers to llushr.o(.text) for __aeabi_llsr
    dfixul.o(.text) refers to llshl.o(.text) for __aeabi_llsl
    init.o(.text) refers to entry5.o(.ARM.Collect$$$$00000004) for __main_after_scatterload
    depilogue.o(.text) refers to llshl.o(.text) for __aeabi_llsl
    depilogue.o(.text) refers to llushr.o(.text) for __aeabi_llsr


==============================================================================

Removing Unused input sections from the image.

    Removing main.o(.rev16_text), (4 bytes).
    Removing main.o(.revsh_text), (4 bytes).
    Removing main.o(.rrx_text), (6 bytes).
    Removing main.o(i.assert_nrf_callback), (16 bytes).
    Removing boards.o(.rev16_text), (4 bytes).
    Removing boards.o(.revsh_text), (4 bytes).
    Removing boards.o(.rrx_text), (6 bytes).
    Removing boards.o(i.bsp_board_buttons_init), (36 bytes).
    Removing boards.o(i.bsp_board_led_idx_to_pin), (12 bytes).
    Removing boards.o(i.bsp_board_pin_to_led_idx), (36 bytes).
    Removing bsp.o(.rev16_text), (4 bytes).
    Removing bsp.o(.revsh_text), (4 bytes).
    Removing bsp.o(.rrx_text), (6 bytes).
    Removing bsp.o(i.bsp_buttons_disable), (4 bytes).
    Removing bsp.o(i.bsp_buttons_enable), (4 bytes).
    Removing bsp.o(i.bsp_wakeup_button_disable), (16 bytes).
    Removing bsp_btn_ble.o(.rev16_text), (4 bytes).
    Removing bsp_btn_ble.o(.revsh_text), (4 bytes).
    Removing bsp_btn_ble.o(.rrx_text), (6 bytes).
    Removing bsp_nfc.o(.rev16_text), (4 bytes).
    Removing bsp_nfc.o(.revsh_text), (4 bytes).
    Removing bsp_nfc.o(.rrx_text), (6 bytes).
    Removing bsp_nfc.o(i.bsp_nfc_btn_deinit), (8 bytes).
    Removing bsp_nfc.o(i.bsp_nfc_btn_init), (8 bytes).
    Removing bsp_nfc.o(i.bsp_nfc_sleep_mode_prepare), (16 bytes).
    Removing croutine.o(.rev16_text), (4 bytes).
    Removing croutine.o(.revsh_text), (4 bytes).
    Removing croutine.o(.rrx_text), (6 bytes).
    Removing event_groups.o(.rev16_text), (4 bytes).
    Removing event_groups.o(.revsh_text), (4 bytes).
    Removing event_groups.o(.rrx_text), (6 bytes).
    Removing event_groups.o(i.prvTestWaitCondition), (20 bytes).
    Removing event_groups.o(i.vEventGroupClearBitsCallback), (4 bytes).
    Removing event_groups.o(i.vEventGroupDelete), (44 bytes).
    Removing event_groups.o(i.vEventGroupSetBitsCallback), (4 bytes).
    Removing event_groups.o(i.xEventGroupClearBits), (26 bytes).
    Removing event_groups.o(i.xEventGroupCreate), (26 bytes).
    Removing event_groups.o(i.xEventGroupGetBitsFromISR), (20 bytes).
    Removing event_groups.o(i.xEventGroupSetBits), (100 bytes).
    Removing event_groups.o(i.xEventGroupSync), (140 bytes).
    Removing event_groups.o(i.xEventGroupWaitBits), (180 bytes).
    Removing heap_1.o(.rev16_text), (4 bytes).
    Removing heap_1.o(.revsh_text), (4 bytes).
    Removing heap_1.o(.rrx_text), (6 bytes).
    Removing heap_1.o(i.vPortInitialiseBlocks), (12 bytes).
    Removing heap_1.o(i.xPortGetFreeHeapSize), (16 bytes).
    Removing list.o(.rev16_text), (4 bytes).
    Removing list.o(.revsh_text), (4 bytes).
    Removing list.o(.rrx_text), (6 bytes).
    Removing port.o(.rev16_text), (4 bytes).
    Removing port.o(.revsh_text), (4 bytes).
    Removing port.o(.rrx_text), (6 bytes).
    Removing port_cmsis.o(.rev16_text), (4 bytes).
    Removing port_cmsis.o(.revsh_text), (4 bytes).
    Removing port_cmsis.o(.rrx_text), (6 bytes).
    Removing port_cmsis.o(i.vPortEndScheduler), (2 bytes).
    Removing port_cmsis_systick.o(.rev16_text), (4 bytes).
    Removing port_cmsis_systick.o(.revsh_text), (4 bytes).
    Removing port_cmsis_systick.o(.rrx_text), (6 bytes).
    Removing queue.o(.rev16_text), (4 bytes).
    Removing queue.o(.revsh_text), (4 bytes).
    Removing queue.o(.rrx_text), (6 bytes).
    Removing queue.o(i.uxQueueMessagesWaiting), (18 bytes).
    Removing queue.o(i.uxQueueMessagesWaitingFromISR), (4 bytes).
    Removing queue.o(i.uxQueueSpacesAvailable), (22 bytes).
    Removing queue.o(i.vQueueDelete), (18 bytes).
    Removing queue.o(i.vQueueUnregisterQueue), (36 bytes).
    Removing queue.o(i.xQueueCreateCountingSemaphore), (20 bytes).
    Removing queue.o(i.xQueueGiveMutexRecursive), (42 bytes).
    Removing queue.o(i.xQueueIsQueueEmptyFromISR), (12 bytes).
    Removing queue.o(i.xQueueIsQueueFullFromISR), (16 bytes).
    Removing queue.o(i.xQueuePeekFromISR), (42 bytes).
    Removing queue.o(i.xQueueReceiveFromISR), (86 bytes).
    Removing queue.o(i.xQueueTakeMutexRecursive), (50 bytes).
    Removing tasks.o(.rev16_text), (4 bytes).
    Removing tasks.o(.revsh_text), (4 bytes).
    Removing tasks.o(.rrx_text), (6 bytes).
    Removing tasks.o(i.eTaskGetState), (84 bytes).
    Removing tasks.o(i.pcTaskGetTaskName), (16 bytes).
    Removing tasks.o(i.ulPortRaiseBASEPRI), (12 bytes).
    Removing tasks.o(i.ulTaskNotifyTake), (156 bytes).
    Removing tasks.o(i.uxTaskGetNumberOfTasks), (12 bytes).
    Removing tasks.o(i.uxTaskGetStackHighWaterMark), (32 bytes).
    Removing tasks.o(i.uxTaskPriorityGet), (28 bytes).
    Removing tasks.o(i.uxTaskPriorityGetFromISR), (32 bytes).
    Removing tasks.o(i.uxTaskResetEventItemValue), (24 bytes).
    Removing tasks.o(i.vTaskDelay), (84 bytes).
    Removing tasks.o(i.vTaskDelayUntil), (112 bytes).
    Removing tasks.o(i.vTaskDelete), (144 bytes).
    Removing tasks.o(i.vTaskEndScheduler), (20 bytes).
    Removing tasks.o(i.vTaskNotifyGiveFromISR), (124 bytes).
    Removing tasks.o(i.vTaskPlaceOnUnorderedEventList), (88 bytes).
    Removing tasks.o(i.vTaskPrioritySet), (184 bytes).
    Removing tasks.o(i.xTaskGenericNotify), (168 bytes).
    Removing tasks.o(i.xTaskGetCurrentTaskHandle), (12 bytes).
    Removing tasks.o(i.xTaskGetIdleTaskHandle), (12 bytes).
    Removing tasks.o(i.xTaskNotifyFromISR), (172 bytes).
    Removing tasks.o(i.xTaskNotifyWait), (188 bytes).
    Removing tasks.o(i.xTaskRemoveFromUnorderedEventList), (80 bytes).
    Removing tasks.o(i.xTaskResumeFromISR), (108 bytes).
    Removing timers.o(.rev16_text), (4 bytes).
    Removing timers.o(.revsh_text), (4 bytes).
    Removing timers.o(.rrx_text), (6 bytes).
    Removing timers.o(i.pcTimerGetTimerName), (4 bytes).
    Removing timers.o(i.vTimerSetTimerID), (20 bytes).
    Removing timers.o(i.xTimerGetTimerDaemonTaskHandle), (12 bytes).
    Removing timers.o(i.xTimerPendFunctionCall), (40 bytes).
    Removing timers.o(i.xTimerPendFunctionCallFromISR), (40 bytes).
    Removing ble_advdata.o(.rev16_text), (4 bytes).
    Removing ble_advdata.o(.revsh_text), (4 bytes).
    Removing ble_advdata.o(.rrx_text), (6 bytes).
    Removing ble_advdata.o(i.adv_data_encode), (386 bytes).
    Removing ble_advdata.o(i.ble_advdata_set), (104 bytes).
    Removing ble_advdata.o(i.ble_device_addr_encode), (96 bytes).
    Removing ble_advdata.o(i.conn_int_encode), (136 bytes).
    Removing ble_advdata.o(i.manuf_specific_data_encode), (100 bytes).
    Removing ble_advdata.o(i.name_encode), (156 bytes).
    Removing ble_advdata.o(i.service_data_encode), (136 bytes).
    Removing ble_advdata.o(i.uint16_encode), (10 bytes).
    Removing ble_advdata.o(i.uuid_list_encode), (48 bytes).
    Removing ble_advdata.o(i.uuid_list_sized_encode), (158 bytes).
    Removing ble_advertising.o(.rev16_text), (4 bytes).
    Removing ble_advertising.o(.revsh_text), (4 bytes).
    Removing ble_advertising.o(.rrx_text), (6 bytes).
    Removing ble_conn_params.o(.rev16_text), (4 bytes).
    Removing ble_conn_params.o(.revsh_text), (4 bytes).
    Removing ble_conn_params.o(.rrx_text), (6 bytes).
    Removing ble_conn_params.o(i.ble_conn_params_change_conn_params), (76 bytes).
    Removing ble_conn_params.o(i.ble_conn_params_init), (88 bytes).
    Removing ble_conn_params.o(i.ble_conn_params_on_ble_evt), (132 bytes).
    Removing ble_conn_params.o(i.ble_conn_params_stop), (12 bytes).
    Removing ble_conn_params.o(i.conn_params_negotiation), (92 bytes).
    Removing ble_conn_params.o(i.is_conn_params_ok), (28 bytes).
    Removing ble_conn_params.o(i.update_timeout_handler), (96 bytes).
    Removing ble_conn_params.o(.bss), (32 bytes).
    Removing ble_conn_params.o(.bss), (28 bytes).
    Removing ble_conn_params.o(.constdata), (4 bytes).
    Removing ble_conn_params.o(.data), (20 bytes).
    Removing ble_conn_state.o(.rev16_text), (4 bytes).
    Removing ble_conn_state.o(.revsh_text), (4 bytes).
    Removing ble_conn_state.o(.rrx_text), (6 bytes).
    Removing ble_conn_state.o(i.bcs_internal_state_reset), (12 bytes).
    Removing ble_conn_state.o(i.ble_conn_state_central_handles), (20 bytes).
    Removing ble_conn_state.o(i.ble_conn_state_conn_handles), (16 bytes).
    Removing ble_conn_state.o(i.ble_conn_state_encrypted), (16 bytes).
    Removing ble_conn_state.o(i.ble_conn_state_init), (4 bytes).
    Removing ble_conn_state.o(i.ble_conn_state_mitm_protected), (16 bytes).
    Removing ble_conn_state.o(i.ble_conn_state_n_connections), (12 bytes).
    Removing ble_conn_state.o(i.ble_conn_state_n_peripherals), (16 bytes).
    Removing ble_conn_state.o(i.ble_conn_state_on_ble_evt), (268 bytes).
    Removing ble_conn_state.o(i.ble_conn_state_periph_handles), (20 bytes).
    Removing ble_conn_state.o(i.ble_conn_state_role), (48 bytes).
    Removing ble_conn_state.o(i.ble_conn_state_status), (48 bytes).
    Removing ble_conn_state.o(i.ble_conn_state_user_flag_acquire), (44 bytes).
    Removing ble_conn_state.o(i.ble_conn_state_user_flag_collection), (24 bytes).
    Removing ble_conn_state.o(i.ble_conn_state_user_flag_get), (40 bytes).
    Removing ble_conn_state.o(i.ble_conn_state_user_flag_set), (44 bytes).
    Removing ble_conn_state.o(i.ble_conn_state_valid), (16 bytes).
    Removing ble_conn_state.o(i.user_flag_is_acquired), (24 bytes).
    Removing ble_srv_common.o(.rev16_text), (4 bytes).
    Removing ble_srv_common.o(.revsh_text), (4 bytes).
    Removing ble_srv_common.o(.rrx_text), (6 bytes).
    Removing ble_srv_common.o(i.ble_srv_ascii_to_utf8), (18 bytes).
    Removing ble_srv_common.o(i.ble_srv_is_indication_enabled), (8 bytes).
    Removing ble_srv_common.o(i.ble_srv_is_notification_enabled), (8 bytes).
    Removing ble_srv_common.o(i.ble_srv_report_ref_encode), (12 bytes).
    Removing ble_srv_common.o(i.characteristic_add), (400 bytes).
    Removing ble_srv_common.o(i.descriptor_add), (170 bytes).
    Removing ble_srv_common.o(i.set_security_req), (48 bytes).
    Removing gatt_cache_manager.o(.rev16_text), (4 bytes).
    Removing gatt_cache_manager.o(.revsh_text), (4 bytes).
    Removing gatt_cache_manager.o(.rrx_text), (6 bytes).
    Removing gatts_cache_manager.o(.rev16_text), (4 bytes).
    Removing gatts_cache_manager.o(.revsh_text), (4 bytes).
    Removing gatts_cache_manager.o(.rrx_text), (6 bytes).
    Removing id_manager.o(.rev16_text), (4 bytes).
    Removing id_manager.o(.revsh_text), (4 bytes).
    Removing id_manager.o(.rrx_text), (6 bytes).
    Removing peer_data.o(.rev16_text), (4 bytes).
    Removing peer_data.o(.revsh_text), (4 bytes).
    Removing peer_data.o(.rrx_text), (6 bytes).
    Removing peer_data_storage.o(.rev16_text), (4 bytes).
    Removing peer_data_storage.o(.revsh_text), (4 bytes).
    Removing peer_data_storage.o(.rrx_text), (6 bytes).
    Removing peer_database.o(.rev16_text), (4 bytes).
    Removing peer_database.o(.revsh_text), (4 bytes).
    Removing peer_database.o(.rrx_text), (6 bytes).
    Removing peer_id.o(.rev16_text), (4 bytes).
    Removing peer_id.o(.revsh_text), (4 bytes).
    Removing peer_id.o(.rrx_text), (6 bytes).
    Removing peer_manager.o(.rev16_text), (4 bytes).
    Removing peer_manager.o(.revsh_text), (4 bytes).
    Removing peer_manager.o(.rrx_text), (6 bytes).
    Removing pm_buffer.o(.rev16_text), (4 bytes).
    Removing pm_buffer.o(.revsh_text), (4 bytes).
    Removing pm_buffer.o(.rrx_text), (6 bytes).
    Removing pm_mutex.o(.rev16_text), (4 bytes).
    Removing pm_mutex.o(.revsh_text), (4 bytes).
    Removing pm_mutex.o(.rrx_text), (6 bytes).
    Removing security_dispatcher.o(.rev16_text), (4 bytes).
    Removing security_dispatcher.o(.revsh_text), (4 bytes).
    Removing security_dispatcher.o(.rrx_text), (6 bytes).
    Removing security_manager.o(.rev16_text), (4 bytes).
    Removing security_manager.o(.revsh_text), (4 bytes).
    Removing security_manager.o(.rrx_text), (6 bytes).
    Removing ble_db_discovery.o(.rev16_text), (4 bytes).
    Removing ble_db_discovery.o(.revsh_text), (4 bytes).
    Removing ble_db_discovery.o(.rrx_text), (6 bytes).
    Removing ble_db_discovery.o(i.ble_db_discovery_close), (20 bytes).
    Removing ble_bas.o(.rev16_text), (4 bytes).
    Removing ble_bas.o(.revsh_text), (4 bytes).
    Removing ble_bas.o(.rrx_text), (6 bytes).
    Removing ble_dis.o(.rev16_text), (4 bytes).
    Removing ble_dis.o(.revsh_text), (4 bytes).
    Removing ble_dis.o(.rrx_text), (6 bytes).
    Removing ble_hrs.o(.rev16_text), (4 bytes).
    Removing ble_hrs.o(.revsh_text), (4 bytes).
    Removing ble_hrs.o(.rrx_text), (6 bytes).
    Removing ble_nus_c.o(.rev16_text), (4 bytes).
    Removing ble_nus_c.o(.revsh_text), (4 bytes).
    Removing ble_nus_c.o(.rrx_text), (6 bytes).
    Removing nrf_drv_clock.o(.rev16_text), (4 bytes).
    Removing nrf_drv_clock.o(.revsh_text), (4 bytes).
    Removing nrf_drv_clock.o(.rrx_text), (6 bytes).
    Removing nrf_drv_clock.o(i.hfclk_stop), (44 bytes).
    Removing nrf_drv_clock.o(i.lfclk_stop), (40 bytes).
    Removing nrf_drv_clock.o(i.nrf_clock_hf_is_running), (28 bytes).
    Removing nrf_drv_clock.o(i.nrf_drv_clock_calibration_abort), (4 bytes).
    Removing nrf_drv_clock.o(i.nrf_drv_clock_calibration_start), (4 bytes).
    Removing nrf_drv_clock.o(i.nrf_drv_clock_hfclk_is_running), (32 bytes).
    Removing nrf_drv_clock.o(i.nrf_drv_clock_hfclk_release), (44 bytes).
    Removing nrf_drv_clock.o(i.nrf_drv_clock_hfclk_request), (108 bytes).
    Removing nrf_drv_clock.o(i.nrf_drv_clock_init_check), (12 bytes).
    Removing nrf_drv_clock.o(i.nrf_drv_clock_is_calibrating), (4 bytes).
    Removing nrf_drv_clock.o(i.nrf_drv_clock_lfclk_is_running), (28 bytes).
    Removing nrf_drv_clock.o(i.nrf_drv_clock_lfclk_release), (44 bytes).
    Removing nrf_drv_clock.o(i.nrf_drv_clock_on_sd_disable), (18 bytes).
    Removing nrf_drv_clock.o(i.nrf_drv_clock_uninit), (40 bytes).
    Removing nrf_drv_clock.o(.constdata), (19 bytes).
    Removing nrf_drv_clock.o(.constdata), (32 bytes).
    Removing nrf_drv_clock.o(.constdata), (32 bytes).
    Removing nrf_drv_clock.o(.constdata), (29 bytes).
    Removing nrf_drv_common.o(.rev16_text), (4 bytes).
    Removing nrf_drv_common.o(.revsh_text), (4 bytes).
    Removing nrf_drv_common.o(.rrx_text), (6 bytes).
    Removing nrf_drv_common.o(i.nrf_drv_common_clock_irq_disable), (12 bytes).
    Removing nrf_drv_gpiote.o(.rev16_text), (4 bytes).
    Removing nrf_drv_gpiote.o(.revsh_text), (4 bytes).
    Removing nrf_drv_gpiote.o(.rrx_text), (6 bytes).
    Removing nrf_drv_gpiote.o(i.nrf_drv_gpiote_clr_task_addr_get), (24 bytes).
    Removing nrf_drv_gpiote.o(i.nrf_drv_gpiote_clr_task_trigger), (28 bytes).
    Removing nrf_drv_gpiote.o(i.nrf_drv_gpiote_in_event_addr_get), (40 bytes).
    Removing nrf_drv_gpiote.o(i.nrf_drv_gpiote_in_event_disable), (72 bytes).
    Removing nrf_drv_gpiote.o(i.nrf_drv_gpiote_in_uninit), (72 bytes).
    Removing nrf_drv_gpiote.o(i.nrf_drv_gpiote_out_clear), (14 bytes).
    Removing nrf_drv_gpiote.o(i.nrf_drv_gpiote_out_init), (184 bytes).
    Removing nrf_drv_gpiote.o(i.nrf_drv_gpiote_out_set), (14 bytes).
    Removing nrf_drv_gpiote.o(i.nrf_drv_gpiote_out_task_addr_get), (20 bytes).
    Removing nrf_drv_gpiote.o(i.nrf_drv_gpiote_out_task_disable), (36 bytes).
    Removing nrf_drv_gpiote.o(i.nrf_drv_gpiote_out_task_enable), (36 bytes).
    Removing nrf_drv_gpiote.o(i.nrf_drv_gpiote_out_task_force), (40 bytes).
    Removing nrf_drv_gpiote.o(i.nrf_drv_gpiote_out_task_trigger), (24 bytes).
    Removing nrf_drv_gpiote.o(i.nrf_drv_gpiote_out_toggle), (28 bytes).
    Removing nrf_drv_gpiote.o(i.nrf_drv_gpiote_out_uninit), (68 bytes).
    Removing nrf_drv_gpiote.o(i.nrf_drv_gpiote_set_task_addr_get), (24 bytes).
    Removing nrf_drv_gpiote.o(i.nrf_drv_gpiote_set_task_trigger), (28 bytes).
    Removing nrf_drv_gpiote.o(i.nrf_drv_gpiote_uninit), (56 bytes).
    Removing nrf_drv_gpiote.o(i.nrf_gpio_cfg_default), (18 bytes).
    Removing nrf_drv_gpiote.o(.constdata), (20 bytes).
    Removing nrf_drv_gpiote.o(.constdata), (24 bytes).
    Removing nrf_drv_gpiote.o(.constdata), (23 bytes).
    Removing nrf_drv_uart.o(.rev16_text), (4 bytes).
    Removing nrf_drv_uart.o(.revsh_text), (4 bytes).
    Removing nrf_drv_uart.o(.rrx_text), (6 bytes).
    Removing nrf_drv_uart.o(i.nrf_drv_uart_errorsrc_get), (48 bytes).
    Removing nrf_drv_uart.o(i.nrf_drv_uart_rx_abort), (40 bytes).
    Removing nrf_drv_uart.o(i.nrf_drv_uart_rx_disable), (36 bytes).
    Removing nrf_drv_uart.o(i.nrf_drv_uart_tx_abort), (88 bytes).
    Removing nrf_drv_uart.o(.constdata), (18 bytes).
    Removing nrf_drv_uart.o(.constdata), (25 bytes).
    Removing nrf_drv_uart.o(.constdata), (26 bytes).
    Removing nrf_drv_uart.o(.constdata), (16 bytes).
    Removing nrf_drv_uart.o(.constdata), (25 bytes).
    Removing nrf_drv_uart.o(.constdata), (26 bytes).
    Removing nrf_drv_uart.o(.constdata), (16 bytes).
    Removing app_button.o(.rev16_text), (4 bytes).
    Removing app_button.o(.revsh_text), (4 bytes).
    Removing app_button.o(.rrx_text), (6 bytes).
    Removing app_button.o(i.app_button_disable), (48 bytes).
    Removing app_button.o(i.app_button_is_pushed), (36 bytes).
    Removing app_error.o(.rev16_text), (4 bytes).
    Removing app_error.o(.revsh_text), (4 bytes).
    Removing app_error.o(.rrx_text), (6 bytes).
    Removing app_error.o(i.app_error_handler), (24 bytes).
    Removing app_error.o(i.app_error_save_and_stop), (100 bytes).
    Removing app_error.o(.bss), (32 bytes).
    Removing app_error_weak.o(.rev16_text), (4 bytes).
    Removing app_error_weak.o(.revsh_text), (4 bytes).
    Removing app_error_weak.o(.rrx_text), (6 bytes).
    Removing app_timer_freertos.o(.rev16_text), (4 bytes).
    Removing app_timer_freertos.o(.revsh_text), (4 bytes).
    Removing app_timer_freertos.o(.rrx_text), (6 bytes).
    Removing app_util_platform.o(.rev16_text), (4 bytes).
    Removing app_util_platform.o(.revsh_text), (4 bytes).
    Removing app_util_platform.o(.rrx_text), (6 bytes).
    Removing app_util_platform.o(i.app_util_disable_irq), (16 bytes).
    Removing app_util_platform.o(i.app_util_enable_irq), (20 bytes).
    Removing app_util_platform.o(.data), (4 bytes).
    Removing crc16.o(.rev16_text), (4 bytes).
    Removing crc16.o(.revsh_text), (4 bytes).
    Removing crc16.o(.rrx_text), (6 bytes).
    Removing fds.o(.rev16_text), (4 bytes).
    Removing fds.o(.revsh_text), (4 bytes).
    Removing fds.o(.rrx_text), (6 bytes).
    Removing fstorage.o(.rev16_text), (4 bytes).
    Removing fstorage.o(.revsh_text), (4 bytes).
    Removing fstorage.o(.rrx_text), (6 bytes).
    Removing hardfault_handler_keil.o(.rev16_text), (4 bytes).
    Removing hardfault_handler_keil.o(.revsh_text), (4 bytes).
    Removing hardfault_handler_keil.o(.rrx_text), (6 bytes).
    Removing hardfault_implementation.o(.rev16_text), (4 bytes).
    Removing hardfault_implementation.o(.revsh_text), (4 bytes).
    Removing hardfault_implementation.o(.rrx_text), (6 bytes).
    Removing nrf_assert.o(.rev16_text), (4 bytes).
    Removing nrf_assert.o(.revsh_text), (4 bytes).
    Removing nrf_assert.o(.rrx_text), (6 bytes).
    Removing nrf_assert.o(i.assert_nrf_callback), (22 bytes).
    Removing sdk_errors.o(.conststring), (403 bytes).
    Removing sdk_errors.o(.conststring), (282 bytes).
    Removing sdk_errors.o(.conststring), (88 bytes).
    Removing sdk_errors.o(.data), (72 bytes).
    Removing sdk_errors.o(.data), (36 bytes).
    Removing sdk_errors.o(.data), (12 bytes).
    Removing sdk_mapped_flags.o(.rev16_text), (4 bytes).
    Removing sdk_mapped_flags.o(.revsh_text), (4 bytes).
    Removing sdk_mapped_flags.o(.rrx_text), (6 bytes).
    Removing sdk_mapped_flags.o(i.sdk_mapped_flags_bulk_update_by_key), (68 bytes).
    Removing sdk_mapped_flags.o(i.sdk_mapped_flags_first_key_index_get), (34 bytes).
    Removing sdk_mapped_flags.o(i.sdk_mapped_flags_get_by_key), (38 bytes).
    Removing sdk_mapped_flags.o(i.sdk_mapped_flags_key_list_get), (74 bytes).
    Removing sdk_mapped_flags.o(i.sdk_mapped_flags_update_by_key), (14 bytes).
    Removing sensorsim.o(i.sensorsim_decrement), (28 bytes).
    Removing sensorsim.o(i.sensorsim_increment), (28 bytes).
    Removing sensorsim.o(i.sensorsim_init), (22 bytes).
    Removing sensorsim.o(i.sensorsim_measure), (26 bytes).
    Removing app_fifo.o(.rev16_text), (4 bytes).
    Removing app_fifo.o(.revsh_text), (4 bytes).
    Removing app_fifo.o(.rrx_text), (6 bytes).
    Removing app_fifo.o(i.app_fifo_flush), (8 bytes).
    Removing app_fifo.o(i.app_fifo_peek), (34 bytes).
    Removing app_fifo.o(i.app_fifo_read), (74 bytes).
    Removing app_fifo.o(i.app_fifo_write), (82 bytes).
    Removing app_uart_fifo.o(.rev16_text), (4 bytes).
    Removing app_uart_fifo.o(.revsh_text), (4 bytes).
    Removing app_uart_fifo.o(.rrx_text), (6 bytes).
    Removing app_uart_fifo.o(i.app_uart_close), (16 bytes).
    Removing app_uart_fifo.o(i.app_uart_flush), (32 bytes).
    Removing app_uart_fifo.o(i.app_uart_get), (52 bytes).
    Removing app_uart_fifo.o(i.app_uart_put), (60 bytes).
    Removing retarget.o(.rev16_text), (4 bytes).
    Removing retarget.o(.revsh_text), (4 bytes).
    Removing retarget.o(.rrx_text), (6 bytes).
    Removing nrf_log_backend_serial.o(.rev16_text), (4 bytes).
    Removing nrf_log_backend_serial.o(.revsh_text), (4 bytes).
    Removing nrf_log_backend_serial.o(.rrx_text), (6 bytes).
    Removing nrf_log_backend_serial.o(i.nrf_log_backend_getchar), (52 bytes).
    Removing nrf_log_backend_serial.o(.constdata), (5 bytes).
    Removing nrf_log_frontend.o(.rev16_text), (4 bytes).
    Removing nrf_log_frontend.o(.revsh_text), (4 bytes).
    Removing nrf_log_frontend.o(.rrx_text), (6 bytes).
    Removing nrf_log_frontend.o(i.cont_buf_prealloc), (124 bytes).
    Removing nrf_log_frontend.o(i.nrf_log_frontend_hexdump), (144 bytes).
    Removing nrf_log_frontend.o(i.nrf_log_frontend_std_3), (124 bytes).
    Removing nrf_log_frontend.o(i.nrf_log_frontend_std_4), (136 bytes).
    Removing nrf_log_frontend.o(i.nrf_log_frontend_std_5), (152 bytes).
    Removing nrf_log_frontend.o(i.nrf_log_getchar), (4 bytes).
    Removing nrf_log_frontend.o(i.nrf_log_push), (96 bytes).
    Removing segger_rtt.o(.rev16_text), (4 bytes).
    Removing segger_rtt.o(.revsh_text), (4 bytes).
    Removing segger_rtt.o(.rrx_text), (6 bytes).
    Removing segger_rtt.o(i.SEGGER_RTT_ConfigDownBuffer), (100 bytes).
    Removing segger_rtt.o(i.SEGGER_RTT_ConfigUpBuffer), (100 bytes).
    Removing segger_rtt.o(i.SEGGER_RTT_GetKey), (28 bytes).
    Removing segger_rtt.o(i.SEGGER_RTT_HasData), (24 bytes).
    Removing segger_rtt.o(i.SEGGER_RTT_HasKey), (32 bytes).
    Removing segger_rtt.o(i.SEGGER_RTT_Read), (46 bytes).
    Removing segger_rtt.o(i.SEGGER_RTT_ReadNoLock), (124 bytes).
    Removing segger_rtt.o(i.SEGGER_RTT_SetNameDownBuffer), (68 bytes).
    Removing segger_rtt.o(i.SEGGER_RTT_SetNameUpBuffer), (68 bytes).
    Removing segger_rtt.o(i.SEGGER_RTT_SetTerminal), (140 bytes).
    Removing segger_rtt.o(i.SEGGER_RTT_TerminalOut), (180 bytes).
    Removing segger_rtt.o(i.SEGGER_RTT_WaitKey), (14 bytes).
    Removing segger_rtt.o(i.SEGGER_RTT_Write), (60 bytes).
    Removing segger_rtt.o(i.SEGGER_RTT_WriteSkipNoLock), (116 bytes).
    Removing segger_rtt.o(i.SEGGER_RTT_WriteString), (26 bytes).
    Removing segger_rtt.o(i._PostTerminalSwitch), (32 bytes).
    Removing segger_rtt.o(.data), (17 bytes).
    Removing softdevice_handler.o(.rev16_text), (4 bytes).
    Removing softdevice_handler.o(.revsh_text), (4 bytes).
    Removing softdevice_handler.o(.rrx_text), (6 bytes).
    Removing softdevice_handler.o(i.sd_check_ram_start), (164 bytes).
    Removing softdevice_handler.o(i.softdevice_handler_is_suspended), (12 bytes).
    Removing softdevice_handler.o(i.softdevice_handler_resume), (68 bytes).
    Removing softdevice_handler.o(i.softdevice_handler_sd_disable), (24 bytes).
    Removing softdevice_handler.o(i.softdevice_handler_suspend), (60 bytes).
    Removing softdevice_handler.o(i.softdevice_sys_evt_handler_set), (20 bytes).
    Removing arm_startup_nrf52.o(HEAP), (1024 bytes).
    Removing system_nrf52.o(.rev16_text), (4 bytes).
    Removing system_nrf52.o(.revsh_text), (4 bytes).
    Removing system_nrf52.o(.rrx_text), (6 bytes).
    Removing system_nrf52.o(i.SystemCoreClockUpdate), (16 bytes).
    Removing dadd.o(.text), (334 bytes).
    Removing dmul.o(.text), (228 bytes).
    Removing ddiv.o(.text), (222 bytes).
    Removing dfixul.o(.text), (48 bytes).
    Removing cdrcmple.o(.text), (48 bytes).
    Removing depilogue.o(.text), (186 bytes).

417 unused section(s) (total 15470 bytes) removed from the image.

==============================================================================

Memory Map of the image

  Image Entry point : 0x00000000

  Load Region LR_IROM1 (Base: 0x0001f000, Size: 0x00006078, Max: 0x00061000, ABSOLUTE)

    Execution Region ER_IROM1 (Base: 0x0001f000, Size: 0x00005f80, Max: 0x00061000, ABSOLUTE)

    Base Addr    Size         Type   Attr      Idx    E Section Name        Object

    0x0001f000   0x00000400   Data   RO         4512    RESET               arm_startup_nrf52.o
    0x0001f400   0x00000000   Code   RO         4553  * .ARM.Collect$$$$00000000  mc_w.l(entry.o)
    0x0001f400   0x00000004   Code   RO         4855    .ARM.Collect$$$$00000001  mc_w.l(entry2.o)
    0x0001f404   0x00000004   Code   RO         4858    .ARM.Collect$$$$00000004  mc_w.l(entry5.o)
    0x0001f408   0x00000000   Code   RO         4860    .ARM.Collect$$$$00000008  mc_w.l(entry7b.o)
    0x0001f408   0x00000000   Code   RO         4862    .ARM.Collect$$$$0000000A  mc_w.l(entry8b.o)
    0x0001f408   0x00000008   Code   RO         4863    .ARM.Collect$$$$0000000B  mc_w.l(entry9a.o)
    0x0001f410   0x00000000   Code   RO         4865    .ARM.Collect$$$$0000000D  mc_w.l(entry10a.o)
    0x0001f410   0x00000000   Code   RO         4867    .ARM.Collect$$$$0000000F  mc_w.l(entry11a.o)
    0x0001f410   0x00000004   Code   RO         4856    .ARM.Collect$$$$00002712  mc_w.l(entry2.o)
    0x0001f414   0x000000a0   Code   RO         1061    .emb_text           port.o
    0x0001f4b4   0x00000024   Code   RO         4513    .text               arm_startup_nrf52.o
    0x0001f4d8   0x00000008   Code   RO         4556    .text               mc_w.l(ctype_o.o)
    0x0001f4e0   0x00000024   Code   RO         4584    .text               mc_w.l(memcpya.o)
    0x0001f504   0x00000024   Code   RO         4586    .text               mc_w.l(memseta.o)
    0x0001f528   0x0000000e   Code   RO         4588    .text               mc_w.l(strlen.o)
    0x0001f536   0x00000012   Code   RO         4590    .text               mc_w.l(strcpy.o)
    0x0001f548   0x00000062   Code   RO         4874    .text               mc_w.l(uldiv.o)
    0x0001f5aa   0x00000002   PAD
    0x0001f5ac   0x00000024   Code   RO         4887    .text               mc_w.l(init.o)
    0x0001f5d0   0x0000001e   Code   RO         4890    .text               mc_w.l(llshl.o)
    0x0001f5ee   0x00000020   Code   RO         4892    .text               mc_w.l(llushr.o)
    0x0001f60e   0x00000002   PAD
    0x0001f610   0x00000174   Code   RO         2875    i.GPIOTE_IRQHandler  nrf_drv_gpiote.o
    0x0001f784   0x00000016   Code   RO         4361    i.NVIC_DisableIRQ   softdevice_handler.o
    0x0001f79a   0x00000016   Code   RO         4362    i.NVIC_EnableIRQ    softdevice_handler.o
    0x0001f7b0   0x00000058   Code   RO         2662    i.POWER_CLOCK_IRQHandler  nrf_drv_clock.o
    0x0001f808   0x0000003c   Code   RO         1153    i.RTC1_IRQHandler   port_cmsis_systick.o
    0x0001f844   0x00000014   Code   RO         4212    i.SEGGER_RTT_Init   segger_rtt.o
    0x0001f858   0x0000005c   Code   RO         4221    i.SEGGER_RTT_WriteNoLock  segger_rtt.o
    0x0001f8b4   0x00000024   Code   RO         4363    i.SWI2_EGU2_IRQHandler  softdevice_handler.o
    0x0001f8d8   0x0000029c   Code   RO         4521    i.SystemInit        system_nrf52.o
    0x0001fb74   0x0000001c   Code   RO         3115    i.UARTE0_UART0_IRQHandler  nrf_drv_uart.o
    0x0001fb90   0x00000068   Code   RO         4224    i._DoInit           segger_rtt.o
    0x0001fbf8   0x00000016   Code   RO         4225    i._GetAvailWriteSpace  segger_rtt.o
    0x0001fc0e   0x0000005a   Code   RO         4227    i._WriteBlocking    segger_rtt.o
    0x0001fc68   0x0000003e   Code   RO         4228    i._WriteNoCheck     segger_rtt.o
    0x0001fca6   0x00000002   PAD
    0x0001fca8   0x00000028   Code   RO         4802    i.__0snprintf$8     mc_w.l(printf8.o)
    0x0001fcd0   0x00000024   Code   RO         4364    i.__sd_nvic_app_accessible_irq  softdevice_handler.o
    0x0001fcf4   0x00000410   Code   RO         4808    i._printf_core      mc_w.l(printf8.o)
    0x00020104   0x00000024   Code   RO         4809    i._printf_post_padding  mc_w.l(printf8.o)
    0x00020128   0x0000002e   Code   RO         4810    i._printf_pre_padding  mc_w.l(printf8.o)
    0x00020156   0x00000016   Code   RO         4811    i._snputc           mc_w.l(printf8.o)
    0x0002016c   0x00000036   Code   RO          702    i.advertising_buttons_configure  bsp_btn_ble.o
    0x000201a2   0x00000002   PAD
    0x000201a4   0x0000006c   Code   RO            4    i.advertising_init  main.o
    0x00020210   0x00000006   Code   RO          577    i.alert_timer_handler  bsp.o
    0x00020216   0x00000002   PAD
    0x00020218   0x00000024   Code   RO         3348    i.app_button_enable  app_button.o
    0x0002023c   0x00000070   Code   RO         3349    i.app_button_init   app_button.o
    0x000202ac   0x0000005c   Code   RO         3455    i.app_error_fault_handler  app_error_weak.o
    0x00020308   0x00000016   Code   RO         3410    i.app_error_handler_bare  app_error.o
    0x0002031e   0x00000016   Code   RO         3816    i.app_fifo_get      app_fifo.o
    0x00020334   0x00000020   Code   RO         3817    i.app_fifo_init     app_fifo.o
    0x00020354   0x0000001a   Code   RO         3819    i.app_fifo_put      app_fifo.o
    0x0002036e   0x0000001a   Code   RO         3483    i.app_timer_callback  app_timer_freertos.o
    0x00020388   0x00000054   Code   RO         3484    i.app_timer_create  app_timer_freertos.o
    0x000203dc   0x00000010   Code   RO         3485    i.app_timer_init    app_timer_freertos.o
    0x000203ec   0x000000c8   Code   RO         3486    i.app_timer_start   app_timer_freertos.o
    0x000204b4   0x00000064   Code   RO         3487    i.app_timer_stop    app_timer_freertos.o
    0x00020518   0x000000b4   Code   RO         3891    i.app_uart_init     app_uart_fifo.o
    0x000205cc   0x00000048   Code   RO         3538    i.app_util_critical_region_enter  app_util_platform.o
    0x00020614   0x00000034   Code   RO         3539    i.app_util_critical_region_exit  app_util_platform.o
    0x00020648   0x000000b8   Code   RO         3116    i.apply_config      nrf_drv_uart.o
    0x00020700   0x00000010   Code   RO         2016    i.ble_conn_state_n_centrals  ble_conn_state.o
    0x00020710   0x00000040   Code   RO         2431    i.ble_db_discovery_evt_register  ble_db_discovery.o
    0x00020750   0x0000001c   Code   RO         2432    i.ble_db_discovery_init  ble_db_discovery.o
    0x0002076c   0x0000004c   Code   RO         2433    i.ble_db_discovery_on_ble_evt  ble_db_discovery.o
    0x000207b8   0x0000006c   Code   RO         2434    i.ble_db_discovery_start  ble_db_discovery.o
    0x00020824   0x00000040   Code   RO            6    i.ble_evt_dispatch  main.o
    0x00020864   0x00000034   Code   RO            7    i.ble_new_event_handler  main.o
    0x00020898   0x000000fc   Code   RO            8    i.ble_nus_c_evt_handler  main.o
    0x00020994   0x0000001a   Code   RO         2592    i.ble_nus_c_handles_assign  ble_nus_c.o
    0x000209ae   0x00000002   PAD
    0x000209b0   0x0000004c   Code   RO         2593    i.ble_nus_c_init    ble_nus_c.o
    0x000209fc   0x00000066   Code   RO         2594    i.ble_nus_c_on_ble_evt  ble_nus_c.o
    0x00020a62   0x00000078   Code   RO         2595    i.ble_nus_c_on_db_disc_evt  ble_nus_c.o
    0x00020ada   0x00000002   PAD
    0x00020adc   0x00000048   Code   RO         2596    i.ble_nus_c_rx_notif_enable  ble_nus_c.o
    0x00020b24   0x00000040   Code   RO         2597    i.ble_nus_c_string_send  ble_nus_c.o
    0x00020b64   0x0000006c   Code   RO            9    i.ble_stack_init    main.o
    0x00020bd0   0x000000f4   Code   RO           10    i.ble_stack_thread  main.o
    0x00020cc4   0x0000000c   Code   RO          454    i.bsp_board_button_idx_to_pin  boards.o
    0x00020cd0   0x00000020   Code   RO          455    i.bsp_board_button_state_get  boards.o
    0x00020cf0   0x00000024   Code   RO          458    i.bsp_board_led_invert  boards.o
    0x00020d14   0x00000010   Code   RO          459    i.bsp_board_led_off  boards.o
    0x00020d24   0x00000010   Code   RO          460    i.bsp_board_led_on  boards.o
    0x00020d34   0x00000020   Code   RO          461    i.bsp_board_led_state_get  boards.o
    0x00020d54   0x0000002c   Code   RO          462    i.bsp_board_leds_init  boards.o
    0x00020d80   0x00000012   Code   RO          463    i.bsp_board_leds_off  boards.o
    0x00020d92   0x00000012   Code   RO          464    i.bsp_board_leds_on  boards.o
    0x00020da4   0x00000024   Code   RO          465    i.bsp_board_pin_to_button_idx  boards.o
    0x00020dc8   0x00000038   Code   RO          703    i.bsp_btn_ble_init  bsp_btn_ble.o
    0x00020e00   0x00000070   Code   RO          704    i.bsp_btn_ble_on_ble_evt  bsp_btn_ble.o
    0x00020e70   0x0000001e   Code   RO          705    i.bsp_btn_ble_sleep_mode_prepare  bsp_btn_ble.o
    0x00020e8e   0x00000002   PAD
    0x00020e90   0x00000094   Code   RO          578    i.bsp_button_event_handler  bsp.o
    0x00020f24   0x00000004   Code   RO          579    i.bsp_button_is_pressed  bsp.o
    0x00020f28   0x00000048   Code   RO           11    i.bsp_event_handler  main.o
    0x00020f70   0x00000044   Code   RO          582    i.bsp_event_to_button_action_assign  bsp.o
    0x00020fb4   0x00000018   Code   RO          583    i.bsp_indication_set  bsp.o
    0x00020fcc   0x00000098   Code   RO          584    i.bsp_init          bsp.o
    0x00021064   0x00000174   Code   RO          585    i.bsp_led_indication  bsp.o
    0x000211d8   0x00000010   Code   RO          587    i.bsp_wakeup_button_enable  bsp.o
    0x000211e8   0x00000012   Code   RO         3975    i.buf_len_update    nrf_log_backend_serial.o
    0x000211fa   0x00000002   PAD
    0x000211fc   0x00000068   Code   RO         4077    i.buf_prealloc      nrf_log_frontend.o
    0x00021264   0x00000014   Code   RO         4078    i.buffer_is_empty   nrf_log_frontend.o
    0x00021278   0x00000008   Code   RO          588    i.button_timer_handler  bsp.o
    0x00021280   0x0000001c   Code   RO         2876    i.channel_free      nrf_drv_gpiote.o
    0x0002129c   0x00000048   Code   RO         2877    i.channel_port_alloc  nrf_drv_gpiote.o
    0x000212e4   0x00000010   Code   RO         2878    i.channel_port_get  nrf_drv_gpiote.o
    0x000212f4   0x00000042   Code   RO         2435    i.characteristics_discover  ble_db_discovery.o
    0x00021336   0x00000002   PAD
    0x00021338   0x00000028   Code   RO         2663    i.clock_clk_started_notify  nrf_drv_clock.o
    0x00021360   0x00000034   Code   RO           12    i.db_disc_handler   main.o
    0x00021394   0x0000008c   Code   RO         2436    i.descriptors_discover  ble_db_discovery.o
    0x00021420   0x00000060   Code   RO         3351    i.detection_delay_timeout_handler  app_button.o
    0x00021480   0x000000b4   Code   RO         2437    i.discovery_complete_evt_trigger  ble_db_discovery.o
    0x00021534   0x00000034   Code   RO         2438    i.discovery_error_evt_trigger  ble_db_discovery.o
    0x00021568   0x00000020   Code   RO         1405    i.eTaskConfirmSleepModeStatus  tasks.o
    0x00021588   0x00000014   Code   RO         3822    i.fifo_get          app_fifo.o
    0x0002159c   0x00000012   Code   RO         3823    i.fifo_put          app_fifo.o
    0x000215ae   0x00000002   PAD
    0x000215b0   0x00000058   Code   RO         3352    i.gpiote_event_handler  app_button.o
    0x00021608   0x00000078   Code   RO         4365    i.intern_softdevice_events_execute  softdevice_handler.o
    0x00021680   0x00000078   Code   RO         3117    i.interrupts_enable  nrf_drv_uart.o
    0x000216f8   0x0000004c   Code   RO         2439    i.is_desc_discovery_reqd  ble_db_discovery.o
    0x00021744   0x000000e0   Code   RO           13    i.is_uuid_present   main.o
    0x00021824   0x00000016   Code   RO         2665    i.item_enqueue      nrf_drv_clock.o
    0x0002183a   0x00000002   PAD
    0x0002183c   0x00000014   Code   RO          589    i.leds_timer_handler  bsp.o
    0x00021850   0x0000000e   Code   RO           14    i.logger_thread     main.o
    0x0002185e   0x00000002   PAD
    0x00021860   0x000000f8   Code   RO           15    i.main              main.o
    0x00021958   0x00000010   Code   RO         2879    i.nrf_bitmask_bit_is_set  nrf_drv_gpiote.o
    0x00021968   0x0000000e   Code   RO         2667    i.nrf_clock_event_check  nrf_drv_clock.o
    0x00021976   0x00000010   Code   RO         2668    i.nrf_clock_event_clear  nrf_drv_clock.o
    0x00021986   0x00000002   PAD
    0x00021988   0x00000048   Code   RO         2675    i.nrf_drv_clock_init  nrf_drv_clock.o
    0x000219d0   0x00000068   Code   RO         2680    i.nrf_drv_clock_lfclk_request  nrf_drv_clock.o
    0x00021a38   0x00000030   Code   RO         2682    i.nrf_drv_clock_on_sd_enable  nrf_drv_clock.o
    0x00021a68   0x0000000a   Code   RO         2683    i.nrf_drv_clock_on_soc_event  nrf_drv_clock.o
    0x00021a72   0x00000016   Code   RO         3118    i.nrf_drv_common_irq_disable  nrf_drv_uart.o
    0x00021a88   0x00000038   Code   RO         2839    i.nrf_drv_common_irq_enable  nrf_drv_common.o
    0x00021ac0   0x00000006   Code   RO         3119    i.nrf_drv_get_IRQn  nrf_drv_uart.o
    0x00021ac6   0x00000002   PAD
    0x00021ac8   0x000000a4   Code   RO         2884    i.nrf_drv_gpiote_in_event_enable  nrf_drv_gpiote.o
    0x00021b6c   0x000000b8   Code   RO         2885    i.nrf_drv_gpiote_in_init  nrf_drv_gpiote.o
    0x00021c24   0x00000014   Code   RO         2886    i.nrf_drv_gpiote_in_is_set  nrf_drv_gpiote.o
    0x00021c38   0x0000005c   Code   RO         2888    i.nrf_drv_gpiote_init  nrf_drv_gpiote.o
    0x00021c94   0x00000014   Code   RO         2889    i.nrf_drv_gpiote_is_init  nrf_drv_gpiote.o
    0x00021ca8   0x00000010   Code   RO         3120    i.nrf_drv_is_in_RAM  nrf_drv_uart.o
    0x00021cb8   0x00000068   Code   RO         3122    i.nrf_drv_uart_init  nrf_drv_uart.o
    0x00021d20   0x000000b0   Code   RO         3123    i.nrf_drv_uart_rx   nrf_drv_uart.o
    0x00021dd0   0x00000030   Code   RO         3126    i.nrf_drv_uart_rx_enable  nrf_drv_uart.o
    0x00021e00   0x000000a8   Code   RO         3127    i.nrf_drv_uart_rx_for_uart  nrf_drv_uart.o
    0x00021ea8   0x000000b0   Code   RO         3128    i.nrf_drv_uart_rx_for_uarte  nrf_drv_uart.o
    0x00021f58   0x0000010c   Code   RO         3129    i.nrf_drv_uart_tx   nrf_drv_uart.o
    0x00022064   0x00000018   Code   RO         3131    i.nrf_drv_uart_tx_in_progress  nrf_drv_uart.o
    0x0002207c   0x00000054   Code   RO         3132    i.nrf_drv_uart_uninit  nrf_drv_uart.o
    0x000220d0   0x00000024   Code   RO          467    i.nrf_gpio_cfg      boards.o
    0x000220f4   0x00000024   Code   RO         2903    i.nrf_gpio_cfg      nrf_drv_gpiote.o
    0x00022118   0x00000024   Code   RO         3133    i.nrf_gpio_cfg      nrf_drv_uart.o
    0x0002213c   0x00000012   Code   RO         3134    i.nrf_gpio_cfg_default  nrf_drv_uart.o
    0x0002214e   0x00000012   Code   RO         3135    i.nrf_gpio_cfg_input  nrf_drv_uart.o
    0x00022160   0x00000014   Code   RO         3136    i.nrf_gpio_cfg_output  nrf_drv_uart.o
    0x00022174   0x00000022   Code   RO          590    i.nrf_gpio_cfg_sense_set  bsp.o
    0x00022196   0x00000022   Code   RO         2905    i.nrf_gpio_cfg_sense_set  nrf_drv_gpiote.o
    0x000221b8   0x00000016   Code   RO          468    i.nrf_gpio_pin_write  boards.o
    0x000221ce   0x00000002   PAD
    0x000221d0   0x00000028   Code   RO         2906    i.nrf_gpio_ports_read  nrf_drv_gpiote.o
    0x000221f8   0x00000014   Code   RO         2907    i.nrf_gpiote_event_clear  nrf_drv_gpiote.o
    0x0002220c   0x00000010   Code   RO         2908    i.nrf_gpiote_event_is_set  nrf_drv_gpiote.o
    0x0002221c   0x00000008   Code   RO         3977    i.nrf_log_backend_hexdump_handler_get  nrf_log_backend_serial.o
    0x00022224   0x00000078   Code   RO         3978    i.nrf_log_backend_init  nrf_log_backend_serial.o
    0x0002229c   0x0000012e   Code   RO         3979    i.nrf_log_backend_serial_hexdump_handler  nrf_log_backend_serial.o
    0x000223ca   0x00000114   Code   RO         3980    i.nrf_log_backend_serial_std_handler  nrf_log_backend_serial.o
    0x000224de   0x00000002   PAD
    0x000224e0   0x00000008   Code   RO         3981    i.nrf_log_backend_std_handler_get  nrf_log_backend_serial.o
    0x000224e8   0x00000006   Code   RO         4080    i.nrf_log_blocking_backend_set  nrf_log_frontend.o
    0x000224ee   0x00000002   PAD
    0x000224f0   0x00000130   Code   RO         4081    i.nrf_log_frontend_dequeue  nrf_log_frontend.o
    0x00022620   0x00000014   Code   RO         4083    i.nrf_log_frontend_init  nrf_log_frontend.o
    0x00022634   0x0000004c   Code   RO         4084    i.nrf_log_frontend_std_0  nrf_log_frontend.o
    0x00022680   0x00000058   Code   RO         4085    i.nrf_log_frontend_std_1  nrf_log_frontend.o
    0x000226d8   0x00000068   Code   RO         4086    i.nrf_log_frontend_std_2  nrf_log_frontend.o
    0x00022740   0x000000a4   Code   RO         4090    i.nrf_log_frontend_std_6  nrf_log_frontend.o
    0x000227e4   0x00000010   Code   RO         4092    i.nrf_log_handlers_set  nrf_log_frontend.o
    0x000227f4   0x00000024   Code   RO         4093    i.nrf_log_init      nrf_log_frontend.o
    0x00022818   0x0000000c   Code   RO         1154    i.nrf_rtc_event_clear  port_cmsis_systick.o
    0x00022824   0x0000000a   Code   RO         3137    i.nrf_uart_event_check  nrf_drv_uart.o
    0x0002282e   0x0000000c   Code   RO         3138    i.nrf_uart_event_clear  nrf_drv_uart.o
    0x0002283a   0x0000000c   Code   RO         3139    i.nrf_uart_int_enable_check  nrf_drv_uart.o
    0x00022846   0x0000000a   Code   RO         3140    i.nrf_uarte_event_check  nrf_drv_uart.o
    0x00022850   0x0000000c   Code   RO         3141    i.nrf_uarte_event_clear  nrf_drv_uart.o
    0x0002285c   0x000000dc   Code   RO           16    i.on_adv_evt        main.o
    0x00022938   0x000001d8   Code   RO           17    i.on_ble_evt        main.o
    0x00022b10   0x00000124   Code   RO         2440    i.on_characteristic_discovery_rsp  ble_db_discovery.o
    0x00022c34   0x00000100   Code   RO         2441    i.on_descriptor_discovery_rsp  ble_db_discovery.o
    0x00022d34   0x000000dc   Code   RO         2442    i.on_primary_srv_discovery_rsp  ble_db_discovery.o
    0x00022e10   0x00000094   Code   RO         2443    i.on_srv_disc_completion  ble_db_discovery.o
    0x00022ea4   0x00000018   Code   RO         2909    i.pin_in_use_by_port  nrf_drv_gpiote.o
    0x00022ebc   0x00000018   Code   RO         2910    i.pin_in_use_by_te  nrf_drv_gpiote.o
    0x00022ed4   0x00000078   Code   RO         3142    i.pins_to_default   nrf_drv_uart.o
    0x00022f4c   0x00000154   Code   RO           18    i.print_slave_data  main.o
    0x000230a0   0x00000034   Code   RO         1408    i.prvAddCurrentTaskToDelayedList  tasks.o
    0x000230d4   0x00000050   Code   RO         1729    i.prvCheckForValidListAndQueue  timers.o
    0x00023124   0x00000054   Code   RO         1409    i.prvCheckTasksWaitingTermination  tasks.o
    0x00023178   0x00000026   Code   RO         1232    i.prvCopyDataFromQueue  queue.o
    0x0002319e   0x0000006e   Code   RO         1233    i.prvCopyDataToQueue  queue.o
    0x0002320c   0x00000024   Code   RO         1410    i.prvGetExpectedIdleTime  tasks.o
    0x00023230   0x00000048   Code   RO         1411    i.prvIdleTask       tasks.o
    0x00023278   0x00000038   Code   RO         1730    i.prvInsertTimerInActiveList  timers.o
    0x000232b0   0x000000a8   Code   RO         1731    i.prvProcessReceivedCommands  timers.o
    0x00023358   0x00000098   Code   RO         1732    i.prvProcessTimerOrBlockTask  timers.o
    0x000233f0   0x00000020   Code   RO         1412    i.prvResetNextTaskUnblockTime  tasks.o
    0x00023410   0x00000028   Code   RO         1733    i.prvSampleTimeNow  timers.o
    0x00023438   0x00000058   Code   RO         1734    i.prvSwitchTimerLists  timers.o
    0x00023490   0x00000008   Code   RO         1083    i.prvTaskExitError  port_cmsis.o
    0x00023498   0x00000020   Code   RO         1413    i.prvTaskIsTaskSuspended  tasks.o
    0x000234b8   0x00000024   Code   RO         1735    i.prvTimerTask      timers.o
    0x000234dc   0x00000064   Code   RO         1234    i.prvUnlockQueue    queue.o
    0x00023540   0x0000004c   Code   RO          968    i.pvPortMalloc      heap_1.o
    0x0002358c   0x00000018   Code   RO         1414    i.pvTaskIncrementMutexHeldCount  tasks.o
    0x000235a4   0x00000012   Code   RO         1736    i.pvTimerGetTimerID  timers.o
    0x000235b6   0x00000002   PAD
    0x000235b8   0x0000002c   Code   RO         1084    i.pxPortInitialiseStack  port_cmsis.o
    0x000235e4   0x00000010   Code   RO         4366    i.ram_end_address_get  softdevice_handler.o
    0x000235f4   0x00000038   Code   RO         2444    i.registered_handler_get  ble_db_discovery.o
    0x0002362c   0x00000032   Code   RO         3143    i.rx_byte           nrf_drv_uart.o
    0x0002365e   0x00000018   Code   RO         3144    i.rx_done_event     nrf_drv_uart.o
    0x00023676   0x00000020   Code   RO         3145    i.rx_enable         nrf_drv_uart.o
    0x00023696   0x00000002   PAD
    0x00023698   0x0000004c   Code   RO           19    i.scan_start        main.o
    0x000236e4   0x00000070   Code   RO         4368    i.sd_nvic_EnableIRQ  softdevice_handler.o
    0x00023754   0x00000010   Code   RO         3726    i.sdk_mapped_flags_get_by_index  sdk_mapped_flags.o
    0x00023764   0x0000001e   Code   RO         3729    i.sdk_mapped_flags_n_flags_set  sdk_mapped_flags.o
    0x00023782   0x00000002   PAD
    0x00023784   0x000000b4   Code   RO           20    i.send_data         main.o
    0x00023838   0x0000000c   Code   RO         3982    i.serial_is_busy    nrf_log_backend_serial.o
    0x00023844   0x00000050   Code   RO         3983    i.serial_tx         nrf_log_backend_serial.o
    0x00023894   0x00000028   Code   RO           21    i.sleep_mode_enter  main.o
    0x000238bc   0x00000014   Code   RO         4369    i.softdevice_ble_evt_handler_set  softdevice_handler.o
    0x000238d0   0x000000e0   Code   RO         4370    i.softdevice_enable  softdevice_handler.o
    0x000239b0   0x00000026   Code   RO         4371    i.softdevice_enable_get_default_config  softdevice_handler.o
    0x000239d6   0x00000004   Code   RO         4372    i.softdevice_fault_handler  softdevice_handler.o
    0x000239da   0x00000002   PAD
    0x000239dc   0x00000064   Code   RO         4373    i.softdevice_handler_init  softdevice_handler.o
    0x00023a40   0x0000000c   Code   RO         4374    i.softdevice_handler_is_enabled  softdevice_handler.o
    0x00023a4c   0x00000034   Code   RO         3984    i.timestamp_process  nrf_log_backend_serial.o
    0x00023a80   0x00000020   Code   RO         3146    i.tx_byte           nrf_drv_uart.o
    0x00023aa0   0x0000001c   Code   RO         3147    i.tx_done_event     nrf_drv_uart.o
    0x00023abc   0x00000016   Code   RO           22    i.uart_event_handle  main.o
    0x00023ad2   0x00000002   PAD
    0x00023ad4   0x000000a0   Code   RO         3893    i.uart_event_handler  app_uart_fifo.o
    0x00023b74   0x00000010   Code   RO         3985    i.uart_event_handler  nrf_log_backend_serial.o
    0x00023b84   0x0000011e   Code   RO         3148    i.uart_irq_handler  nrf_drv_uart.o
    0x00023ca2   0x00000008   Code   RO           23    i.uart_stack_thread  main.o
    0x00023caa   0x000000f0   Code   RO         3149    i.uarte_irq_handler  nrf_drv_uart.o
    0x00023d9a   0x0000000c   Code   RO         1235    i.ulPortRaiseBASEPRI  queue.o
    0x00023da6   0x00000024   Code   RO         1013    i.uxListRemove      list.o
    0x00023dca   0x00000002   PAD
    0x00023dcc   0x0000000c   Code   RO           24    i.vApplicationIdleHook  main.o
    0x00023dd8   0x00000016   Code   RO         1014    i.vListInitialise   list.o
    0x00023dee   0x00000006   Code   RO         1015    i.vListInitialiseItem  list.o
    0x00023df4   0x00000030   Code   RO         1016    i.vListInsert       list.o
    0x00023e24   0x00000018   Code   RO         1017    i.vListInsertEnd    list.o
    0x00023e3c   0x00000014   Code   RO         1086    i.vPortEnterCritical  port_cmsis.o
    0x00023e50   0x00000014   Code   RO         1087    i.vPortExitCritical  port_cmsis.o
    0x00023e64   0x00000002   Code   RO          969    i.vPortFree         heap_1.o
    0x00023e66   0x00000002   PAD
    0x00023e68   0x00000038   Code   RO         1155    i.vPortSetupTimerInterrupt  port_cmsis_systick.o
    0x00023ea0   0x000000fc   Code   RO         1156    i.vPortSuppressTicksAndSleep  port_cmsis_systick.o
    0x00023f9c   0x00000028   Code   RO         1239    i.vQueueAddToRegistry  queue.o
    0x00023fc4   0x00000038   Code   RO         1242    i.vQueueWaitForMessageRestricted  queue.o
    0x00023ffc   0x0000000c   Code   RO         1426    i.vTaskMissedYield  tasks.o
    0x00024008   0x00000050   Code   RO         1428    i.vTaskPlaceOnEventList  tasks.o
    0x00024058   0x00000038   Code   RO         1429    i.vTaskPlaceOnEventListRestricted  tasks.o
    0x00024090   0x00000084   Code   RO         1431    i.vTaskPriorityInherit  tasks.o
    0x00024114   0x00000070   Code   RO         1433    i.vTaskResume       tasks.o
    0x00024184   0x00000010   Code   RO         1434    i.vTaskSetTimeOutState  tasks.o
    0x00024194   0x00000050   Code   RO         1435    i.vTaskStartScheduler  tasks.o
    0x000241e4   0x00000010   Code   RO         1436    i.vTaskStepTick     tasks.o
    0x000241f4   0x000000a0   Code   RO         1437    i.vTaskSuspend      tasks.o
    0x00024294   0x00000010   Code   RO         1438    i.vTaskSuspendAll   tasks.o
    0x000242a4   0x00000044   Code   RO         1439    i.vTaskSwitchContext  tasks.o
    0x000242e8   0x0000004c   Code   RO         1088    i.xPortStartScheduler  port_cmsis.o
    0x00024334   0x00000044   Code   RO         1244    i.xQueueCreateMutex  queue.o
    0x00024378   0x0000003c   Code   RO         1245    i.xQueueGenericCreate  queue.o
    0x000243b4   0x00000128   Code   RO         1246    i.xQueueGenericReceive  queue.o
    0x000244dc   0x00000070   Code   RO         1247    i.xQueueGenericReset  queue.o
    0x0002454c   0x000000fc   Code   RO         1248    i.xQueueGenericSend  queue.o
    0x00024648   0x00000060   Code   RO         1249    i.xQueueGenericSendFromISR  queue.o
    0x000246a8   0x00000050   Code   RO         1250    i.xQueueGiveFromISR  queue.o
    0x000246f8   0x00000048   Code   RO         1440    i.xTaskCheckForTimeOut  tasks.o
    0x00024740   0x0000017c   Code   RO         1441    i.xTaskGenericCreate  tasks.o
    0x000248bc   0x0000001c   Code   RO         1445    i.xTaskGetSchedulerState  tasks.o
    0x000248d8   0x0000000c   Code   RO         1446    i.xTaskGetTickCount  tasks.o
    0x000248e4   0x0000000c   Code   RO         1447    i.xTaskGetTickCountFromISR  tasks.o
    0x000248f0   0x000000a0   Code   RO         1448    i.xTaskIncrementTick  tasks.o
    0x00024990   0x00000070   Code   RO         1451    i.xTaskPriorityDisinherit  tasks.o
    0x00024a00   0x0000006c   Code   RO         1452    i.xTaskRemoveFromEventList  tasks.o
    0x00024a6c   0x000000b0   Code   RO         1454    i.xTaskResumeAll    tasks.o
    0x00024b1c   0x0000003c   Code   RO         1738    i.xTimerCreate      timers.o
    0x00024b58   0x00000044   Code   RO         1739    i.xTimerCreateTimerTask  timers.o
    0x00024b9c   0x00000050   Code   RO         1740    i.xTimerGenericCommand  timers.o
    0x00024bec   0x0000001a   Code   RO         1742    i.xTimerIsTimerActive  timers.o
    0x00024c06   0x00000002   PAD
    0x00024c08   0x00000030   Data   RO           26    .constdata          main.o
    0x00024c38   0x00000008   Data   RO          469    .constdata          boards.o
    0x00024c40   0x0000002c   Data   RO          595    .constdata          bsp.o
    0x00024c6c   0x00000004   Data   RO         1089    .constdata          port_cmsis.o
    0x00024c70   0x00000028   Data   RO         2598    .constdata          ble_nus_c.o
    0x00024c98   0x00000004   Data   RO         2912    .constdata          nrf_drv_gpiote.o
    0x00024c9c   0x00000008   Data   RO         3354    .constdata          app_button.o
    0x00024ca4   0x00000020   Data   RO         3895    .constdata          app_uart_fifo.o
    0x00024cc4   0x00000020   Data   RO         3988    .constdata          nrf_log_backend_serial.o
    0x00024ce4   0x00000024   Data   RO         4096    .constdata          nrf_log_frontend.o
    0x00024d08   0x00000081   Data   RO         4557    .constdata          mc_w.l(ctype_o.o)
    0x00024d89   0x00000003   PAD
    0x00024d8c   0x00000004   Data   RO         4558    .constdata          mc_w.l(ctype_o.o)
    0x00024d90   0x000000dc   Data   RO           27    .conststring        main.o
    0x00024e6c   0x000000c1   Data   RO         2446    .conststring        ble_db_discovery.o
    0x00024f2d   0x00000003   PAD
    0x00024f30   0x0000000b   Data   RO         4097    .conststring        nrf_log_frontend.o
    0x00024f3b   0x00000001   PAD
    0x00024f3c   0x00000042   Data   RO         4380    .conststring        softdevice_handler.o
    0x00024f7e   0x00000002   PAD
    0x00024f80   0x00000000   Data   RO         4899    Region$$Table       anon$$obj.o


    Execution Region RW_IRAM1 (Base: 0x20002128, Size: 0x00006cd8, Max: 0x0000ded8, ABSOLUTE)

    Base Addr    Size         Type   Attr      Idx    E Section Name        Object

    0x20002128   0x00000020   Data   RW           28    .data               main.o
    0x20002148   0x00000014   Data   RW          596    .data               bsp.o
    0x2000215c   0x00000008   Data   RW          706    .data               bsp_btn_ble.o
    0x20002164   0x00000008   Data   RW          973    .data               heap_1.o
    0x2000216c   0x00000004   Data   RW         1090    .data               port_cmsis.o
    0x20002170   0x0000003c   Data   RW         1457    .data               tasks.o
    0x200021ac   0x00000014   Data   RW         1746    .data               timers.o
    0x200021c0   0x00000010   Data   RW         2447    .data               ble_db_discovery.o
    0x200021d0   0x00000014   Data   RW         3355    .data               app_button.o
    0x200021e4   0x00000004   Data   RW         3488    .data               app_timer_freertos.o
    0x200021e8   0x00000010   Data   RW         3896    .data               app_uart_fifo.o
    0x200021f8   0x0000000c   Data   RW         3989    .data               nrf_log_backend_serial.o
    0x20002204   0x00000004   Data   RW         4098    .data               nrf_log_frontend.o
    0x20002208   0x00000014   Data   RW         4381    .data               softdevice_handler.o
    0x2000221c   0x00000004   Data   RW         4522    .data               system_nrf52.o
    0x20002220   0x00001749   Zero   RW           25    .bss                main.o
    0x20003969   0x00000003   PAD
    0x2000396c   0x00000020   Zero   RW          591    .bss                bsp.o
    0x2000398c   0x00000020   Zero   RW          592    .bss                bsp.o
    0x200039ac   0x0000000c   Zero   RW          593    .bss                bsp.o
    0x200039b8   0x00000020   Zero   RW          594    .bss                bsp.o
    0x200039d8   0x00004000   Zero   RW          972    .bss                heap_1.o
    0x200079d8   0x00000010   Zero   RW         1257    .bss                queue.o
    0x200079e8   0x000000a0   Zero   RW         1456    .bss                tasks.o
    0x20007a88   0x00000028   Zero   RW         1745    .bss                timers.o
    0x20007ab0   0x00000034   Zero   RW         2029    .bss                ble_conn_state.o
    0x20007ae4   0x000002a0   Zero   RW         2445    .bss                ble_db_discovery.o
    0x20007d84   0x00000014   Zero   RW         2685    .bss                nrf_drv_clock.o
    0x20007d98   0x00000058   Zero   RW         2911    .bss                nrf_drv_gpiote.o
    0x20007df0   0x00000020   Zero   RW         3150    .bss                nrf_drv_uart.o
    0x20007e10   0x00000020   Zero   RW         3353    .bss                app_button.o
    0x20007e30   0x0000000c   Zero   RW         3542    .bss                app_util_platform.o
    0x20007e3c   0x00000020   Zero   RW         3894    .bss                app_uart_fifo.o
    0x20007e5c   0x00000100   Zero   RW         3986    .bss                nrf_log_backend_serial.o
    0x20007f5c   0x00000418   Zero   RW         4095    .bss                nrf_log_frontend.o
    0x20008374   0x00000288   Zero   RW         4229    .bss                segger_rtt.o
    0x200085fc   0x00000004   PAD
    0x20008600   0x00000800   Zero   RW         4510    STACK               arm_startup_nrf52.o

