Component: ARM Compiler 5.06 update 2 (build 183) Tool: armlink [4d35b7]

==============================================================================

Section Cross References

    main.o(i.ack_timer_handler) refers to event_groups.o(i.xEventGroupClearBits) for xEventGroupClearBits
    main.o(i.ack_timer_handler) refers to main.o(i.send_data) for send_data
    main.o(i.ack_timer_handler) refers to main.o(.data) for .data
    main.o(i.adv_scan_start) refers to fstorage.o(i.fs_queued_op_count_get) for fs_queued_op_count_get
    main.o(i.adv_scan_start) refers to app_error.o(i.app_error_handler_bare) for app_error_handler_bare
    main.o(i.adv_scan_start) refers to main.o(i.scan_start) for scan_start
    main.o(i.adv_scan_start) refers to boards.o(i.bsp_board_led_on) for bsp_board_led_on
    main.o(i.adv_scan_start) refers to ble_advertising.o(i.ble_advertising_start) for ble_advertising_start
    main.o(i.advertising_init) refers to memseta.o(.text) for __aeabi_memclr4
    main.o(i.advertising_init) refers to ble_advertising.o(i.ble_advertising_init) for ble_advertising_init
    main.o(i.advertising_init) refers to app_error.o(i.app_error_handler_bare) for app_error_handler_bare
    main.o(i.advertising_init) refers to main.o(.data) for .data
    main.o(i.advertising_init) refers to main.o(i.on_adv_evt) for on_adv_evt
    main.o(i.assert_nrf_callback) refers to app_error.o(i.app_error_handler) for app_error_handler
    main.o(i.ble_evt_dispatch) refers to ble_conn_state.o(i.ble_conn_state_on_ble_evt) for ble_conn_state_on_ble_evt
    main.o(i.ble_evt_dispatch) refers to peer_manager.o(i.pm_on_ble_evt) for pm_on_ble_evt
    main.o(i.ble_evt_dispatch) refers to ble_conn_state.o(i.ble_conn_state_role) for ble_conn_state_role
    main.o(i.ble_evt_dispatch) refers to main.o(i.on_ble_peripheral_evt) for on_ble_peripheral_evt
    main.o(i.ble_evt_dispatch) refers to ble_conn_params.o(i.ble_conn_params_on_ble_evt) for ble_conn_params_on_ble_evt
    main.o(i.ble_evt_dispatch) refers to ble_advertising.o(i.ble_advertising_on_ble_evt) for ble_advertising_on_ble_evt
    main.o(i.ble_evt_dispatch) refers to ble_nus.o(i.ble_nus_on_ble_evt) for ble_nus_on_ble_evt
    main.o(i.ble_evt_dispatch) refers to main.o(i.on_ble_central_evt) for on_ble_central_evt
    main.o(i.ble_evt_dispatch) refers to bsp_btn_ble.o(i.bsp_btn_ble_on_ble_evt) for bsp_btn_ble_on_ble_evt
    main.o(i.ble_evt_dispatch) refers to ble_db_discovery.o(i.ble_db_discovery_on_ble_evt) for ble_db_discovery_on_ble_evt
    main.o(i.ble_evt_dispatch) refers to ble_nus_c.o(i.ble_nus_c_on_ble_evt) for ble_nus_c_on_ble_evt
    main.o(i.ble_evt_dispatch) refers to main.o(.bss) for .bss
    main.o(i.ble_new_event_handler) refers to queue.o(i.xQueueGiveFromISR) for xQueueGiveFromISR
    main.o(i.ble_new_event_handler) refers to main.o(.data) for .data
    main.o(i.ble_nus_c_evt_handler) refers to nrf_log_frontend.o(i.nrf_log_frontend_std_0) for nrf_log_frontend_std_0
    main.o(i.ble_nus_c_evt_handler) refers to main.o(i.scan_start) for scan_start
    main.o(i.ble_nus_c_evt_handler) refers to ble_nus_c.o(i.ble_nus_c_handles_assign) for ble_nus_c_handles_assign
    main.o(i.ble_nus_c_evt_handler) refers to app_error.o(i.app_error_handler_bare) for app_error_handler_bare
    main.o(i.ble_nus_c_evt_handler) refers to ble_nus_c.o(i.ble_nus_c_rx_notif_enable) for ble_nus_c_rx_notif_enable
    main.o(i.ble_nus_c_evt_handler) refers to bsp.o(i.bsp_indication_set) for bsp_indication_set
    main.o(i.ble_nus_c_evt_handler) refers to main.o(i.send_ack) for send_ack
    main.o(i.ble_nus_c_evt_handler) refers to app_timer_freertos.o(i.app_timer_stop) for app_timer_stop
    main.o(i.ble_nus_c_evt_handler) refers to event_groups.o(i.xEventGroupClearBits) for xEventGroupClearBits
    main.o(i.ble_nus_c_evt_handler) refers to main.o(i.print_slave_data) for print_slave_data
    main.o(i.ble_nus_c_evt_handler) refers to main.o(.data) for .data
    main.o(i.ble_nus_c_evt_handler) refers to main.o(.bss) for .bss
    main.o(i.ble_nus_c_evt_handler) refers to main.o(.constdata) for .constdata
    main.o(i.ble_stack_init) refers to softdevice_handler.o(i.softdevice_handler_init) for softdevice_handler_init
    main.o(i.ble_stack_init) refers to app_error.o(i.app_error_handler_bare) for app_error_handler_bare
    main.o(i.ble_stack_init) refers to softdevice_handler.o(i.softdevice_enable_get_default_config) for softdevice_enable_get_default_config
    main.o(i.ble_stack_init) refers to softdevice_handler.o(i.softdevice_enable) for softdevice_enable
    main.o(i.ble_stack_init) refers to softdevice_handler.o(i.softdevice_ble_evt_handler_set) for softdevice_ble_evt_handler_set
    main.o(i.ble_stack_init) refers to main.o(.constdata) for .constdata
    main.o(i.ble_stack_init) refers to main.o(i.ble_new_event_handler) for ble_new_event_handler
    main.o(i.ble_stack_init) refers to main.o(.bss) for .bss
    main.o(i.ble_stack_init) refers to main.o(i.ble_evt_dispatch) for ble_evt_dispatch
[...]
    security_manager.o(i.sm_conn_sec_config_reply) refers to security_manager.o(.data) for .data
    security_manager.o(i.sm_init) refers to security_manager.o(i.flag_id_init) for flag_id_init
    security_manager.o(i.sm_init) refers to security_manager.o(.data) for .data
    security_manager.o(i.sm_lesc_public_key_set) refers to security_manager.o(.data) for .data
    security_manager.o(i.sm_link_secure) refers to security_manager.o(i.link_secure) for link_secure
    security_manager.o(i.sm_pdb_evt_handler) refers to security_manager.o(i.params_reply_pending_process) for params_reply_pending_process
    security_manager.o(i.sm_pdb_evt_handler) refers to security_manager.o(i.link_secure_pending_process) for link_secure_pending_process
    security_manager.o(i.sm_pdb_evt_handler) refers to security_manager.o(.data) for .data
    security_manager.o(i.sm_sec_params_set) refers to security_manager.o(i.sec_params_verify) for sec_params_verify
    security_manager.o(i.sm_sec_params_set) refers to security_manager.o(.data) for .data
    security_manager.o(i.sm_smd_evt_handler) refers to security_manager.o(i.smd_params_reply_perform) for smd_params_reply_perform
    security_manager.o(i.sm_smd_evt_handler) refers to security_manager.o(i.link_secure) for link_secure
    security_manager.o(i.sm_smd_evt_handler) refers to security_manager.o(i.evt_send) for evt_send
    security_manager.o(i.sm_smd_evt_handler) refers to security_manager.o(.data) for .data
    security_manager.o(i.smd_params_reply_perform) refers to ble_conn_state.o(i.ble_conn_state_role) for ble_conn_state_role
    security_manager.o(i.smd_params_reply_perform) refers to id_manager.o(i.im_peer_id_get_by_conn_handle) for im_peer_id_get_by_conn_handle
    security_manager.o(i.smd_params_reply_perform) refers to ble_conn_state.o(i.ble_conn_state_user_flag_set) for ble_conn_state_user_flag_set
    security_manager.o(i.smd_params_reply_perform) refers to security_manager.o(i.evt_send) for evt_send
    security_manager.o(i.smd_params_reply_perform) refers to ble_conn_state.o(i.ble_conn_state_user_flag_get) for ble_conn_state_user_flag_get
    security_manager.o(i.smd_params_reply_perform) refers to security_dispatcher.o(i.smd_params_reply) for smd_params_reply
    security_manager.o(i.smd_params_reply_perform) refers to security_manager.o(i.flags_set_from_err_code) for flags_set_from_err_code
    security_manager.o(i.smd_params_reply_perform) refers to security_manager.o(i.events_send_from_err_code) for events_send_from_err_code
    security_manager.o(i.smd_params_reply_perform) refers to security_manager.o(.data) for .data
    security_manager.o(.constdata) refers to peer_manager.o(i.pm_sm_evt_handler) for pm_sm_evt_handler
    ble_db_discovery.o(i.ble_db_discovery_close) refers to ble_db_discovery.o(.data) for .data
    ble_db_discovery.o(i.ble_db_discovery_evt_register) refers to ble_db_discovery.o(i.registered_handler_get) for registered_handler_get
    ble_db_discovery.o(i.ble_db_discovery_evt_register) refers to ble_db_discovery.o(.data) for .data
    ble_db_discovery.o(i.ble_db_discovery_evt_register) refers to ble_db_discovery.o(.bss) for .bss
    ble_db_discovery.o(i.ble_db_discovery_init) refers to ble_db_discovery.o(.data) for .data
    ble_db_discovery.o(i.ble_db_discovery_on_ble_evt) refers to ble_db_discovery.o(i.on_descriptor_discovery_rsp) for on_descriptor_discovery_rsp
    ble_db_discovery.o(i.ble_db_discovery_on_ble_evt) refers to ble_db_discovery.o(i.on_primary_srv_discovery_rsp) for on_primary_srv_discovery_rsp
    ble_db_discovery.o(i.ble_db_discovery_on_ble_evt) refers to ble_db_discovery.o(i.on_characteristic_discovery_rsp) for on_characteristic_discovery_rsp
    ble_db_discovery.o(i.ble_db_discovery_on_ble_evt) refers to ble_db_discovery.o(.data) for .data
    ble_db_discovery.o(i.ble_db_discovery_start) refers to nrf_log_frontend.o(i.nrf_log_frontend_std_2) for nrf_log_frontend_std_2
    ble_db_discovery.o(i.ble_db_discovery_start) refers to ble_db_discovery.o(.data) for .data
    ble_db_discovery.o(i.ble_db_discovery_start) refers to ble_db_discovery.o(.bss) for .bss
    ble_db_discovery.o(i.ble_db_discovery_start) refers to ble_db_discovery.o(.conststring) for .conststring
    ble_db_discovery.o(i.descriptors_discover) refers to ble_db_discovery.o(i.is_desc_discovery_reqd) for is_desc_discovery_reqd
    ble_db_discovery.o(i.discovery_complete_evt_trigger) refers to ble_db_discovery.o(i.registered_handler_get) for registered_handler_get
    ble_db_discovery.o(i.discovery_complete_evt_trigger) refers to memcpya.o(.text) for __aeabi_memcpy
    ble_db_discovery.o(i.discovery_complete_evt_trigger) refers to ble_db_discovery.o(.data) for .data
    ble_db_discovery.o(i.discovery_complete_evt_trigger) refers to ble_db_discovery.o(.bss) for .bss
    ble_db_discovery.o(i.discovery_error_evt_trigger) refers to ble_db_discovery.o(i.registered_handler_get) for registered_handler_get
    ble_db_discovery.o(i.on_characteristic_discovery_rsp) refers to ble_db_discovery.o(i.characteristics_discover) for characteristics_discover
    ble_db_discovery.o(i.on_characteristic_discovery_rsp) refers to ble_db_discovery.o(i.descriptors_discover) for descriptors_discover
    ble_db_discovery.o(i.on_characteristic_discovery_rsp) refers to ble_db_discovery.o(i.discovery_error_evt_trigger) for discovery_error_evt_trigger
    ble_db_discovery.o(i.on_characteristic_discovery_rsp) refers to nrf_log_frontend.o(i.nrf_log_frontend_std_2) for nrf_log_frontend_std_2
    ble_db_discovery.o(i.on_characteristic_discovery_rsp) refers to ble_db_discovery.o(i.discovery_complete_evt_trigger) for discovery_complete_evt_trigger
    ble_db_discovery.o(i.on_characteristic_discovery_rsp) refers to ble_db_discovery.o(i.on_srv_disc_completion) for on_srv_disc_completion
    ble_db_discovery.o(i.on_characteristic_discovery_rsp) refers to ble_db_discovery.o(.bss) for .bss
    ble_db_discovery.o(i.on_characteristic_discovery_rsp) refers to ble_db_discovery.o(.conststring) for .conststring
    ble_db_discovery.o(i.on_descriptor_discovery_rsp) refers to ble_db_discovery.o(i.descriptors_discover) for descriptors_discover
    ble_db_discovery.o(i.on_descriptor_discovery_rsp) refers to ble_db_discovery.o(i.discovery_error_evt_trigger) for discovery_error_evt_trigger
    ble_db_discovery.o(i.on_descriptor_discovery_rsp) refers to nrf_log_frontend.o(i.nrf_log_frontend_std_2) for nrf_log_frontend_std_2
    ble_db_discovery.o(i.on_descriptor_discovery_rsp) refers to ble_db_discovery.o(i.discovery_complete_evt_trigger) for discovery_complete_evt_trigger
    ble_db_discovery.o(i.on_descriptor_discovery_rsp) refers to ble_db_discovery.o(i.on_srv_disc_completion) for on_srv_disc_completion
    ble_db_discovery.o(i.on_descriptor_discovery_rsp) refers to ble_db_discovery.o(.bss) for .bss
    ble_db_discovery.o(i.on_descriptor_discovery_rsp) refers to ble_db_discovery.o(.conststring) for .conststring
    ble_db_discovery.o(i.on_primary_srv_discovery_rsp) refers to nrf_log_frontend.o(i.nrf_log_frontend_std_1) for nrf_log_frontend_std_1
    ble_db_discovery.o(i.on_primary_srv_discovery_rsp) refers to ble_db_discovery.o(i.discovery_complete_evt_trigger) for discovery_complete_evt_trigger
    ble_db_discovery.o(i.on_primary_srv_discovery_rsp) refers to ble_db_discovery.o(i.on_srv_disc_completion) for on_srv_disc_completion
    ble_db_discovery.o(i.on_primary_srv_discovery_rsp) refers to ble_db_discovery.o(i.characteristics_discover) for characteristics_discover
    ble_db_discovery.o(i.on_primary_srv_discovery_rsp) refers to ble_db_discovery.o(i.discovery_error_evt_trigger) for discovery_error_evt_trigger
    ble_db_discovery.o(i.on_primary_srv_discovery_rsp) refers to ble_db_discovery.o(.bss) for .bss
    ble_db_discovery.o(i.on_srv_disc_completion) refers to nrf_log_frontend.o(i.nrf_log_frontend_std_2) for nrf_log_frontend_std_2
    ble_db_discovery.o(i.on_srv_disc_completion) refers to ble_db_discovery.o(i.discovery_error_evt_trigger) for discovery_error_evt_trigger
    ble_db_discovery.o(i.on_srv_disc_completion) refers to ble_db_discovery.o(.data) for .data
    ble_db_discovery.o(i.on_srv_disc_completion) refers to ble_db_discovery.o(.bss) for .bss
    ble_db_discovery.o(i.on_srv_disc_completion) refers to ble_db_discovery.o(.conststring) for .conststring
    ble_db_discovery.o(i.registered_handler_get) refers to ble_db_discovery.o(.bss) for .bss
    ble_db_discovery.o(i.registered_handler_get) refers to ble_db_discovery.o(.data) for .data
    ble_nus_c.o(i.ble_nus_c_init) refers to ble_db_discovery.o(i.ble_db_discovery_evt_register) for ble_db_discovery_evt_register
    ble_nus_c.o(i.ble_nus_c_init) refers to ble_nus_c.o(.constdata) for .constdata
    ble_nus_c.o(i.ble_nus_c_rx_notif_enable) refers to ble_nus_c.o(.constdata) for .constdata
    ble_nus_c.o(i.ble_nus_c_string_send) refers to ble_nus_c.o(.constdata) for .constdata
    ble_nus.o(i.ble_nus_init) refers to ble_nus.o(i.rx_char_add) for rx_char_add
    ble_nus.o(i.ble_nus_init) refers to ble_nus.o(i.tx_char_add) for tx_char_add
    ble_nus.o(i.ble_nus_init) refers to ble_nus.o(.constdata) for .constdata
    ble_nus.o(i.ble_nus_on_ble_evt) refers to ble_srv_common.o(i.ble_srv_is_notification_enabled) for ble_srv_is_notification_enabled
    ble_nus.o(i.rx_char_add) refers to memseta.o(.text) for __aeabi_memclr4
    ble_nus.o(i.tx_char_add) refers to memseta.o(.text) for __aeabi_memclr4
    nrf_drv_clock.o(i.POWER_CLOCK_IRQHandler) refers to nrf_drv_clock.o(i.nrf_clock_event_check) for nrf_clock_event_check
    nrf_drv_clock.o(i.POWER_CLOCK_IRQHandler) refers to nrf_drv_clock.o(i.nrf_clock_event_clear) for nrf_clock_event_clear
    nrf_drv_clock.o(i.POWER_CLOCK_IRQHandler) refers to nrf_drv_clock.o(i.clock_clk_started_notify) for clock_clk_started_notify
    nrf_drv_clock.o(i.POWER_CLOCK_IRQHandler) refers to nrf_drv_clock.o(.bss) for .bss
    nrf_drv_clock.o(i.clock_clk_started_notify) refers to nrf_drv_clock.o(.bss) for .bss
    nrf_drv_clock.o(i.hfclk_stop) refers to softdevice_handler.o(i.softdevice_handler_is_enabled) for softdevice_handler_is_enabled
    nrf_drv_clock.o(i.hfclk_stop) refers to nrf_drv_clock.o(i.nrf_clock_hf_is_running) for nrf_clock_hf_is_running
    nrf_drv_clock.o(i.hfclk_stop) refers to nrf_drv_clock.o(.bss) for .bss
    nrf_drv_clock.o(i.lfclk_stop) refers to nrf_drv_clock.o(.bss) for .bss
    nrf_drv_clock.o(i.nrf_drv_clock_hfclk_is_running) refers to softdevice_handler.o(i.softdevice_handler_is_enabled) for softdevice_handler_is_enabled
    nrf_drv_clock.o(i.nrf_drv_clock_hfclk_is_running) refers to nrf_drv_clock.o(i.nrf_clock_hf_is_running) for nrf_clock_hf_is_running
    nrf_drv_clock.o(i.nrf_drv_clock_hfclk_release) refers to app_util_platform.o(i.app_util_critical_region_enter) for app_util_critical_region_enter
    nrf_drv_clock.o(i.nrf_drv_clock_hfclk_release) refers to nrf_drv_clock.o(i.hfclk_stop) for hfclk_stop
    nrf_drv_clock.o(i.nrf_drv_clock_hfclk_release) refers to app_util_platform.o(i.app_util_critical_region_exit) for app_util_critical_region_exit
    nrf_drv_clock.o(i.nrf_drv_clock_hfclk_release) refers to nrf_drv_clock.o(.bss) for .bss
    nrf_drv_clock.o(i.nrf_drv_clock_hfclk_request) refers to app_util_platform.o(i.app_util_critical_region_enter) for app_util_critical_region_enter
    nrf_drv_clock.o(i.nrf_drv_clock_hfclk_request) refers to nrf_drv_clock.o(i.item_enqueue) for item_enqueue
    nrf_drv_clock.o(i.nrf_drv_clock_hfclk_request) refers to softdevice_handler.o(i.softdevice_handler_is_enabled) for softdevice_handler_is_enabled
    nrf_drv_clock.o(i.nrf_drv_clock_hfclk_request) refers to nrf_drv_clock.o(i.nrf_clock_event_clear) for nrf_clock_event_clear
    nrf_drv_clock.o(i.nrf_drv_clock_hfclk_request) refers to app_util_platform.o(i.app_util_critical_region_exit) for app_util_critical_region_exit
    nrf_drv_clock.o(i.nrf_drv_clock_hfclk_request) refers to nrf_drv_clock.o(.bss) for .bss
    nrf_drv_clock.o(i.nrf_drv_clock_init) refers to nrf_drv_common.o(i.nrf_drv_common_irq_enable) for nrf_drv_common_irq_enable
    nrf_drv_clock.o(i.nrf_drv_clock_init) refers to softdevice_handler.o(i.softdevice_handler_is_enabled) for softdevice_handler_is_enabled
    nrf_drv_clock.o(i.nrf_drv_clock_init) refers to nrf_drv_clock.o(.bss) for .bss
    nrf_drv_clock.o(i.nrf_drv_clock_init_check) refers to nrf_drv_clock.o(.bss) for .bss
    nrf_drv_clock.o(i.nrf_drv_clock_lfclk_is_running) refers to softdevice_handler.o(i.softdevice_handler_is_enabled) for softdevice_handler_is_enabled
    nrf_drv_clock.o(i.nrf_drv_clock_lfclk_release) refers to app_util_platform.o(i.app_util_critical_region_enter) for app_util_critical_region_enter
    nrf_drv_clock.o(i.nrf_drv_clock_lfclk_release) refers to nrf_drv_clock.o(i.lfclk_stop) for lfclk_stop
    nrf_drv_clock.o(i.nrf_drv_clock_lfclk_release) refers to app_util_platform.o(i.app_util_critical_region_exit) for app_util_critical_region_exit
    nrf_drv_clock.o(i.nrf_drv_clock_lfclk_release) refers to nrf_drv_clock.o(.bss) for .bss
    nrf_drv_clock.o(i.nrf_drv_clock_lfclk_request) refers to app_util_platform.o(i.app_util_critical_region_enter) for app_util_critical_region_enter
    nrf_drv_clock.o(i.nrf_drv_clock_lfclk_request) refers to nrf_drv_clock.o(i.item_enqueue) for item_enqueue
    nrf_drv_clock.o(i.nrf_drv_clock_lfclk_request) refers to nrf_drv_clock.o(i.nrf_clock_event_clear) for nrf_clock_event_clear
    nrf_drv_clock.o(i.nrf_drv_clock_lfclk_request) refers to app_util_platform.o(i.app_util_critical_region_exit) for app_util_critical_region_exit
    nrf_drv_clock.o(i.nrf_drv_clock_lfclk_request) refers to nrf_drv_clock.o(.bss) for .bss
    nrf_drv_clock.o(i.nrf_drv_clock_on_sd_disable) refers to nrf_drv_common.o(i.nrf_drv_common_irq_enable) for nrf_drv_common_irq_enable
    nrf_drv_clock.o(i.nrf_drv_clock_on_sd_disable) refers to nrf_drv_clock.o(i.nrf_drv_clock_lfclk_release) for nrf_drv_clock_lfclk_release
    nrf_drv_clock.o(i.nrf_drv_clock_on_sd_enable) refers to app_util_platform.o(i.app_util_critical_region_enter) for app_util_critical_region_enter
    nrf_drv_clock.o(i.nrf_drv_clock_on_sd_enable) refers to nrf_drv_clock.o(i.nrf_drv_clock_init) for nrf_drv_clock_init
    nrf_drv_clock.o(i.nrf_drv_clock_on_sd_enable) refers to app_util_platform.o(i.app_util_critical_region_exit) for app_util_critical_region_exit
    nrf_drv_clock.o(i.nrf_drv_clock_on_sd_enable) refers to nrf_drv_clock.o(.bss) for .bss
    nrf_drv_clock.o(i.nrf_drv_clock_on_soc_event) refers to nrf_drv_clock.o(i.clock_clk_started_notify) for clock_clk_started_notify
    nrf_drv_clock.o(i.nrf_drv_clock_uninit) refers to nrf_drv_common.o(i.nrf_drv_common_clock_irq_disable) for nrf_drv_common_clock_irq_disable
    nrf_drv_clock.o(i.nrf_drv_clock_uninit) refers to nrf_drv_clock.o(i.lfclk_stop) for lfclk_stop
    nrf_drv_clock.o(i.nrf_drv_clock_uninit) refers to nrf_drv_clock.o(i.hfclk_stop) for hfclk_stop
    nrf_drv_clock.o(i.nrf_drv_clock_uninit) refers to nrf_drv_clock.o(.bss) for .bss
    nrf_drv_gpiote.o(i.GPIOTE_IRQHandler) refers to nrf_drv_gpiote.o(i.nrf_gpiote_event_is_set) for nrf_gpiote_event_is_set
    nrf_drv_gpiote.o(i.GPIOTE_IRQHandler) refers to nrf_drv_gpiote.o(i.nrf_gpiote_event_clear) for nrf_gpiote_event_clear
    nrf_drv_gpiote.o(i.GPIOTE_IRQHandler) refers to nrf_drv_gpiote.o(i.nrf_gpio_ports_read) for nrf_gpio_ports_read
    nrf_drv_gpiote.o(i.GPIOTE_IRQHandler) refers to nrf_drv_gpiote.o(i.nrf_bitmask_bit_is_set) for nrf_bitmask_bit_is_set
    nrf_drv_gpiote.o(i.GPIOTE_IRQHandler) refers to nrf_drv_gpiote.o(i.channel_port_get) for channel_port_get
    nrf_drv_gpiote.o(i.GPIOTE_IRQHandler) refers to nrf_drv_gpiote.o(i.nrf_gpio_cfg_sense_set) for nrf_gpio_cfg_sense_set
    nrf_drv_gpiote.o(i.GPIOTE_IRQHandler) refers to nrf_drv_gpiote.o(.bss) for .bss
    nrf_drv_gpiote.o(i.channel_free) refers to nrf_drv_gpiote.o(.bss) for .bss
    nrf_drv_gpiote.o(i.channel_port_alloc) refers to nrf_drv_gpiote.o(.bss) for .bss
    nrf_drv_gpiote.o(i.channel_port_get) refers to nrf_drv_gpiote.o(.bss) for .bss
    nrf_drv_gpiote.o(i.nrf_drv_gpiote_clr_task_addr_get) refers to nrf_drv_gpiote.o(i.channel_port_get) for channel_port_get
    nrf_drv_gpiote.o(i.nrf_drv_gpiote_clr_task_trigger) refers to nrf_drv_gpiote.o(i.channel_port_get) for channel_port_get
    nrf_drv_gpiote.o(i.nrf_drv_gpiote_in_event_addr_get) refers to nrf_drv_gpiote.o(i.pin_in_use_by_te) for pin_in_use_by_te
    nrf_drv_gpiote.o(i.nrf_drv_gpiote_in_event_addr_get) refers to nrf_drv_gpiote.o(i.channel_port_get) for channel_port_get
    nrf_drv_gpiote.o(i.nrf_drv_gpiote_in_event_disable) refers to nrf_drv_gpiote.o(i.pin_in_use_by_port) for pin_in_use_by_port
    nrf_drv_gpiote.o(i.nrf_drv_gpiote_in_event_disable) refers to nrf_drv_gpiote.o(i.nrf_gpio_cfg_sense_set) for nrf_gpio_cfg_sense_set
    nrf_drv_gpiote.o(i.nrf_drv_gpiote_in_event_disable) refers to nrf_drv_gpiote.o(i.pin_in_use_by_te) for pin_in_use_by_te
    nrf_drv_gpiote.o(i.nrf_drv_gpiote_in_event_disable) refers to nrf_drv_gpiote.o(i.channel_port_get) for channel_port_get
    nrf_drv_gpiote.o(i.nrf_drv_gpiote_in_event_enable) refers to nrf_drv_gpiote.o(i.pin_in_use_by_port) for pin_in_use_by_port
    nrf_drv_gpiote.o(i.nrf_drv_gpiote_in_event_enable) refers to nrf_drv_gpiote.o(i.channel_port_get) for channel_port_get
    nrf_drv_gpiote.o(i.nrf_drv_gpiote_in_event_enable) refers to nrf_drv_gpiote.o(i.nrf_gpio_cfg_sense_set) for nrf_gpio_cfg_sense_set
    nrf_drv_gpiote.o(i.nrf_drv_gpiote_in_event_enable) refers to nrf_drv_gpiote.o(i.pin_in_use_by_te) for pin_in_use_by_te
    nrf_drv_gpiote.o(i.nrf_drv_gpiote_in_event_enable) refers to nrf_drv_gpiote.o(i.nrf_gpiote_event_clear) for nrf_gpiote_event_clear
    nrf_drv_gpiote.o(i.nrf_drv_gpiote_in_event_enable) refers to nrf_drv_gpiote.o(.bss) for .bss
    nrf_drv_gpiote.o(i.nrf_drv_gpiote_in_init) refers to nrf_drv_gpiote.o(i.channel_port_alloc) for channel_port_alloc
    nrf_drv_gpiote.o(i.nrf_drv_gpiote_in_init) refers to nrf_drv_gpiote.o(i.nrf_gpio_cfg) for nrf_gpio_cfg
    nrf_drv_gpiote.o(i.nrf_drv_gpiote_in_init) refers to nrf_drv_gpiote.o(.bss) for .bss
    nrf_drv_gpiote.o(i.nrf_drv_gpiote_in_uninit) refers to nrf_drv_gpiote.o(i.nrf_drv_gpiote_in_event_disable) for nrf_drv_gpiote_in_event_disable
    nrf_drv_gpiote.o(i.nrf_drv_gpiote_in_uninit) refers to nrf_drv_gpiote.o(i.pin_in_use_by_te) for pin_in_use_by_te
    nrf_drv_gpiote.o(i.nrf_drv_gpiote_in_uninit) refers to nrf_drv_gpiote.o(i.channel_port_get) for channel_port_get
    nrf_drv_gpiote.o(i.nrf_drv_gpiote_in_uninit) refers to nrf_drv_gpiote.o(i.nrf_gpio_cfg_default) for nrf_gpio_cfg_default
    nrf_drv_gpiote.o(i.nrf_drv_gpiote_in_uninit) refers to nrf_drv_gpiote.o(i.channel_free) for channel_free
    nrf_drv_gpiote.o(i.nrf_drv_gpiote_in_uninit) refers to nrf_drv_gpiote.o(.bss) for .bss
    nrf_drv_gpiote.o(i.nrf_drv_gpiote_init) refers to nrf_drv_gpiote.o(i.channel_free) for channel_free
    nrf_drv_gpiote.o(i.nrf_drv_gpiote_init) refers to nrf_drv_common.o(i.nrf_drv_common_irq_enable) for nrf_drv_common_irq_enable
    nrf_drv_gpiote.o(i.nrf_drv_gpiote_init) refers to nrf_drv_gpiote.o(i.nrf_gpiote_event_clear) for nrf_gpiote_event_clear
    nrf_drv_gpiote.o(i.nrf_drv_gpiote_init) refers to nrf_drv_gpiote.o(.bss) for .bss
    nrf_drv_gpiote.o(i.nrf_drv_gpiote_is_init) refers to nrf_drv_gpiote.o(.bss) for .bss
    nrf_drv_gpiote.o(i.nrf_drv_gpiote_out_init) refers to nrf_drv_gpiote.o(i.channel_port_alloc) for channel_port_alloc
    nrf_drv_gpiote.o(i.nrf_drv_gpiote_out_init) refers to nrf_drv_gpiote.o(i.nrf_gpio_cfg) for nrf_gpio_cfg
    nrf_drv_gpiote.o(i.nrf_drv_gpiote_out_init) refers to nrf_drv_gpiote.o(.bss) for .bss
    nrf_drv_gpiote.o(i.nrf_drv_gpiote_out_task_addr_get) refers to nrf_drv_gpiote.o(i.channel_port_get) for channel_port_get
    nrf_drv_gpiote.o(i.nrf_drv_gpiote_out_task_disable) refers to nrf_drv_gpiote.o(.bss) for .bss
    nrf_drv_gpiote.o(i.nrf_drv_gpiote_out_task_enable) refers to nrf_drv_gpiote.o(.bss) for .bss
    nrf_drv_gpiote.o(i.nrf_drv_gpiote_out_task_force) refers to nrf_drv_gpiote.o(.bss) for .bss
    nrf_drv_gpiote.o(i.nrf_drv_gpiote_out_task_trigger) refers to nrf_drv_gpiote.o(i.channel_port_get) for channel_port_get
    nrf_drv_gpiote.o(i.nrf_drv_gpiote_out_uninit) refers to nrf_drv_gpiote.o(i.pin_in_use_by_te) for pin_in_use_by_te
    nrf_drv_gpiote.o(i.nrf_drv_gpiote_out_uninit) refers to nrf_drv_gpiote.o(i.channel_port_get) for channel_port_get
    nrf_drv_gpiote.o(i.nrf_drv_gpiote_out_uninit) refers to nrf_drv_gpiote.o(i.channel_free) for channel_free
    nrf_drv_gpiote.o(i.nrf_drv_gpiote_out_uninit) refers to nrf_drv_gpiote.o(i.nrf_gpio_cfg_default) for nrf_gpio_cfg_default
    nrf_drv_gpiote.o(i.nrf_drv_gpiote_out_uninit) refers to nrf_drv_gpiote.o(.bss) for .bss
    nrf_drv_gpiote.o(i.nrf_drv_gpiote_set_task_addr_get) refers to nrf_drv_gpiote.o(i.channel_port_get) for channel_port_get
    nrf_drv_gpiote.o(i.nrf_drv_gpiote_set_task_trigger) refers to nrf_drv_gpiote.o(i.channel_port_get) for channel_port_get
    nrf_drv_gpiote.o(i.nrf_drv_gpiote_uninit) refers to nrf_drv_gpiote.o(i.nrf_drv_gpiote_in_uninit) for nrf_drv_gpiote_in_uninit
    nrf_drv_gpiote.o(i.nrf_drv_gpiote_uninit) refers to nrf_drv_gpiote.o(i.nrf_drv_gpiote_out_uninit) for nrf_drv_gpiote_out_uninit
    nrf_drv_gpiote.o(i.nrf_drv_gpiote_uninit) refers to nrf_drv_gpiote.o(.bss) for .bss
    nrf_drv_gpiote.o(i.nrf_gpio_cfg_default) refers to nrf_drv_gpiote.o(i.nrf_gpio_cfg) for nrf_gpio_cfg
    nrf_drv_gpiote.o(i.nrf_gpio_ports_read) refers to nrf_drv_gpiote.o(.constdata) for .constdata
    nrf_drv_gpiote.o(i.pin_in_use_by_port) refers to nrf_drv_gpiote.o(.bss) for .bss
    nrf_drv_gpiote.o(i.pin_in_use_by_te) refers to nrf_drv_gpiote.o(.bss) for .bss
    nrf_drv_uart.o(i.UARTE0_UART0_IRQHandler) refers to nrf_drv_uart.o(i.uarte_irq_handler) for uarte_irq_handler
    nrf_drv_uart.o(i.UARTE0_UART0_IRQHandler) refers to nrf_drv_uart.o(i.uart_irq_handler) for uart_irq_handler
    nrf_drv_uart.o(i.UARTE0_UART0_IRQHandler) refers to nrf_drv_uart.o(.bss) for .bss
    nrf_drv_uart.o(i.apply_config) refers to nrf_drv_uart.o(i.nrf_gpio_cfg_output) for nrf_gpio_cfg_output
    nrf_drv_uart.o(i.apply_config) refers to nrf_drv_uart.o(i.nrf_gpio_cfg_input) for nrf_gpio_cfg_input
    nrf_drv_uart.o(i.apply_config) refers to nrf_drv_uart.o(.bss) for .bss
    nrf_drv_uart.o(i.interrupts_enable) refers to nrf_drv_uart.o(i.nrf_uarte_event_clear) for nrf_uarte_event_clear
    nrf_drv_uart.o(i.interrupts_enable) refers to nrf_drv_uart.o(i.nrf_uart_event_clear) for nrf_uart_event_clear
    nrf_drv_uart.o(i.interrupts_enable) refers to nrf_drv_uart.o(i.nrf_drv_get_IRQn) for nrf_drv_get_IRQn
    nrf_drv_uart.o(i.interrupts_enable) refers to nrf_drv_common.o(i.nrf_drv_common_irq_enable) for nrf_drv_common_irq_enable
    nrf_drv_uart.o(i.interrupts_enable) refers to nrf_drv_uart.o(.bss) for .bss
    nrf_drv_uart.o(i.nrf_drv_uart_errorsrc_get) refers to nrf_drv_uart.o(i.nrf_uarte_event_clear) for nrf_uarte_event_clear
    nrf_drv_uart.o(i.nrf_drv_uart_errorsrc_get) refers to nrf_drv_uart.o(i.nrf_uart_event_clear) for nrf_uart_event_clear
    nrf_drv_uart.o(i.nrf_drv_uart_errorsrc_get) refers to nrf_drv_uart.o(.bss) for .bss
    nrf_drv_uart.o(i.nrf_drv_uart_init) refers to nrf_drv_uart.o(i.apply_config) for apply_config
    nrf_drv_uart.o(i.nrf_drv_uart_init) refers to nrf_drv_uart.o(i.interrupts_enable) for interrupts_enable
    nrf_drv_uart.o(i.nrf_drv_uart_init) refers to nrf_drv_uart.o(.bss) for .bss
    nrf_drv_uart.o(i.nrf_drv_uart_rx) refers to nrf_drv_uart.o(i.nrf_drv_is_in_RAM) for nrf_drv_is_in_RAM
    nrf_drv_uart.o(i.nrf_drv_uart_rx) refers to nrf_drv_uart.o(i.nrf_drv_uart_rx_for_uarte) for nrf_drv_uart_rx_for_uarte
    nrf_drv_uart.o(i.nrf_drv_uart_rx) refers to nrf_drv_uart.o(i.nrf_drv_uart_rx_for_uart) for nrf_drv_uart_rx_for_uart
    nrf_drv_uart.o(i.nrf_drv_uart_rx) refers to nrf_drv_uart.o(.bss) for .bss
    nrf_drv_uart.o(i.nrf_drv_uart_rx_abort) refers to nrf_drv_uart.o(.bss) for .bss
    nrf_drv_uart.o(i.nrf_drv_uart_rx_disable) refers to nrf_drv_uart.o(.bss) for .bss
    nrf_drv_uart.o(i.nrf_drv_uart_rx_enable) refers to nrf_drv_uart.o(i.rx_enable) for rx_enable
    nrf_drv_uart.o(i.nrf_drv_uart_rx_enable) refers to nrf_drv_uart.o(.bss) for .bss
    nrf_drv_uart.o(i.nrf_drv_uart_rx_for_uart) refers to nrf_drv_uart.o(i.rx_enable) for rx_enable
    nrf_drv_uart.o(i.nrf_drv_uart_rx_for_uart) refers to nrf_drv_uart.o(i.nrf_uart_event_clear) for nrf_uart_event_clear
    nrf_drv_uart.o(i.nrf_drv_uart_rx_for_uart) refers to nrf_drv_uart.o(i.nrf_uart_event_check) for nrf_uart_event_check
    nrf_drv_uart.o(i.nrf_drv_uart_rx_for_uart) refers to nrf_drv_uart.o(i.rx_byte) for rx_byte
    nrf_drv_uart.o(i.nrf_drv_uart_rx_for_uart) refers to nrf_drv_uart.o(.bss) for .bss
    nrf_drv_uart.o(i.nrf_drv_uart_rx_for_uarte) refers to nrf_drv_uart.o(i.nrf_uarte_event_clear) for nrf_uarte_event_clear
    nrf_drv_uart.o(i.nrf_drv_uart_rx_for_uarte) refers to nrf_drv_uart.o(i.nrf_uarte_event_check) for nrf_uarte_event_check
    nrf_drv_uart.o(i.nrf_drv_uart_rx_for_uarte) refers to nrf_drv_uart.o(.bss) for .bss
    nrf_drv_uart.o(i.nrf_drv_uart_tx) refers to nrf_drv_uart.o(i.nrf_drv_is_in_RAM) for nrf_drv_is_in_RAM
    nrf_drv_uart.o(i.nrf_drv_uart_tx) refers to nrf_drv_uart.o(i.nrf_drv_uart_tx_in_progress) for nrf_drv_uart_tx_in_progress
    nrf_drv_uart.o(i.nrf_drv_uart_tx) refers to nrf_drv_uart.o(i.nrf_uarte_event_clear) for nrf_uarte_event_clear
    nrf_drv_uart.o(i.nrf_drv_uart_tx) refers to nrf_drv_uart.o(i.nrf_uarte_event_check) for nrf_uarte_event_check
    nrf_drv_uart.o(i.nrf_drv_uart_tx) refers to nrf_drv_uart.o(i.nrf_uart_event_clear) for nrf_uart_event_clear
    nrf_drv_uart.o(i.nrf_drv_uart_tx) refers to nrf_drv_uart.o(i.tx_byte) for tx_byte
    nrf_drv_uart.o(i.nrf_drv_uart_tx) refers to nrf_drv_uart.o(i.nrf_uart_event_check) for nrf_uart_event_check
    nrf_drv_uart.o(i.nrf_drv_uart_tx) refers to nrf_drv_uart.o(.bss) for .bss
    nrf_drv_uart.o(i.nrf_drv_uart_tx_abort) refers to nrf_drv_uart.o(i.nrf_uarte_event_clear) for nrf_uarte_event_clear
    nrf_drv_uart.o(i.nrf_drv_uart_tx_abort) refers to nrf_drv_uart.o(i.nrf_uarte_event_check) for nrf_uarte_event_check
    nrf_drv_uart.o(i.nrf_drv_uart_tx_abort) refers to nrf_drv_uart.o(i.tx_done_event) for tx_done_event
    nrf_drv_uart.o(i.nrf_drv_uart_tx_abort) refers to nrf_drv_uart.o(.bss) for .bss
    nrf_drv_uart.o(i.nrf_drv_uart_tx_in_progress) refers to nrf_drv_uart.o(.bss) for .bss
    nrf_drv_uart.o(i.nrf_drv_uart_uninit) refers to nrf_drv_uart.o(i.nrf_drv_get_IRQn) for nrf_drv_get_IRQn
    nrf_drv_uart.o(i.nrf_drv_uart_uninit) refers to nrf_drv_uart.o(i.nrf_drv_common_irq_disable) for nrf_drv_common_irq_disable
    nrf_drv_uart.o(i.nrf_drv_uart_uninit) refers to nrf_drv_uart.o(i.pins_to_default) for pins_to_default
    nrf_drv_uart.o(i.nrf_drv_uart_uninit) refers to nrf_drv_uart.o(.bss) for .bss
    nrf_drv_uart.o(i.nrf_gpio_cfg_default) refers to nrf_drv_uart.o(i.nrf_gpio_cfg) for nrf_gpio_cfg
    nrf_drv_uart.o(i.nrf_gpio_cfg_input) refers to nrf_drv_uart.o(i.nrf_gpio_cfg) for nrf_gpio_cfg
    nrf_drv_uart.o(i.nrf_gpio_cfg_output) refers to nrf_drv_uart.o(i.nrf_gpio_cfg) for nrf_gpio_cfg
    nrf_drv_uart.o(i.pins_to_default) refers to nrf_drv_uart.o(i.nrf_gpio_cfg_default) for nrf_gpio_cfg_default
    nrf_drv_uart.o(i.pins_to_default) refers to nrf_drv_uart.o(.bss) for .bss
    nrf_drv_uart.o(i.rx_byte) refers to nrf_drv_uart.o(i.nrf_uart_event_clear) for nrf_uart_event_clear
    nrf_drv_uart.o(i.rx_enable) refers to nrf_drv_uart.o(i.nrf_uart_event_clear) for nrf_uart_event_clear
    nrf_drv_uart.o(i.tx_byte) refers to nrf_drv_uart.o(i.nrf_uart_event_clear) for nrf_uart_event_clear
    nrf_drv_uart.o(i.uart_irq_handler) refers to nrf_drv_uart.o(i.nrf_uart_int_enable_check) for nrf_uart_int_enable_check
    nrf_drv_uart.o(i.uart_irq_handler) refers to nrf_drv_uart.o(i.nrf_uart_event_check) for nrf_uart_event_check
    nrf_drv_uart.o(i.uart_irq_handler) refers to nrf_drv_uart.o(i.nrf_uart_event_clear) for nrf_uart_event_clear
    nrf_drv_uart.o(i.uart_irq_handler) refers to nrf_drv_uart.o(i.rx_byte) for rx_byte
    nrf_drv_uart.o(i.uart_irq_handler) refers to nrf_drv_uart.o(i.rx_done_event) for rx_done_event
    nrf_drv_uart.o(i.uart_irq_handler) refers to nrf_drv_uart.o(i.tx_byte) for tx_byte
    nrf_drv_uart.o(i.uart_irq_handler) refers to nrf_drv_uart.o(i.tx_done_event) for tx_done_event
    nrf_drv_uart.o(i.uarte_irq_handler) refers to nrf_drv_uart.o(i.nrf_uarte_event_check) for nrf_uarte_event_check
    nrf_drv_uart.o(i.uarte_irq_handler) refers to nrf_drv_uart.o(i.nrf_uarte_event_clear) for nrf_uarte_event_clear
    nrf_drv_uart.o(i.uarte_irq_handler) refers to nrf_drv_uart.o(i.rx_done_event) for rx_done_event
    nrf_drv_uart.o(i.uarte_irq_handler) refers to nrf_drv_uart.o(i.tx_done_event) for tx_done_event
    app_button.o(i.app_button_disable) refers to nrf_drv_gpiote.o(i.nrf_drv_gpiote_in_event_disable) for nrf_drv_gpiote_in_event_disable
    app_button.o(i.app_button_disable) refers to app_timer_freertos.o(i.app_timer_stop) for app_timer_stop
    app_button.o(i.app_button_disable) refers to app_button.o(.data) for .data
    app_button.o(i.app_button_disable) refers to app_button.o(.constdata) for .constdata
    app_button.o(i.app_button_enable) refers to nrf_drv_gpiote.o(i.nrf_drv_gpiote_in_event_enable) for nrf_drv_gpiote_in_event_enable
    app_button.o(i.app_button_enable) refers to app_button.o(.data) for .data
    app_button.o(i.app_button_init) refers to nrf_drv_gpiote.o(i.nrf_drv_gpiote_is_init) for nrf_drv_gpiote_is_init
    app_button.o(i.app_button_init) refers to nrf_drv_gpiote.o(i.nrf_drv_gpiote_init) for nrf_drv_gpiote_init
    app_button.o(i.app_button_init) refers to nrf_drv_gpiote.o(i.nrf_drv_gpiote_in_init) for nrf_drv_gpiote_in_init
    app_button.o(i.app_button_init) refers to app_timer_freertos.o(i.app_timer_create) for app_timer_create
    app_button.o(i.app_button_init) refers to app_button.o(.data) for .data
    app_button.o(i.app_button_init) refers to app_button.o(.constdata) for .constdata
    app_button.o(i.app_button_init) refers to app_button.o(i.gpiote_event_handler) for gpiote_event_handler
    app_button.o(i.app_button_init) refers to app_button.o(i.detection_delay_timeout_handler) for detection_delay_timeout_handler
    app_button.o(i.app_button_is_pushed) refers to nrf_drv_gpiote.o(i.nrf_drv_gpiote_in_is_set) for nrf_drv_gpiote_in_is_set
    app_button.o(i.app_button_is_pushed) refers to app_button.o(.data) for .data
    app_button.o(i.detection_delay_timeout_handler) refers to nrf_drv_gpiote.o(i.nrf_drv_gpiote_in_is_set) for nrf_drv_gpiote_in_is_set
    app_button.o(i.detection_delay_timeout_handler) refers to app_button.o(.data) for .data
    app_button.o(i.gpiote_event_handler) refers to app_timer_freertos.o(i.app_timer_stop) for app_timer_stop
    app_button.o(i.gpiote_event_handler) refers to nrf_drv_gpiote.o(i.nrf_drv_gpiote_in_is_set) for nrf_drv_gpiote_in_is_set
    app_button.o(i.gpiote_event_handler) refers to app_timer_freertos.o(i.app_timer_start) for app_timer_start
    app_button.o(i.gpiote_event_handler) refers to app_button.o(.constdata) for .constdata
    app_button.o(i.gpiote_event_handler) refers to app_button.o(.data) for .data
    app_button.o(.constdata) refers to app_button.o(.bss) for m_detection_delay_timer_id_data
    app_error.o(i.app_error_handler) refers to app_error_weak.o(i.app_error_fault_handler) for app_error_fault_handler
    app_error.o(i.app_error_handler_bare) refers to app_error_weak.o(i.app_error_fault_handler) for app_error_fault_handler
    app_error.o(i.app_error_save_and_stop) refers to app_error.o(.bss) for .bss
    app_error_weak.o(i.app_error_fault_handler) refers to nrf_log_frontend.o(i.nrf_log_frontend_std_0) for nrf_log_frontend_std_0
    app_error_weak.o(i.app_error_fault_handler) refers to nrf_log_frontend.o(i.nrf_log_frontend_std_3) for nrf_log_frontend_std_3
    app_error_weak.o(i.app_error_fault_handler) refers to nrf_log_frontend.o(i.nrf_log_blocking_backend_set) for nrf_log_blocking_backend_set
    app_error_weak.o(i.app_error_fault_handler) refers to nrf_log_frontend.o(i.nrf_log_frontend_dequeue) for nrf_log_frontend_dequeue
    app_timer_freertos.o(i.app_timer_callback) refers to timers.o(i.pvTimerGetTimerID) for pvTimerGetTimerID
    app_timer_freertos.o(i.app_timer_create) refers to timers.o(i.xTimerCreate) for xTimerCreate
    app_timer_freertos.o(i.app_timer_create) refers to app_timer_freertos.o(i.app_timer_callback) for app_timer_callback
    app_timer_freertos.o(i.app_timer_init) refers to app_timer_freertos.o(.data) for .data
    app_timer_freertos.o(i.app_timer_start) refers to timers.o(i.xTimerIsTimerActive) for xTimerIsTimerActive
    app_timer_freertos.o(i.app_timer_start) refers to timers.o(i.xTimerGenericCommand) for xTimerGenericCommand
    app_timer_freertos.o(i.app_timer_start) refers to tasks.o(i.xTaskGetTickCountFromISR) for xTaskGetTickCountFromISR
    app_timer_freertos.o(i.app_timer_start) refers to tasks.o(i.xTaskGetTickCount) for xTaskGetTickCount
    app_timer_freertos.o(i.app_timer_start) refers to app_timer_freertos.o(.data) for .data
    app_timer_freertos.o(i.app_timer_stop) refers to timers.o(i.xTimerGenericCommand) for xTimerGenericCommand
    app_util_platform.o(i.app_util_critical_region_enter) refers to app_util_platform.o(.bss) for .bss
    app_util_platform.o(i.app_util_critical_region_exit) refers to app_util_platform.o(.bss) for .bss
    app_util_platform.o(i.app_util_disable_irq) refers to app_util_platform.o(.data) for .data
    app_util_platform.o(i.app_util_enable_irq) refers to app_util_platform.o(.data) for .data
    fds.o(i.chunk_queue_next) refers to fds.o(.bss) for .bss
    fds.o(i.delete_execute) refers to fds.o(i.record_find_by_desc) for record_find_by_desc
    fds.o(i.delete_execute) refers to fds.o(i.record_header_flag_dirty) for record_header_flag_dirty
    fds.o(i.delete_execute) refers to fds.o(i.record_find) for record_find
    fds.o(i.delete_execute) refers to fds.o(.bss) for .bss
    fds.o(i.delete_execute) refers to fds.o(.data) for .data
    fds.o(i.event_send) refers to fds.o(.bss) for .bss
    fds.o(i.fds_file_delete) refers to fds.o(i.op_enqueue) for op_enqueue
    fds.o(i.fds_file_delete) refers to fds.o(i.queue_start) for queue_start
    fds.o(i.fds_file_delete) refers to fds.o(.data) for .data
    fds.o(i.fds_gc) refers to fds.o(i.op_enqueue) for op_enqueue
    fds.o(i.fds_gc) refers to fds.o(i.queue_start) for queue_start
    fds.o(i.fds_gc) refers to fds.o(.data) for .data
    fds.o(i.fds_gc) refers to fds.o(.bss) for .bss
    fds.o(i.fds_init) refers to memseta.o(.text) for __aeabi_memclr4
    fds.o(i.fds_init) refers to fds.o(i.event_send) for event_send
    fds.o(i.fds_init) refers to fds.o(i.flag_set) for flag_set
    fds.o(i.fds_init) refers to fstorage.o(i.fs_init) for fs_init
    fds.o(i.fds_init) refers to fds.o(i.pages_init) for pages_init
    fds.o(i.fds_init) refers to fds.o(i.flag_clear) for flag_clear
    fds.o(i.fds_init) refers to fds.o(i.op_enqueue) for op_enqueue
    fds.o(i.fds_init) refers to fds.o(i.queue_start) for queue_start
    fds.o(i.fds_init) refers to fds.o(.data) for .data
    fds.o(i.fds_record_close) refers to fds.o(i.record_find_by_desc) for record_find_by_desc
    fds.o(i.fds_record_close) refers to fds.o(.bss) for .bss
    fds.o(i.fds_record_delete) refers to fds.o(i.op_enqueue) for op_enqueue
    fds.o(i.fds_record_delete) refers to fds.o(i.queue_start) for queue_start
    fds.o(i.fds_record_delete) refers to fds.o(.data) for .data
    fds.o(i.fds_record_find) refers to fds.o(i.record_find) for record_find
    fds.o(i.fds_record_find_by_key) refers to fds.o(i.record_find) for record_find
    fds.o(i.fds_record_find_in_file) refers to fds.o(i.record_find) for record_find
    fds.o(i.fds_record_iterate) refers to fds.o(i.record_find) for record_find
    fds.o(i.fds_record_open) refers to fds.o(i.record_find_by_desc) for record_find_by_desc
    fds.o(i.fds_record_open) refers to fds.o(.bss) for .bss
    fds.o(i.fds_record_update) refers to fds.o(i.write_enqueue) for write_enqueue
    fds.o(i.fds_record_write) refers to fds.o(i.write_enqueue) for write_enqueue
    fds.o(i.fds_record_write_reserved) refers to fds.o(i.write_enqueue) for write_enqueue
    fds.o(i.fds_register) refers to fds.o(.data) for .data
    fds.o(i.fds_register) refers to fds.o(.bss) for .bss
    fds.o(i.fds_reserve) refers to fds.o(i.write_space_reserve) for write_space_reserve
    fds.o(i.fds_reserve) refers to fds.o(.data) for .data
    fds.o(i.fds_reserve_cancel) refers to fds.o(i.write_space_free) for write_space_free
    fds.o(i.fds_reserve_cancel) refers to fds.o(.data) for .data
    fds.o(i.fds_reserve_cancel) refers to fds.o(.bss) for .bss
    fds.o(i.fds_stat) refers to memseta.o(.text) for __aeabi_memclr
    fds.o(i.fds_stat) refers to fds.o(i.record_find_next) for record_find_next
    fds.o(i.fds_stat) refers to fds.o(i.header_is_valid) for header_is_valid
    fds.o(i.fds_stat) refers to fds.o(.data) for .data
    fds.o(i.fds_stat) refers to fds.o(.bss) for .bss
    fds.o(i.flag_clear) refers to fds.o(.data) for .data
    fds.o(i.flag_set) refers to fds.o(.data) for .data
    fds.o(i.fs_event_handler) refers to fds.o(i.queue_process) for queue_process
    fds.o(i.gc_execute) refers to fds.o(i.gc_state_advance) for gc_state_advance
    fds.o(i.gc_execute) refers to fds.o(i.gc_next_page) for gc_next_page
    fds.o(i.gc_execute) refers to fds.o(i.gc_record_find_next) for gc_record_find_next
    fds.o(i.gc_execute) refers to fds.o(i.gc_record_copy) for gc_record_copy
    fds.o(i.gc_execute) refers to fds.o(i.gc_page_erase) for gc_page_erase
    fds.o(i.gc_execute) refers to fds.o(i.page_tag_write_data) for page_tag_write_data
    fds.o(i.gc_execute) refers to fds.o(i.page_tag_write_swap) for page_tag_write_swap
    fds.o(i.gc_execute) refers to fds.o(.bss) for .bss
    fds.o(i.gc_next_page) refers to fds.o(i.gc_record_find_next) for gc_record_find_next
    fds.o(i.gc_next_page) refers to fds.o(.bss) for .bss
    fds.o(i.gc_page_erase) refers to fstorage.o(i.fs_erase) for fs_erase
    fds.o(i.gc_page_erase) refers to fds.o(.bss) for .bss
    fds.o(i.gc_page_erase) refers to fds.o(.data) for .data
    fds.o(i.gc_page_erase) refers to fds.o(fs_data) for fs_data
    fds.o(i.gc_record_copy) refers to fstorage.o(i.fs_store) for fs_store
    fds.o(i.gc_record_copy) refers to fds.o(.bss) for .bss
    fds.o(i.gc_record_copy) refers to fds.o(.data) for .data
    fds.o(i.gc_record_copy) refers to fds.o(fs_data) for fs_data
    fds.o(i.gc_record_find_next) refers to fds.o(i.record_find_next) for record_find_next
    fds.o(i.gc_record_find_next) refers to fds.o(i.gc_record_copy) for gc_record_copy
    fds.o(i.gc_record_find_next) refers to fds.o(i.gc_page_erase) for gc_page_erase
    fds.o(i.gc_record_find_next) refers to fds.o(.bss) for .bss
    fds.o(i.gc_state_advance) refers to fds.o(.bss) for .bss
    fds.o(i.gc_state_advance) refers to fds.o(.data) for .data
    fds.o(i.init_execute) refers to fds.o(i.flag_clear) for flag_clear
    fds.o(i.init_execute) refers to fds.o(i.page_tag_write_swap) for page_tag_write_swap
    fds.o(i.init_execute) refers to fds.o(i.flag_set) for flag_set
    fds.o(i.init_execute) refers to fds.o(i.page_tag_write_data) for page_tag_write_data
    fds.o(i.init_execute) refers to fstorage.o(i.fs_erase) for fs_erase
    fds.o(i.init_execute) refers to fds.o(.bss) for .bss
    fds.o(i.init_execute) refers to fds.o(.data) for .data
    fds.o(i.init_execute) refers to fds.o(fs_data) for fs_data
    fds.o(i.op_enqueue) refers to memcpya.o(.text) for __aeabi_memcpy4
    fds.o(i.op_enqueue) refers to fds.o(i.chunk_queue_next) for chunk_queue_next
    fds.o(i.op_enqueue) refers to fds.o(.bss) for .bss
    fds.o(i.page_scan) refers to fds.o(i.header_is_valid) for header_is_valid
    fds.o(i.page_scan) refers to fds.o(.data) for .data
    fds.o(i.page_tag_write_data) refers to fstorage.o(i.fs_store) for fs_store
    fds.o(i.page_tag_write_data) refers to fds.o(.constdata) for .constdata
    fds.o(i.page_tag_write_data) refers to fds.o(fs_data) for fs_data
    fds.o(i.page_tag_write_swap) refers to fstorage.o(i.fs_store) for fs_store
    fds.o(i.page_tag_write_swap) refers to fds.o(.data) for .data
    fds.o(i.page_tag_write_swap) refers to fds.o(.constdata) for .constdata
    fds.o(i.page_tag_write_swap) refers to fds.o(fs_data) for fs_data
    fds.o(i.pages_init) refers to fds.o(i.page_scan) for page_scan
    fds.o(i.pages_init) refers to fds.o(fs_data) for fs_data
    fds.o(i.pages_init) refers to fds.o(.bss) for .bss
    fds.o(i.pages_init) refers to fds.o(.data) for .data
    fds.o(i.queue_process) refers to fds.o(i.init_execute) for init_execute
    fds.o(i.queue_process) refers to fds.o(i.write_execute) for write_execute
    fds.o(i.queue_process) refers to fds.o(i.delete_execute) for delete_execute
    fds.o(i.queue_process) refers to fds.o(i.gc_execute) for gc_execute
    fds.o(i.queue_process) refers to fds.o(i.event_prepare) for event_prepare
    fds.o(i.queue_process) refers to fds.o(i.event_send) for event_send
    fds.o(i.queue_process) refers to memseta.o(.text) for __aeabi_memclr4
    fds.o(i.queue_process) refers to fds.o(i.flag_clear) for flag_clear
    fds.o(i.queue_process) refers to fds.o(.bss) for .bss
    fds.o(i.queue_start) refers to fds.o(i.flag_set) for flag_set
    fds.o(i.queue_start) refers to fds.o(i.queue_process) for queue_process
    fds.o(i.queue_start) refers to fds.o(.data) for .data
    fds.o(i.record_find) refers to fds.o(i.record_find_next) for record_find_next
    fds.o(i.record_find) refers to fds.o(.data) for .data
    fds.o(i.record_find) refers to fds.o(.bss) for .bss
    fds.o(i.record_find_by_desc) refers to fds.o(i.is_word_aligned) for is_word_aligned
    fds.o(i.record_find_by_desc) refers to fds.o(i.record_find_next) for record_find_next
    fds.o(i.record_find_by_desc) refers to fds.o(.bss) for .bss
    fds.o(i.record_find_by_desc) refers to fds.o(fs_data) for fs_data
    fds.o(i.record_find_next) refers to fds.o(i.header_is_valid) for header_is_valid
    fds.o(i.record_find_next) refers to fds.o(.bss) for .bss
    fds.o(i.record_header_flag_dirty) refers to fstorage.o(i.fs_store) for fs_store
    fds.o(i.record_header_flag_dirty) refers to fds.o(.constdata) for .constdata
    fds.o(i.record_header_flag_dirty) refers to fds.o(fs_data) for fs_data
    fds.o(i.record_write_chunk) refers to fstorage.o(i.fs_store) for fs_store
    fds.o(i.record_write_chunk) refers to fds.o(.bss) for .bss
    fds.o(i.record_write_chunk) refers to fds.o(fs_data) for fs_data
    fds.o(i.write_enqueue) refers to fds.o(i.is_word_aligned) for is_word_aligned
    fds.o(i.write_enqueue) refers to fds.o(i.write_space_reserve) for write_space_reserve
    fds.o(i.write_enqueue) refers to fds.o(i.op_enqueue) for op_enqueue
    fds.o(i.write_enqueue) refers to fds.o(i.queue_start) for queue_start
    fds.o(i.write_enqueue) refers to fds.o(i.write_space_free) for write_space_free
    fds.o(i.write_enqueue) refers to fds.o(.data) for .data
    fds.o(i.write_enqueue) refers to fds.o(.bss) for .bss
    fds.o(i.write_execute) refers to fds.o(i.page_offsets_update) for page_offsets_update
    fds.o(i.write_execute) refers to fds.o(i.record_find_by_desc) for record_find_by_desc
    fds.o(i.write_execute) refers to fstorage.o(i.fs_store) for fs_store
    fds.o(i.write_execute) refers to fds.o(i.record_write_chunk) for record_write_chunk
    fds.o(i.write_execute) refers to fds.o(i.record_header_flag_dirty) for record_header_flag_dirty
    fds.o(i.write_execute) refers to fds.o(.bss) for .bss
    fds.o(i.write_execute) refers to fds.o(fs_data) for fs_data
    fds.o(i.write_space_free) refers to fds.o(.bss) for .bss
    fds.o(i.write_space_reserve) refers to fds.o(.bss) for .bss
    fds.o(fs_data) refers to fds.o(i.fs_event_handler) for fs_event_handler
    fstorage.o(i.fs_erase) refers to fstorage.o(i.check_config) for check_config
    fstorage.o(i.fs_erase) refers to fstorage.o(i.queue_get_next_free) for queue_get_next_free
    fstorage.o(i.fs_erase) refers to fstorage.o(i.queue_start) for queue_start
    fstorage.o(i.fs_erase) refers to fstorage.o(.data) for .data
    fstorage.o(i.fs_fake_init) refers to fstorage.o(.data) for .data
    fstorage.o(i.fs_init) refers to fstorage.o(.data) for .data
    fstorage.o(i.fs_queue_is_empty) refers to fstorage.o(.bss) for .bss
    fstorage.o(i.fs_queue_is_full) refers to fstorage.o(.bss) for .bss
    fstorage.o(i.fs_queued_op_count_get) refers to fstorage.o(.bss) for .bss
    fstorage.o(i.fs_store) refers to fstorage.o(i.check_config) for check_config
    fstorage.o(i.fs_store) refers to fstorage.o(i.queue_get_next_free) for queue_get_next_free
    fstorage.o(i.fs_store) refers to fstorage.o(i.queue_start) for queue_start
    fstorage.o(i.fs_store) refers to fstorage.o(.data) for .data
    fstorage.o(i.fs_sys_event_handler) refers to fstorage.o(i.on_operation_success) for on_operation_success
    fstorage.o(i.fs_sys_event_handler) refers to fstorage.o(i.send_event) for send_event
    fstorage.o(i.fs_sys_event_handler) refers to fstorage.o(i.queue_advance) for queue_advance
    fstorage.o(i.fs_sys_event_handler) refers to fstorage.o(i.queue_process) for queue_process
    fstorage.o(i.fs_sys_event_handler) refers to fstorage.o(.bss) for .bss
    fstorage.o(i.fs_sys_event_handler) refers to fstorage.o(.data) for .data
    fstorage.o(i.on_operation_success) refers to fstorage.o(i.send_event) for send_event
    fstorage.o(i.on_operation_success) refers to fstorage.o(i.queue_advance) for queue_advance
    fstorage.o(i.on_operation_success) refers to fstorage.o(.data) for .data
    fstorage.o(i.queue_advance) refers to fstorage.o(.bss) for .bss
    fstorage.o(i.queue_advance) refers to fstorage.o(.data) for .data
    fstorage.o(i.queue_get_next_free) refers to memseta.o(.text) for __aeabi_memclr4
    fstorage.o(i.queue_get_next_free) refers to fstorage.o(.bss) for .bss
    fstorage.o(i.queue_process) refers to fstorage.o(i.send_event) for send_event
    fstorage.o(i.queue_process) refers to fstorage.o(.bss) for .bss
    fstorage.o(i.queue_process) refers to fstorage.o(.data) for .data
    fstorage.o(i.queue_start) refers to fstorage.o(i.queue_process) for queue_process
    fstorage.o(i.queue_start) refers to fstorage.o(.data) for .data
    nrf_assert.o(i.assert_nrf_callback) refers to app_error_weak.o(i.app_error_fault_handler) for app_error_fault_handler
    sdk_errors.o(.data) refers to sdk_errors.o(.conststring) for .conststring
    sdk_errors.o(.data) refers to sdk_errors.o(.conststring) for .conststring
    sdk_errors.o(.data) refers to sdk_errors.o(.conststring) for .conststring
    sdk_mapped_flags.o(i.sdk_mapped_flags_first_key_index_get) refers to sdk_mapped_flags.o(i.sdk_mapped_flags_get_by_index) for sdk_mapped_flags_get_by_index
    sdk_mapped_flags.o(i.sdk_mapped_flags_get_by_key) refers to sdk_mapped_flags.o(i.sdk_mapped_flags_get_by_index) for sdk_mapped_flags_get_by_index
    sdk_mapped_flags.o(i.sdk_mapped_flags_key_list_get) refers to sdk_mapped_flags.o(i.sdk_mapped_flags_get_by_index) for sdk_mapped_flags_get_by_index
    sdk_mapped_flags.o(i.sdk_mapped_flags_key_list_get) refers to memcpya.o(.text) for __aeabi_memcpy4
    sdk_mapped_flags.o(i.sdk_mapped_flags_n_flags_set) refers to sdk_mapped_flags.o(i.sdk_mapped_flags_get_by_index) for sdk_mapped_flags_get_by_index
    sdk_mapped_flags.o(i.sdk_mapped_flags_update_by_key) refers to sdk_mapped_flags.o(i.sdk_mapped_flags_bulk_update_by_key) for sdk_mapped_flags_bulk_update_by_key
    sensorsim.o(i.sensorsim_measure) refers to sensorsim.o(i.sensorsim_increment) for sensorsim_increment
    sensorsim.o(i.sensorsim_measure) refers to sensorsim.o(i.sensorsim_decrement) for sensorsim_decrement
    app_fifo.o(i.app_fifo_get) refers to app_fifo.o(i.fifo_get) for fifo_get
    app_fifo.o(i.app_fifo_put) refers to app_fifo.o(i.fifo_put) for fifo_put
    app_fifo.o(i.app_fifo_read) refers to app_fifo.o(i.fifo_get) for fifo_get
    app_fifo.o(i.app_fifo_write) refers to app_fifo.o(i.fifo_put) for fifo_put
    app_uart_fifo.o(i.app_uart_close) refers to nrf_drv_uart.o(i.nrf_drv_uart_uninit) for nrf_drv_uart_uninit
    app_uart_fifo.o(i.app_uart_close) refers to app_uart_fifo.o(.data) for .data
    app_uart_fifo.o(i.app_uart_flush) refers to app_fifo.o(i.app_fifo_flush) for app_fifo_flush
    app_uart_fifo.o(i.app_uart_flush) refers to app_uart_fifo.o(.bss) for .bss
    app_uart_fifo.o(i.app_uart_get) refers to app_fifo.o(i.app_fifo_get) for app_fifo_get
    app_uart_fifo.o(i.app_uart_get) refers to nrf_drv_uart.o(i.nrf_drv_uart_rx) for nrf_drv_uart_rx
    app_uart_fifo.o(i.app_uart_get) refers to app_error.o(i.app_error_handler_bare) for app_error_handler_bare
    app_uart_fifo.o(i.app_uart_get) refers to app_uart_fifo.o(.data) for .data
    app_uart_fifo.o(i.app_uart_get) refers to app_uart_fifo.o(.bss) for .bss
    app_uart_fifo.o(i.app_uart_init) refers to app_fifo.o(i.app_fifo_init) for app_fifo_init
    app_uart_fifo.o(i.app_uart_init) refers to memcpya.o(.text) for __aeabi_memcpy4
    app_uart_fifo.o(i.app_uart_init) refers to nrf_drv_uart.o(i.nrf_drv_uart_init) for nrf_drv_uart_init
    app_uart_fifo.o(i.app_uart_init) refers to nrf_drv_uart.o(i.nrf_drv_uart_rx_enable) for nrf_drv_uart_rx_enable
    app_uart_fifo.o(i.app_uart_init) refers to nrf_drv_uart.o(i.nrf_drv_uart_rx) for nrf_drv_uart_rx
    app_uart_fifo.o(i.app_uart_init) refers to app_uart_fifo.o(.data) for .data
    app_uart_fifo.o(i.app_uart_init) refers to app_uart_fifo.o(.bss) for .bss
    app_uart_fifo.o(i.app_uart_init) refers to app_uart_fifo.o(.constdata) for .constdata
    app_uart_fifo.o(i.app_uart_init) refers to app_uart_fifo.o(i.uart_event_handler) for uart_event_handler
    app_uart_fifo.o(i.app_uart_put) refers to app_fifo.o(i.app_fifo_put) for app_fifo_put
    app_uart_fifo.o(i.app_uart_put) refers to nrf_drv_uart.o(i.nrf_drv_uart_tx_in_progress) for nrf_drv_uart_tx_in_progress
    app_uart_fifo.o(i.app_uart_put) refers to app_fifo.o(i.app_fifo_get) for app_fifo_get
    app_uart_fifo.o(i.app_uart_put) refers to nrf_drv_uart.o(i.nrf_drv_uart_tx) for nrf_drv_uart_tx
    app_uart_fifo.o(i.app_uart_put) refers to app_uart_fifo.o(.bss) for .bss
    app_uart_fifo.o(i.app_uart_put) refers to app_uart_fifo.o(.data) for .data
    app_uart_fifo.o(i.uart_event_handler) refers to nrf_drv_uart.o(i.nrf_drv_uart_rx) for nrf_drv_uart_rx
    app_uart_fifo.o(i.uart_event_handler) refers to app_fifo.o(i.app_fifo_put) for app_fifo_put
    app_uart_fifo.o(i.uart_event_handler) refers to app_fifo.o(i.app_fifo_get) for app_fifo_get
    app_uart_fifo.o(i.uart_event_handler) refers to nrf_drv_uart.o(i.nrf_drv_uart_tx) for nrf_drv_uart_tx
    app_uart_fifo.o(i.uart_event_handler) refers to app_uart_fifo.o(.data) for .data
    app_uart_fifo.o(i.uart_event_handler) refers to app_uart_fifo.o(.bss) for .bss
    nrf_log_backend_serial.o(i.nrf_log_backend_getchar) refers to segger_rtt.o(i.SEGGER_RTT_WaitKey) for SEGGER_RTT_WaitKey
    nrf_log_backend_serial.o(i.nrf_log_backend_hexdump_handler_get) refers to nrf_log_backend_serial.o(i.nrf_log_backend_serial_hexdump_handler) for nrf_log_backend_serial_hexdump_handler
    nrf_log_backend_serial.o(i.nrf_log_backend_init) refers to segger_rtt.o(i.SEGGER_RTT_Init) for SEGGER_RTT_Init
    nrf_log_backend_serial.o(i.nrf_log_backend_init) refers to nrf_log_backend_serial.o(.data) for .data
    nrf_log_backend_serial.o(i.nrf_log_backend_serial_hexdump_handler) refers to nrf_log_backend_serial.o(i.timestamp_process) for timestamp_process
    nrf_log_backend_serial.o(i.nrf_log_backend_serial_hexdump_handler) refers to strlen.o(.text) for strlen
    nrf_log_backend_serial.o(i.nrf_log_backend_serial_hexdump_handler) refers to memcpya.o(.text) for __aeabi_memcpy
    nrf_log_backend_serial.o(i.nrf_log_backend_serial_hexdump_handler) refers to ctype_o.o(.text) for __rt_ctype_table
    nrf_log_backend_serial.o(i.nrf_log_backend_serial_hexdump_handler) refers to nrf_log_backend_serial.o(i.serial_tx) for serial_tx
    nrf_log_backend_serial.o(i.nrf_log_backend_serial_hexdump_handler) refers to nrf_log_backend_serial.o(.constdata) for .constdata
    nrf_log_backend_serial.o(i.nrf_log_backend_serial_std_handler) refers to nrf_log_backend_serial.o(i.timestamp_process) for timestamp_process
    nrf_log_backend_serial.o(i.nrf_log_backend_serial_std_handler) refers to strlen.o(.text) for strlen
    nrf_log_backend_serial.o(i.nrf_log_backend_serial_std_handler) refers to memcpya.o(.text) for __aeabi_memcpy
    nrf_log_backend_serial.o(i.nrf_log_backend_serial_std_handler) refers to printf8.o(i.__0snprintf$8) for __2snprintf
    nrf_log_backend_serial.o(i.nrf_log_backend_serial_std_handler) refers to nrf_log_backend_serial.o(i.buf_len_update) for buf_len_update
    nrf_log_backend_serial.o(i.nrf_log_backend_serial_std_handler) refers to nrf_log_backend_serial.o(i.serial_tx) for serial_tx
    nrf_log_backend_serial.o(i.nrf_log_backend_serial_std_handler) refers to nrf_log_backend_serial.o(.constdata) for .constdata
    nrf_log_backend_serial.o(i.nrf_log_backend_std_handler_get) refers to nrf_log_backend_serial.o(i.nrf_log_backend_serial_std_handler) for nrf_log_backend_serial_std_handler
    nrf_log_backend_serial.o(i.serial_tx) refers to segger_rtt.o(i.SEGGER_RTT_WriteNoLock) for SEGGER_RTT_WriteNoLock
    nrf_log_backend_serial.o(i.timestamp_process) refers to memcpya.o(.text) for __aeabi_memcpy
    nrf_log_backend_serial.o(i.timestamp_process) refers to printf8.o(i.__0snprintf$8) for __2snprintf
    nrf_log_backend_serial.o(i.timestamp_process) refers to nrf_log_backend_serial.o(i.buf_len_update) for buf_len_update
    nrf_log_backend_serial.o(i.timestamp_process) refers to nrf_log_backend_serial.o(.constdata) for .constdata
    nrf_log_frontend.o(i.buf_prealloc) refers to app_util_platform.o(i.app_util_critical_region_enter) for app_util_critical_region_enter
    nrf_log_frontend.o(i.buf_prealloc) refers to app_util_platform.o(i.app_util_critical_region_exit) for app_util_critical_region_exit
    nrf_log_frontend.o(i.buf_prealloc) refers to nrf_log_frontend.o(.bss) for .bss
    nrf_log_frontend.o(i.buf_prealloc) refers to nrf_log_frontend.o(.constdata) for .constdata
    nrf_log_frontend.o(i.buf_prealloc) refers to nrf_log_frontend.o(.data) for .data
    nrf_log_frontend.o(i.buffer_is_empty) refers to nrf_log_frontend.o(.bss) for .bss
    nrf_log_frontend.o(i.cont_buf_prealloc) refers to app_util_platform.o(i.app_util_critical_region_enter) for app_util_critical_region_enter
    nrf_log_frontend.o(i.cont_buf_prealloc) refers to app_util_platform.o(i.app_util_critical_region_exit) for app_util_critical_region_exit
    nrf_log_frontend.o(i.cont_buf_prealloc) refers to nrf_log_frontend.o(.bss) for .bss
    nrf_log_frontend.o(i.nrf_log_blocking_backend_set) refers to nrf_log_backend_serial.o(i.nrf_log_backend_init) for nrf_log_backend_init
    nrf_log_frontend.o(i.nrf_log_frontend_dequeue) refers to nrf_log_frontend.o(i.buffer_is_empty) for buffer_is_empty
    nrf_log_frontend.o(i.nrf_log_frontend_dequeue) refers to nrf_log_frontend.o(.bss) for .bss
    nrf_log_frontend.o(i.nrf_log_frontend_hexdump) refers to nrf_log_frontend.o(i.buf_prealloc) for buf_prealloc
    nrf_log_frontend.o(i.nrf_log_frontend_hexdump) refers to memcpya.o(.text) for __aeabi_memcpy
    nrf_log_frontend.o(i.nrf_log_frontend_hexdump) refers to nrf_log_frontend.o(.bss) for .bss
    nrf_log_frontend.o(i.nrf_log_frontend_hexdump) refers to nrf_log_frontend.o(.constdata) for .constdata
    nrf_log_frontend.o(i.nrf_log_frontend_init) refers to nrf_log_frontend.o(i.nrf_log_handlers_set) for nrf_log_handlers_set
    nrf_log_frontend.o(i.nrf_log_frontend_init) refers to nrf_log_frontend.o(.bss) for .bss
    nrf_log_frontend.o(i.nrf_log_frontend_std_0) refers to nrf_log_frontend.o(i.buf_prealloc) for buf_prealloc
    nrf_log_frontend.o(i.nrf_log_frontend_std_0) refers to nrf_log_frontend.o(.bss) for .bss
    nrf_log_frontend.o(i.nrf_log_frontend_std_0) refers to nrf_log_frontend.o(.constdata) for .constdata
    nrf_log_frontend.o(i.nrf_log_frontend_std_1) refers to nrf_log_frontend.o(i.buf_prealloc) for buf_prealloc
    nrf_log_frontend.o(i.nrf_log_frontend_std_1) refers to nrf_log_frontend.o(.bss) for .bss
    nrf_log_frontend.o(i.nrf_log_frontend_std_1) refers to nrf_log_frontend.o(.constdata) for .constdata
    nrf_log_frontend.o(i.nrf_log_frontend_std_2) refers to nrf_log_frontend.o(i.buf_prealloc) for buf_prealloc
    nrf_log_frontend.o(i.nrf_log_frontend_std_2) refers to nrf_log_frontend.o(.bss) for .bss
    nrf_log_frontend.o(i.nrf_log_frontend_std_2) refers to nrf_log_frontend.o(.constdata) for .constdata
    nrf_log_frontend.o(i.nrf_log_frontend_std_3) refers to nrf_log_frontend.o(i.buf_prealloc) for buf_prealloc
    nrf_log_frontend.o(i.nrf_log_frontend_std_3) refers to nrf_log_frontend.o(.bss) for .bss
    nrf_log_frontend.o(i.nrf_log_frontend_std_3) refers to nrf_log_frontend.o(.constdata) for .constdata
    nrf_log_frontend.o(i.nrf_log_frontend_std_4) refers to nrf_log_frontend.o(i.buf_prealloc) for buf_prealloc
    nrf_log_frontend.o(i.nrf_log_frontend_std_4) refers to nrf_log_frontend.o(.bss) for .bss
    nrf_log_frontend.o(i.nrf_log_frontend_std_4) refers to nrf_log_frontend.o(.constdata) for .constdata
    nrf_log_frontend.o(i.nrf_log_frontend_std_5) refers to nrf_log_frontend.o(i.buf_prealloc) for buf_prealloc
    nrf_log_frontend.o(i.nrf_log_frontend_std_5) refers to nrf_log_frontend.o(.bss) for .bss
    nrf_log_frontend.o(i.nrf_log_frontend_std_5) refers to nrf_log_frontend.o(.constdata) for .constdata
    nrf_log_frontend.o(i.nrf_log_frontend_std_6) refers to nrf_log_frontend.o(i.buf_prealloc) for buf_prealloc
    nrf_log_frontend.o(i.nrf_log_frontend_std_6) refers to nrf_log_frontend.o(.bss) for .bss
    nrf_log_frontend.o(i.nrf_log_frontend_std_6) refers to nrf_log_frontend.o(.constdata) for .constdata
    nrf_log_frontend.o(i.nrf_log_getchar) refers to nrf_log_backend_serial.o(i.nrf_log_backend_getchar) for nrf_log_backend_getchar
    nrf_log_frontend.o(i.nrf_log_handlers_set) refers to nrf_log_frontend.o(.bss) for .bss
    nrf_log_frontend.o(i.nrf_log_init) refers to nrf_log_backend_serial.o(i.nrf_log_backend_init) for nrf_log_backend_init
    nrf_log_frontend.o(i.nrf_log_init) refers to nrf_log_backend_serial.o(i.nrf_log_backend_hexdump_handler_get) for nrf_log_backend_hexdump_handler_get
    nrf_log_frontend.o(i.nrf_log_init) refers to nrf_log_backend_serial.o(i.nrf_log_backend_std_handler_get) for nrf_log_backend_std_handler_get
    nrf_log_frontend.o(i.nrf_log_init) refers to nrf_log_frontend.o(i.nrf_log_frontend_init) for nrf_log_frontend_init
    nrf_log_frontend.o(i.nrf_log_push) refers to strlen.o(.text) for strlen
    nrf_log_frontend.o(i.nrf_log_push) refers to nrf_log_frontend.o(i.cont_buf_prealloc) for cont_buf_prealloc
    nrf_log_frontend.o(i.nrf_log_push) refers to memcpya.o(.text) for __aeabi_memcpy
    nrf_log_frontend.o(i.nrf_log_push) refers to nrf_log_frontend.o(.bss) for .bss
    nrf_log_frontend.o(.data) refers to nrf_log_frontend.o(.conststring) for .conststring
    segger_rtt.o(i.SEGGER_RTT_ConfigDownBuffer) refers to segger_rtt.o(i._DoInit) for _DoInit
    segger_rtt.o(i.SEGGER_RTT_ConfigDownBuffer) refers to app_util_platform.o(i.app_util_critical_region_enter) for app_util_critical_region_enter
    segger_rtt.o(i.SEGGER_RTT_ConfigDownBuffer) refers to app_util_platform.o(i.app_util_critical_region_exit) for app_util_critical_region_exit
    segger_rtt.o(i.SEGGER_RTT_ConfigDownBuffer) refers to segger_rtt.o(.bss) for .bss
    segger_rtt.o(i.SEGGER_RTT_ConfigUpBuffer) refers to segger_rtt.o(i._DoInit) for _DoInit
    segger_rtt.o(i.SEGGER_RTT_ConfigUpBuffer) refers to app_util_platform.o(i.app_util_critical_region_enter) for app_util_critical_region_enter
    segger_rtt.o(i.SEGGER_RTT_ConfigUpBuffer) refers to app_util_platform.o(i.app_util_critical_region_exit) for app_util_critical_region_exit
    segger_rtt.o(i.SEGGER_RTT_ConfigUpBuffer) refers to segger_rtt.o(.bss) for .bss
    segger_rtt.o(i.SEGGER_RTT_GetKey) refers to segger_rtt.o(i.SEGGER_RTT_Read) for SEGGER_RTT_Read
    segger_rtt.o(i.SEGGER_RTT_HasData) refers to segger_rtt.o(.bss) for .bss
    segger_rtt.o(i.SEGGER_RTT_HasKey) refers to segger_rtt.o(i._DoInit) for _DoInit
    segger_rtt.o(i.SEGGER_RTT_HasKey) refers to segger_rtt.o(.bss) for .bss
    segger_rtt.o(i.SEGGER_RTT_Init) refers to segger_rtt.o(i._DoInit) for _DoInit
    segger_rtt.o(i.SEGGER_RTT_Init) refers to segger_rtt.o(.bss) for .bss
    segger_rtt.o(i.SEGGER_RTT_Read) refers to app_util_platform.o(i.app_util_critical_region_enter) for app_util_critical_region_enter
    segger_rtt.o(i.SEGGER_RTT_Read) refers to segger_rtt.o(i.SEGGER_RTT_ReadNoLock) for SEGGER_RTT_ReadNoLock
    segger_rtt.o(i.SEGGER_RTT_Read) refers to app_util_platform.o(i.app_util_critical_region_exit) for app_util_critical_region_exit
    segger_rtt.o(i.SEGGER_RTT_ReadNoLock) refers to segger_rtt.o(i._DoInit) for _DoInit
    segger_rtt.o(i.SEGGER_RTT_ReadNoLock) refers to memcpya.o(.text) for __aeabi_memcpy
    segger_rtt.o(i.SEGGER_RTT_ReadNoLock) refers to segger_rtt.o(.bss) for .bss
    segger_rtt.o(i.SEGGER_RTT_SetNameDownBuffer) refers to segger_rtt.o(i._DoInit) for _DoInit
    segger_rtt.o(i.SEGGER_RTT_SetNameDownBuffer) refers to app_util_platform.o(i.app_util_critical_region_enter) for app_util_critical_region_enter
    segger_rtt.o(i.SEGGER_RTT_SetNameDownBuffer) refers to app_util_platform.o(i.app_util_critical_region_exit) for app_util_critical_region_exit
    segger_rtt.o(i.SEGGER_RTT_SetNameDownBuffer) refers to segger_rtt.o(.bss) for .bss
    segger_rtt.o(i.SEGGER_RTT_SetNameUpBuffer) refers to segger_rtt.o(i._DoInit) for _DoInit
    segger_rtt.o(i.SEGGER_RTT_SetNameUpBuffer) refers to app_util_platform.o(i.app_util_critical_region_enter) for app_util_critical_region_enter
    segger_rtt.o(i.SEGGER_RTT_SetNameUpBuffer) refers to app_util_platform.o(i.app_util_critical_region_exit) for app_util_critical_region_exit
    segger_rtt.o(i.SEGGER_RTT_SetNameUpBuffer) refers to segger_rtt.o(.bss) for .bss
    segger_rtt.o(i.SEGGER_RTT_SetTerminal) refers to segger_rtt.o(i._DoInit) for _DoInit
    segger_rtt.o(i.SEGGER_RTT_SetTerminal) refers to app_util_platform.o(i.app_util_critical_region_enter) for app_util_critical_region_enter
    segger_rtt.o(i.SEGGER_RTT_SetTerminal) refers to segger_rtt.o(i._GetAvailWriteSpace) for _GetAvailWriteSpace
    segger_rtt.o(i.SEGGER_RTT_SetTerminal) refers to segger_rtt.o(i._WriteNoCheck) for _WriteNoCheck
    segger_rtt.o(i.SEGGER_RTT_SetTerminal) refers to segger_rtt.o(i._WriteBlocking) for _WriteBlocking
    segger_rtt.o(i.SEGGER_RTT_SetTerminal) refers to app_util_platform.o(i.app_util_critical_region_exit) for app_util_critical_region_exit
    segger_rtt.o(i.SEGGER_RTT_SetTerminal) refers to segger_rtt.o(.bss) for .bss
    segger_rtt.o(i.SEGGER_RTT_SetTerminal) refers to segger_rtt.o(.data) for .data
    segger_rtt.o(i.SEGGER_RTT_TerminalOut) refers to segger_rtt.o(i._DoInit) for _DoInit
    segger_rtt.o(i.SEGGER_RTT_TerminalOut) refers to strlen.o(.text) for strlen
    segger_rtt.o(i.SEGGER_RTT_TerminalOut) refers to app_util_platform.o(i.app_util_critical_region_enter) for app_util_critical_region_enter
    segger_rtt.o(i.SEGGER_RTT_TerminalOut) refers to segger_rtt.o(i._GetAvailWriteSpace) for _GetAvailWriteSpace
    segger_rtt.o(i.SEGGER_RTT_TerminalOut) refers to segger_rtt.o(i._PostTerminalSwitch) for _PostTerminalSwitch
    segger_rtt.o(i.SEGGER_RTT_TerminalOut) refers to segger_rtt.o(i._WriteBlocking) for _WriteBlocking
    segger_rtt.o(i.SEGGER_RTT_TerminalOut) refers to app_util_platform.o(i.app_util_critical_region_exit) for app_util_critical_region_exit
    segger_rtt.o(i.SEGGER_RTT_TerminalOut) refers to segger_rtt.o(.bss) for .bss
    segger_rtt.o(i.SEGGER_RTT_TerminalOut) refers to segger_rtt.o(.data) for .data
    segger_rtt.o(i.SEGGER_RTT_WaitKey) refers to segger_rtt.o(i.SEGGER_RTT_GetKey) for SEGGER_RTT_GetKey
    segger_rtt.o(i.SEGGER_RTT_Write) refers to segger_rtt.o(i._DoInit) for _DoInit
    segger_rtt.o(i.SEGGER_RTT_Write) refers to app_util_platform.o(i.app_util_critical_region_enter) for app_util_critical_region_enter
    segger_rtt.o(i.SEGGER_RTT_Write) refers to segger_rtt.o(i.SEGGER_RTT_WriteNoLock) for SEGGER_RTT_WriteNoLock
    segger_rtt.o(i.SEGGER_RTT_Write) refers to app_util_platform.o(i.app_util_critical_region_exit) for app_util_critical_region_exit
    segger_rtt.o(i.SEGGER_RTT_Write) refers to segger_rtt.o(.bss) for .bss
    segger_rtt.o(i.SEGGER_RTT_WriteNoLock) refers to segger_rtt.o(i._GetAvailWriteSpace) for _GetAvailWriteSpace
    segger_rtt.o(i.SEGGER_RTT_WriteNoLock) refers to segger_rtt.o(i._WriteNoCheck) for _WriteNoCheck
    segger_rtt.o(i.SEGGER_RTT_WriteNoLock) refers to segger_rtt.o(i._WriteBlocking) for _WriteBlocking
    segger_rtt.o(i.SEGGER_RTT_WriteNoLock) refers to segger_rtt.o(.bss) for .bss
    segger_rtt.o(i.SEGGER_RTT_WriteSkipNoLock) refers to memcpya.o(.text) for __aeabi_memcpy
    segger_rtt.o(i.SEGGER_RTT_WriteSkipNoLock) refers to segger_rtt.o(.bss) for .bss
    segger_rtt.o(i.SEGGER_RTT_WriteString) refers to strlen.o(.text) for strlen
    segger_rtt.o(i.SEGGER_RTT_WriteString) refers to segger_rtt.o(i.SEGGER_RTT_Write) for SEGGER_RTT_Write
    segger_rtt.o(i._DoInit) refers to strcpy.o(.text) for strcpy
    segger_rtt.o(i._DoInit) refers to segger_rtt.o(.bss) for .bss
    segger_rtt.o(i._PostTerminalSwitch) refers to segger_rtt.o(i._WriteBlocking) for _WriteBlocking
    segger_rtt.o(i._PostTerminalSwitch) refers to segger_rtt.o(.data) for .data
    segger_rtt.o(i._WriteBlocking) refers to memcpya.o(.text) for __aeabi_memcpy
    segger_rtt.o(i._WriteNoCheck) refers to memcpya.o(.text) for __aeabi_memcpy
    softdevice_handler.o(i.SWI2_EGU2_IRQHandler) refers to app_error.o(i.app_error_handler_bare) for app_error_handler_bare
    softdevice_handler.o(i.SWI2_EGU2_IRQHandler) refers to softdevice_handler.o(i.intern_softdevice_events_execute) for intern_softdevice_events_execute
    softdevice_handler.o(i.SWI2_EGU2_IRQHandler) refers to softdevice_handler.o(.data) for .data
    softdevice_handler.o(i.intern_softdevice_events_execute) refers to app_error.o(i.app_error_handler_bare) for app_error_handler_bare
    softdevice_handler.o(i.intern_softdevice_events_execute) refers to nrf_drv_clock.o(i.nrf_drv_clock_on_soc_event) for nrf_drv_clock_on_soc_event
    softdevice_handler.o(i.intern_softdevice_events_execute) refers to softdevice_handler.o(.data) for .data
    softdevice_handler.o(i.sd_check_ram_start) refers to nrf_log_frontend.o(i.nrf_log_frontend_std_2) for nrf_log_frontend_std_2
    softdevice_handler.o(i.sd_check_ram_start) refers to softdevice_handler.o(i.ram_end_address_get) for ram_end_address_get
    softdevice_handler.o(i.sd_check_ram_start) refers to nrf_log_frontend.o(i.nrf_log_frontend_std_1) for nrf_log_frontend_std_1
    softdevice_handler.o(i.sd_check_ram_start) refers to softdevice_handler.o(.conststring) for .conststring
    softdevice_handler.o(i.sd_nvic_EnableIRQ) refers to softdevice_handler.o(i.__sd_nvic_app_accessible_irq) for __sd_nvic_app_accessible_irq
    softdevice_handler.o(i.sd_nvic_EnableIRQ) refers to softdevice_handler.o(i.NVIC_EnableIRQ) for NVIC_EnableIRQ
    softdevice_handler.o(i.sd_nvic_EnableIRQ) refers to app_util_platform.o(.bss) for nrf_nvic_state
    softdevice_handler.o(i.softdevice_ble_evt_handler_set) refers to softdevice_handler.o(.data) for .data
    softdevice_handler.o(i.softdevice_enable) refers to nrf_log_frontend.o(i.nrf_log_frontend_std_1) for nrf_log_frontend_std_1
    softdevice_handler.o(i.softdevice_enable) refers to softdevice_handler.o(i.ram_end_address_get) for ram_end_address_get
    softdevice_handler.o(i.softdevice_enable) refers to softdevice_handler.o(.conststring) for .conststring
    softdevice_handler.o(i.softdevice_enable_get_default_config) refers to memseta.o(.text) for __aeabi_memclr4
    softdevice_handler.o(i.softdevice_fault_handler) refers to app_error_weak.o(i.app_error_fault_handler) for app_error_fault_handler
    softdevice_handler.o(i.softdevice_handler_init) refers to softdevice_handler.o(i.NVIC_DisableIRQ) for NVIC_DisableIRQ
    softdevice_handler.o(i.softdevice_handler_init) refers to softdevice_handler.o(i.NVIC_EnableIRQ) for NVIC_EnableIRQ
    softdevice_handler.o(i.softdevice_handler_init) refers to nrf_drv_clock.o(i.nrf_drv_clock_on_sd_enable) for nrf_drv_clock_on_sd_enable
    softdevice_handler.o(i.softdevice_handler_init) refers to softdevice_handler.o(i.sd_nvic_EnableIRQ) for sd_nvic_EnableIRQ
    softdevice_handler.o(i.softdevice_handler_init) refers to softdevice_handler.o(.data) for .data
    softdevice_handler.o(i.softdevice_handler_init) refers to softdevice_handler.o(i.softdevice_fault_handler) for softdevice_fault_handler
    softdevice_handler.o(i.softdevice_handler_is_enabled) refers to softdevice_handler.o(.data) for .data
    softdevice_handler.o(i.softdevice_handler_is_suspended) refers to softdevice_handler.o(.data) for .data
    softdevice_handler.o(i.softdevice_handler_resume) refers to softdevice_handler.o(i.__sd_nvic_app_accessible_irq) for __sd_nvic_app_accessible_irq
    softdevice_handler.o(i.softdevice_handler_resume) refers to app_error.o(i.app_error_handler_bare) for app_error_handler_bare
    softdevice_handler.o(i.softdevice_handler_resume) refers to softdevice_handler.o(i.sd_nvic_EnableIRQ) for sd_nvic_EnableIRQ
    softdevice_handler.o(i.softdevice_handler_resume) refers to softdevice_handler.o(.data) for .data
    softdevice_handler.o(i.softdevice_handler_sd_disable) refers to nrf_drv_clock.o(i.nrf_drv_clock_on_sd_disable) for nrf_drv_clock_on_sd_disable
    softdevice_handler.o(i.softdevice_handler_sd_disable) refers to softdevice_handler.o(.data) for .data
    softdevice_handler.o(i.softdevice_handler_suspend) refers to softdevice_handler.o(i.__sd_nvic_app_accessible_irq) for __sd_nvic_app_accessible_irq
    softdevice_handler.o(i.softdevice_handler_suspend) refers to app_error.o(i.app_error_handler_bare) for app_error_handler_bare
    softdevice_handler.o(i.softdevice_handler_suspend) refers to softdevice_handler.o(i.NVIC_DisableIRQ) for NVIC_DisableIRQ
    softdevice_handler.o(i.softdevice_handler_suspend) refers to app_util_platform.o(.bss) for nrf_nvic_state
    softdevice_handler.o(i.softdevice_handler_suspend) refers to softdevice_handler.o(.data) for .data
    softdevice_handler.o(i.softdevice_sys_evt_handler_set) refers to softdevice_handler.o(.data) for .data
    m_bus_receiver.o(i.m_bus_receiver_changing_primary_address) refers to app_uart_fifo.o(i.app_uart_flush) for app_uart_flush
    m_bus_receiver.o(i.m_bus_receiver_changing_primary_address) refers to app_uart_fifo.o(i.app_uart_put) for app_uart_put
    m_bus_receiver.o(i.m_bus_receiver_init) refers to app_uart_fifo.o(i.app_uart_flush) for app_uart_flush
    m_bus_receiver.o(i.m_bus_receiver_init) refers to app_uart_fifo.o(i.app_uart_put) for app_uart_put
    m_bus_receiver.o(i.m_bus_receiver_reset_application) refers to app_uart_fifo.o(i.app_uart_flush) for app_uart_flush
    m_bus_receiver.o(i.m_bus_receiver_reset_application) refers to app_uart_fifo.o(i.app_uart_put) for app_uart_put
    m_bus_receiver.o(i.m_bus_receiver_reset_partial_power) refers to app_uart_fifo.o(i.app_uart_flush) for app_uart_flush
    m_bus_receiver.o(i.m_bus_receiver_reset_partial_power) refers to app_uart_fifo.o(i.app_uart_put) for app_uart_put
    m_bus_receiver.o(i.m_bus_receiver_reset_partial_power) refers to m_bus_receiver.o(.constdata) for .constdata
    m_bus_receiver.o(i.m_bus_send_request) refers to app_uart_fifo.o(i.app_uart_flush) for app_uart_flush
    m_bus_receiver.o(i.m_bus_send_request) refers to app_uart_fifo.o(i.app_uart_put) for app_uart_put
    m_bus_receiver.o(i.response_from_m_bus) refers to app_uart_fifo.o(i.app_uart_get) for app_uart_get
    m_bus_receiver.o(i.response_from_m_bus) refers to app_uart_fifo.o(i.app_uart_flush) for app_uart_flush
    m_bus_receiver.o(i.response_from_m_bus) refers to m_bus_receiver.o(.data) for .data
    arm_startup_nrf52.o(RESET) refers to arm_startup_nrf52.o(STACK) for __initial_sp
    arm_startup_nrf52.o(RESET) refers to arm_startup_nrf52.o(.text) for Reset_Handler
    arm_startup_nrf52.o(RESET) refers to port.o(.emb_text) for SVC_Handler
    arm_startup_nrf52.o(RESET) refers to nrf_drv_clock.o(i.POWER_CLOCK_IRQHandler) for POWER_CLOCK_IRQHandler
    arm_startup_nrf52.o(RESET) refers to nrf_drv_uart.o(i.UARTE0_UART0_IRQHandler) for UARTE0_UART0_IRQHandler
    arm_startup_nrf52.o(RESET) refers to nrf_drv_gpiote.o(i.GPIOTE_IRQHandler) for GPIOTE_IRQHandler
    arm_startup_nrf52.o(RESET) refers to port_cmsis_systick.o(i.RTC1_IRQHandler) for RTC1_IRQHandler
    arm_startup_nrf52.o(RESET) refers to softdevice_handler.o(i.SWI2_EGU2_IRQHandler) for SWI2_EGU2_IRQHandler
    arm_startup_nrf52.o(.text) refers to system_nrf52.o(i.SystemInit) for SystemInit
    arm_startup_nrf52.o(.text) refers to entry.o(.ARM.Collect$$$$00000000) for __main
    system_nrf52.o(i.SystemCoreClockUpdate) refers to system_nrf52.o(.data) for .data
    system_nrf52.o(i.SystemInit) refers to system_nrf52.o(.data) for .data
    entry.o(.ARM.Collect$$$$00000000) refers (Special) to entry10a.o(.ARM.Collect$$$$0000000D) for __rt_final_cpp
    entry.o(.ARM.Collect$$$$00000000) refers (Special) to entry11a.o(.ARM.Collect$$$$0000000F) for __rt_final_exit
    entry.o(.ARM.Collect$$$$00000000) refers (Special) to entry7b.o(.ARM.Collect$$$$00000008) for _main_clock
    entry.o(.ARM.Collect$$$$00000000) refers (Special) to entry8b.o(.ARM.Collect$$$$0000000A) for _main_cpp_init
    entry.o(.ARM.Collect$$$$00000000) refers (Special) to entry9a.o(.ARM.Collect$$$$0000000B) for _main_init
    entry.o(.ARM.Collect$$$$00000000) refers (Special) to entry5.o(.ARM.Collect$$$$00000004) for _main_scatterload
    entry.o(.ARM.Collect$$$$00000000) refers (Special) to entry2.o(.ARM.Collect$$$$00000001) for _main_stk
    ctype_o.o(.text) refers to ctype_o.o(.constdata) for .constdata
    ctype_o.o(.constdata) refers to ctype_o.o(.constdata) for __ctype_table
    isalnum_o.o(.text) refers to ctype_o.o(.text) for __rt_ctype_table
    isalpha_o.o(.text) refers to ctype_o.o(.text) for __rt_ctype_table
    isblank_o.o(.text) refers to ctype_o.o(.constdata) for __ctype_table
    iscntrl_o.o(.text) refers to ctype_o.o(.text) for __rt_ctype_table
    isdigit_o.o(.text) refers to ctype_o.o(.text) for __rt_ctype_table
    isgraph_o.o(.text) refers to ctype_o.o(.text) for __rt_ctype_table
    islower_o.o(.text) refers to ctype_o.o(.text) for __rt_ctype_table
    isprint_o.o(.text) refers to ctype_o.o(.text) for __rt_ctype_table
    ispunct_o.o(.text) refers to ctype_o.o(.text) for __rt_ctype_table
    isspace_o.o(.text) refers to ctype_o.o(.text) for __rt_ctype_table
    isupper_o.o(.text) refers to ctype_o.o(.text) for __rt_ctype_table
    isxdigit_o.o(.text) refers to ctype_o.o(.text) for __rt_ctype_table
    printfb.o(i.__0fprintf$bare) refers to printfb.o(i._printf_core) for _printf_core
    printfb.o(i.__0fprintf$bare) refers to fputc.o(i.fputc) for fputc
    printfb.o(i.__0printf$bare) refers to printfb.o(i._printf_core) for _printf_core
    printfb.o(i.__0printf$bare) refers to fputc.o(i.fputc) for fputc
    printfb.o(i.__0printf$bare) refers to stdout.o(.data) for __stdout
    printfb.o(i.__0snprintf$bare) refers to printfb.o(i._printf_core) for _printf_core
    printfb.o(i.__0snprintf$bare) refers to printfb.o(i._snputc) for _snputc
    printfb.o(i.__0sprintf$bare) refers to printfb.o(i._printf_core) for _printf_core
    printfb.o(i.__0sprintf$bare) refers to printfb.o(i._sputc) for _sputc
    printfb.o(i.__0vfprintf$bare) refers to printfb.o(i._printf_core) for _printf_core
    printfb.o(i.__0vfprintf$bare) refers to fputc.o(i.fputc) for fputc
    printfb.o(i.__0vprintf$bare) refers to printfb.o(i._printf_core) for _printf_core
    printfb.o(i.__0vprintf$bare) refers to fputc.o(i.fputc) for fputc
    printfb.o(i.__0vprintf$bare) refers to stdout.o(.data) for __stdout
    printfb.o(i.__0vsnprintf$bare) refers to printfb.o(i._printf_core) for _printf_core
    printfb.o(i.__0vsnprintf$bare) refers to printfb.o(i._snputc) for _snputc
    printfb.o(i.__0vsprintf$bare) refers to printfb.o(i._printf_core) for _printf_core
    printfb.o(i.__0vsprintf$bare) refers to printfb.o(i._sputc) for _sputc
    printf0.o(i.__0fprintf$0) refers to printf0.o(i._printf_core) for _printf_core
    printf0.o(i.__0fprintf$0) refers to fputc.o(i.fputc) for fputc
    printf0.o(i.__0printf$0) refers to printf0.o(i._printf_core) for _printf_core
    printf0.o(i.__0printf$0) refers to fputc.o(i.fputc) for fputc
    printf0.o(i.__0printf$0) refers to stdout.o(.data) for __stdout
    printf0.o(i.__0snprintf$0) refers to printf0.o(i._printf_core) for _printf_core
    printf0.o(i.__0snprintf$0) refers to printf0.o(i._snputc) for _snputc
    printf0.o(i.__0sprintf$0) refers to printf0.o(i._printf_core) for _printf_core
    printf0.o(i.__0sprintf$0) refers to printf0.o(i._sputc) for _sputc
    printf0.o(i.__0vfprintf$0) refers to printf0.o(i._printf_core) for _printf_core
    printf0.o(i.__0vfprintf$0) refers to fputc.o(i.fputc) for fputc
    printf0.o(i.__0vprintf$0) refers to printf0.o(i._printf_core) for _printf_core
    printf0.o(i.__0vprintf$0) refers to fputc.o(i.fputc) for fputc
    printf0.o(i.__0vprintf$0) refers to stdout.o(.data) for __stdout
    printf0.o(i.__0vsnprintf$0) refers to printf0.o(i._printf_core) for _printf_core
    printf0.o(i.__0vsnprintf$0) refers to printf0.o(i._snputc) for _snputc
    printf0.o(i.__0vsprintf$0) refers to printf0.o(i._printf_core) for _printf_core
    printf0.o(i.__0vsprintf$0) refers to printf0.o(i._sputc) for _sputc
    printf1.o(i.__0fprintf$1) refers to printf1.o(i._printf_core) for _printf_core
    printf1.o(i.__0fprintf$1) refers to fputc.o(i.fputc) for fputc
    printf1.o(i.__0printf$1) refers to printf1.o(i._printf_core) for _printf_core
    printf1.o(i.__0printf$1) refers to fputc.o(i.fputc) for fputc
    printf1.o(i.__0printf$1) refers to stdout.o(.data) for __stdout
    printf1.o(i.__0snprintf$1) refers to printf1.o(i._printf_core) for _printf_core
    printf1.o(i.__0snprintf$1) refers to printf1.o(i._snputc) for _snputc
    printf1.o(i.__0sprintf$1) refers to printf1.o(i._printf_core) for _printf_core
    printf1.o(i.__0sprintf$1) refers to printf1.o(i._sputc) for _sputc
    printf1.o(i.__0vfprintf$1) refers to printf1.o(i._printf_core) for _printf_core
    printf1.o(i.__0vfprintf$1) refers to fputc.o(i.fputc) for fputc
    printf1.o(i.__0vprintf$1) refers to printf1.o(i._printf_core) for _printf_core
    printf1.o(i.__0vprintf$1) refers to fputc.o(i.fputc) for fputc
    printf1.o(i.__0vprintf$1) refers to stdout.o(.data) for __stdout
    printf1.o(i.__0vsnprintf$1) refers to printf1.o(i._printf_core) for _printf_core
    printf1.o(i.__0vsnprintf$1) refers to printf1.o(i._snputc) for _snputc
    printf1.o(i.__0vsprintf$1) refers to printf1.o(i._printf_core) for _printf_core
    printf1.o(i.__0vsprintf$1) refers to printf1.o(i._sputc) for _sputc
    printf1.o(i._printf_core) refers to uidiv.o(.text) for __aeabi_uidivmod
    printf2.o(i.__0fprintf$2) refers to printf2.o(i._printf_core) for _printf_core
    printf2.o(i.__0fprintf$2) refers to fputc.o(i.fputc) for fputc
    printf2.o(i.__0printf$2) refers to printf2.o(i._printf_core) for _printf_core
    printf2.o(i.__0printf$2) refers to fputc.o(i.fputc) for fputc
    printf2.o(i.__0printf$2) refers to stdout.o(.data) for __stdout
    printf2.o(i.__0snprintf$2) refers to printf2.o(i._printf_core) for _printf_core
    printf2.o(i.__0snprintf$2) refers to printf2.o(i._snputc) for _snputc
    printf2.o(i.__0sprintf$2) refers to printf2.o(i._printf_core) for _printf_core
    printf2.o(i.__0sprintf$2) refers to printf2.o(i._sputc) for _sputc
    printf2.o(i.__0vfprintf$2) refers to printf2.o(i._printf_core) for _printf_core
    printf2.o(i.__0vfprintf$2) refers to fputc.o(i.fputc) for fputc
    printf2.o(i.__0vprintf$2) refers to printf2.o(i._printf_core) for _printf_core
    printf2.o(i.__0vprintf$2) refers to fputc.o(i.fputc) for fputc
    printf2.o(i.__0vprintf$2) refers to stdout.o(.data) for __stdout
    printf2.o(i.__0vsnprintf$2) refers to printf2.o(i._printf_core) for _printf_core
    printf2.o(i.__0vsnprintf$2) refers to printf2.o(i._snputc) for _snputc
    printf2.o(i.__0vsprintf$2) refers to printf2.o(i._printf_core) for _printf_core
    printf2.o(i.__0vsprintf$2) refers to printf2.o(i._sputc) for _sputc
    printf3.o(i.__0fprintf$3) refers to printf3.o(i._printf_core) for _printf_core
    printf3.o(i.__0fprintf$3) refers to fputc.o(i.fputc) for fputc
    printf3.o(i.__0printf$3) refers to printf3.o(i._printf_core) for _printf_core
    printf3.o(i.__0printf$3) refers to fputc.o(i.fputc) for fputc
    printf3.o(i.__0printf$3) refers to stdout.o(.data) for __stdout
    printf3.o(i.__0snprintf$3) refers to printf3.o(i._printf_core) for _printf_core
    printf3.o(i.__0snprintf$3) refers to printf3.o(i._snputc) for _snputc
    printf3.o(i.__0sprintf$3) refers to printf3.o(i._printf_core) for _printf_core
    printf3.o(i.__0sprintf$3) refers to printf3.o(i._sputc) for _sputc
    printf3.o(i.__0vfprintf$3) refers to printf3.o(i._printf_core) for _printf_core
    printf3.o(i.__0vfprintf$3) refers to fputc.o(i.fputc) for fputc
    printf3.o(i.__0vprintf$3) refers to printf3.o(i._printf_core) for _printf_core
    printf3.o(i.__0vprintf$3) refers to fputc.o(i.fputc) for fputc
    printf3.o(i.__0vprintf$3) refers to stdout.o(.data) for __stdout
    printf3.o(i.__0vsnprintf$3) refers to printf3.o(i._printf_core) for _printf_core
    printf3.o(i.__0vsnprintf$3) refers to printf3.o(i._snputc) for _snputc
    printf3.o(i.__0vsprintf$3) refers to printf3.o(i._printf_core) for _printf_core
    printf3.o(i.__0vsprintf$3) refers to printf3.o(i._sputc) for _sputc
    printf3.o(i._printf_core) refers to uidiv.o(.text) for __aeabi_uidivmod
    printf4.o(i.__0fprintf$4) refers to printf4.o(i._printf_core) for _printf_core
    printf4.o(i.__0fprintf$4) refers to fputc.o(i.fputc) for fputc
    printf4.o(i.__0printf$4) refers to printf4.o(i._printf_core) for _printf_core
    printf4.o(i.__0printf$4) refers to fputc.o(i.fputc) for fputc
    printf4.o(i.__0printf$4) refers to stdout.o(.data) for __stdout
    printf4.o(i.__0snprintf$4) refers to printf4.o(i._printf_core) for _printf_core
    printf4.o(i.__0snprintf$4) refers to printf4.o(i._snputc) for _snputc
    printf4.o(i.__0sprintf$4) refers to printf4.o(i._printf_core) for _printf_core
    printf4.o(i.__0sprintf$4) refers to printf4.o(i._sputc) for _sputc
    printf4.o(i.__0vfprintf$4) refers to printf4.o(i._printf_core) for _printf_core
    printf4.o(i.__0vfprintf$4) refers to fputc.o(i.fputc) for fputc
    printf4.o(i.__0vprintf$4) refers to printf4.o(i._printf_core) for _printf_core
    printf4.o(i.__0vprintf$4) refers to fputc.o(i.fputc) for fputc
    printf4.o(i.__0vprintf$4) refers to stdout.o(.data) for __stdout
    printf4.o(i.__0vsnprintf$4) refers to printf4.o(i._printf_core) for _printf_core
    printf4.o(i.__0vsnprintf$4) refers to printf4.o(i._snputc) for _snputc
    printf4.o(i.__0vsprintf$4) refers to printf4.o(i._printf_core) for _printf_core
    printf4.o(i.__0vsprintf$4) refers to printf4.o(i._sputc) for _sputc
    printf4.o(i._printf_core) refers to uldiv.o(.text) for __aeabi_uldivmod
    printf5.o(i.__0fprintf$5) refers to printf5.o(i._printf_core) for _printf_core
    printf5.o(i.__0fprintf$5) refers to fputc.o(i.fputc) for fputc
    printf5.o(i.__0printf$5) refers to printf5.o(i._printf_core) for _printf_core
    printf5.o(i.__0printf$5) refers to fputc.o(i.fputc) for fputc
    printf5.o(i.__0printf$5) refers to stdout.o(.data) for __stdout
    printf5.o(i.__0snprintf$5) refers to printf5.o(i._printf_core) for _printf_core
    printf5.o(i.__0snprintf$5) refers to printf5.o(i._snputc) for _snputc
    printf5.o(i.__0sprintf$5) refers to printf5.o(i._printf_core) for _printf_core
    printf5.o(i.__0sprintf$5) refers to printf5.o(i._sputc) for _sputc
    printf5.o(i.__0vfprintf$5) refers to printf5.o(i._printf_core) for _printf_core
    printf5.o(i.__0vfprintf$5) refers to fputc.o(i.fputc) for fputc
    printf5.o(i.__0vprintf$5) refers to printf5.o(i._printf_core) for _printf_core
    printf5.o(i.__0vprintf$5) refers to fputc.o(i.fputc) for fputc
    printf5.o(i.__0vprintf$5) refers to stdout.o(.data) for __stdout
    printf5.o(i.__0vsnprintf$5) refers to printf5.o(i._printf_core) for _printf_core
    printf5.o(i.__0vsnprintf$5) refers to printf5.o(i._snputc) for _snputc
    printf5.o(i.__0vsprintf$5) refers to printf5.o(i._printf_core) for _printf_core
    printf5.o(i.__0vsprintf$5) refers to printf5.o(i._sputc) for _sputc
    printf5.o(i._printf_core) refers to uldiv.o(.text) for __aeabi_uldivmod
    printf6.o(i.__0fprintf$6) refers to printf6.o(i._printf_core) for _printf_core
    printf6.o(i.__0fprintf$6) refers to fputc.o(i.fputc) for fputc
    printf6.o(i.__0printf$6) refers to printf6.o(i._printf_core) for _printf_core
    printf6.o(i.__0printf$6) refers to fputc.o(i.fputc) for fputc
    printf6.o(i.__0printf$6) refers to stdout.o(.data) for __stdout
    printf6.o(i.__0snprintf$6) refers to printf6.o(i._printf_core) for _printf_core
    printf6.o(i.__0snprintf$6) refers to printf6.o(i._snputc) for _snputc
    printf6.o(i.__0sprintf$6) refers to printf6.o(i._printf_core) for _printf_core
    printf6.o(i.__0sprintf$6) refers to printf6.o(i._sputc) for _sputc
    printf6.o(i.__0vfprintf$6) refers to printf6.o(i._printf_core) for _printf_core
    printf6.o(i.__0vfprintf$6) refers to fputc.o(i.fputc) for fputc
    printf6.o(i.__0vprintf$6) refers to printf6.o(i._printf_core) for _printf_core
    printf6.o(i.__0vprintf$6) refers to fputc.o(i.fputc) for fputc
    printf6.o(i.__0vprintf$6) refers to stdout.o(.data) for __stdout
    printf6.o(i.__0vsnprintf$6) refers to printf6.o(i._printf_core) for _printf_core
    printf6.o(i.__0vsnprintf$6) refers to printf6.o(i._snputc) for _snputc
    printf6.o(i.__0vsprintf$6) refers to printf6.o(i._printf_core) for _printf_core
    printf6.o(i.__0vsprintf$6) refers to printf6.o(i._sputc) for _sputc
    printf6.o(i._printf_core) refers to printf6.o(i._printf_pre_padding) for _printf_pre_padding
    printf6.o(i._printf_core) refers to uidiv.o(.text) for __aeabi_uidivmod
    printf6.o(i._printf_core) refers to printf6.o(i._printf_post_padding) for _printf_post_padding
    printf7.o(i.__0fprintf$7) refers to printf7.o(i._printf_core) for _printf_core
    printf7.o(i.__0fprintf$7) refers to fputc.o(i.fputc) for fputc
    printf7.o(i.__0printf$7) refers to printf7.o(i._printf_core) for _printf_core
    printf7.o(i.__0printf$7) refers to fputc.o(i.fputc) for fputc
    printf7.o(i.__0printf$7) refers to stdout.o(.data) for __stdout
    printf7.o(i.__0snprintf$7) refers to printf7.o(i._printf_core) for _printf_core
    printf7.o(i.__0snprintf$7) refers to printf7.o(i._snputc) for _snputc
    printf7.o(i.__0sprintf$7) refers to printf7.o(i._printf_core) for _printf_core
    printf7.o(i.__0sprintf$7) refers to printf7.o(i._sputc) for _sputc
    printf7.o(i.__0vfprintf$7) refers to printf7.o(i._printf_core) for _printf_core
    printf7.o(i.__0vfprintf$7) refers to fputc.o(i.fputc) for fputc
    printf7.o(i.__0vprintf$7) refers to printf7.o(i._printf_core) for _printf_core
    printf7.o(i.__0vprintf$7) refers to fputc.o(i.fputc) for fputc
    printf7.o(i.__0vprintf$7) refers to stdout.o(.data) for __stdout
    printf7.o(i.__0vsnprintf$7) refers to printf7.o(i._printf_core) for _printf_core
    printf7.o(i.__0vsnprintf$7) refers to printf7.o(i._snputc) for _snputc
    printf7.o(i.__0vsprintf$7) refers to printf7.o(i._printf_core) for _printf_core
    printf7.o(i.__0vsprintf$7) refers to printf7.o(i._sputc) for _sputc
    printf7.o(i._printf_core) refers to printf7.o(i._printf_pre_padding) for _printf_pre_padding
    printf7.o(i._printf_core) refers to uldiv.o(.text) for __aeabi_uldivmod
    printf7.o(i._printf_core) refers to printf7.o(i._printf_post_padding) for _printf_post_padding
    printf8.o(i.__0fprintf$8) refers to printf8.o(i._printf_core) for _printf_core
    printf8.o(i.__0fprintf$8) refers to fputc.o(i.fputc) for fputc
    printf8.o(i.__0printf$8) refers to printf8.o(i._printf_core) for _printf_core
    printf8.o(i.__0printf$8) refers to fputc.o(i.fputc) for fputc
    printf8.o(i.__0printf$8) refers to stdout.o(.data) for __stdout
    printf8.o(i.__0snprintf$8) refers to printf8.o(i._printf_core) for _printf_core
    printf8.o(i.__0snprintf$8) refers to printf8.o(i._snputc) for _snputc
    printf8.o(i.__0sprintf$8) refers to printf8.o(i._printf_core) for _printf_core
    printf8.o(i.__0sprintf$8) refers to printf8.o(i._sputc) for _sputc
    printf8.o(i.__0vfprintf$8) refers to printf8.o(i._printf_core) for _printf_core
    printf8.o(i.__0vfprintf$8) refers to fputc.o(i.fputc) for fputc
    printf8.o(i.__0vprintf$8) refers to printf8.o(i._printf_core) for _printf_core
    printf8.o(i.__0vprintf$8) refers to fputc.o(i.fputc) for fputc
    printf8.o(i.__0vprintf$8) refers to stdout.o(.data) for __stdout
    printf8.o(i.__0vsnprintf$8) refers to printf8.o(i._printf_core) for _printf_core
    printf8.o(i.__0vsnprintf$8) refers to printf8.o(i._snputc) for _snputc
    printf8.o(i.__0vsprintf$8) refers to printf8.o(i._printf_core) for _printf_core
    printf8.o(i.__0vsprintf$8) refers to printf8.o(i._sputc) for _sputc
    printf8.o(i._printf_core) refers to printf8.o(i._printf_pre_padding) for _printf_pre_padding
    printf8.o(i._printf_core) refers to uldiv.o(.text) for __aeabi_uldivmod
    printf8.o(i._printf_core) refers to printf8.o(i._printf_post_padding) for _printf_post_padding
    printfa.o(i.__0fprintf) refers (Special) to iusefp.o(.text) for __I$use$fp
    printfa.o(i.__0fprintf) refers to printfa.o(i._printf_core) for _printf_core
    printfa.o(i.__0fprintf) refers to fputc.o(i.fputc) for fputc
    printfa.o(i.__0printf) refers (Special) to iusefp.o(.text) for __I$use$fp
    printfa.o(i.__0printf) refers to printfa.o(i._printf_core) for _printf_core
    printfa.o(i.__0printf) refers to fputc.o(i.fputc) for fputc
    printfa.o(i.__0printf) refers to stdout.o(.data) for __stdout
    printfa.o(i.__0snprintf) refers (Special) to iusefp.o(.text) for __I$use$fp
    printfa.o(i.__0snprintf) refers to printfa.o(i._printf_core) for _printf_core
    printfa.o(i.__0snprintf) refers to printfa.o(i._snputc) for _snputc
    printfa.o(i.__0sprintf) refers (Special) to iusefp.o(.text) for __I$use$fp
    printfa.o(i.__0sprintf) refers to printfa.o(i._printf_core) for _printf_core
    printfa.o(i.__0sprintf) refers to printfa.o(i._sputc) for _sputc
    printfa.o(i.__0vfprintf) refers (Special) to iusefp.o(.text) for __I$use$fp
    printfa.o(i.__0vfprintf) refers to printfa.o(i._printf_core) for _printf_core
    printfa.o(i.__0vfprintf) refers to fputc.o(i.fputc) for fputc
    printfa.o(i.__0vprintf) refers (Special) to iusefp.o(.text) for __I$use$fp
    printfa.o(i.__0vprintf) refers to printfa.o(i._printf_core) for _printf_core
    printfa.o(i.__0vprintf) refers to fputc.o(i.fputc) for fputc
    printfa.o(i.__0vprintf) refers to stdout.o(.data) for __stdout
    printfa.o(i.__0vsnprintf) refers (Special) to iusefp.o(.text) for __I$use$fp
    printfa.o(i.__0vsnprintf) refers to printfa.o(i._printf_core) for _printf_core
    printfa.o(i.__0vsnprintf) refers to printfa.o(i._snputc) for _snputc
    printfa.o(i.__0vsprintf) refers (Special) to iusefp.o(.text) for __I$use$fp
    printfa.o(i.__0vsprintf) refers to printfa.o(i._printf_core) for _printf_core
    printfa.o(i.__0vsprintf) refers to printfa.o(i._sputc) for _sputc
    printfa.o(i._fp_digits) refers (Special) to iusefp.o(.text) for __I$use$fp
    printfa.o(i._fp_digits) refers to dmul.o(.text) for __aeabi_dmul
    printfa.o(i._fp_digits) refers to ddiv.o(.text) for __aeabi_ddiv
    printfa.o(i._fp_digits) refers to cdrcmple.o(.text) for __aeabi_cdrcmple
    printfa.o(i._fp_digits) refers to dadd.o(.text) for __aeabi_dadd
    printfa.o(i._fp_digits) refers to dfixul.o(.text) for __aeabi_d2ulz
    printfa.o(i._fp_digits) refers to uldiv.o(.text) for __aeabi_uldivmod
    printfa.o(i._printf_core) refers (Special) to iusefp.o(.text) for __I$use$fp
    printfa.o(i._printf_core) refers to printfa.o(i._printf_pre_padding) for _printf_pre_padding
    printfa.o(i._printf_core) refers to uldiv.o(.text) for __aeabi_uldivmod
    printfa.o(i._printf_core) refers to printfa.o(i._printf_post_padding) for _printf_post_padding
    printfa.o(i._printf_core) refers to printfa.o(i._fp_digits) for _fp_digits
    printfa.o(i._printf_core) refers to uidiv.o(.text) for __aeabi_uidivmod
    printfa.o(i._printf_post_padding) refers (Special) to iusefp.o(.text) for __I$use$fp
    printfa.o(i._printf_pre_padding) refers (Special) to iusefp.o(.text) for __I$use$fp
    printfa.o(i._snputc) refers (Special) to iusefp.o(.text) for __I$use$fp
    printfa.o(i._sputc) refers (Special) to iusefp.o(.text) for __I$use$fp
    entry2.o(.ARM.Collect$$$$00000001) refers to entry2.o(.ARM.Collect$$$$00002712) for __lit__00000000
    entry2.o(.ARM.Collect$$$$00002712) refers to arm_startup_nrf52.o(STACK) for __initial_sp
    entry2.o(__vectab_stack_and_reset_area) refers to arm_startup_nrf52.o(STACK) for __initial_sp
    entry2.o(__vectab_stack_and_reset_area) refers to entry.o(.ARM.Collect$$$$00000000) for __main
    entry5.o(.ARM.Collect$$$$00000004) refers to init.o(.text) for __scatterload
    entry9a.o(.ARM.Collect$$$$0000000B) refers to main.o(i.main) for main
    entry9b.o(.ARM.Collect$$$$0000000C) refers to main.o(i.main) for main
    fputc.o(i.fputc) refers (Special) to iusesemip.o(.text) for __I$use$semihosting$fputc
    fputc.o(i.fputc) refers (Special) to semi.o(.text) for __semihosting_library_function
    uldiv.o(.text) refers to llushr.o(.text) for __aeabi_llsr
    uldiv.o(.text) refers to llshl.o(.text) for __aeabi_llsl
    dadd.o(.text) refers to llshl.o(.text) for __aeabi_llsl
    dadd.o(.text) refers to llsshr.o(.text) for __aeabi_lasr
    dadd.o(.text) refers to depilogue.o(.text) for _double_epilogue
    dmul.o(.text) refers to depilogue.o(.text) for _double_epilogue
    ddiv.o(.text) refers to depilogue.o(.text) for _double_round
    dfixul.o(.text) refers to llushr.o(.text) for __aeabi_llsr
    dfixul.o(.text) refers to llshl.o(.text) for __aeabi_llsl
    init.o(.text) refers to entry5.o(.ARM.Collect$$$$00000004) for __main_after_scatterload
    depilogue.o(.text) refers to llshl.o(.text) for __aeabi_llsl
    depilogue.o(.text) refers to llushr.o(.text) for __aeabi_llsr

