Archive member included because of file (symbol)

c:/program files (x86)/gnu tools arm embedded/4.9 2015q3/bin/../lib/gcc/arm-none-eabi/4.9.3/../../../../arm-none-eabi/lib/armv7e-m/fpu\libc_nano.a(lib_a-exit.o)
                              c:/program files (x86)/gnu tools arm embedded/4.9 2015q3/bin/../lib/gcc/arm-none-eabi/4.9.3/../../../../arm-none-eabi/lib/armv7e-m/fpu/crt0.o (exit)
c:/program files (x86)/gnu tools arm embedded/4.9 2015q3/bin/../lib/gcc/arm-none-eabi/4.9.3/../../../../arm-none-eabi/lib/armv7e-m/fpu\libc_nano.a(lib_a-impure.o)
                              c:/program files (x86)/gnu tools arm embedded/4.9 2015q3/bin/../lib/gcc/arm-none-eabi/4.9.3/../../../../arm-none-eabi/lib/armv7e-m/fpu\libc_nano.a(lib_a-exit.o) (_global_impure_ptr)
c:/program files (x86)/gnu tools arm embedded/4.9 2015q3/bin/../lib/gcc/arm-none-eabi/4.9.3/../../../../arm-none-eabi/lib/armv7e-m/fpu\libc_nano.a(lib_a-init.o)
                              c:/program files (x86)/gnu tools arm embedded/4.9 2015q3/bin/../lib/gcc/arm-none-eabi/4.9.3/../../../../arm-none-eabi/lib/armv7e-m/fpu/crt0.o (__libc_init_array)
c:/program files (x86)/gnu tools arm embedded/4.9 2015q3/bin/../lib/gcc/arm-none-eabi/4.9.3/../../../../arm-none-eabi/lib/armv7e-m/fpu\libc_nano.a(lib_a-memset.o)
                              c:/program files (x86)/gnu tools arm embedded/4.9 2015q3/bin/../lib/gcc/arm-none-eabi/4.9.3/../../../../arm-none-eabi/lib/armv7e-m/fpu/crt0.o (memset)
c:/program files (x86)/gnu tools arm embedded/4.9 2015q3/bin/../lib/gcc/arm-none-eabi/4.9.3/../../../../arm-none-eabi/lib/armv7e-m/fpu\libnosys.a(_exit.o)
                              c:/program files (x86)/gnu tools arm embedded/4.9 2015q3/bin/../lib/gcc/arm-none-eabi/4.9.3/../../../../arm-none-eabi/lib/armv7e-m/fpu\libc_nano.a(lib_a-exit.o) (_exit)
c:/program files (x86)/gnu tools arm embedded/4.9 2015q3/bin/../lib/gcc/arm-none-eabi/4.9.3/../../../../arm-none-eabi/lib/armv7e-m/fpu\libc_nano.a(lib_a-ctype_.o)
                              _build/nrf52832_xxaa_nrf_log_backend_serial.c.o (__ctype_ptr__)
c:/program files (x86)/gnu tools arm embedded/4.9 2015q3/bin/../lib/gcc/arm-none-eabi/4.9.3/../../../../arm-none-eabi/lib/armv7e-m/fpu\libc_nano.a(lib_a-memcpy.o)
                              _build/nrf52832_xxaa_nrf_log_backend_serial.c.o (memcpy)
c:/program files (x86)/gnu tools arm embedded/4.9 2015q3/bin/../lib/gcc/arm-none-eabi/4.9.3/../../../../arm-none-eabi/lib/armv7e-m/fpu\libc_nano.a(lib_a-snprintf.o)
                              _build/nrf52832_xxaa_nrf_log_backend_serial.c.o (snprintf)
c:/program files (x86)/gnu tools arm embedded/4.9 2015q3/bin/../lib/gcc/arm-none-eabi/4.9.3/../../../../arm-none-eabi/lib/armv7e-m/fpu\libc_nano.a(lib_a-strcpy.o)
                              _build/nrf52832_xxaa_SEGGER_RTT.c.o (strcpy)
c:/program files (x86)/gnu tools arm embedded/4.9 2015q3/bin/../lib/gcc/arm-none-eabi/4.9.3/../../../../arm-none-eabi/lib/armv7e-m/fpu\libc_nano.a(lib_a-strlen.o)
                              _build/nrf52832_xxaa_nrf_log_backend_serial.c.o (strlen)
c:/program files (x86)/gnu tools arm embedded/4.9 2015q3/bin/../lib/gcc/arm-none-eabi/4.9.3/../../../../arm-none-eabi/lib/armv7e-m/fpu\libc_nano.a(lib_a-nano-svfprintf.o)
                              c:/program files (x86)/gnu tools arm embedded/4.9 2015q3/bin/../lib/gcc/arm-none-eabi/4.9.3/../../../../arm-none-eabi/lib/armv7e-m/fpu\libc_nano.a(lib_a-snprintf.o) (_svfprintf_r)
c:/program files (x86)/gnu tools arm embedded/4.9 2015q3/bin/../lib/gcc/arm-none-eabi/4.9.3/../../../../arm-none-eabi/lib/armv7e-m/fpu\libc_nano.a(lib_a-nano-vfprintf_i.o)
                              c:/program files (x86)/gnu tools arm embedded/4.9 2015q3/bin/../lib/gcc/arm-none-eabi/4.9.3/../../../../arm-none-eabi/lib/armv7e-m/fpu\libc_nano.a(lib_a-nano-svfprintf.o) (_printf_i)
c:/program files (x86)/gnu tools arm embedded/4.9 2015q3/bin/../lib/gcc/arm-none-eabi/4.9.3/../../../../arm-none-eabi/lib/armv7e-m/fpu\libc_nano.a(lib_a-memchr.o)
                              c:/program files (x86)/gnu tools arm embedded/4.9 2015q3/bin/../lib/gcc/arm-none-eabi/4.9.3/../../../../arm-none-eabi/lib/armv7e-m/fpu\libc_nano.a(lib_a-nano-svfprintf.o) (memchr)
c:/program files (x86)/gnu tools arm embedded/4.9 2015q3/bin/../lib/gcc/arm-none-eabi/4.9.3/../../../../arm-none-eabi/lib/armv7e-m/fpu\libc_nano.a(lib_a-memmove.o)
                              c:/program files (x86)/gnu tools arm embedded/4.9 2015q3/bin/../lib/gcc/arm-none-eabi/4.9.3/../../../../arm-none-eabi/lib/armv7e-m/fpu\libc_nano.a(lib_a-nano-svfprintf.o) (memmove)
c:/program files (x86)/gnu tools arm embedded/4.9 2015q3/bin/../lib/gcc/arm-none-eabi/4.9.3/../../../../arm-none-eabi/lib/armv7e-m/fpu\libc_nano.a(lib_a-nano-freer.o)
                              c:/program files (x86)/gnu tools arm embedded/4.9 2015q3/bin/../lib/gcc/arm-none-eabi/4.9.3/../../../../arm-none-eabi/lib/armv7e-m/fpu\libc_nano.a(lib_a-nano-svfprintf.o) (_free_r)
[...]
Memory Configuration

Name             Origin             Length             Attributes
FLASH            0x0001f000         0x00061000         xr
RAM              0x20001fe8         0x0000e018         xrw
*default*        0x00000000         0xffffffff

Linker script and memory map


.text           0x0001f000     0x7ce4
 *(.isr_vector)
 .isr_vector    0x0001f000      0x400 _build/nrf52832_xxaa_gcc_startup_nrf52.S.o
                0x0001f000                __isr_vector
 *(.text*)
 .text          0x0001f400       0x5c c:/program files (x86)/gnu tools arm embedded/4.9 2015q3/bin/../lib/gcc/arm-none-eabi/4.9.3/armv7e-m/fpu/crtbegin.o
 .text          0x0001f45c       0x74 c:/program files (x86)/gnu tools arm embedded/4.9 2015q3/bin/../lib/gcc/arm-none-eabi/4.9.3/../../../../arm-none-eabi/lib/armv7e-m/fpu/crt0.o
                0x0001f45c                _start
                0x0001f45c                _mainCRTStartup
 .text.exit     0x0001f4d0       0x28 c:/program files (x86)/gnu tools arm embedded/4.9 2015q3/bin/../lib/gcc/arm-none-eabi/4.9.3/../../../../arm-none-eabi/lib/armv7e-m/fpu\libc_nano.a(lib_a-exit.o)
                0x0001f4d0                exit
 .text.__libc_init_array
                0x0001f4f8       0x4c c:/program files (x86)/gnu tools arm embedded/4.9 2015q3/bin/../lib/gcc/arm-none-eabi/4.9.3/../../../../arm-none-eabi/lib/armv7e-m/fpu\libc_nano.a(lib_a-init.o)
                0x0001f4f8                __libc_init_array
 .text.memset   0x0001f544       0x10 c:/program files (x86)/gnu tools arm embedded/4.9 2015q3/bin/../lib/gcc/arm-none-eabi/4.9.3/../../../../arm-none-eabi/lib/armv7e-m/fpu\libc_nano.a(lib_a-memset.o)
                0x0001f544                memset
 .text._exit    0x0001f554        0x4 c:/program files (x86)/gnu tools arm embedded/4.9 2015q3/bin/../lib/gcc/arm-none-eabi/4.9.3/../../../../arm-none-eabi/lib/armv7e-m/fpu\libnosys.a(_exit.o)
                0x0001f554                _exit
 .text.uart_event_handler
                0x0001f558       0x10 _build/nrf52832_xxaa_nrf_log_backend_serial.c.o
 .text.nrf_log_backend_serial_std_handler
                0x0001f568      0x19c _build/nrf52832_xxaa_nrf_log_backend_serial.c.o
 .text.nrf_log_backend_serial_hexdump_handler
                0x0001f704      0x288 _build/nrf52832_xxaa_nrf_log_backend_serial.c.o
 .text.nrf_log_backend_init
                0x0001f98c       0x88 _build/nrf52832_xxaa_nrf_log_backend_serial.c.o
                0x0001f98c                nrf_log_backend_init
 .text.nrf_log_backend_std_handler_get
                0x0001fa14        0x8 _build/nrf52832_xxaa_nrf_log_backend_serial.c.o
                0x0001fa14                nrf_log_backend_std_handler_get
 .text.nrf_log_backend_hexdump_handler_get
                0x0001fa1c        0x8 _build/nrf52832_xxaa_nrf_log_backend_serial.c.o
                0x0001fa1c                nrf_log_backend_hexdump_handler_get
 .text.nrf_log_init
                0x0001fa24       0x30 _build/nrf52832_xxaa_nrf_log_frontend.c.o
                0x0001fa24                nrf_log_init
 .text.nrf_log_blocking_backend_set
                0x0001fa54        0x8 _build/nrf52832_xxaa_nrf_log_frontend.c.o
                0x0001fa54                nrf_log_blocking_backend_set
 .text.nrf_log_frontend_std_0
                0x0001fa5c       0xb0 _build/nrf52832_xxaa_nrf_log_frontend.c.o
                0x0001fa5c                nrf_log_frontend_std_0
 .text.nrf_log_frontend_std_1
                0x0001fb0c       0xcc _build/nrf52832_xxaa_nrf_log_frontend.c.o
                0x0001fb0c                nrf_log_frontend_std_1
 .text.nrf_log_frontend_std_2
                0x0001fbd8       0xcc _build/nrf52832_xxaa_nrf_log_frontend.c.o
                0x0001fbd8                nrf_log_frontend_std_2
 .text.nrf_log_frontend_std_6
                0x0001fca4      0x100 _build/nrf52832_xxaa_nrf_log_frontend.c.o
                0x0001fca4                nrf_log_frontend_std_6
 .text.nrf_log_frontend_dequeue
                0x0001fda4      0x13c _build/nrf52832_xxaa_nrf_log_frontend.c.o
                0x0001fda4                nrf_log_frontend_dequeue
 .text.detection_delay_timeout_handler
                0x0001fee0       0xa4 _build/nrf52832_xxaa_app_button.c.o
 .text.gpiote_event_handler
                0x0001ff84       0x5c _build/nrf52832_xxaa_app_button.c.o
 .text.app_button_init
                0x0001ffe0       0xb0 _build/nrf52832_xxaa_app_button.c.o
                0x0001ffe0                app_button_init
 .text.app_button_enable
                0x00020090       0x2c _build/nrf52832_xxaa_app_button.c.o
                0x00020090                app_button_enable
 .text.app_error_handler_bare
                0x000200bc       0x20 _build/nrf52832_xxaa_app_error.c.o
                0x000200bc                app_error_handler_bare
 .text.app_error_fault_handler
                0x000200dc       0x4c _build/nrf52832_xxaa_app_error_weak.c.o
                0x000200dc                app_error_fault_handler
 .text.app_timer_callback
                0x00020128       0x18 _build/nrf52832_xxaa_app_timer_freertos.c.o
 .text.app_timer_init
                0x00020140       0x10 _build/nrf52832_xxaa_app_timer_freertos.c.o
                0x00020140                app_timer_init
 .text.app_timer_create
                0x00020150       0x58 _build/nrf52832_xxaa_app_timer_freertos.c.o
                0x00020150                app_timer_create
 .text.app_timer_start
                0x000201a8       0xe4 _build/nrf52832_xxaa_app_timer_freertos.c.o
                0x000201a8                app_timer_start
 .text.app_timer_stop
                0x0002028c       0x60 _build/nrf52832_xxaa_app_timer_freertos.c.o
                0x0002028c                app_timer_stop
 .text.app_util_critical_region_enter
                0x000202ec       0x50 _build/nrf52832_xxaa_app_util_platform.c.o
                0x000202ec                app_util_critical_region_enter
 .text.app_util_critical_region_exit
                0x0002033c       0x30 _build/nrf52832_xxaa_app_util_platform.c.o
                0x0002033c                app_util_critical_region_exit
 .text.uart_event_handler
                0x0002036c       0xc8 _build/nrf52832_xxaa_app_uart_fifo.c.o
 .text.app_uart_init
                0x00020434       0xec _build/nrf52832_xxaa_app_uart_fifo.c.o
                0x00020434                app_uart_init
 .text.app_uart_put
                0x00020520       0x44 _build/nrf52832_xxaa_app_uart_fifo.c.o
                0x00020520                app_uart_put
 .text.app_fifo_init
                0x00020564       0x20 _build/nrf52832_xxaa_app_fifo.c.o
                0x00020564                app_fifo_init
 .text.app_fifo_put
                0x00020584       0x30 _build/nrf52832_xxaa_app_fifo.c.o
                0x00020584                app_fifo_put
 .text.app_fifo_get
                0x000205b4       0x2c _build/nrf52832_xxaa_app_fifo.c.o
                0x000205b4                app_fifo_get
 .text.pvPortMalloc
                0x000205e0       0x58 _build/nrf52832_xxaa_heap_1.c.o
                0x000205e0                pvPortMalloc
 .text.vPortFree
                0x00020638        0x4 _build/nrf52832_xxaa_heap_1.c.o
                0x00020638                vPortFree
 .text.xPortGetFreeHeapSize
                0x0002063c       0x10 _build/nrf52832_xxaa_heap_1.c.o
                0x0002063c                xPortGetFreeHeapSize
 .text.vListInitialise
                0x0002064c       0x18 _build/nrf52832_xxaa_list.c.o
                0x0002064c                vListInitialise
 .text.vListInitialiseItem
                0x00020664        0x8 _build/nrf52832_xxaa_list.c.o
                0x00020664                vListInitialiseItem
 .text.vListInsertEnd
                0x0002066c       0x18 _build/nrf52832_xxaa_list.c.o
                0x0002066c                vListInsertEnd
 .text.vListInsert
                0x00020684       0x34 _build/nrf52832_xxaa_list.c.o
                0x00020684                vListInsert
 .text.uxListRemove
                0x000206b8       0x24 _build/nrf52832_xxaa_list.c.o
                0x000206b8                uxListRemove
 .text.vPortStartFirstTask
                0x000206dc       0x24 _build/nrf52832_xxaa_port.c.o
                0x000206dc                vPortStartFirstTask
 .text.SVC_Handler
                0x00020700       0x20 _build/nrf52832_xxaa_port.c.o
                0x00020700                SVC_Handler
 .text.PendSV_Handler
                0x00020720       0x60 _build/nrf52832_xxaa_port.c.o
                0x00020720                PendSV_Handler
 .text.prvTaskExitError
                0x00020780        0x8 _build/nrf52832_xxaa_port_cmsis.c.o
 .text.pxPortInitialiseStack
                0x00020788       0x2c _build/nrf52832_xxaa_port_cmsis.c.o
                0x00020788                pxPortInitialiseStack
 .text.xPortStartScheduler
                0x000207b4       0x4c _build/nrf52832_xxaa_port_cmsis.c.o
                0x000207b4                xPortStartScheduler
 .text.vPortEnterCritical
                0x00020800       0x14 _build/nrf52832_xxaa_port_cmsis.c.o
                0x00020800                vPortEnterCritical
 .text.vPortExitCritical
                0x00020814       0x14 _build/nrf52832_xxaa_port_cmsis.c.o
                0x00020814                vPortExitCritical
 .text.RTC1_IRQHandler
                0x00020828       0x4c _build/nrf52832_xxaa_port_cmsis_systick.c.o
                0x00020828                RTC1_IRQHandler
 .text.vPortSetupTimerInterrupt
                0x00020874       0x38 _build/nrf52832_xxaa_port_cmsis_systick.c.o
                0x00020874                vPortSetupTimerInterrupt
 .text.vPortSuppressTicksAndSleep
                0x000208ac      0x120 _build/nrf52832_xxaa_port_cmsis_systick.c.o
                0x000208ac                vPortSuppressTicksAndSleep
 .text.xQueueGenericCreate
                0x000209cc       0x70 _build/nrf52832_xxaa_queue.c.o
                0x000209cc                xQueueGenericCreate
 .text.xQueueGenericSend
                0x00020a3c      0x320 _build/nrf52832_xxaa_queue.c.o
                0x00020a3c                xQueueGenericSend
 .text.xQueueCreateMutex
                0x00020d5c       0x44 _build/nrf52832_xxaa_queue.c.o
                0x00020d5c                xQueueCreateMutex
 .text.xQueueGenericSendFromISR
                0x00020da0       0xd8 _build/nrf52832_xxaa_queue.c.o
                0x00020da0                xQueueGenericSendFromISR
 .text.xQueueGiveFromISR
                0x00020e78       0x54 _build/nrf52832_xxaa_queue.c.o
                0x00020e78                xQueueGiveFromISR
 .text.xQueueGenericReceive
                0x00020ecc      0x2d4 _build/nrf52832_xxaa_queue.c.o
                0x00020ecc                xQueueGenericReceive
 .text.vQueueAddToRegistry
                0x000211a0       0x24 _build/nrf52832_xxaa_queue.c.o
                0x000211a0                vQueueAddToRegistry
 .text.vQueueWaitForMessageRestricted
                0x000211c4       0xb0 _build/nrf52832_xxaa_queue.c.o
                0x000211c4                vQueueWaitForMessageRestricted
 .text.xTaskGenericCreate
                0x00021274      0x1ec _build/nrf52832_xxaa_tasks.c.o
                0x00021274                xTaskGenericCreate
 .text.vTaskSuspend
                0x00021460      0x128 _build/nrf52832_xxaa_tasks.c.o
                0x00021460                vTaskSuspend
 .text.vTaskResume
                0x00021588       0x98 _build/nrf52832_xxaa_tasks.c.o
                0x00021588                vTaskResume
 .text.vTaskStartScheduler
                0x00021620      0x1a4 _build/nrf52832_xxaa_tasks.c.o
                0x00021620                vTaskStartScheduler
 .text.vTaskSuspendAll
                0x000217c4       0x10 _build/nrf52832_xxaa_tasks.c.o
                0x000217c4                vTaskSuspendAll
 .text.xTaskGetTickCount
                0x000217d4        0xc _build/nrf52832_xxaa_tasks.c.o
                0x000217d4                xTaskGetTickCount
 .text.xTaskGetTickCountFromISR
                0x000217e0        0xc _build/nrf52832_xxaa_tasks.c.o
                0x000217e0                xTaskGetTickCountFromISR
 .text.vTaskStepTick
                0x000217ec       0x10 _build/nrf52832_xxaa_tasks.c.o
                0x000217ec                vTaskStepTick
 .text.xTaskIncrementTick
                0x000217fc      0x11c _build/nrf52832_xxaa_tasks.c.o
                0x000217fc                xTaskIncrementTick
 .text.xTaskResumeAll
                0x00021918       0xf4 _build/nrf52832_xxaa_tasks.c.o
                0x00021918                xTaskResumeAll
 .text.prvIdleTask
                0x00021a0c       0xec _build/nrf52832_xxaa_tasks.c.o
 .text.vTaskSwitchContext
                0x00021af8       0x58 _build/nrf52832_xxaa_tasks.c.o
                0x00021af8                vTaskSwitchContext
 .text.vTaskPlaceOnEventList
                0x00021b50       0x94 _build/nrf52832_xxaa_tasks.c.o
                0x00021b50                vTaskPlaceOnEventList
 .text.vTaskPlaceOnEventListRestricted
                0x00021be4       0x80 _build/nrf52832_xxaa_tasks.c.o
                0x00021be4                vTaskPlaceOnEventListRestricted
 .text.xTaskRemoveFromEventList
                0x00021c64       0x9c _build/nrf52832_xxaa_tasks.c.o
                0x00021c64                xTaskRemoveFromEventList
 .text.vTaskSetTimeOutState
                0x00021d00       0x18 _build/nrf52832_xxaa_tasks.c.o
                0x00021d00                vTaskSetTimeOutState
 .text.xTaskCheckForTimeOut
                0x00021d18       0x60 _build/nrf52832_xxaa_tasks.c.o
                0x00021d18                xTaskCheckForTimeOut
 .text.vTaskMissedYield
                0x00021d78        0xc _build/nrf52832_xxaa_tasks.c.o
                0x00021d78                vTaskMissedYield
 .text.eTaskConfirmSleepModeStatus
                0x00021d84       0x20 _build/nrf52832_xxaa_tasks.c.o
                0x00021d84                eTaskConfirmSleepModeStatus
 .text.xTaskGetSchedulerState
                0x00021da4       0x20 _build/nrf52832_xxaa_tasks.c.o
                0x00021da4                xTaskGetSchedulerState
 .text.vTaskPriorityInherit
                0x00021dc4       0x9c _build/nrf52832_xxaa_tasks.c.o
                0x00021dc4                vTaskPriorityInherit
 .text.xTaskPriorityDisinherit
                0x00021e60       0x84 _build/nrf52832_xxaa_tasks.c.o
                0x00021e60                xTaskPriorityDisinherit
 .text.pvTaskIncrementMutexHeldCount
                0x00021ee4       0x18 _build/nrf52832_xxaa_tasks.c.o
                0x00021ee4                pvTaskIncrementMutexHeldCount
 .text.xTimerCreateTimerTask
                0x00021efc       0x88 _build/nrf52832_xxaa_timers.c.o
                0x00021efc                xTimerCreateTimerTask
 .text.xTimerCreate
                0x00021f84       0xa8 _build/nrf52832_xxaa_timers.c.o
                0x00021f84                xTimerCreate
 .text.xTimerGenericCommand
                0x0002202c       0x58 _build/nrf52832_xxaa_timers.c.o
                0x0002202c                xTimerGenericCommand
 .text.prvTimerTask
                0x00022084      0x2c8 _build/nrf52832_xxaa_timers.c.o
 .text.xTimerIsTimerActive
                0x0002234c       0x18 _build/nrf52832_xxaa_timers.c.o
                0x0002234c                xTimerIsTimerActive
 .text.pvTimerGetTimerID
                0x00022364       0x14 _build/nrf52832_xxaa_timers.c.o
                0x00022364                pvTimerGetTimerID
 .text.bsp_board_led_state_get
                0x00022378       0x1c _build/nrf52832_xxaa_boards.c.o
                0x00022378                bsp_board_led_state_get
 .text.bsp_board_led_on
                0x00022394       0x18 _build/nrf52832_xxaa_boards.c.o
                0x00022394                bsp_board_led_on
 .text.bsp_board_led_off
                0x000223ac       0x18 _build/nrf52832_xxaa_boards.c.o
                0x000223ac                bsp_board_led_off
 .text.bsp_board_leds_off
                0x000223c4       0x2c _build/nrf52832_xxaa_boards.c.o
                0x000223c4                bsp_board_leds_off
 .text.bsp_board_leds_on
                0x000223f0       0x2c _build/nrf52832_xxaa_boards.c.o
                0x000223f0                bsp_board_leds_on
 .text.bsp_board_led_invert
                0x0002241c       0x24 _build/nrf52832_xxaa_boards.c.o
                0x0002241c                bsp_board_led_invert
 .text.bsp_board_leds_init
                0x00022440       0x3c _build/nrf52832_xxaa_boards.c.o
                0x00022440                bsp_board_leds_init
 .text.bsp_board_button_state_get
                0x0002247c       0x1c _build/nrf52832_xxaa_boards.c.o
                0x0002247c                bsp_board_button_state_get
 .text.bsp_board_pin_to_button_idx
                0x00022498       0x24 _build/nrf52832_xxaa_boards.c.o
                0x00022498                bsp_board_pin_to_button_idx
 .text.bsp_board_button_idx_to_pin
                0x000224bc        0xc _build/nrf52832_xxaa_boards.c.o
                0x000224bc                bsp_board_button_idx_to_pin
 .text.nrf_drv_clock_init
                0x000224c8       0x44 _build/nrf52832_xxaa_nrf_drv_clock.c.o
                0x000224c8                nrf_drv_clock_init
 .text.nrf_drv_clock_lfclk_request
                0x0002250c       0x98 _build/nrf52832_xxaa_nrf_drv_clock.c.o
                0x0002250c                nrf_drv_clock_lfclk_request
 .text.POWER_CLOCK_IRQHandler
                0x000225a4       0x84 _build/nrf52832_xxaa_nrf_drv_clock.c.o
                0x000225a4                POWER_CLOCK_IRQHandler
 .text.nrf_drv_clock_on_soc_event
                0x00022628       0x24 _build/nrf52832_xxaa_nrf_drv_clock.c.o
                0x00022628                nrf_drv_clock_on_soc_event
 .text.nrf_drv_clock_on_sd_enable
                0x0002264c       0x64 _build/nrf52832_xxaa_nrf_drv_clock.c.o
                0x0002264c                nrf_drv_clock_on_sd_enable
 .text.nrf_drv_common_irq_enable
                0x000226b0       0x50 _build/nrf52832_xxaa_nrf_drv_common.c.o
                0x000226b0                nrf_drv_common_irq_enable
 .text.nrf_drv_gpiote_init
                0x00022700       0x84 _build/nrf52832_xxaa_nrf_drv_gpiote.c.o
                0x00022700                nrf_drv_gpiote_init
 .text.nrf_drv_gpiote_is_init
                0x00022784       0x14 _build/nrf52832_xxaa_nrf_drv_gpiote.c.o
                0x00022784                nrf_drv_gpiote_is_init
 .text.nrf_drv_gpiote_in_init
                0x00022798      0x194 _build/nrf52832_xxaa_nrf_drv_gpiote.c.o
                0x00022798                nrf_drv_gpiote_in_init
 .text.nrf_drv_gpiote_in_event_enable
                0x0002292c       0xc4 _build/nrf52832_xxaa_nrf_drv_gpiote.c.o
                0x0002292c                nrf_drv_gpiote_in_event_enable
 .text.nrf_drv_gpiote_in_is_set
                0x000229f0       0x14 _build/nrf52832_xxaa_nrf_drv_gpiote.c.o
                0x000229f0                nrf_drv_gpiote_in_is_set
 .text.GPIOTE_IRQHandler
                0x00022a04      0x2c8 _build/nrf52832_xxaa_nrf_drv_gpiote.c.o
                0x00022a04                GPIOTE_IRQHandler
 .text.nrf_drv_uart_init
                0x00022ccc      0x1dc _build/nrf52832_xxaa_nrf_drv_uart.c.o
                0x00022ccc                nrf_drv_uart_init
 .text.nrf_drv_uart_uninit
                0x00022ea8      0x10c _build/nrf52832_xxaa_nrf_drv_uart.c.o
                0x00022ea8                nrf_drv_uart_uninit
 .text.nrf_drv_uart_tx
                0x00022fb4      0x174 _build/nrf52832_xxaa_nrf_drv_uart.c.o
                0x00022fb4                nrf_drv_uart_tx
 .text.nrf_drv_uart_tx_in_progress
                0x00023128       0x18 _build/nrf52832_xxaa_nrf_drv_uart.c.o
                0x00023128                nrf_drv_uart_tx_in_progress
 .text.nrf_drv_uart_rx
                0x00023140      0x254 _build/nrf52832_xxaa_nrf_drv_uart.c.o
                0x00023140                nrf_drv_uart_rx
 .text.nrf_drv_uart_rx_enable
                0x00023394       0x4c _build/nrf52832_xxaa_nrf_drv_uart.c.o
                0x00023394                nrf_drv_uart_rx_enable
 .text.UARTE0_UART0_IRQHandler
                0x000233e0      0x2fc _build/nrf52832_xxaa_nrf_drv_uart.c.o
                0x000233e0                UARTE0_UART0_IRQHandler
 .text.alert_timer_handler
                0x000236dc        0x8 _build/nrf52832_xxaa_bsp.c.o
 .text.bsp_button_event_handler
                0x000236e4       0xb0 _build/nrf52832_xxaa_bsp.c.o
 .text.leds_timer_handler
                0x00023794      0x21c _build/nrf52832_xxaa_bsp.c.o
 .text.button_timer_handler
                0x000239b0       0x30 _build/nrf52832_xxaa_bsp.c.o
 .text.bsp_button_is_pressed
                0x000239e0        0x4 _build/nrf52832_xxaa_bsp.c.o
                0x000239e0                bsp_button_is_pressed
 .text.bsp_indication_set
                0x000239e4      0x278 _build/nrf52832_xxaa_bsp.c.o
                0x000239e4                bsp_indication_set
 .text.bsp_init
                0x00023c5c       0xb8 _build/nrf52832_xxaa_bsp.c.o
                0x00023c5c                bsp_init
 .text.bsp_event_to_button_action_assign
                0x00023d14       0x50 _build/nrf52832_xxaa_bsp.c.o
                0x00023d14                bsp_event_to_button_action_assign
 .text.bsp_wakeup_button_enable
                0x00023d64       0x28 _build/nrf52832_xxaa_bsp.c.o
                0x00023d64                bsp_wakeup_button_enable
 .text.bsp_btn_ble_sleep_mode_prepare
                0x00023d8c       0x24 _build/nrf52832_xxaa_bsp_btn_ble.c.o
                0x00023d8c                bsp_btn_ble_sleep_mode_prepare
 .text.bsp_btn_ble_on_ble_evt
                0x00023db0       0xb0 _build/nrf52832_xxaa_bsp_btn_ble.c.o
                0x00023db0                bsp_btn_ble_on_ble_evt
 .text.bsp_btn_ble_init
                0x00023e60       0x74 _build/nrf52832_xxaa_bsp_btn_ble.c.o
                0x00023e60                bsp_btn_ble_init
 .text.sd_power_system_off
                0x00023ed4        0x4 _build/nrf52832_xxaa_main.c.o
 .text.sd_ble_gap_conn_param_update
                0x00023ed8        0x4 _build/nrf52832_xxaa_main.c.o
 .text.sd_ble_gap_disconnect
                0x00023edc        0x4 _build/nrf52832_xxaa_main.c.o
 .text.sd_ble_gap_sec_params_reply
                0x00023ee0        0x4 _build/nrf52832_xxaa_main.c.o
 .text.sd_ble_gap_scan_start
                0x00023ee4        0x4 _build/nrf52832_xxaa_main.c.o
 .text.sd_ble_gap_connect
                0x00023ee8        0x4 _build/nrf52832_xxaa_main.c.o
 .text.sd_ble_gatts_exchange_mtu_reply
                0x00023eec        0x4 _build/nrf52832_xxaa_main.c.o
 .text.sd_ble_uuid_decode
                0x00023ef0        0x4 _build/nrf52832_xxaa_main.c.o
 .text.uart_event_handle
                0x00023ef4       0x14 _build/nrf52832_xxaa_main.c.o
                0x00023ef4                uart_event_handle
 .text.logger_thread
                0x00023f08       0x24 _build/nrf52832_xxaa_main.c.o
 .text.uart_stack_thread
                0x00023f2c        0xc _build/nrf52832_xxaa_main.c.o
 .text.db_disc_handler
                0x00023f38        0xc _build/nrf52832_xxaa_main.c.o
 .text.ble_stack_thread
                0x00023f44      0x164 _build/nrf52832_xxaa_main.c.o
 .text.bsp_event_handler
                0x000240a8       0x48 _build/nrf52832_xxaa_main.c.o
                0x000240a8                bsp_event_handler
 .text.ble_new_event_handler
                0x000240f0       0x3c _build/nrf52832_xxaa_main.c.o
 .text.ble_nus_c_evt_handler
                0x0002412c       0xb8 _build/nrf52832_xxaa_main.c.o
 .text.ble_evt_dispatch
                0x000241e4      0x22c _build/nrf52832_xxaa_main.c.o
 .text.vApplicationIdleHook
                0x00024410        0xc _build/nrf52832_xxaa_main.c.o
                0x00024410                vApplicationIdleHook
 .text.startup.main
                0x0002441c      0x114 _build/nrf52832_xxaa_main.c.o
                0x0002441c                main
 .text.SEGGER_RTT_WriteNoLock
                0x00024530      0x190 _build/nrf52832_xxaa_SEGGER_RTT.c.o
                0x00024530                SEGGER_RTT_WriteNoLock
 .text.SEGGER_RTT_Init
                0x000246c0       0x68 _build/nrf52832_xxaa_SEGGER_RTT.c.o
                0x000246c0                SEGGER_RTT_Init
 .text          0x00024728       0x3c _build/nrf52832_xxaa_gcc_startup_nrf52.S.o
                0x00024728                Reset_Handler
                0x00024750                NMI_Handler
                0x00024752                HardFault_Handler
                0x00024754                MemoryManagement_Handler
                0x00024756                BusFault_Handler
                0x00024758                UsageFault_Handler
                0x0002475c                DebugMon_Handler
                0x00024760                SysTick_Handler
                0x00024762                RADIO_IRQHandler
                0x00024762                PDM_IRQHandler
                0x00024762                TEMP_IRQHandler
                0x00024762                QDEC_IRQHandler
                0x00024762                PWM1_IRQHandler
                0x00024762                FPU_IRQHandler
                0x00024762                SPIM0_SPIS0_TWIM0_TWIS0_SPI0_TWI0_IRQHandler
                0x00024762                RTC0_IRQHandler
                0x00024762                TIMER4_IRQHandler
                0x00024762                I2S_IRQHandler
                0x00024762                SWI4_EGU4_IRQHandler
                0x00024762                TIMER0_IRQHandler
                0x00024762                TIMER3_IRQHandler
                0x00024762                TIMER1_IRQHandler
                0x00024762                PWM2_IRQHandler
                0x00024762                ECB_IRQHandler
                0x00024762                SPIM1_SPIS1_TWIM1_TWIS1_SPI1_TWI1_IRQHandler
                0x00024762                Default_Handler
                0x00024762                SAADC_IRQHandler
                0x00024762                CCM_AAR_IRQHandler
                0x00024762                WDT_IRQHandler
                0x00024762                SWI5_EGU5_IRQHandler
                0x00024762                RNG_IRQHandler
                0x00024762                RTC2_IRQHandler
                0x00024762                PWM0_IRQHandler
                0x00024762                SWI3_EGU3_IRQHandler
                0x00024762                SWI1_EGU1_IRQHandler
                0x00024762                SPIM2_SPIS2_SPI2_IRQHandler
                0x00024762                NFCT_IRQHandler
                0x00024762                SWI0_EGU0_IRQHandler
                0x00024762                MWU_IRQHandler
                0x00024762                TIMER2_IRQHandler
                0x00024762                COMP_LPCOMP_IRQHandler
 .text.SystemInit
                0x00024764      0x2e8 _build/nrf52832_xxaa_system_nrf52.c.o
                0x00024764                SystemInit
 .text.sd_ble_gattc_primary_services_discover
                0x00024a4c        0x4 _build/nrf52832_xxaa_ble_db_discovery.c.o
 .text.sd_ble_gattc_characteristics_discover
                0x00024a50        0x4 _build/nrf52832_xxaa_ble_db_discovery.c.o
 .text.sd_ble_gattc_descriptors_discover
                0x00024a54        0x4 _build/nrf52832_xxaa_ble_db_discovery.c.o
 .text.descriptors_discover
                0x00024a58       0xc8 _build/nrf52832_xxaa_ble_db_discovery.c.o
 .text.on_srv_disc_completion
                0x00024b20      0x15c _build/nrf52832_xxaa_ble_db_discovery.c.o
 .text.ble_db_discovery_init
                0x00024c7c       0x34 _build/nrf52832_xxaa_ble_db_discovery.c.o
                0x00024c7c                ble_db_discovery_init
 .text.ble_db_discovery_evt_register
                0x00024cb0       0xd0 _build/nrf52832_xxaa_ble_db_discovery.c.o
                0x00024cb0                ble_db_discovery_evt_register
 .text.ble_db_discovery_start
                0x00024d80       0x78 _build/nrf52832_xxaa_ble_db_discovery.c.o
                0x00024d80                ble_db_discovery_start
 .text.ble_db_discovery_on_ble_evt
                0x00024df8      0xc44 _build/nrf52832_xxaa_ble_db_discovery.c.o
                0x00024df8                ble_db_discovery_on_ble_evt
 .text.sd_ble_gattc_write
                0x00025a3c        0x4 _build/nrf52832_xxaa_ble_nus_c.c.o
 .text.sd_ble_uuid_vs_add
                0x00025a40        0x4 _build/nrf52832_xxaa_ble_nus_c.c.o
 .text.ble_nus_c_on_db_disc_evt
                0x00025a44       0x84 _build/nrf52832_xxaa_ble_nus_c.c.o
                0x00025a44                ble_nus_c_on_db_disc_evt
 .text.ble_nus_c_init
                0x00025ac8       0x54 _build/nrf52832_xxaa_ble_nus_c.c.o
                0x00025ac8                ble_nus_c_init
 .text.ble_nus_c_on_ble_evt
                0x00025b1c       0x7c _build/nrf52832_xxaa_ble_nus_c.c.o
                0x00025b1c                ble_nus_c_on_ble_evt
 .text.ble_nus_c_rx_notif_enable
                0x00025b98       0x50 _build/nrf52832_xxaa_ble_nus_c.c.o
                0x00025b98                ble_nus_c_rx_notif_enable
 .text.ble_nus_c_handles_assign
                0x00025be8       0x1c _build/nrf52832_xxaa_ble_nus_c.c.o
                0x00025be8                ble_nus_c_handles_assign
 .text.sd_evt_get
                0x00025c04        0x4 _build/nrf52832_xxaa_softdevice_handler.c.o
 .text.sd_softdevice_enable
                0x00025c08        0x4 _build/nrf52832_xxaa_softdevice_handler.c.o
 .text.sd_ble_enable
                0x00025c0c        0x4 _build/nrf52832_xxaa_softdevice_handler.c.o
 .text.sd_ble_evt_get
                0x00025c10        0x4 _build/nrf52832_xxaa_softdevice_handler.c.o
 .text.softdevice_fault_handler
                0x00025c14        0x4 _build/nrf52832_xxaa_softdevice_handler.c.o
                0x00025c14                softdevice_fault_handler
 .text.intern_softdevice_events_execute.part.2
                0x00025c18       0xb8 _build/nrf52832_xxaa_softdevice_handler.c.o
 .text.intern_softdevice_events_execute
                0x00025cd0       0x10 _build/nrf52832_xxaa_softdevice_handler.c.o
                0x00025cd0                intern_softdevice_events_execute
 .text.softdevice_handler_is_enabled
                0x00025ce0        0xc _build/nrf52832_xxaa_softdevice_handler.c.o
                0x00025ce0                softdevice_handler_is_enabled
 .text.softdevice_handler_init
                0x00025cec       0x98 _build/nrf52832_xxaa_softdevice_handler.c.o
                0x00025cec                softdevice_handler_init
 .text.softdevice_ble_evt_handler_set
                0x00025d84       0x14 _build/nrf52832_xxaa_softdevice_handler.c.o
                0x00025d84                softdevice_ble_evt_handler_set
 .text.SWI2_EGU2_IRQHandler
                0x00025d98       0x30 _build/nrf52832_xxaa_softdevice_handler.c.o
                0x00025d98                SWI2_EGU2_IRQHandler
 .text.softdevice_enable_get_default_config
                0x00025dc8       0x30 _build/nrf52832_xxaa_softdevice_handler.c.o
                0x00025dc8                softdevice_enable_get_default_config
 .text.softdevice_enable
                0x00025df8       0x80 _build/nrf52832_xxaa_softdevice_handler.c.o
                0x00025df8                softdevice_enable
 .text.memcpy   0x00025e78       0x16 c:/program files (x86)/gnu tools arm embedded/4.9 2015q3/bin/../lib/gcc/arm-none-eabi/4.9.3/../../../../arm-none-eabi/lib/armv7e-m/fpu\libc_nano.a(lib_a-memcpy.o)
                0x00025e78                memcpy
 *fill*         0x00025e8e        0x2 
 .text.snprintf
                0x00025e90       0x64 c:/program files (x86)/gnu tools arm embedded/4.9 2015q3/bin/../lib/gcc/arm-none-eabi/4.9.3/../../../../arm-none-eabi/lib/armv7e-m/fpu\libc_nano.a(lib_a-snprintf.o)
                0x00025e90                sniprintf
                0x00025e90                snprintf
 .text.strcpy   0x00025ef4       0x10 c:/program files (x86)/gnu tools arm embedded/4.9 2015q3/bin/../lib/gcc/arm-none-eabi/4.9.3/../../../../arm-none-eabi/lib/armv7e-m/fpu\libc_nano.a(lib_a-strcpy.o)
                0x00025ef4                strcpy
 .text.strlen   0x00025f04       0x10 c:/program files (x86)/gnu tools arm embedded/4.9 2015q3/bin/../lib/gcc/arm-none-eabi/4.9.3/../../../../arm-none-eabi/lib/armv7e-m/fpu\libc_nano.a(lib_a-strlen.o)
                0x00025f04                strlen
 .text.__ssputs_r
                0x00025f14       0xb2 c:/program files (x86)/gnu tools arm embedded/4.9 2015q3/bin/../lib/gcc/arm-none-eabi/4.9.3/../../../../arm-none-eabi/lib/armv7e-m/fpu\libc_nano.a(lib_a-nano-svfprintf.o)
                0x00025f14                __ssputs_r
 *fill*         0x00025fc6        0x2 
 .text._svfprintf_r
                0x00025fc8      0x1e4 c:/program files (x86)/gnu tools arm embedded/4.9 2015q3/bin/../lib/gcc/arm-none-eabi/4.9.3/../../../../arm-none-eabi/lib/armv7e-m/fpu\libc_nano.a(lib_a-nano-svfprintf.o)
                0x00025fc8                _svfiprintf_r
                0x00025fc8                _svfprintf_r
 .text._printf_common
                0x000261ac       0xea c:/program files (x86)/gnu tools arm embedded/4.9 2015q3/bin/../lib/gcc/arm-none-eabi/4.9.3/../../../../arm-none-eabi/lib/armv7e-m/fpu\libc_nano.a(lib_a-nano-vfprintf_i.o)
                0x000261ac                _printf_common
 *fill*         0x00026296        0x2 
 .text._printf_i
                0x00026298      0x240 c:/program files (x86)/gnu tools arm embedded/4.9 2015q3/bin/../lib/gcc/arm-none-eabi/4.9.3/../../../../arm-none-eabi/lib/armv7e-m/fpu\libc_nano.a(lib_a-nano-vfprintf_i.o)
                0x00026298                _printf_i
 .text.memchr   0x000264d8       0x1e c:/program files (x86)/gnu tools arm embedded/4.9 2015q3/bin/../lib/gcc/arm-none-eabi/4.9.3/../../../../arm-none-eabi/lib/armv7e-m/fpu\libc_nano.a(lib_a-memchr.o)
                0x000264d8                memchr
 .text.memmove  0x000264f6       0x36 c:/program files (x86)/gnu tools arm embedded/4.9 2015q3/bin/../lib/gcc/arm-none-eabi/4.9.3/../../../../arm-none-eabi/lib/armv7e-m/fpu\libc_nano.a(lib_a-memmove.o)
                0x000264f6                memmove
 .text._free_r  0x0002652c       0x88 c:/program files (x86)/gnu tools arm embedded/4.9 2015q3/bin/../lib/gcc/arm-none-eabi/4.9.3/../../../../arm-none-eabi/lib/armv7e-m/fpu\libc_nano.a(lib_a-nano-freer.o)
                0x0002652c                _free_r
 .text._malloc_r
                0x000265b4       0xac c:/program files (x86)/gnu tools arm embedded/4.9 2015q3/bin/../lib/gcc/arm-none-eabi/4.9.3/../../../../arm-none-eabi/lib/armv7e-m/fpu\libc_nano.a(lib_a-nano-mallocr.o)
                0x000265b4                _malloc_r
 .text._realloc_r
                0x00026660       0x4c c:/program files (x86)/gnu tools arm embedded/4.9 2015q3/bin/../lib/gcc/arm-none-eabi/4.9.3/../../../../arm-none-eabi/lib/armv7e-m/fpu\libc_nano.a(lib_a-nano-reallocr.o)
                0x00026660                _realloc_r
 .text._sbrk_r  0x000266ac       0x20 c:/program files (x86)/gnu tools arm embedded/4.9 2015q3/bin/../lib/gcc/arm-none-eabi/4.9.3/../../../../arm-none-eabi/lib/armv7e-m/fpu\libc_nano.a(lib_a-sbrkr.o)
                0x000266ac                _sbrk_r
 .text._malloc_usable_size_r
                0x000266cc       0x14 c:/program files (x86)/gnu tools arm embedded/4.9 2015q3/bin/../lib/gcc/arm-none-eabi/4.9.3/../../../../arm-none-eabi/lib/armv7e-m/fpu\libc_nano.a(lib_a-nano-msizer.o)
                0x000266cc                _malloc_usable_size_r
 .text._sbrk    0x000266e0       0x1c c:/program files (x86)/gnu tools arm embedded/4.9 2015q3/bin/../lib/gcc/arm-none-eabi/4.9.3/../../../../arm-none-eabi/lib/armv7e-m/fpu\libnosys.a(sbrk.o)
                0x000266e0                _sbrk
 *(.init)
 .init          0x000266fc        0x4 c:/program files (x86)/gnu tools arm embedded/4.9 2015q3/bin/../lib/gcc/arm-none-eabi/4.9.3/armv7e-m/fpu/crti.o
                0x000266fc                _init
 .init          0x00026700        0x8 c:/program files (x86)/gnu tools arm embedded/4.9 2015q3/bin/../lib/gcc/arm-none-eabi/4.9.3/armv7e-m/fpu/crtn.o
 *(.fini)
 .fini          0x00026708        0x4 c:/program files (x86)/gnu tools arm embedded/4.9 2015q3/bin/../lib/gcc/arm-none-eabi/4.9.3/armv7e-m/fpu/crti.o
                0x00026708                _fini
 .fini          0x0002670c        0x8 c:/program files (x86)/gnu tools arm embedded/4.9 2015q3/bin/../lib/gcc/arm-none-eabi/4.9.3/armv7e-m/fpu/crtn.o
 *crtbegin.o(.ctors)
 *crtbegin?.o(.ctors)
 *(EXCLUDE_FILE(*crtend.o *crtend?.o) .ctors)
 *(SORT(.ctors.*))
 *(.ctors)
 *crtbegin.o(.dtors)
 *crtbegin?.o(.dtors)
 *(EXCLUDE_FILE(*crtend.o *crtend?.o) .dtors)
 *(SORT(.dtors.*))
 *(.dtors)
 *(.rodata*)
 .rodata.str1.1
                0x00026714        0x2 c:/program files (x86)/gnu tools arm embedded/4.9 2015q3/bin/../lib/gcc/arm-none-eabi/4.9.3/../../../../arm-none-eabi/lib/armv7e-m/fpu\libc_nano.a(lib_a-impure.o)
 *fill*         0x00026716        0x2 
 .rodata._global_impure_ptr
                0x00026718        0x4 c:/program files (x86)/gnu tools arm embedded/4.9 2015q3/bin/../lib/gcc/arm-none-eabi/4.9.3/../../../../arm-none-eabi/lib/armv7e-m/fpu\libc_nano.a(lib_a-impure.o)
                0x00026718                _global_impure_ptr
 .rodata        0x0002671c       0x20 _build/nrf52832_xxaa_nrf_log_backend_serial.c.o
 .rodata.str1.4
                0x0002673c        0x7 _build/nrf52832_xxaa_nrf_log_backend_serial.c.o
 *fill*         0x00026743        0x1 
 .rodata.str1.4
                0x00026744        0xb _build/nrf52832_xxaa_nrf_log_frontend.c.o
 *fill*         0x0002674f        0x1 
 .rodata.m_detection_delay_timer_id
                0x00026750        0x4 _build/nrf52832_xxaa_app_button.c.o
 .rodata.str1.4
                0x00026754       0x18 _build/nrf52832_xxaa_app_error_weak.c.o
 .rodata.str1.4
                0x0002676c        0x2 _build/nrf52832_xxaa_app_timer_freertos.c.o
 *fill*         0x0002676e        0x2 
 .rodata        0x00026770       0x20 _build/nrf52832_xxaa_app_uart_fifo.c.o
 .rodata.str1.4
                0x00026790       0x10 _build/nrf52832_xxaa_timers.c.o
 .rodata.m_board_btn_list
                0x000267a0        0x4 _build/nrf52832_xxaa_boards.c.o
 .rodata.m_board_led_list
                0x000267a4        0x4 _build/nrf52832_xxaa_boards.c.o
 .rodata.m_button_timer_id
                0x000267a8        0x4 _build/nrf52832_xxaa_bsp.c.o
 .rodata.m_leds_timer_id
                0x000267ac        0x4 _build/nrf52832_xxaa_bsp.c.o
 .rodata.app_buttons
                0x000267b0       0x20 _build/nrf52832_xxaa_bsp.c.o
 .rodata.m_alert_timer_id
                0x000267d0        0x4 _build/nrf52832_xxaa_bsp.c.o
 .rodata        0x000267d4       0x1c _build/nrf52832_xxaa_main.c.o
 .rodata.m_connection_param
                0x000267f0        0x8 _build/nrf52832_xxaa_main.c.o
 .rodata.str1.4
                0x000267f8      0x11f _build/nrf52832_xxaa_main.c.o
 *fill*         0x00026917        0x1 
 .rodata.m_scan_params
                0x00026918        0x8 _build/nrf52832_xxaa_main.c.o
 .rodata.str1.4
                0x00026920       0x17 _build/nrf52832_xxaa_SEGGER_RTT.c.o
 *fill*         0x00026937        0x1 
 .rodata.str1.4
                0x00026938      0x11f _build/nrf52832_xxaa_ble_db_discovery.c.o
 *fill*         0x00026a57        0x1 
 .rodata        0x00026a58       0x10 _build/nrf52832_xxaa_ble_nus_c.c.o
 .rodata.str1.4
                0x00026a68      0x144 _build/nrf52832_xxaa_softdevice_handler.c.o
                                0x142 (size before relaxing)
 .rodata._ctype_
                0x00026bac      0x101 c:/program files (x86)/gnu tools arm embedded/4.9 2015q3/bin/../lib/gcc/arm-none-eabi/4.9.3/../../../../arm-none-eabi/lib/armv7e-m/fpu\libc_nano.a(lib_a-ctype_.o)
                0x00026bac                _ctype_
 .rodata.str1.1
                0x00026cad       0x11 c:/program files (x86)/gnu tools arm embedded/4.9 2015q3/bin/../lib/gcc/arm-none-eabi/4.9.3/../../../../arm-none-eabi/lib/armv7e-m/fpu\libc_nano.a(lib_a-nano-svfprintf.o)
 .rodata.str1.1
                0x00026cbe       0x22 c:/program files (x86)/gnu tools arm embedded/4.9 2015q3/bin/../lib/gcc/arm-none-eabi/4.9.3/../../../../arm-none-eabi/lib/armv7e-m/fpu\libc_nano.a(lib_a-nano-vfprintf_i.o)
 *(.eh_frame*)
 .eh_frame      0x00026ce0        0x0 c:/program files (x86)/gnu tools arm embedded/4.9 2015q3/bin/../lib/gcc/arm-none-eabi/4.9.3/armv7e-m/fpu/crtbegin.o
 .eh_frame      0x00026ce0        0x4 c:/program files (x86)/gnu tools arm embedded/4.9 2015q3/bin/../lib/gcc/arm-none-eabi/4.9.3/armv7e-m/fpu/crtend.o

.glue_7         0x00026ce4        0x0
 .glue_7        0x00000000        0x0 linker stubs

.glue_7t        0x00026ce4        0x0
 .glue_7t       0x00000000        0x0 linker stubs

.vfp11_veneer   0x00026ce4        0x0
 .vfp11_veneer  0x00000000        0x0 linker stubs

.v4_bx          0x00026ce4        0x0
 .v4_bx         0x00000000        0x0 linker stubs

.iplt           0x00026ce4        0x0
 .iplt          0x00000000        0x0 c:/program files (x86)/gnu tools arm embedded/4.9 2015q3/bin/../lib/gcc/arm-none-eabi/4.9.3/armv7e-m/fpu/crtbegin.o

.ARM.extab
 *(.ARM.extab* .gnu.linkonce.armextab.*)
                0x00026ce4                __exidx_start = .

.ARM.exidx      0x00026ce4        0x8
 *(.ARM.exidx* .gnu.linkonce.armexidx.*)
 .ARM.exidx     0x00026ce4        0x8 c:/program files (x86)/gnu tools arm embedded/4.9 2015q3/bin/../lib/gcc/arm-none-eabi/4.9.3/../../../../arm-none-eabi/lib/armv7e-m/fpu/crt0.o
                0x00026cec                __exidx_end = .
                0x00026cec                __etext = .

.rel.dyn        0x00026cec        0x0
 .rel.iplt      0x00000000        0x0 c:/program files (x86)/gnu tools arm embedded/4.9 2015q3/bin/../lib/gcc/arm-none-eabi/4.9.3/armv7e-m/fpu/crtbegin.o

.data           0x20001fe8       0x8c load address 0x00026cec
                0x20001fe8                __data_start__ = .
 *(vtable)
 *(.data*)
 .data.impure_data
                0x20001fe8       0x60 c:/program files (x86)/gnu tools arm embedded/4.9 2015q3/bin/../lib/gcc/arm-none-eabi/4.9.3/../../../../arm-none-eabi/lib/armv7e-m/fpu\libc_nano.a(lib_a-impure.o)
 .data._impure_ptr
                0x20002048        0x4 c:/program files (x86)/gnu tools arm embedded/4.9 2015q3/bin/../lib/gcc/arm-none-eabi/4.9.3/../../../../arm-none-eabi/lib/armv7e-m/fpu\libc_nano.a(lib_a-impure.o)
                0x20002048                _impure_ptr
 .data.m_uart   0x2000204c        0x8 _build/nrf52832_xxaa_nrf_log_backend_serial.c.o
 .data.app_uart_inst
                0x20002054        0x8 _build/nrf52832_xxaa_app_uart_fifo.c.o
 .data.xNextTaskUnblockTime
                0x2000205c        0x4 _build/nrf52832_xxaa_tasks.c.o
 .data.SystemCoreClock
                0x20002060        0x4 _build/nrf52832_xxaa_system_nrf52.c.o
                0x20002060                SystemCoreClock
 .data.__ctype_ptr__
                0x20002064        0x4 c:/program files (x86)/gnu tools arm embedded/4.9 2015q3/bin/../lib/gcc/arm-none-eabi/4.9.3/../../../../arm-none-eabi/lib/armv7e-m/fpu\libc_nano.a(lib_a-ctype_.o)
                0x20002064                __ctype_ptr__
                0x20002068                . = ALIGN (0x4)
                0x20002068                PROVIDE (__preinit_array_start, .)
 *(.preinit_array)
                0x20002068                PROVIDE (__preinit_array_end, .)
                0x20002068                . = ALIGN (0x4)
                0x20002068                PROVIDE (__init_array_start, .)
 *(SORT(.init_array.*))
 *(.init_array)
 .init_array    0x20002068        0x4 c:/program files (x86)/gnu tools arm embedded/4.9 2015q3/bin/../lib/gcc/arm-none-eabi/4.9.3/armv7e-m/fpu/crtbegin.o
                0x2000206c                PROVIDE (__init_array_end, .)
                0x2000206c                . = ALIGN (0x4)
                0x2000206c                PROVIDE (__fini_array_start, .)
 *(SORT(.fini_array.*))
 *(.fini_array)
 .fini_array    0x2000206c        0x4 c:/program files (x86)/gnu tools arm embedded/4.9 2015q3/bin/../lib/gcc/arm-none-eabi/4.9.3/armv7e-m/fpu/crtbegin.o
                0x20002070                PROVIDE (__fini_array_end, .)
 *(.jcr*)
 .jcr           0x20002070        0x0 c:/program files (x86)/gnu tools arm embedded/4.9 2015q3/bin/../lib/gcc/arm-none-eabi/4.9.3/armv7e-m/fpu/crtbegin.o
 .jcr           0x20002070        0x4 c:/program files (x86)/gnu tools arm embedded/4.9 2015q3/bin/../lib/gcc/arm-none-eabi/4.9.3/armv7e-m/fpu/crtend.o
                0x20002074                . = ALIGN (0x4)
                0x20002074                __data_end__ = .
LOAD c:/program files (x86)/gnu tools arm embedded/4.9 2015q3/bin/../lib/gcc/arm-none-eabi/4.9.3/armv7e-m/fpu/crti.o
LOAD c:/program files (x86)/gnu tools arm embedded/4.9 2015q3/bin/../lib/gcc/arm-none-eabi/4.9.3/armv7e-m/fpu/crtbegin.o
LOAD c:/program files (x86)/gnu tools arm embedded/4.9 2015q3/bin/../lib/gcc/arm-none-eabi/4.9.3/../../../../arm-none-eabi/lib/armv7e-m/fpu/crt0.o
LOAD c:/program files (x86)/gnu tools arm embedded/4.9 2015q3/bin/../lib/gcc/arm-none-eabi/4.9.3/../../../../arm-none-eabi/lib/armv7e-m/fpu\libc_nano.a
LOAD c:/program files (x86)/gnu tools arm embedded/4.9 2015q3/bin/../lib/gcc/arm-none-eabi/4.9.3/../../../../arm-none-eabi/lib/armv7e-m/fpu\libnosys.a
LOAD _build/nrf52832_xxaa_nrf_log_backend_serial.c.o
LOAD _build/nrf52832_xxaa_nrf_log_frontend.c.o
LOAD _build/nrf52832_xxaa_app_button.c.o
LOAD _build/nrf52832_xxaa_app_error.c.o
LOAD _build/nrf52832_xxaa_app_error_weak.c.o
LOAD _build/nrf52832_xxaa_app_timer_freertos.c.o
LOAD _build/nrf52832_xxaa_app_util_platform.c.o
LOAD _build/nrf52832_xxaa_app_uart_fifo.c.o
LOAD _build/nrf52832_xxaa_app_fifo.c.o
LOAD _build/nrf52832_xxaa_crc16.c.o
LOAD _build/nrf52832_xxaa_fds.c.o
LOAD _build/nrf52832_xxaa_fstorage.c.o
LOAD _build/nrf52832_xxaa_hardfault_handler_gcc.c.o
LOAD _build/nrf52832_xxaa_hardfault_implementation.c.o
LOAD _build/nrf52832_xxaa_nrf_assert.c.o
LOAD _build/nrf52832_xxaa_retarget.c.o
LOAD _build/nrf52832_xxaa_sdk_errors.c.o
LOAD _build/nrf52832_xxaa_sdk_mapped_flags.c.o
LOAD _build/nrf52832_xxaa_sensorsim.c.o
LOAD _build/nrf52832_xxaa_croutine.c.o
LOAD _build/nrf52832_xxaa_event_groups.c.o
LOAD _build/nrf52832_xxaa_heap_1.c.o
LOAD _build/nrf52832_xxaa_list.c.o
LOAD _build/nrf52832_xxaa_port.c.o
LOAD _build/nrf52832_xxaa_port_cmsis.c.o
LOAD _build/nrf52832_xxaa_port_cmsis_systick.c.o
LOAD _build/nrf52832_xxaa_queue.c.o
LOAD _build/nrf52832_xxaa_tasks.c.o
LOAD _build/nrf52832_xxaa_timers.c.o
LOAD _build/nrf52832_xxaa_boards.c.o
LOAD _build/nrf52832_xxaa_nrf_drv_clock.c.o
LOAD _build/nrf52832_xxaa_nrf_drv_common.c.o
LOAD _build/nrf52832_xxaa_nrf_drv_gpiote.c.o
LOAD _build/nrf52832_xxaa_nrf_drv_uart.c.o
LOAD _build/nrf52832_xxaa_bsp.c.o
LOAD _build/nrf52832_xxaa_bsp_btn_ble.c.o
LOAD _build/nrf52832_xxaa_bsp_nfc.c.o
LOAD _build/nrf52832_xxaa_main.c.o
LOAD _build/nrf52832_xxaa_RTT_Syscalls_GCC.c.o
LOAD _build/nrf52832_xxaa_SEGGER_RTT.c.o
LOAD _build/nrf52832_xxaa_SEGGER_RTT_printf.c.o
LOAD _build/nrf52832_xxaa_ble_advdata.c.o
LOAD _build/nrf52832_xxaa_ble_advertising.c.o
LOAD _build/nrf52832_xxaa_ble_conn_params.c.o
LOAD _build/nrf52832_xxaa_ble_conn_state.c.o
LOAD _build/nrf52832_xxaa_ble_srv_common.c.o
LOAD _build/nrf52832_xxaa_gatt_cache_manager.c.o
LOAD _build/nrf52832_xxaa_gatts_cache_manager.c.o
LOAD _build/nrf52832_xxaa_id_manager.c.o
LOAD _build/nrf52832_xxaa_nrf_ble_gatt.c.o
LOAD _build/nrf52832_xxaa_peer_data.c.o
LOAD _build/nrf52832_xxaa_peer_data_storage.c.o
LOAD _build/nrf52832_xxaa_peer_database.c.o
LOAD _build/nrf52832_xxaa_peer_id.c.o
LOAD _build/nrf52832_xxaa_peer_manager.c.o
LOAD _build/nrf52832_xxaa_pm_buffer.c.o
LOAD _build/nrf52832_xxaa_pm_mutex.c.o
LOAD _build/nrf52832_xxaa_security_dispatcher.c.o
LOAD _build/nrf52832_xxaa_security_manager.c.o
LOAD _build/nrf52832_xxaa_gcc_startup_nrf52.S.o
LOAD _build/nrf52832_xxaa_system_nrf52.c.o
LOAD _build/nrf52832_xxaa_ble_bas.c.o
LOAD _build/nrf52832_xxaa_ble_dis.c.o
LOAD _build/nrf52832_xxaa_ble_hrs.c.o
LOAD _build/nrf52832_xxaa_ble_db_discovery.c.o
LOAD _build/nrf52832_xxaa_ble_nus_c.c.o
LOAD _build/nrf52832_xxaa_softdevice_handler.c.o
LOAD _build/nrf52832_xxaa_m_bus_receiver.c.o
LOAD c:/program files (x86)/gnu tools arm embedded/4.9 2015q3/bin/../lib/gcc/arm-none-eabi/4.9.3/../../../../arm-none-eabi/lib/armv7e-m/fpu\libm.a
START GROUP
LOAD c:/program files (x86)/gnu tools arm embedded/4.9 2015q3/bin/../lib/gcc/arm-none-eabi/4.9.3/armv7e-m/fpu\libgcc.a
LOAD c:/program files (x86)/gnu tools arm embedded/4.9 2015q3/bin/../lib/gcc/arm-none-eabi/4.9.3/../../../../arm-none-eabi/lib/armv7e-m/fpu\libc_nano.a
END GROUP
START GROUP
LOAD c:/program files (x86)/gnu tools arm embedded/4.9 2015q3/bin/../lib/gcc/arm-none-eabi/4.9.3/armv7e-m/fpu\libgcc.a
LOAD c:/program files (x86)/gnu tools arm embedded/4.9 2015q3/bin/../lib/gcc/arm-none-eabi/4.9.3/../../../../arm-none-eabi/lib/armv7e-m/fpu\libc_nano.a
END GROUP
LOAD c:/program files (x86)/gnu tools arm embedded/4.9 2015q3/bin/../lib/gcc/arm-none-eabi/4.9.3/armv7e-m/fpu/crtend.o
LOAD c:/program files (x86)/gnu tools arm embedded/4.9 2015q3/bin/../lib/gcc/arm-none-eabi/4.9.3/armv7e-m/fpu/crtn.o
START GROUP
LOAD c:/program files (x86)/gnu tools arm embedded/4.9 2015q3/bin/../lib/gcc/arm-none-eabi/4.9.3/armv7e-m/fpu\libgcc.a
LOAD c:/program files (x86)/gnu tools arm embedded/4.9 2015q3/bin/../lib/gcc/arm-none-eabi/4.9.3/../../../../arm-none-eabi/lib/armv7e-m/fpu\libc.a
LOAD c:/program files (x86)/gnu tools arm embedded/4.9 2015q3/bin/../lib/gcc/arm-none-eabi/4.9.3/../../../../arm-none-eabi/lib/armv7e-m/fpu\libnosys.a
END GROUP

.igot.plt       0x20002074        0x0 load address 0x00026d78
 .igot.plt      0x00000000        0x0 c:/program files (x86)/gnu tools arm embedded/4.9 2015q3/bin/../lib/gcc/arm-none-eabi/4.9.3/armv7e-m/fpu/crtbegin.o

.fs_data        0x20002074        0x0
                0x20002074                PROVIDE (__start_fs_data, .)
 *(.fs_data)
                0x20002074                PROVIDE (__stop_fs_data, .)

.pwr_mgmt_data  0x20002074        0x0
                0x20002074                PROVIDE (__start_pwr_mgmt_data, .)
 *(.pwr_mgmt_data)
                0x20002074                PROVIDE (__stop_pwr_mgmt_data, .)

.bss            0x20002074     0x5374 load address 0x00026d78
                0x20002074                . = ALIGN (0x4)
                0x20002074                __bss_start__ = .
 *(.bss*)
 .bss           0x20002074       0x1c c:/program files (x86)/gnu tools arm embedded/4.9 2015q3/bin/../lib/gcc/arm-none-eabi/4.9.3/armv7e-m/fpu/crtbegin.o
 .bss.m_uart_buffer
                0x20002090      0x100 _build/nrf52832_xxaa_nrf_log_backend_serial.c.o
 .bss.m_rx_done
                0x20002190        0x1 _build/nrf52832_xxaa_nrf_log_backend_serial.c.o
 .bss.m_blocking_mode
                0x20002191        0x1 _build/nrf52832_xxaa_nrf_log_backend_serial.c.o
 .bss.m_initialized
                0x20002192        0x1 _build/nrf52832_xxaa_nrf_log_backend_serial.c.o
 *fill*         0x20002193        0x1 
 .bss.m_log_data
                0x20002194      0x418 _build/nrf52832_xxaa_nrf_log_frontend.c.o
 .bss.m_detection_delay
                0x200025ac        0x4 _build/nrf52832_xxaa_app_button.c.o
 .bss.mp_buttons
                0x200025b0        0x4 _build/nrf52832_xxaa_app_button.c.o
 .bss.m_button_count
                0x200025b4        0x1 _build/nrf52832_xxaa_app_button.c.o
 *fill*         0x200025b5        0x3 
 .bss.m_detection_delay_timer_id_data
                0x200025b8       0x20 _build/nrf52832_xxaa_app_button.c.o
 .bss.m_pin_state
                0x200025d8        0x4 _build/nrf52832_xxaa_app_button.c.o
 .bss.m_pin_transition
                0x200025dc        0x4 _build/nrf52832_xxaa_app_button.c.o
 .bss.m_prescaler
                0x200025e0        0x4 _build/nrf52832_xxaa_app_timer_freertos.c.o
 .bss.tx_buffer
                0x200025e4        0x1 _build/nrf52832_xxaa_app_uart_fifo.c.o
 *fill*         0x200025e5        0x3 
 .bss.m_event_handler
                0x200025e8        0x4 _build/nrf52832_xxaa_app_uart_fifo.c.o
 .bss.rx_buffer
                0x200025ec        0x1 _build/nrf52832_xxaa_app_uart_fifo.c.o
 *fill*         0x200025ed        0x3 
 .bss.m_tx_fifo
                0x200025f0       0x10 _build/nrf52832_xxaa_app_uart_fifo.c.o
 .bss.m_rx_ovf  0x20002600        0x1 _build/nrf52832_xxaa_app_uart_fifo.c.o
 *fill*         0x20002601        0x3 
 .bss.m_rx_fifo
                0x20002604       0x10 _build/nrf52832_xxaa_app_uart_fifo.c.o
 .bss.xNextFreeByte
                0x20002614        0x4 _build/nrf52832_xxaa_heap_1.c.o
 .bss.pucAlignedHeap.7399
                0x20002618        0x4 _build/nrf52832_xxaa_heap_1.c.o
 .bss.ucHeap    0x2000261c     0x4000 _build/nrf52832_xxaa_heap_1.c.o
 .bss.uxCriticalNesting
                0x2000661c        0x4 _build/nrf52832_xxaa_port_cmsis.c.o
 .bss.xNumOfOverflows
                0x20006620        0x4 _build/nrf52832_xxaa_tasks.c.o
 .bss.pxDelayedTaskList
                0x20006624        0x4 _build/nrf52832_xxaa_tasks.c.o
 .bss.xSchedulerRunning
                0x20006628        0x4 _build/nrf52832_xxaa_tasks.c.o
 .bss.uxTasksDeleted
                0x2000662c        0x4 _build/nrf52832_xxaa_tasks.c.o
 .bss.xTasksWaitingTermination
                0x20006630       0x14 _build/nrf52832_xxaa_tasks.c.o
 .bss.xSuspendedTaskList
                0x20006644       0x14 _build/nrf52832_xxaa_tasks.c.o
 .bss.pxReadyTasksLists
                0x20006658       0x3c _build/nrf52832_xxaa_tasks.c.o
 .bss.uxSchedulerSuspended
                0x20006694        0x4 _build/nrf52832_xxaa_tasks.c.o
 .bss.pxCurrentTCB
                0x20006698        0x4 _build/nrf52832_xxaa_tasks.c.o
                0x20006698                pxCurrentTCB
 .bss.xPendingReadyList
                0x2000669c       0x14 _build/nrf52832_xxaa_tasks.c.o
 .bss.xIdleTaskHandle
                0x200066b0        0x4 _build/nrf52832_xxaa_tasks.c.o
 .bss.xTickCount
                0x200066b4        0x4 _build/nrf52832_xxaa_tasks.c.o
 .bss.pxOverflowDelayedTaskList
                0x200066b8        0x4 _build/nrf52832_xxaa_tasks.c.o
 .bss.uxTaskNumber
                0x200066bc        0x4 _build/nrf52832_xxaa_tasks.c.o
 .bss.xDelayedTaskList1
                0x200066c0       0x14 _build/nrf52832_xxaa_tasks.c.o
 .bss.xDelayedTaskList2
                0x200066d4       0x14 _build/nrf52832_xxaa_tasks.c.o
 .bss.uxPendedTicks
                0x200066e8        0x4 _build/nrf52832_xxaa_tasks.c.o
 .bss.uxCurrentNumberOfTasks
                0x200066ec        0x4 _build/nrf52832_xxaa_tasks.c.o
 .bss.uxTopReadyPriority
                0x200066f0        0x4 _build/nrf52832_xxaa_tasks.c.o
 .bss.xYieldPending
                0x200066f4        0x4 _build/nrf52832_xxaa_tasks.c.o
 .bss.pxCurrentTimerList
                0x200066f8        0x4 _build/nrf52832_xxaa_timers.c.o
 .bss.xActiveTimerList1
                0x200066fc       0x14 _build/nrf52832_xxaa_timers.c.o
 .bss.xActiveTimerList2
                0x20006710       0x14 _build/nrf52832_xxaa_timers.c.o
 .bss.xTimerQueue
                0x20006724        0x4 _build/nrf52832_xxaa_timers.c.o
 .bss.pxOverflowTimerList
                0x20006728        0x4 _build/nrf52832_xxaa_timers.c.o
 .bss.xTimerTaskHandle
                0x2000672c        0x4 _build/nrf52832_xxaa_timers.c.o
 .bss.xLastTime.7655
                0x20006730        0x4 _build/nrf52832_xxaa_timers.c.o
 .bss.m_clock_cb
                0x20006734       0x14 _build/nrf52832_xxaa_nrf_drv_clock.c.o
 .bss.m_cb      0x20006748       0x58 _build/nrf52832_xxaa_nrf_drv_gpiote.c.o
 .bss.m_cb      0x200067a0       0x20 _build/nrf52832_xxaa_nrf_drv_uart.c.o
 .bss.current_long_push_pin_no.7312
                0x200067c0        0x1 _build/nrf52832_xxaa_bsp.c.o
 *fill*         0x200067c1        0x3 
 .bss.m_indication_type
                0x200067c4        0x4 _build/nrf52832_xxaa_bsp.c.o
 .bss.m_leds_timer_id_data
                0x200067c8       0x20 _build/nrf52832_xxaa_bsp.c.o
 .bss.release_event_at_push.7313
                0x200067e8        0x4 _build/nrf52832_xxaa_bsp.c.o
 .bss.m_leds_clear
                0x200067ec        0x1 _build/nrf52832_xxaa_bsp.c.o
 *fill*         0x200067ed        0x3 
 .bss.m_app_ticks_per_100ms
                0x200067f0        0x4 _build/nrf52832_xxaa_bsp.c.o
 .bss.m_registered_callback
                0x200067f4        0x4 _build/nrf52832_xxaa_bsp.c.o
 .bss.m_button_timer_id_data
                0x200067f8       0x20 _build/nrf52832_xxaa_bsp.c.o
 .bss.m_stable_state
                0x20006818        0x1 _build/nrf52832_xxaa_bsp.c.o
 *fill*         0x20006819        0x3 
 .bss.m_alert_timer_id_data
                0x2000681c       0x20 _build/nrf52832_xxaa_bsp.c.o
 .bss.m_events_list
                0x2000683c        0xc _build/nrf52832_xxaa_bsp.c.o
 .bss.m_error_handler
                0x20006848        0x4 _build/nrf52832_xxaa_bsp_btn_ble.c.o
 .bss.m_num_connections
                0x2000684c        0x4 _build/nrf52832_xxaa_bsp_btn_ble.c.o
 .bss.BLE_EVT_BUFFER.11023
                0x20006850       0x50 _build/nrf52832_xxaa_main.c.o
 .bss.rx_buf.11048
                0x200068a0      0x200 _build/nrf52832_xxaa_main.c.o
 .bss.m_ble_event_ready
                0x20006aa0        0x4 _build/nrf52832_xxaa_main.c.o
 .bss.APP_TIMER_BUF.11073
                0x20006aa4       0x48 _build/nrf52832_xxaa_main.c.o
 .bss.m_uart_stack_thread
                0x20006aec        0x4 _build/nrf52832_xxaa_main.c.o
 .bss.m_ble_stack_thread
                0x20006af0        0x4 _build/nrf52832_xxaa_main.c.o
 .bss.tx_buf.11049
                0x20006af4      0x100 _build/nrf52832_xxaa_main.c.o
 .bss.m_uart_event_ready
                0x20006bf4        0x4 _build/nrf52832_xxaa_main.c.o
 .bss.m_logger_thread
                0x20006bf8        0x4 _build/nrf52832_xxaa_main.c.o
 .bss.uart_data
                0x20006bfc        0x4 _build/nrf52832_xxaa_main.c.o
 .bss.m_ble_db_discovery
                0x20006c00      0x260 _build/nrf52832_xxaa_main.c.o
 .bss.m_ble_nus_c
                0x20006e60       0x10 _build/nrf52832_xxaa_main.c.o
 .bss._acDownBuffer
                0x20006e70       0x10 _build/nrf52832_xxaa_SEGGER_RTT.c.o
 .bss._acUpBuffer
                0x20006e80      0x200 _build/nrf52832_xxaa_SEGGER_RTT.c.o
 .bss.m_evt_handler
                0x20007080        0x4 _build/nrf52832_xxaa_ble_db_discovery.c.o
 .bss.m_pending_user_evts
                0x20007084      0x288 _build/nrf52832_xxaa_ble_db_discovery.c.o
 .bss.m_pending_usr_evt_index
                0x2000730c        0x4 _build/nrf52832_xxaa_ble_db_discovery.c.o
 .bss.m_registered_handlers
                0x20007310       0x18 _build/nrf52832_xxaa_ble_db_discovery.c.o
 .bss.m_initialized
                0x20007328        0x1 _build/nrf52832_xxaa_ble_db_discovery.c.o
 *fill*         0x20007329        0x3 
 .bss.m_num_of_handlers_reg
                0x2000732c        0x4 _build/nrf52832_xxaa_ble_db_discovery.c.o
 .bss.m_suspended
                0x20007330        0x1 _build/nrf52832_xxaa_softdevice_handler.c.o
 .bss.m_softdevice_enabled
                0x20007331        0x1 _build/nrf52832_xxaa_softdevice_handler.c.o
 .bss.m_ble_evt_buffer_size
                0x20007332        0x2 _build/nrf52832_xxaa_softdevice_handler.c.o
 .bss.mp_ble_evt_buffer
                0x20007334        0x4 _build/nrf52832_xxaa_softdevice_handler.c.o
 .bss.m_sys_evt_handler
                0x20007338        0x4 _build/nrf52832_xxaa_softdevice_handler.c.o
 .bss.m_ble_evt_handler
                0x2000733c        0x4 _build/nrf52832_xxaa_softdevice_handler.c.o
 .bss.m_evt_schedule_func
                0x20007340        0x4 _build/nrf52832_xxaa_softdevice_handler.c.o
 .bss.__malloc_sbrk_start
                0x20007344        0x4 c:/program files (x86)/gnu tools arm embedded/4.9 2015q3/bin/../lib/gcc/arm-none-eabi/4.9.3/../../../../arm-none-eabi/lib/armv7e-m/fpu\libc_nano.a(lib_a-nano-mallocr.o)
                0x20007344                __malloc_sbrk_start
 .bss.__malloc_free_list
                0x20007348        0x4 c:/program files (x86)/gnu tools arm embedded/4.9 2015q3/bin/../lib/gcc/arm-none-eabi/4.9.3/../../../../arm-none-eabi/lib/armv7e-m/fpu\libc_nano.a(lib_a-nano-mallocr.o)
                0x20007348                __malloc_free_list
 .bss.heap_end.4079
                0x2000734c        0x4 c:/program files (x86)/gnu tools arm embedded/4.9 2015q3/bin/../lib/gcc/arm-none-eabi/4.9.3/../../../../arm-none-eabi/lib/armv7e-m/fpu\libnosys.a(sbrk.o)
 *(COMMON)
 COMMON         0x20007350        0xc _build/nrf52832_xxaa_app_util_platform.c.o
                0x20007350                nrf_nvic_state
 COMMON         0x2000735c       0x10 _build/nrf52832_xxaa_queue.c.o
                0x2000735c                xQueueRegistry
 COMMON         0x2000736c       0x78 _build/nrf52832_xxaa_SEGGER_RTT.c.o
                0x2000736c                _SEGGER_RTT
 COMMON         0x200073e4        0x4 c:/program files (x86)/gnu tools arm embedded/4.9 2015q3/bin/../lib/gcc/arm-none-eabi/4.9.3/../../../../arm-none-eabi/lib/armv7e-m/fpu\libc_nano.a(lib_a-reent.o)
                0x200073e4                errno
                0x200073e8                . = ALIGN (0x4)
                0x200073e8                __bss_end__ = .

.heap           0x200073e8      0x400
                0x200073e8                __HeapBase = .
                0x200073e8                __end__ = .
                0x200073e8                PROVIDE (end, .)
 *(.heap*)
 .heap          0x200073e8      0x400 _build/nrf52832_xxaa_gcc_startup_nrf52.S.o
                0x200077e8                __HeapLimit = .

.stack_dummy    0x200073e8      0x800
 *(.stack*)
 .stack         0x200073e8      0x800 _build/nrf52832_xxaa_gcc_startup_nrf52.S.o
                0x20010000                __StackTop = (ORIGIN (RAM) + 0xe018)
                0x2000f800                __StackLimit = (__StackTop - SIZEOF (.stack_dummy))
                0x20010000                PROVIDE (__stack, __StackTop)
                0x00000001                ASSERT ((__StackLimit >= __HeapLimit), region RAM overflowed with stack)
OUTPUT(_build/nrf52832_xxaa.out elf32-littlearm)

.ARM.attributes
                0x00000000       0x30
 .ARM.attributes
                0x00000000       0x22 c:/program files (x86)/gnu tools arm embedded/4.9 2015q3/bin/../lib/gcc/arm-none-eabi/4.9.3/armv7e-m/fpu/crti.o
 .ARM.attributes
                0x00000022       0x34 c:/program files (x86)/gnu tools arm embedded/4.9 2015q3/bin/../lib/gcc/arm-none-eabi/4.9.3/armv7e-m/fpu/crtbegin.o
 .ARM.attributes
                0x00000056       0x20 c:/program files (x86)/gnu tools arm embedded/4.9 2015q3/bin/../lib/gcc/arm-none-eabi/4.9.3/../../../../arm-none-eabi/lib/armv7e-m/fpu/crt0.o
 .ARM.attributes
                0x00000076       0x34 c:/program files (x86)/gnu tools arm embedded/4.9 2015q3/bin/../lib/gcc/arm-none-eabi/4.9.3/../../../../arm-none-eabi/lib/armv7e-m/fpu\libc_nano.a(lib_a-exit.o)
 .ARM.attributes
                0x000000aa       0x34 c:/program files (x86)/gnu tools arm embedded/4.9 2015q3/bin/../lib/gcc/arm-none-eabi/4.9.3/../../../../arm-none-eabi/lib/armv7e-m/fpu\libc_nano.a(lib_a-impure.o)
 .ARM.attributes
                0x000000de       0x34 c:/program files (x86)/gnu tools arm embedded/4.9 2015q3/bin/../lib/gcc/arm-none-eabi/4.9.3/../../../../arm-none-eabi/lib/armv7e-m/fpu\libc_nano.a(lib_a-init.o)
 .ARM.attributes
                0x00000112       0x34 c:/program files (x86)/gnu tools arm embedded/4.9 2015q3/bin/../lib/gcc/arm-none-eabi/4.9.3/../../../../arm-none-eabi/lib/armv7e-m/fpu\libc_nano.a(lib_a-memset.o)
 .ARM.attributes
                0x00000146       0x34 c:/program files (x86)/gnu tools arm embedded/4.9 2015q3/bin/../lib/gcc/arm-none-eabi/4.9.3/../../../../arm-none-eabi/lib/armv7e-m/fpu\libnosys.a(_exit.o)
 .ARM.attributes
                0x0000017a       0x39 _build/nrf52832_xxaa_nrf_log_backend_serial.c.o
 .ARM.attributes
                0x000001b3       0x39 _build/nrf52832_xxaa_nrf_log_frontend.c.o
 .ARM.attributes
                0x000001ec       0x39 _build/nrf52832_xxaa_app_button.c.o
 .ARM.attributes
                0x00000225       0x39 _build/nrf52832_xxaa_app_error.c.o
 .ARM.attributes
                0x0000025e       0x39 _build/nrf52832_xxaa_app_error_weak.c.o
 .ARM.attributes
                0x00000297       0x39 _build/nrf52832_xxaa_app_timer_freertos.c.o
 .ARM.attributes
                0x000002d0       0x39 _build/nrf52832_xxaa_app_util_platform.c.o
 .ARM.attributes
                0x00000309       0x39 _build/nrf52832_xxaa_app_uart_fifo.c.o
 .ARM.attributes
                0x00000342       0x39 _build/nrf52832_xxaa_app_fifo.c.o
 .ARM.attributes
                0x0000037b       0x39 _build/nrf52832_xxaa_heap_1.c.o
 .ARM.attributes
                0x000003b4       0x39 _build/nrf52832_xxaa_list.c.o
 .ARM.attributes
                0x000003ed       0x39 _build/nrf52832_xxaa_port.c.o
 .ARM.attributes
                0x00000426       0x39 _build/nrf52832_xxaa_port_cmsis.c.o
 .ARM.attributes
                0x0000045f       0x39 _build/nrf52832_xxaa_port_cmsis_systick.c.o
 .ARM.attributes
                0x00000498       0x39 _build/nrf52832_xxaa_queue.c.o
 .ARM.attributes
                0x000004d1       0x39 _build/nrf52832_xxaa_tasks.c.o
 .ARM.attributes
                0x0000050a       0x39 _build/nrf52832_xxaa_timers.c.o
 .ARM.attributes
                0x00000543       0x39 _build/nrf52832_xxaa_boards.c.o
 .ARM.attributes
                0x0000057c       0x39 _build/nrf52832_xxaa_nrf_drv_clock.c.o
 .ARM.attributes
                0x000005b5       0x39 _build/nrf52832_xxaa_nrf_drv_common.c.o
 .ARM.attributes
                0x000005ee       0x39 _build/nrf52832_xxaa_nrf_drv_gpiote.c.o
 .ARM.attributes
                0x00000627       0x39 _build/nrf52832_xxaa_nrf_drv_uart.c.o
 .ARM.attributes
                0x00000660       0x39 _build/nrf52832_xxaa_bsp.c.o
 .ARM.attributes
                0x00000699       0x39 _build/nrf52832_xxaa_bsp_btn_ble.c.o
 .ARM.attributes
                0x000006d2       0x39 _build/nrf52832_xxaa_main.c.o
 .ARM.attributes
                0x0000070b       0x39 _build/nrf52832_xxaa_SEGGER_RTT.c.o
 .ARM.attributes
                0x00000744       0x1c _build/nrf52832_xxaa_gcc_startup_nrf52.S.o
 .ARM.attributes
                0x00000760       0x39 _build/nrf52832_xxaa_system_nrf52.c.o
 .ARM.attributes
                0x00000799       0x39 _build/nrf52832_xxaa_ble_db_discovery.c.o
 .ARM.attributes
                0x000007d2       0x39 _build/nrf52832_xxaa_ble_nus_c.c.o
 .ARM.attributes
                0x0000080b       0x39 _build/nrf52832_xxaa_softdevice_handler.c.o
 .ARM.attributes
                0x00000844       0x34 c:/program files (x86)/gnu tools arm embedded/4.9 2015q3/bin/../lib/gcc/arm-none-eabi/4.9.3/../../../../arm-none-eabi/lib/armv7e-m/fpu\libc_nano.a(lib_a-ctype_.o)
 .ARM.attributes
                0x00000878       0x34 c:/program files (x86)/gnu tools arm embedded/4.9 2015q3/bin/../lib/gcc/arm-none-eabi/4.9.3/../../../../arm-none-eabi/lib/armv7e-m/fpu\libc_nano.a(lib_a-memcpy.o)
 .ARM.attributes
                0x000008ac       0x34 c:/program files (x86)/gnu tools arm embedded/4.9 2015q3/bin/../lib/gcc/arm-none-eabi/4.9.3/../../../../arm-none-eabi/lib/armv7e-m/fpu\libc_nano.a(lib_a-snprintf.o)
 .ARM.attributes
                0x000008e0       0x34 c:/program files (x86)/gnu tools arm embedded/4.9 2015q3/bin/../lib/gcc/arm-none-eabi/4.9.3/../../../../arm-none-eabi/lib/armv7e-m/fpu\libc_nano.a(lib_a-strcpy.o)
 .ARM.attributes
                0x00000914       0x34 c:/program files (x86)/gnu tools arm embedded/4.9 2015q3/bin/../lib/gcc/arm-none-eabi/4.9.3/../../../../arm-none-eabi/lib/armv7e-m/fpu\libc_nano.a(lib_a-strlen.o)
 .ARM.attributes
                0x00000948       0x34 c:/program files (x86)/gnu tools arm embedded/4.9 2015q3/bin/../lib/gcc/arm-none-eabi/4.9.3/../../../../arm-none-eabi/lib/armv7e-m/fpu\libc_nano.a(lib_a-nano-svfprintf.o)
 .ARM.attributes
                0x0000097c       0x34 c:/program files (x86)/gnu tools arm embedded/4.9 2015q3/bin/../lib/gcc/arm-none-eabi/4.9.3/../../../../arm-none-eabi/lib/armv7e-m/fpu\libc_nano.a(lib_a-nano-vfprintf_i.o)
 .ARM.attributes
                0x000009b0       0x34 c:/program files (x86)/gnu tools arm embedded/4.9 2015q3/bin/../lib/gcc/arm-none-eabi/4.9.3/../../../../arm-none-eabi/lib/armv7e-m/fpu\libc_nano.a(lib_a-memchr.o)
 .ARM.attributes
                0x000009e4       0x34 c:/program files (x86)/gnu tools arm embedded/4.9 2015q3/bin/../lib/gcc/arm-none-eabi/4.9.3/../../../../arm-none-eabi/lib/armv7e-m/fpu\libc_nano.a(lib_a-memmove.o)
 .ARM.attributes
                0x00000a18       0x34 c:/program files (x86)/gnu tools arm embedded/4.9 2015q3/bin/../lib/gcc/arm-none-eabi/4.9.3/../../../../arm-none-eabi/lib/armv7e-m/fpu\libc_nano.a(lib_a-nano-freer.o)
 .ARM.attributes
                0x00000a4c       0x34 c:/program files (x86)/gnu tools arm embedded/4.9 2015q3/bin/../lib/gcc/arm-none-eabi/4.9.3/../../../../arm-none-eabi/lib/armv7e-m/fpu\libc_nano.a(lib_a-nano-mallocr.o)
 .ARM.attributes
                0x00000a80       0x34 c:/program files (x86)/gnu tools arm embedded/4.9 2015q3/bin/../lib/gcc/arm-none-eabi/4.9.3/../../../../arm-none-eabi/lib/armv7e-m/fpu\libc_nano.a(lib_a-nano-reallocr.o)
 .ARM.attributes
                0x00000ab4       0x34 c:/program files (x86)/gnu tools arm embedded/4.9 2015q3/bin/../lib/gcc/arm-none-eabi/4.9.3/../../../../arm-none-eabi/lib/armv7e-m/fpu\libc_nano.a(lib_a-sbrkr.o)
 .ARM.attributes
                0x00000ae8       0x34 c:/program files (x86)/gnu tools arm embedded/4.9 2015q3/bin/../lib/gcc/arm-none-eabi/4.9.3/../../../../arm-none-eabi/lib/armv7e-m/fpu\libc_nano.a(lib_a-nano-msizer.o)
 .ARM.attributes
                0x00000b1c       0x34 c:/program files (x86)/gnu tools arm embedded/4.9 2015q3/bin/../lib/gcc/arm-none-eabi/4.9.3/../../../../arm-none-eabi/lib/armv7e-m/fpu\libc_nano.a(lib_a-reent.o)
 .ARM.attributes
                0x00000b50       0x34 c:/program files (x86)/gnu tools arm embedded/4.9 2015q3/bin/../lib/gcc/arm-none-eabi/4.9.3/armv7e-m/fpu/crtend.o
 .ARM.attributes
                0x00000b84       0x22 c:/program files (x86)/gnu tools arm embedded/4.9 2015q3/bin/../lib/gcc/arm-none-eabi/4.9.3/armv7e-m/fpu/crtn.o
 .ARM.attributes
                0x00000ba6       0x34 c:/program files (x86)/gnu tools arm embedded/4.9 2015q3/bin/../lib/gcc/arm-none-eabi/4.9.3/../../../../arm-none-eabi/lib/armv7e-m/fpu\libnosys.a(sbrk.o)

.comment        0x00000000       0x70
 .comment       0x00000000       0x70 _build/nrf52832_xxaa_nrf_log_backend_serial.c.o
                                 0x71 (size before relaxing)
 .comment       0x00000000       0x71 _build/nrf52832_xxaa_nrf_log_frontend.c.o
 .comment       0x00000000       0x71 _build/nrf52832_xxaa_app_button.c.o
 .comment       0x00000000       0x71 _build/nrf52832_xxaa_app_error.c.o
 .comment       0x00000000       0x71 _build/nrf52832_xxaa_app_error_weak.c.o
 .comment       0x00000000       0x71 _build/nrf52832_xxaa_app_timer_freertos.c.o
 .comment       0x00000000       0x71 _build/nrf52832_xxaa_app_util_platform.c.o
 .comment       0x00000000       0x71 _build/nrf52832_xxaa_app_uart_fifo.c.o
 .comment       0x00000000       0x71 _build/nrf52832_xxaa_app_fifo.c.o
 .comment       0x00000000       0x71 _build/nrf52832_xxaa_heap_1.c.o
 .comment       0x00000000       0x71 _build/nrf52832_xxaa_list.c.o
 .comment       0x00000000       0x71 _build/nrf52832_xxaa_port.c.o
 .comment       0x00000000       0x71 _build/nrf52832_xxaa_port_cmsis.c.o
 .comment       0x00000000       0x71 _build/nrf52832_xxaa_port_cmsis_systick.c.o
 .comment       0x00000000       0x71 _build/nrf52832_xxaa_queue.c.o
 .comment       0x00000000       0x71 _build/nrf52832_xxaa_tasks.c.o
 .comment       0x00000000       0x71 _build/nrf52832_xxaa_timers.c.o
 .comment       0x00000000       0x71 _build/nrf52832_xxaa_boards.c.o
 .comment       0x00000000       0x71 _build/nrf52832_xxaa_nrf_drv_clock.c.o
 .comment       0x00000000       0x71 _build/nrf52832_xxaa_nrf_drv_common.c.o
 .comment       0x00000000       0x71 _build/nrf52832_xxaa_nrf_drv_gpiote.c.o
 .comment       0x00000000       0x71 _build/nrf52832_xxaa_nrf_drv_uart.c.o
 .comment       0x00000000       0x71 _build/nrf52832_xxaa_bsp.c.o
 .comment       0x00000000       0x71 _build/nrf52832_xxaa_bsp_btn_ble.c.o
 .comment       0x00000000       0x71 _build/nrf52832_xxaa_main.c.o
 .comment       0x00000000       0x71 _build/nrf52832_xxaa_SEGGER_RTT.c.o
 .comment       0x00000000       0x71 _build/nrf52832_xxaa_system_nrf52.c.o
 .comment       0x00000000       0x71 _build/nrf52832_xxaa_ble_db_discovery.c.o
 .comment       0x00000000       0x71 _build/nrf52832_xxaa_ble_nus_c.c.o
 .comment       0x00000000       0x71 _build/nrf52832_xxaa_softdevice_handler.c.o

.debug_frame    0x00000000     0x2a10
 .debug_frame   0x00000000       0x28 c:/program files (x86)/gnu tools arm embedded/4.9 2015q3/bin/../lib/gcc/arm-none-eabi/4.9.3/../../../../arm-none-eabi/lib/armv7e-m/fpu\libc_nano.a(lib_a-exit.o)
 .debug_frame   0x00000028       0x2c c:/program files (x86)/gnu tools arm embedded/4.9 2015q3/bin/../lib/gcc/arm-none-eabi/4.9.3/../../../../arm-none-eabi/lib/armv7e-m/fpu\libc_nano.a(lib_a-init.o)
 .debug_frame   0x00000054       0x20 c:/program files (x86)/gnu tools arm embedded/4.9 2015q3/bin/../lib/gcc/arm-none-eabi/4.9.3/../../../../arm-none-eabi/lib/armv7e-m/fpu\libc_nano.a(lib_a-memset.o)
 .debug_frame   0x00000074       0x20 c:/program files (x86)/gnu tools arm embedded/4.9 2015q3/bin/../lib/gcc/arm-none-eabi/4.9.3/../../../../arm-none-eabi/lib/armv7e-m/fpu\libnosys.a(_exit.o)
 .debug_frame   0x00000094       0xf0 _build/nrf52832_xxaa_nrf_log_backend_serial.c.o
 .debug_frame   0x00000184      0x294 _build/nrf52832_xxaa_nrf_log_frontend.c.o
 .debug_frame   0x00000418       0xe0 _build/nrf52832_xxaa_app_button.c.o
 .debug_frame   0x000004f8       0x70 _build/nrf52832_xxaa_app_error.c.o
 .debug_frame   0x00000568       0x28 _build/nrf52832_xxaa_app_error_weak.c.o
 .debug_frame   0x00000590       0xc0 _build/nrf52832_xxaa_app_timer_freertos.c.o
 .debug_frame   0x00000650       0x74 _build/nrf52832_xxaa_app_util_platform.c.o
 .debug_frame   0x000006c4       0xe0 _build/nrf52832_xxaa_app_uart_fifo.c.o
 .debug_frame   0x000007a4       0xfc _build/nrf52832_xxaa_app_fifo.c.o
 .debug_frame   0x000008a0       0x5c _build/nrf52832_xxaa_heap_1.c.o
 .debug_frame   0x000008fc       0x70 _build/nrf52832_xxaa_list.c.o
 .debug_frame   0x0000096c       0x40 _build/nrf52832_xxaa_port.c.o
 .debug_frame   0x000009ac       0x84 _build/nrf52832_xxaa_port_cmsis.c.o
 .debug_frame   0x00000a30       0x70 _build/nrf52832_xxaa_port_cmsis_systick.c.o
 .debug_frame   0x00000aa0      0x26c _build/nrf52832_xxaa_queue.c.o
 .debug_frame   0x00000d0c      0x544 _build/nrf52832_xxaa_tasks.c.o
 .debug_frame   0x00001250      0x17c _build/nrf52832_xxaa_timers.c.o
 .debug_frame   0x000013cc      0x104 _build/nrf52832_xxaa_boards.c.o
 .debug_frame   0x000014d0      0x1fc _build/nrf52832_xxaa_nrf_drv_clock.c.o
 .debug_frame   0x000016cc       0x3c _build/nrf52832_xxaa_nrf_drv_common.c.o
 .debug_frame   0x00001708      0x25c _build/nrf52832_xxaa_nrf_drv_gpiote.c.o
 .debug_frame   0x00001964      0x19c _build/nrf52832_xxaa_nrf_drv_uart.c.o
 .debug_frame   0x00001b00      0x1ec _build/nrf52832_xxaa_bsp.c.o
 .debug_frame   0x00001cec       0x60 _build/nrf52832_xxaa_bsp_btn_ble.c.o
 .debug_frame   0x00001d4c      0x1e8 _build/nrf52832_xxaa_main.c.o
 .debug_frame   0x00001f34      0x2ec _build/nrf52832_xxaa_SEGGER_RTT.c.o
 .debug_frame   0x00002220       0x40 _build/nrf52832_xxaa_system_nrf52.c.o
 .debug_frame   0x00002260      0x160 _build/nrf52832_xxaa_ble_db_discovery.c.o
 .debug_frame   0x000023c0      0x10c _build/nrf52832_xxaa_ble_nus_c.c.o
 .debug_frame   0x000024cc      0x1d8 _build/nrf52832_xxaa_softdevice_handler.c.o
 .debug_frame   0x000026a4       0x28 c:/program files (x86)/gnu tools arm embedded/4.9 2015q3/bin/../lib/gcc/arm-none-eabi/4.9.3/../../../../arm-none-eabi/lib/armv7e-m/fpu\libc_nano.a(lib_a-memcpy.o)
 .debug_frame   0x000026cc       0x74 c:/program files (x86)/gnu tools arm embedded/4.9 2015q3/bin/../lib/gcc/arm-none-eabi/4.9.3/../../../../arm-none-eabi/lib/armv7e-m/fpu\libc_nano.a(lib_a-snprintf.o)
 .debug_frame   0x00002740       0x20 c:/program files (x86)/gnu tools arm embedded/4.9 2015q3/bin/../lib/gcc/arm-none-eabi/4.9.3/../../../../arm-none-eabi/lib/armv7e-m/fpu\libc_nano.a(lib_a-strcpy.o)
 .debug_frame   0x00002760       0x20 c:/program files (x86)/gnu tools arm embedded/4.9 2015q3/bin/../lib/gcc/arm-none-eabi/4.9.3/../../../../arm-none-eabi/lib/armv7e-m/fpu\libc_nano.a(lib_a-strlen.o)
 .debug_frame   0x00002780       0x8c c:/program files (x86)/gnu tools arm embedded/4.9 2015q3/bin/../lib/gcc/arm-none-eabi/4.9.3/../../../../arm-none-eabi/lib/armv7e-m/fpu\libc_nano.a(lib_a-nano-svfprintf.o)
 .debug_frame   0x0000280c       0x58 c:/program files (x86)/gnu tools arm embedded/4.9 2015q3/bin/../lib/gcc/arm-none-eabi/4.9.3/../../../../arm-none-eabi/lib/armv7e-m/fpu\libc_nano.a(lib_a-nano-vfprintf_i.o)
 .debug_frame   0x00002864       0x28 c:/program files (x86)/gnu tools arm embedded/4.9 2015q3/bin/../lib/gcc/arm-none-eabi/4.9.3/../../../../arm-none-eabi/lib/armv7e-m/fpu\libc_nano.a(lib_a-memchr.o)
 .debug_frame   0x0000288c       0x28 c:/program files (x86)/gnu tools arm embedded/4.9 2015q3/bin/../lib/gcc/arm-none-eabi/4.9.3/../../../../arm-none-eabi/lib/armv7e-m/fpu\libc_nano.a(lib_a-memmove.o)
 .debug_frame   0x000028b4       0x2c c:/program files (x86)/gnu tools arm embedded/4.9 2015q3/bin/../lib/gcc/arm-none-eabi/4.9.3/../../../../arm-none-eabi/lib/armv7e-m/fpu\libc_nano.a(lib_a-nano-freer.o)
 .debug_frame   0x000028e0       0x2c c:/program files (x86)/gnu tools arm embedded/4.9 2015q3/bin/../lib/gcc/arm-none-eabi/4.9.3/../../../../arm-none-eabi/lib/armv7e-m/fpu\libc_nano.a(lib_a-nano-mallocr.o)
 .debug_frame   0x0000290c       0x3c c:/program files (x86)/gnu tools arm embedded/4.9 2015q3/bin/../lib/gcc/arm-none-eabi/4.9.3/../../../../arm-none-eabi/lib/armv7e-m/fpu\libc_nano.a(lib_a-nano-reallocr.o)
 .debug_frame   0x00002948       0x2c c:/program files (x86)/gnu tools arm embedded/4.9 2015q3/bin/../lib/gcc/arm-none-eabi/4.9.3/../../../../arm-none-eabi/lib/armv7e-m/fpu\libc_nano.a(lib_a-sbrkr.o)
 .debug_frame   0x00002974       0x20 c:/program files (x86)/gnu tools arm embedded/4.9 2015q3/bin/../lib/gcc/arm-none-eabi/4.9.3/../../../../arm-none-eabi/lib/armv7e-m/fpu\libc_nano.a(lib_a-nano-msizer.o)
 .debug_frame   0x00002994       0x5c c:/program files (x86)/gnu tools arm embedded/4.9 2015q3/bin/../lib/gcc/arm-none-eabi/4.9.3/../../../../arm-none-eabi/lib/armv7e-m/fpu\libc_nano.a(lib_a-reent.o)
 .debug_frame   0x000029f0       0x20 c:/program files (x86)/gnu tools arm embedded/4.9 2015q3/bin/../lib/gcc/arm-none-eabi/4.9.3/../../../../arm-none-eabi/lib/armv7e-m/fpu\libnosys.a(sbrk.o)

.debug_info     0x00000000    0x28573
 .debug_info    0x00000000     0x17dd _build/nrf52832_xxaa_nrf_log_backend_serial.c.o
 .debug_info    0x000017dd     0x159f _build/nrf52832_xxaa_nrf_log_frontend.c.o
 .debug_info    0x00002d7c      0x6d8 _build/nrf52832_xxaa_app_button.c.o
 .debug_info    0x00003454      0x3ac _build/nrf52832_xxaa_app_error.c.o
 .debug_info    0x00003800      0x41d _build/nrf52832_xxaa_app_error_weak.c.o
 .debug_info    0x00003c1d      0xadd _build/nrf52832_xxaa_app_timer_freertos.c.o
 .debug_info    0x000046fa      0x633 _build/nrf52832_xxaa_app_util_platform.c.o
 .debug_info    0x00004d2d     0x133d _build/nrf52832_xxaa_app_uart_fifo.c.o
 .debug_info    0x0000606a      0x607 _build/nrf52832_xxaa_app_fifo.c.o
 .debug_info    0x00006671      0x1f8 _build/nrf52832_xxaa_heap_1.c.o
 .debug_info    0x00006869      0x2df _build/nrf52832_xxaa_list.c.o
 .debug_info    0x00006b48      0x104 _build/nrf52832_xxaa_port.c.o
 .debug_info    0x00006c4c      0x881 _build/nrf52832_xxaa_port_cmsis.c.o
 .debug_info    0x000074cd     0x1091 _build/nrf52832_xxaa_port_cmsis_systick.c.o
 .debug_info    0x0000855e     0x1caf _build/nrf52832_xxaa_queue.c.o
 .debug_info    0x0000a20d     0x2c09 _build/nrf52832_xxaa_tasks.c.o
 .debug_info    0x0000ce16     0x16a6 _build/nrf52832_xxaa_timers.c.o
 .debug_info    0x0000e4bc      0xbe5 _build/nrf52832_xxaa_boards.c.o
 .debug_info    0x0000f0a1     0x1719 _build/nrf52832_xxaa_nrf_drv_clock.c.o
 .debug_info    0x000107ba      0x695 _build/nrf52832_xxaa_nrf_drv_common.c.o
 .debug_info    0x00010e4f     0x2804 _build/nrf52832_xxaa_nrf_drv_gpiote.c.o
 .debug_info    0x00013653     0x4367 _build/nrf52832_xxaa_nrf_drv_uart.c.o
 .debug_info    0x000179ba     0x132a _build/nrf52832_xxaa_bsp.c.o
 .debug_info    0x00018ce4     0x17a3 _build/nrf52832_xxaa_bsp_btn_ble.c.o
 .debug_info    0x0001a487     0x403e _build/nrf52832_xxaa_main.c.o
 .debug_info    0x0001e4c5     0x243a _build/nrf52832_xxaa_SEGGER_RTT.c.o
 .debug_info    0x000208ff      0xde1 _build/nrf52832_xxaa_system_nrf52.c.o
 .debug_info    0x000216e0     0x27ee _build/nrf52832_xxaa_ble_db_discovery.c.o
 .debug_info    0x00023ece     0x1c1f _build/nrf52832_xxaa_ble_nus_c.c.o
 .debug_info    0x00025aed     0x2a86 _build/nrf52832_xxaa_softdevice_handler.c.o

.debug_abbrev   0x00000000     0x5b74
 .debug_abbrev  0x00000000      0x431 _build/nrf52832_xxaa_nrf_log_backend_serial.c.o
 .debug_abbrev  0x00000431      0x3d1 _build/nrf52832_xxaa_nrf_log_frontend.c.o
 .debug_abbrev  0x00000802      0x21e _build/nrf52832_xxaa_app_button.c.o
 .debug_abbrev  0x00000a20      0x153 _build/nrf52832_xxaa_app_error.c.o
 .debug_abbrev  0x00000b73      0x191 _build/nrf52832_xxaa_app_error_weak.c.o
 .debug_abbrev  0x00000d04      0x29f _build/nrf52832_xxaa_app_timer_freertos.c.o
 .debug_abbrev  0x00000fa3      0x225 _build/nrf52832_xxaa_app_util_platform.c.o
 .debug_abbrev  0x000011c8      0x2c4 _build/nrf52832_xxaa_app_uart_fifo.c.o
 .debug_abbrev  0x0000148c      0x18e _build/nrf52832_xxaa_app_fifo.c.o
 .debug_abbrev  0x0000161a      0x158 _build/nrf52832_xxaa_heap_1.c.o
 .debug_abbrev  0x00001772      0x10a _build/nrf52832_xxaa_list.c.o
 .debug_abbrev  0x0000187c       0x7b _build/nrf52832_xxaa_port.c.o
 .debug_abbrev  0x000018f7      0x2cd _build/nrf52832_xxaa_port_cmsis.c.o
 .debug_abbrev  0x00001bc4      0x3a3 _build/nrf52832_xxaa_port_cmsis_systick.c.o
 .debug_abbrev  0x00001f67      0x3e4 _build/nrf52832_xxaa_queue.c.o
 .debug_abbrev  0x0000234b      0x496 _build/nrf52832_xxaa_tasks.c.o
 .debug_abbrev  0x000027e1      0x3e3 _build/nrf52832_xxaa_timers.c.o
 .debug_abbrev  0x00002bc4      0x274 _build/nrf52832_xxaa_boards.c.o
 .debug_abbrev  0x00002e38      0x4b6 _build/nrf52832_xxaa_nrf_drv_clock.c.o
 .debug_abbrev  0x000032ee      0x1d4 _build/nrf52832_xxaa_nrf_drv_common.c.o
 .debug_abbrev  0x000034c2      0x44f _build/nrf52832_xxaa_nrf_drv_gpiote.c.o
 .debug_abbrev  0x00003911      0x3f4 _build/nrf52832_xxaa_nrf_drv_uart.c.o
 .debug_abbrev  0x00003d05      0x3da _build/nrf52832_xxaa_bsp.c.o
 .debug_abbrev  0x000040df      0x2d4 _build/nrf52832_xxaa_bsp_btn_ble.c.o
 .debug_abbrev  0x000043b3      0x544 _build/nrf52832_xxaa_main.c.o
 .debug_abbrev  0x000048f7      0x33c _build/nrf52832_xxaa_SEGGER_RTT.c.o
 .debug_abbrev  0x00004c33      0x1d5 _build/nrf52832_xxaa_system_nrf52.c.o
 .debug_abbrev  0x00004e08      0x48d _build/nrf52832_xxaa_ble_db_discovery.c.o
 .debug_abbrev  0x00005295      0x35a _build/nrf52832_xxaa_ble_nus_c.c.o
 .debug_abbrev  0x000055ef      0x585 _build/nrf52832_xxaa_softdevice_handler.c.o

.debug_loc      0x00000000    0x15149
 .debug_loc     0x00000000     0x11bc _build/nrf52832_xxaa_nrf_log_backend_serial.c.o
 .debug_loc     0x000011bc     0x181d _build/nrf52832_xxaa_nrf_log_frontend.c.o
 .debug_loc     0x000029d9      0x3ab _build/nrf52832_xxaa_app_button.c.o
 .debug_loc     0x00002d84      0x145 _build/nrf52832_xxaa_app_error.c.o
 .debug_loc     0x00002ec9       0x63 _build/nrf52832_xxaa_app_error_weak.c.o
 .debug_loc     0x00002f2c      0x434 _build/nrf52832_xxaa_app_timer_freertos.c.o
 .debug_loc     0x00003360       0x1e _build/nrf52832_xxaa_app_util_platform.c.o
 .debug_loc     0x0000337e      0x3ba _build/nrf52832_xxaa_app_uart_fifo.c.o
 .debug_loc     0x00003738      0x647 _build/nrf52832_xxaa_app_fifo.c.o
 .debug_loc     0x00003d7f       0xae _build/nrf52832_xxaa_heap_1.c.o
 .debug_loc     0x00003e2d       0x70 _build/nrf52832_xxaa_list.c.o
 .debug_loc     0x00003e9d       0x67 _build/nrf52832_xxaa_port_cmsis.c.o
 .debug_loc     0x00003f04      0x4a6 _build/nrf52832_xxaa_port_cmsis_systick.c.o
 .debug_loc     0x000043aa     0x12d0 _build/nrf52832_xxaa_queue.c.o
 .debug_loc     0x0000567a     0x1c75 _build/nrf52832_xxaa_tasks.c.o
 .debug_loc     0x000072ef      0xe70 _build/nrf52832_xxaa_timers.c.o
 .debug_loc     0x0000815f      0x751 _build/nrf52832_xxaa_boards.c.o
 .debug_loc     0x000088b0      0x3ed _build/nrf52832_xxaa_nrf_drv_clock.c.o
 .debug_loc     0x00008c9d       0xd6 _build/nrf52832_xxaa_nrf_drv_common.c.o
 .debug_loc     0x00008d73     0x1e5d _build/nrf52832_xxaa_nrf_drv_gpiote.c.o
 .debug_loc     0x0000abd0     0x2b69 _build/nrf52832_xxaa_nrf_drv_uart.c.o
 .debug_loc     0x0000d739      0xa2e _build/nrf52832_xxaa_bsp.c.o
 .debug_loc     0x0000e167      0x19e _build/nrf52832_xxaa_bsp_btn_ble.c.o
 .debug_loc     0x0000e305      0xbcc _build/nrf52832_xxaa_main.c.o
 .debug_loc     0x0000eed1     0x3cb4 _build/nrf52832_xxaa_SEGGER_RTT.c.o
 .debug_loc     0x00012b85     0x1c4d _build/nrf52832_xxaa_ble_db_discovery.c.o
 .debug_loc     0x000147d2      0x38c _build/nrf52832_xxaa_ble_nus_c.c.o
 .debug_loc     0x00014b5e      0x5eb _build/nrf52832_xxaa_softdevice_handler.c.o

.debug_aranges  0x00000000      0xca0
 .debug_aranges
                0x00000000       0x50 _build/nrf52832_xxaa_nrf_log_backend_serial.c.o
 .debug_aranges
                0x00000050       0x98 _build/nrf52832_xxaa_nrf_log_frontend.c.o
 .debug_aranges
                0x000000e8       0x48 _build/nrf52832_xxaa_app_button.c.o
 .debug_aranges
                0x00000130       0x30 _build/nrf52832_xxaa_app_error.c.o
 .debug_aranges
                0x00000160       0x20 _build/nrf52832_xxaa_app_error_weak.c.o
 .debug_aranges
                0x00000180       0x40 _build/nrf52832_xxaa_app_timer_freertos.c.o
 .debug_aranges
                0x000001c0       0x38 _build/nrf52832_xxaa_app_util_platform.c.o
 .debug_aranges
                0x000001f8       0x48 _build/nrf52832_xxaa_app_uart_fifo.c.o
 .debug_aranges
                0x00000240       0x50 _build/nrf52832_xxaa_app_fifo.c.o
 .debug_aranges
                0x00000290       0x38 _build/nrf52832_xxaa_heap_1.c.o
 .debug_aranges
                0x000002c8       0x40 _build/nrf52832_xxaa_list.c.o
 .debug_aranges
                0x00000308       0x30 _build/nrf52832_xxaa_port.c.o
 .debug_aranges
                0x00000338       0x48 _build/nrf52832_xxaa_port_cmsis.c.o
 .debug_aranges
                0x00000380       0x30 _build/nrf52832_xxaa_port_cmsis_systick.c.o
 .debug_aranges
                0x000003b0       0xc0 _build/nrf52832_xxaa_queue.c.o
 .debug_aranges
                0x00000470      0x180 _build/nrf52832_xxaa_tasks.c.o
 .debug_aranges
                0x000005f0       0x70 _build/nrf52832_xxaa_timers.c.o
 .debug_aranges
                0x00000660       0x80 _build/nrf52832_xxaa_boards.c.o
 .debug_aranges
                0x000006e0       0xb0 _build/nrf52832_xxaa_nrf_drv_clock.c.o
 .debug_aranges
                0x00000790       0x28 _build/nrf52832_xxaa_nrf_drv_common.c.o
 .debug_aranges
                0x000007b8       0xd8 _build/nrf52832_xxaa_nrf_drv_gpiote.c.o
 .debug_aranges
                0x00000890       0x70 _build/nrf52832_xxaa_nrf_drv_uart.c.o
 .debug_aranges
                0x00000900       0x78 _build/nrf52832_xxaa_bsp.c.o
 .debug_aranges
                0x00000978       0x30 _build/nrf52832_xxaa_bsp_btn_ble.c.o
 .debug_aranges
                0x000009a8       0xb8 _build/nrf52832_xxaa_main.c.o
 .debug_aranges
                0x00000a60       0xa0 _build/nrf52832_xxaa_SEGGER_RTT.c.o
 .debug_aranges
                0x00000b00       0x28 _build/nrf52832_xxaa_system_nrf52.c.o
 .debug_aranges
                0x00000b28       0x68 _build/nrf52832_xxaa_ble_db_discovery.c.o
 .debug_aranges
                0x00000b90       0x58 _build/nrf52832_xxaa_ble_nus_c.c.o
 .debug_aranges
                0x00000be8       0xb8 _build/nrf52832_xxaa_softdevice_handler.c.o

.debug_ranges   0x00000000     0x3f88
 .debug_ranges  0x00000000      0x1a8 _build/nrf52832_xxaa_nrf_log_backend_serial.c.o
 .debug_ranges  0x000001a8      0x2e8 _build/nrf52832_xxaa_nrf_log_frontend.c.o
 .debug_ranges  0x00000490       0xa0 _build/nrf52832_xxaa_app_button.c.o
 .debug_ranges  0x00000530       0x20 _build/nrf52832_xxaa_app_error.c.o
 .debug_ranges  0x00000550       0x10 _build/nrf52832_xxaa_app_error_weak.c.o
 .debug_ranges  0x00000560       0x30 _build/nrf52832_xxaa_app_timer_freertos.c.o
 .debug_ranges  0x00000590       0x58 _build/nrf52832_xxaa_app_util_platform.c.o
 .debug_ranges  0x000005e8       0x50 _build/nrf52832_xxaa_app_uart_fifo.c.o
 .debug_ranges  0x00000638      0x128 _build/nrf52832_xxaa_app_fifo.c.o
 .debug_ranges  0x00000760       0x28 _build/nrf52832_xxaa_heap_1.c.o
 .debug_ranges  0x00000788       0x30 _build/nrf52832_xxaa_list.c.o
 .debug_ranges  0x000007b8       0x20 _build/nrf52832_xxaa_port.c.o
 .debug_ranges  0x000007d8       0x50 _build/nrf52832_xxaa_port_cmsis.c.o
 .debug_ranges  0x00000828      0x210 _build/nrf52832_xxaa_port_cmsis_systick.c.o
 .debug_ranges  0x00000a38      0x228 _build/nrf52832_xxaa_queue.c.o
 .debug_ranges  0x00000c60      0x5e0 _build/nrf52832_xxaa_tasks.c.o
 .debug_ranges  0x00001240      0x230 _build/nrf52832_xxaa_timers.c.o
 .debug_ranges  0x00001470      0x160 _build/nrf52832_xxaa_boards.c.o
 .debug_ranges  0x000015d0      0x3b0 _build/nrf52832_xxaa_nrf_drv_clock.c.o
 .debug_ranges  0x00001980       0x38 _build/nrf52832_xxaa_nrf_drv_common.c.o
 .debug_ranges  0x000019b8      0x8b8 _build/nrf52832_xxaa_nrf_drv_gpiote.c.o
 .debug_ranges  0x00002270      0x850 _build/nrf52832_xxaa_nrf_drv_uart.c.o
 .debug_ranges  0x00002ac0      0x1d0 _build/nrf52832_xxaa_bsp.c.o
 .debug_ranges  0x00002c90       0x90 _build/nrf52832_xxaa_bsp_btn_ble.c.o
 .debug_ranges  0x00002d20      0x300 _build/nrf52832_xxaa_main.c.o
 .debug_ranges  0x00003020      0x6b0 _build/nrf52832_xxaa_SEGGER_RTT.c.o
 .debug_ranges  0x000036d0      0x108 _build/nrf52832_xxaa_system_nrf52.c.o
 .debug_ranges  0x000037d8      0x570 _build/nrf52832_xxaa_ble_db_discovery.c.o
 .debug_ranges  0x00003d48       0x48 _build/nrf52832_xxaa_ble_nus_c.c.o
 .debug_ranges  0x00003d90      0x1f8 _build/nrf52832_xxaa_softdevice_handler.c.o

.debug_macro    0x00000000    0x1ae84
 .debug_macro   0x00000000      0x359 _build/nrf52832_xxaa_nrf_log_backend_serial.c.o
 .debug_macro   0x00000359      0x8f2 _build/nrf52832_xxaa_nrf_log_backend_serial.c.o
 .debug_macro   0x00000c4b       0x22 _build/nrf52832_xxaa_nrf_log_backend_serial.c.o
 .debug_macro   0x00000c6d       0x44 _build/nrf52832_xxaa_nrf_log_backend_serial.c.o
 .debug_macro   0x00000cb1       0xe3 _build/nrf52832_xxaa_nrf_log_backend_serial.c.o
 .debug_macro   0x00000d94       0x22 _build/nrf52832_xxaa_nrf_log_backend_serial.c.o
 .debug_macro   0x00000db6      0x1df _build/nrf52832_xxaa_nrf_log_backend_serial.c.o
 .debug_macro   0x00000f95       0x22 _build/nrf52832_xxaa_nrf_log_backend_serial.c.o
 .debug_macro   0x00000fb7       0x58 _build/nrf52832_xxaa_nrf_log_backend_serial.c.o
 .debug_macro   0x0000100f       0x35 _build/nrf52832_xxaa_nrf_log_backend_serial.c.o
 .debug_macro   0x00001044       0x9c _build/nrf52832_xxaa_nrf_log_backend_serial.c.o
 .debug_macro   0x000010e0      0x166 _build/nrf52832_xxaa_nrf_log_backend_serial.c.o
 .debug_macro   0x00001246       0x52 _build/nrf52832_xxaa_nrf_log_backend_serial.c.o
 .debug_macro   0x00001298       0x16 _build/nrf52832_xxaa_nrf_log_backend_serial.c.o
 .debug_macro   0x000012ae       0x43 _build/nrf52832_xxaa_nrf_log_backend_serial.c.o
 .debug_macro   0x000012f1      0x180 _build/nrf52832_xxaa_nrf_log_backend_serial.c.o
 .debug_macro   0x00001471      0x29d _build/nrf52832_xxaa_nrf_log_backend_serial.c.o
 .debug_macro   0x0000170e       0x10 _build/nrf52832_xxaa_nrf_log_backend_serial.c.o
 .debug_macro   0x0000171e       0x35 _build/nrf52832_xxaa_nrf_log_backend_serial.c.o
 .debug_macro   0x00001753      0x37b _build/nrf52832_xxaa_nrf_log_backend_serial.c.o
 .debug_macro   0x00001ace      0x167 _build/nrf52832_xxaa_nrf_log_backend_serial.c.o
 .debug_macro   0x00001c35       0x2e _build/nrf52832_xxaa_nrf_log_backend_serial.c.o
 .debug_macro   0x00001c63       0x22 _build/nrf52832_xxaa_nrf_log_backend_serial.c.o
 .debug_macro   0x00001c85       0x9a _build/nrf52832_xxaa_nrf_log_backend_serial.c.o
 .debug_macro   0x00001d1f       0x9d _build/nrf52832_xxaa_nrf_log_backend_serial.c.o
 .debug_macro   0x00001dbc       0x28 _build/nrf52832_xxaa_nrf_log_backend_serial.c.o
 .debug_macro   0x00001de4       0x2d _build/nrf52832_xxaa_nrf_log_backend_serial.c.o
 .debug_macro   0x00001e11       0x3b _build/nrf52832_xxaa_nrf_log_backend_serial.c.o
 .debug_macro   0x00001e4c       0x50 _build/nrf52832_xxaa_nrf_log_backend_serial.c.o
 .debug_macro   0x00001e9c      0xe66 _build/nrf52832_xxaa_nrf_log_backend_serial.c.o
 .debug_macro   0x00002d02      0x392 _build/nrf52832_xxaa_nrf_log_backend_serial.c.o
 .debug_macro   0x00003094     0xcc76 _build/nrf52832_xxaa_nrf_log_backend_serial.c.o
 .debug_macro   0x0000fd0a     0x130f _build/nrf52832_xxaa_nrf_log_backend_serial.c.o
 .debug_macro   0x00011019       0x82 _build/nrf52832_xxaa_nrf_log_backend_serial.c.o
 .debug_macro   0x0001109b      0x394 _build/nrf52832_xxaa_nrf_log_backend_serial.c.o
 .debug_macro   0x0001142f       0x49 _build/nrf52832_xxaa_nrf_log_backend_serial.c.o
 .debug_macro   0x00011478       0x16 _build/nrf52832_xxaa_nrf_log_backend_serial.c.o
 .debug_macro   0x0001148e       0x40 _build/nrf52832_xxaa_nrf_log_backend_serial.c.o
 .debug_macro   0x000114ce       0x64 _build/nrf52832_xxaa_nrf_log_backend_serial.c.o
 .debug_macro   0x00011532       0x2e _build/nrf52832_xxaa_nrf_log_backend_serial.c.o
 .debug_macro   0x00011560       0x1c _build/nrf52832_xxaa_nrf_log_backend_serial.c.o
 .debug_macro   0x0001157c       0x10 _build/nrf52832_xxaa_nrf_log_backend_serial.c.o
 .debug_macro   0x0001158c       0x10 _build/nrf52832_xxaa_nrf_log_backend_serial.c.o