Archive member included because of file (symbol)

c:/program files (x86)/gnu tools arm embedded/4.9 2015q3/bin/../lib/gcc/arm-none-eabi/4.9.3/../../../../arm-none-eabi/lib/armv7e-m/fpu\libc_nano.a(lib_a-exit.o)
                              c:/program files (x86)/gnu tools arm embedded/4.9 2015q3/bin/../lib/gcc/arm-none-eabi/4.9.3/../../../../arm-none-eabi/lib/armv7e-m/fpu/crt0.o (exit)
c:/program files (x86)/gnu tools arm embedded/4.9 2015q3/bin/../lib/gcc/arm-none-eabi/4.9.3/../../../../arm-none-eabi/lib/armv7e-m/fpu\libc_nano.a(lib_a-impure.o)
                              c:/program files (x86)/gnu tools arm embedded/4.9 2015q3/bin/../lib/gcc/arm-none-eabi/4.9.3/../../../../arm-none-eabi/lib/armv7e-m/fpu\libc_nano.a(lib_a-exit.o) (_global_impure_ptr)
c:/program files (x86)/gnu tools arm embedded/4.9 2015q3/bin/../lib/gcc/arm-none-eabi/4.9.3/../../../../arm-none-eabi/lib/armv7e-m/fpu\libc_nano.a(lib_a-init.o)
                              c:/program files (x86)/gnu tools arm embedded/4.9 2015q3/bin/../lib/gcc/arm-none-eabi/4.9.3/../../../../arm-none-eabi/lib/armv7e-m/fpu/crt0.o (__libc_init_array)
c:/program files (x86)/gnu tools arm embedded/4.9 2015q3/bin/../lib/gcc/arm-none-eabi/4.9.3/../../../../arm-none-eabi/lib/armv7e-m/fpu\libc_nano.a(lib_a-memset.o)
                              c:/program files (x86)/gnu tools arm embedded/4.9 2015q3/bin/../lib/gcc/arm-none-eabi/4.9.3/../../../../arm-none-eabi/lib/armv7e-m/fpu/crt0.o (memset)
c:/program files (x86)/gnu tools arm embedded/4.9 2015q3/bin/../lib/gcc/arm-none-eabi/4.9.3/../../../../arm-none-eabi/lib/armv7e-m/fpu\libnosys.a(_exit.o)
                              c:/program files (x86)/gnu tools arm embedded/4.9 2015q3/bin/../lib/gcc/arm-none-eabi/4.9.3/../../../../arm-none-eabi/lib/armv7e-m/fpu\libc_nano.a(lib_a-exit.o) (_exit)
c:/program files (x86)/gnu tools arm embedded/4.9 2015q3/bin/../lib/gcc/arm-none-eabi/4.9.3/../../../../arm-none-eabi/lib/armv7e-m/fpu\libm.a(lib_a-s_floor.o)
                              _build/nrf52832_xxaa_main.c.o (floor)
c:/program files (x86)/gnu tools arm embedded/4.9 2015q3/bin/../lib/gcc/arm-none-eabi/4.9.3/armv7e-m/fpu\libgcc.a(_arm_addsubdf3.o)
                              c:/program files (x86)/gnu tools arm embedded/4.9 2015q3/bin/../lib/gcc/arm-none-eabi/4.9.3/../../../../arm-none-eabi/lib/armv7e-m/fpu\libm.a(lib_a-s_floor.o) (__aeabi_dadd)
c:/program files (x86)/gnu tools arm embedded/4.9 2015q3/bin/../lib/gcc/arm-none-eabi/4.9.3/armv7e-m/fpu\libgcc.a(_arm_cmpdf2.o)
                              c:/program files (x86)/gnu tools arm embedded/4.9 2015q3/bin/../lib/gcc/arm-none-eabi/4.9.3/../../../../arm-none-eabi/lib/armv7e-m/fpu\libm.a(lib_a-s_floor.o) (__aeabi_dcmpgt)
c:/program files (x86)/gnu tools arm embedded/4.9 2015q3/bin/../lib/gcc/arm-none-eabi/4.9.3/armv7e-m/fpu\libgcc.a(_arm_fixunsdfsi.o)
                              _build/nrf52832_xxaa_main.c.o (__aeabi_d2uiz)
c:/program files (x86)/gnu tools arm embedded/4.9 2015q3/bin/../lib/gcc/arm-none-eabi/4.9.3/../../../../arm-none-eabi/lib/armv7e-m/fpu\libc_nano.a(lib_a-ctype_.o)
                              _build/nrf52832_xxaa_nrf_log_backend_serial.c.o (__ctype_ptr__)
c:/program files (x86)/gnu tools arm embedded/4.9 2015q3/bin/../lib/gcc/arm-none-eabi/4.9.3/../../../../arm-none-eabi/lib/armv7e-m/fpu\libc_nano.a(lib_a-memcmp.o)
                              _build/nrf52832_xxaa_main.c.o (memcmp)
c:/program files (x86)/gnu tools arm embedded/4.9 2015q3/bin/../lib/gcc/arm-none-eabi/4.9.3/../../../../arm-none-eabi/lib/armv7e-m/fpu\libc_nano.a(lib_a-memcpy.o)
                              _build/nrf52832_xxaa_nrf_log_backend_serial.c.o (memcpy)
c:/program files (x86)/gnu tools arm embedded/4.9 2015q3/bin/../lib/gcc/arm-none-eabi/4.9.3/../../../../arm-none-eabi/lib/armv7e-m/fpu\libc_nano.a(lib_a-snprintf.o)
                              _build/nrf52832_xxaa_nrf_log_backend_serial.c.o (snprintf)
c:/program files (x86)/gnu tools arm embedded/4.9 2015q3/bin/../lib/gcc/arm-none-eabi/4.9.3/../../../../arm-none-eabi/lib/armv7e-m/fpu\libc_nano.a(lib_a-strcpy.o)
                              _build/nrf52832_xxaa_SEGGER_RTT.c.o (strcpy)
c:/program files (x86)/gnu tools arm embedded/4.9 2015q3/bin/../lib/gcc/arm-none-eabi/4.9.3/../../../../arm-none-eabi/lib/armv7e-m/fpu\libc_nano.a(lib_a-strlen.o)
                              _build/nrf52832_xxaa_nrf_log_backend_serial.c.o (strlen)
c:/program files (x86)/gnu tools arm embedded/4.9 2015q3/bin/../lib/gcc/arm-none-eabi/4.9.3/../../../../arm-none-eabi/lib/armv7e-m/fpu\libc_nano.a(lib_a-nano-svfprintf.o)
                              c:/program files (x86)/gnu tools arm embedded/4.9 2015q3/bin/../lib/gcc/arm-none-eabi/4.9.3/../../../../arm-none-eabi/lib/armv7e-m/fpu\libc_nano.a(lib_a-snprintf.o) (_svfprintf_r)
c:/program files (x86)/gnu tools arm embedded/4.9 2015q3/bin/../lib/gcc/arm-none-eabi/4.9.3/../../../../arm-none-eabi/lib/armv7e-m/fpu\libc_nano.a(lib_a-nano-vfprintf_i.o)
[...]
Memory Configuration

Name             Origin             Length             Attributes
FLASH            0x0001f000         0x00061000         xr
RAM              0x20004388         0x0000bc78         xrw
*default*        0x00000000         0xffffffff

Linker script and memory map


.text           0x0001f000    0x137fc
 *(.isr_vector)
 .isr_vector    0x0001f000      0x400 _build/nrf52832_xxaa_gcc_startup_nrf52.S.o
                0x0001f000                __isr_vector
 *(.text*)
 .text          0x0001f400       0x5c c:/program files (x86)/gnu tools arm embedded/4.9 2015q3/bin/../lib/gcc/arm-none-eabi/4.9.3/armv7e-m/fpu/crtbegin.o
 .text          0x0001f45c       0x74 c:/program files (x86)/gnu tools arm embedded/4.9 2015q3/bin/../lib/gcc/arm-none-eabi/4.9.3/../../../../arm-none-eabi/lib/armv7e-m/fpu/crt0.o
                0x0001f45c                _start
                0x0001f45c                _mainCRTStartup
 .text.exit     0x0001f4d0       0x28 c:/program files (x86)/gnu tools arm embedded/4.9 2015q3/bin/../lib/gcc/arm-none-eabi/4.9.3/../../../../arm-none-eabi/lib/armv7e-m/fpu\libc_nano.a(lib_a-exit.o)
                0x0001f4d0                exit
 .text.__libc_init_array
                0x0001f4f8       0x4c c:/program files (x86)/gnu tools arm embedded/4.9 2015q3/bin/../lib/gcc/arm-none-eabi/4.9.3/../../../../arm-none-eabi/lib/armv7e-m/fpu\libc_nano.a(lib_a-init.o)
                0x0001f4f8                __libc_init_array
 .text.memset   0x0001f544       0x10 c:/program files (x86)/gnu tools arm embedded/4.9 2015q3/bin/../lib/gcc/arm-none-eabi/4.9.3/../../../../arm-none-eabi/lib/armv7e-m/fpu\libc_nano.a(lib_a-memset.o)
                0x0001f544                memset
 .text._exit    0x0001f554        0x4 c:/program files (x86)/gnu tools arm embedded/4.9 2015q3/bin/../lib/gcc/arm-none-eabi/4.9.3/../../../../arm-none-eabi/lib/armv7e-m/fpu\libnosys.a(_exit.o)
                0x0001f554                _exit
 .text.nrf_log_backend_serial_hexdump_handler
                0x0001f558      0x27c _build/nrf52832_xxaa_nrf_log_backend_serial.c.o
 .text.nrf_log_backend_serial_std_handler
                0x0001f7d4      0x194 _build/nrf52832_xxaa_nrf_log_backend_serial.c.o
 .text.nrf_log_backend_init
                0x0001f968       0x28 _build/nrf52832_xxaa_nrf_log_backend_serial.c.o
                0x0001f968                nrf_log_backend_init
 .text.nrf_log_backend_std_handler_get
                0x0001f990        0x8 _build/nrf52832_xxaa_nrf_log_backend_serial.c.o
                0x0001f990                nrf_log_backend_std_handler_get
 .text.nrf_log_backend_hexdump_handler_get
                0x0001f998        0x8 _build/nrf52832_xxaa_nrf_log_backend_serial.c.o
                0x0001f998                nrf_log_backend_hexdump_handler_get
 .text.nrf_log_init
                0x0001f9a0       0x30 _build/nrf52832_xxaa_nrf_log_frontend.c.o
                0x0001f9a0                nrf_log_init
 .text.nrf_log_blocking_backend_set
                0x0001f9d0        0x8 _build/nrf52832_xxaa_nrf_log_frontend.c.o
                0x0001f9d0                nrf_log_blocking_backend_set
 .text.nrf_log_frontend_std_0
                0x0001f9d8       0xb0 _build/nrf52832_xxaa_nrf_log_frontend.c.o
                0x0001f9d8                nrf_log_frontend_std_0
 .text.nrf_log_frontend_std_1
                0x0001fa88       0xcc _build/nrf52832_xxaa_nrf_log_frontend.c.o
                0x0001fa88                nrf_log_frontend_std_1
 .text.nrf_log_frontend_std_2
                0x0001fb54       0xcc _build/nrf52832_xxaa_nrf_log_frontend.c.o
                0x0001fb54                nrf_log_frontend_std_2
 .text.nrf_log_frontend_std_3
                0x0001fc20       0xe0 _build/nrf52832_xxaa_nrf_log_frontend.c.o
                0x0001fc20                nrf_log_frontend_std_3
 .text.nrf_log_frontend_std_5
                0x0001fd00       0xf0 _build/nrf52832_xxaa_nrf_log_frontend.c.o
                0x0001fd00                nrf_log_frontend_std_5
 .text.nrf_log_frontend_std_6
                0x0001fdf0      0x100 _build/nrf52832_xxaa_nrf_log_frontend.c.o
                0x0001fdf0                nrf_log_frontend_std_6
 .text.nrf_log_frontend_dequeue
                0x0001fef0      0x13c _build/nrf52832_xxaa_nrf_log_frontend.c.o
                0x0001fef0                nrf_log_frontend_dequeue
 .text.detection_delay_timeout_handler
                0x0002002c       0xa4 _build/nrf52832_xxaa_app_button.c.o
 .text.gpiote_event_handler
                0x000200d0       0x5c _build/nrf52832_xxaa_app_button.c.o
 .text.app_button_init
                0x0002012c       0xb0 _build/nrf52832_xxaa_app_button.c.o
                0x0002012c                app_button_init
 .text.app_button_enable
                0x000201dc       0x2c _build/nrf52832_xxaa_app_button.c.o
                0x000201dc                app_button_enable
 .text.app_error_handler_bare
                0x00020208       0x20 _build/nrf52832_xxaa_app_error.c.o
                0x00020208                app_error_handler_bare
 .text.app_error_fault_handler
                0x00020228       0x78 _build/nrf52832_xxaa_app_error_weak.c.o
                0x00020228                app_error_fault_handler
 .text.app_timer_callback
                0x000202a0       0x18 _build/nrf52832_xxaa_app_timer_freertos.c.o
 .text.app_timer_init
                0x000202b8       0x10 _build/nrf52832_xxaa_app_timer_freertos.c.o
                0x000202b8                app_timer_init
 .text.app_timer_create
                0x000202c8       0x58 _build/nrf52832_xxaa_app_timer_freertos.c.o
                0x000202c8                app_timer_create
 .text.app_timer_start
                0x00020320       0xe4 _build/nrf52832_xxaa_app_timer_freertos.c.o
                0x00020320                app_timer_start
 .text.app_timer_stop
                0x00020404       0x60 _build/nrf52832_xxaa_app_timer_freertos.c.o
                0x00020404                app_timer_stop
 .text.app_util_critical_region_enter
                0x00020464       0x50 _build/nrf52832_xxaa_app_util_platform.c.o
                0x00020464                app_util_critical_region_enter
 .text.app_util_critical_region_exit
                0x000204b4       0x30 _build/nrf52832_xxaa_app_util_platform.c.o
                0x000204b4                app_util_critical_region_exit
 .text.uart_event_handler
                0x000204e4       0xc8 _build/nrf52832_xxaa_app_uart_fifo.c.o
 .text.app_uart_init
                0x000205ac       0xec _build/nrf52832_xxaa_app_uart_fifo.c.o
                0x000205ac                app_uart_init
 .text.app_uart_flush
                0x00020698       0x20 _build/nrf52832_xxaa_app_uart_fifo.c.o
                0x00020698                app_uart_flush
 .text.app_uart_get
                0x000206b8       0x40 _build/nrf52832_xxaa_app_uart_fifo.c.o
                0x000206b8                app_uart_get
 .text.app_uart_put
                0x000206f8       0x44 _build/nrf52832_xxaa_app_uart_fifo.c.o
                0x000206f8                app_uart_put
 .text.app_fifo_init
                0x0002073c       0x20 _build/nrf52832_xxaa_app_fifo.c.o
                0x0002073c                app_fifo_init
 .text.app_fifo_put
                0x0002075c       0x30 _build/nrf52832_xxaa_app_fifo.c.o
                0x0002075c                app_fifo_put
 .text.app_fifo_get
                0x0002078c       0x2c _build/nrf52832_xxaa_app_fifo.c.o
                0x0002078c                app_fifo_get
 .text.app_fifo_flush
                0x000207b8        0xc _build/nrf52832_xxaa_app_fifo.c.o
                0x000207b8                app_fifo_flush
 .text.write_space_reserve
                0x000207c4       0x60 _build/nrf52832_xxaa_fds.c.o
 .text.record_find_by_desc
                0x00020824       0xd4 _build/nrf52832_xxaa_fds.c.o
 .text.queue_process
                0x000208f8      0xa00 _build/nrf52832_xxaa_fds.c.o
 .text.fs_event_handler
                0x000212f8        0x8 _build/nrf52832_xxaa_fds.c.o
 .text.fds_register
                0x00021300       0x28 _build/nrf52832_xxaa_fds.c.o
                0x00021300                fds_register
 .text.fds_init
                0x00021328      0x304 _build/nrf52832_xxaa_fds.c.o
                0x00021328                fds_init
 .text.fds_record_open
                0x0002162c       0x48 _build/nrf52832_xxaa_fds.c.o
                0x0002162c                fds_record_open
 .text.fds_record_close
                0x00021674       0x48 _build/nrf52832_xxaa_fds.c.o
                0x00021674                fds_record_close
 .text.fds_reserve
                0x000216bc       0x80 _build/nrf52832_xxaa_fds.c.o
                0x000216bc                fds_reserve
 .text.fds_reserve_cancel
                0x0002173c       0x5c _build/nrf52832_xxaa_fds.c.o
                0x0002173c                fds_reserve_cancel
 .text.fds_record_write
                0x00021798      0x20c _build/nrf52832_xxaa_fds.c.o
                0x00021798                fds_record_write
 .text.fds_record_write_reserved
                0x000219a4      0x18c _build/nrf52832_xxaa_fds.c.o
                0x000219a4                fds_record_write_reserved
 .text.fds_record_update
                0x00021b30      0x1c4 _build/nrf52832_xxaa_fds.c.o
                0x00021b30                fds_record_update
 .text.fds_file_delete
                0x00021cf4       0x80 _build/nrf52832_xxaa_fds.c.o
                0x00021cf4                fds_file_delete
 .text.fds_gc   0x00021d74       0x70 _build/nrf52832_xxaa_fds.c.o
                0x00021d74                fds_gc
 .text.fds_record_find
                0x00021de4       0xd4 _build/nrf52832_xxaa_fds.c.o
                0x00021de4                fds_record_find
 .text.fds_record_find_by_key
                0x00021eb8       0xd0 _build/nrf52832_xxaa_fds.c.o
                0x00021eb8                fds_record_find_by_key
 .text.fds_record_find_in_file
                0x00021f88       0xd0 _build/nrf52832_xxaa_fds.c.o
                0x00021f88                fds_record_find_in_file
 .text.fds_record_id_from_desc
                0x00022058       0x10 _build/nrf52832_xxaa_fds.c.o
                0x00022058                fds_record_id_from_desc
 .text.sd_flash_write
                0x00022068        0x4 _build/nrf52832_xxaa_fstorage.c.o
 .text.sd_flash_page_erase
                0x0002206c        0x4 _build/nrf52832_xxaa_fstorage.c.o
 .text.unlikely.queue_get_next_free
                0x00022070       0x38 _build/nrf52832_xxaa_fstorage.c.o
 .text.unlikely.queue_start
                0x000220a8       0xdc _build/nrf52832_xxaa_fstorage.c.o
 .text.fs_init  0x00022184       0xb8 _build/nrf52832_xxaa_fstorage.c.o
                0x00022184                fs_init
 .text.fs_store
                0x0002223c       0x94 _build/nrf52832_xxaa_fstorage.c.o
                0x0002223c                fs_store
 .text.fs_erase
                0x000222d0       0x90 _build/nrf52832_xxaa_fstorage.c.o
                0x000222d0                fs_erase
 .text.fs_queued_op_count_get
                0x00022360       0x14 _build/nrf52832_xxaa_fstorage.c.o
                0x00022360                fs_queued_op_count_get
 .text.sdk_mapped_flags_first_key_index_get
                0x00022374       0x48 _build/nrf52832_xxaa_sdk_mapped_flags.c.o
                0x00022374                sdk_mapped_flags_first_key_index_get
 .text.sdk_mapped_flags_update_by_key
                0x000223bc       0x90 _build/nrf52832_xxaa_sdk_mapped_flags.c.o
                0x000223bc                sdk_mapped_flags_update_by_key
 .text.sdk_mapped_flags_bulk_update_by_key
                0x0002244c      0x210 _build/nrf52832_xxaa_sdk_mapped_flags.c.o
                0x0002244c                sdk_mapped_flags_bulk_update_by_key
 .text.sdk_mapped_flags_get_by_key
                0x0002265c       0x5c _build/nrf52832_xxaa_sdk_mapped_flags.c.o
                0x0002265c                sdk_mapped_flags_get_by_key
 .text.sdk_mapped_flags_key_list_get
                0x000226b8       0x80 _build/nrf52832_xxaa_sdk_mapped_flags.c.o
                0x000226b8                sdk_mapped_flags_key_list_get
 .text.sdk_mapped_flags_n_flags_set
                0x00022738       0x48 _build/nrf52832_xxaa_sdk_mapped_flags.c.o
                0x00022738                sdk_mapped_flags_n_flags_set
 .text.xEventGroupCreate
                0x00022780       0x1c _build/nrf52832_xxaa_event_groups.c.o
                0x00022780                xEventGroupCreate
 .text.xEventGroupClearBits
                0x0002279c       0x1c _build/nrf52832_xxaa_event_groups.c.o
                0x0002279c                xEventGroupClearBits
 .text.xEventGroupSetBits
                0x000227b8       0x70 _build/nrf52832_xxaa_event_groups.c.o
                0x000227b8                xEventGroupSetBits
 .text.pvPortMalloc
                0x00022828       0x58 _build/nrf52832_xxaa_heap_1.c.o
                0x00022828                pvPortMalloc
 .text.vPortFree
                0x00022880        0x4 _build/nrf52832_xxaa_heap_1.c.o
                0x00022880                vPortFree
 .text.xPortGetFreeHeapSize
                0x00022884       0x10 _build/nrf52832_xxaa_heap_1.c.o
                0x00022884                xPortGetFreeHeapSize
 .text.vListInitialise
                0x00022894       0x18 _build/nrf52832_xxaa_list.c.o
                0x00022894                vListInitialise
 .text.vListInitialiseItem
                0x000228ac        0x8 _build/nrf52832_xxaa_list.c.o
                0x000228ac                vListInitialiseItem
 .text.vListInsertEnd
                0x000228b4       0x18 _build/nrf52832_xxaa_list.c.o
                0x000228b4                vListInsertEnd
 .text.vListInsert
                0x000228cc       0x34 _build/nrf52832_xxaa_list.c.o
                0x000228cc                vListInsert
 .text.uxListRemove
                0x00022900       0x24 _build/nrf52832_xxaa_list.c.o
                0x00022900                uxListRemove
 .text.vPortStartFirstTask
                0x00022924       0x24 _build/nrf52832_xxaa_port.c.o
                0x00022924                vPortStartFirstTask
 .text.SVC_Handler
                0x00022948       0x20 _build/nrf52832_xxaa_port.c.o
                0x00022948                SVC_Handler
 .text.PendSV_Handler
                0x00022968       0x60 _build/nrf52832_xxaa_port.c.o
                0x00022968                PendSV_Handler
 .text.prvTaskExitError
                0x000229c8        0x8 _build/nrf52832_xxaa_port_cmsis.c.o
 .text.pxPortInitialiseStack
                0x000229d0       0x2c _build/nrf52832_xxaa_port_cmsis.c.o
                0x000229d0                pxPortInitialiseStack
 .text.xPortStartScheduler
                0x000229fc       0x4c _build/nrf52832_xxaa_port_cmsis.c.o
                0x000229fc                xPortStartScheduler
 .text.vPortEnterCritical
                0x00022a48       0x14 _build/nrf52832_xxaa_port_cmsis.c.o
                0x00022a48                vPortEnterCritical
 .text.vPortExitCritical
                0x00022a5c       0x14 _build/nrf52832_xxaa_port_cmsis.c.o
                0x00022a5c                vPortExitCritical
 .text.RTC1_IRQHandler
                0x00022a70       0x4c _build/nrf52832_xxaa_port_cmsis_systick.c.o
                0x00022a70                RTC1_IRQHandler
 .text.vPortSetupTimerInterrupt
                0x00022abc       0x38 _build/nrf52832_xxaa_port_cmsis_systick.c.o
                0x00022abc                vPortSetupTimerInterrupt
 .text.vPortSuppressTicksAndSleep
                0x00022af4      0x120 _build/nrf52832_xxaa_port_cmsis_systick.c.o
                0x00022af4                vPortSuppressTicksAndSleep
 .text.xQueueGenericCreate
                0x00022c14       0x70 _build/nrf52832_xxaa_queue.c.o
                0x00022c14                xQueueGenericCreate
 .text.xQueueGenericSend
                0x00022c84      0x320 _build/nrf52832_xxaa_queue.c.o
                0x00022c84                xQueueGenericSend
 .text.xQueueCreateMutex
                0x00022fa4       0x44 _build/nrf52832_xxaa_queue.c.o
                0x00022fa4                xQueueCreateMutex
 .text.xQueueGenericSendFromISR
                0x00022fe8       0xd8 _build/nrf52832_xxaa_queue.c.o
                0x00022fe8                xQueueGenericSendFromISR
 .text.xQueueGiveFromISR
                0x000230c0       0x54 _build/nrf52832_xxaa_queue.c.o
                0x000230c0                xQueueGiveFromISR
 .text.xQueueGenericReceive
                0x00023114      0x2d4 _build/nrf52832_xxaa_queue.c.o
                0x00023114                xQueueGenericReceive
 .text.vQueueAddToRegistry
                0x000233e8       0x24 _build/nrf52832_xxaa_queue.c.o
                0x000233e8                vQueueAddToRegistry
 .text.vQueueWaitForMessageRestricted
                0x0002340c       0xb0 _build/nrf52832_xxaa_queue.c.o
                0x0002340c                vQueueWaitForMessageRestricted
 .text.xTaskGenericCreate
                0x000234bc      0x1ec _build/nrf52832_xxaa_tasks.c.o
                0x000234bc                xTaskGenericCreate
 .text.vTaskDelete
                0x000236a8       0xe0 _build/nrf52832_xxaa_tasks.c.o
                0x000236a8                vTaskDelete
 .text.vTaskSuspend
                0x00023788      0x128 _build/nrf52832_xxaa_tasks.c.o
                0x00023788                vTaskSuspend
 .text.vTaskResume
                0x000238b0       0x98 _build/nrf52832_xxaa_tasks.c.o
                0x000238b0                vTaskResume
 .text.vTaskStartScheduler
                0x00023948      0x1a4 _build/nrf52832_xxaa_tasks.c.o
                0x00023948                vTaskStartScheduler
 .text.vTaskSuspendAll
                0x00023aec       0x10 _build/nrf52832_xxaa_tasks.c.o
                0x00023aec                vTaskSuspendAll
 .text.xTaskGetTickCount
                0x00023afc        0xc _build/nrf52832_xxaa_tasks.c.o
                0x00023afc                xTaskGetTickCount
 .text.xTaskGetTickCountFromISR
                0x00023b08        0xc _build/nrf52832_xxaa_tasks.c.o
                0x00023b08                xTaskGetTickCountFromISR
 .text.vTaskStepTick
                0x00023b14       0x10 _build/nrf52832_xxaa_tasks.c.o
                0x00023b14                vTaskStepTick
 .text.xTaskIncrementTick
                0x00023b24      0x11c _build/nrf52832_xxaa_tasks.c.o
                0x00023b24                xTaskIncrementTick
 .text.xTaskResumeAll
                0x00023c40       0xf4 _build/nrf52832_xxaa_tasks.c.o
                0x00023c40                xTaskResumeAll
 .text.vTaskDelay
                0x00023d34       0xa0 _build/nrf52832_xxaa_tasks.c.o
                0x00023d34                vTaskDelay
 .text.prvIdleTask
                0x00023dd4       0xec _build/nrf52832_xxaa_tasks.c.o
 .text.vTaskSwitchContext
                0x00023ec0       0x58 _build/nrf52832_xxaa_tasks.c.o
                0x00023ec0                vTaskSwitchContext
 .text.vTaskPlaceOnEventList
                0x00023f18       0x94 _build/nrf52832_xxaa_tasks.c.o
                0x00023f18                vTaskPlaceOnEventList
 .text.vTaskPlaceOnEventListRestricted
                0x00023fac       0x80 _build/nrf52832_xxaa_tasks.c.o
                0x00023fac                vTaskPlaceOnEventListRestricted
 .text.xTaskRemoveFromEventList
                0x0002402c       0x9c _build/nrf52832_xxaa_tasks.c.o
                0x0002402c                xTaskRemoveFromEventList
 .text.xTaskRemoveFromUnorderedEventList
                0x000240c8       0x60 _build/nrf52832_xxaa_tasks.c.o
                0x000240c8                xTaskRemoveFromUnorderedEventList
 .text.vTaskSetTimeOutState
                0x00024128       0x18 _build/nrf52832_xxaa_tasks.c.o
                0x00024128                vTaskSetTimeOutState
 .text.xTaskCheckForTimeOut
                0x00024140       0x60 _build/nrf52832_xxaa_tasks.c.o
                0x00024140                xTaskCheckForTimeOut
 .text.vTaskMissedYield
                0x000241a0        0xc _build/nrf52832_xxaa_tasks.c.o
                0x000241a0                vTaskMissedYield
 .text.eTaskConfirmSleepModeStatus
                0x000241ac       0x20 _build/nrf52832_xxaa_tasks.c.o
                0x000241ac                eTaskConfirmSleepModeStatus
 .text.xTaskGetSchedulerState
                0x000241cc       0x20 _build/nrf52832_xxaa_tasks.c.o
                0x000241cc                xTaskGetSchedulerState
 .text.vTaskPriorityInherit
                0x000241ec       0x9c _build/nrf52832_xxaa_tasks.c.o
                0x000241ec                vTaskPriorityInherit
 .text.xTaskPriorityDisinherit
                0x00024288       0x84 _build/nrf52832_xxaa_tasks.c.o
                0x00024288                xTaskPriorityDisinherit
 .text.pvTaskIncrementMutexHeldCount
                0x0002430c       0x18 _build/nrf52832_xxaa_tasks.c.o
                0x0002430c                pvTaskIncrementMutexHeldCount
 .text.xTimerCreateTimerTask
                0x00024324       0x88 _build/nrf52832_xxaa_timers.c.o
                0x00024324                xTimerCreateTimerTask
 .text.xTimerCreate
                0x000243ac       0xa8 _build/nrf52832_xxaa_timers.c.o
                0x000243ac                xTimerCreate
 .text.xTimerGenericCommand
                0x00024454       0x58 _build/nrf52832_xxaa_timers.c.o
                0x00024454                xTimerGenericCommand
 .text.prvTimerTask
                0x000244ac      0x2c8 _build/nrf52832_xxaa_timers.c.o
 .text.xTimerIsTimerActive
                0x00024774       0x18 _build/nrf52832_xxaa_timers.c.o
                0x00024774                xTimerIsTimerActive
 .text.pvTimerGetTimerID
                0x0002478c       0x14 _build/nrf52832_xxaa_timers.c.o
                0x0002478c                pvTimerGetTimerID
 .text.bsp_board_led_state_get
                0x000247a0       0x1c _build/nrf52832_xxaa_boards.c.o
                0x000247a0                bsp_board_led_state_get
 .text.bsp_board_led_on
                0x000247bc       0x18 _build/nrf52832_xxaa_boards.c.o
                0x000247bc                bsp_board_led_on
 .text.bsp_board_led_off
                0x000247d4       0x18 _build/nrf52832_xxaa_boards.c.o
                0x000247d4                bsp_board_led_off
 .text.bsp_board_leds_off
                0x000247ec       0x2c _build/nrf52832_xxaa_boards.c.o
                0x000247ec                bsp_board_leds_off
 .text.bsp_board_leds_on
                0x00024818       0x2c _build/nrf52832_xxaa_boards.c.o
                0x00024818                bsp_board_leds_on
 .text.bsp_board_led_invert
                0x00024844       0x24 _build/nrf52832_xxaa_boards.c.o
                0x00024844                bsp_board_led_invert
 .text.bsp_board_leds_init
                0x00024868       0x3c _build/nrf52832_xxaa_boards.c.o
                0x00024868                bsp_board_leds_init
 .text.bsp_board_button_state_get
                0x000248a4       0x1c _build/nrf52832_xxaa_boards.c.o
                0x000248a4                bsp_board_button_state_get
 .text.bsp_board_pin_to_button_idx
                0x000248c0       0x24 _build/nrf52832_xxaa_boards.c.o
                0x000248c0                bsp_board_pin_to_button_idx
 .text.bsp_board_button_idx_to_pin
                0x000248e4        0xc _build/nrf52832_xxaa_boards.c.o
                0x000248e4                bsp_board_button_idx_to_pin
 .text.nrf_drv_clock_init
                0x000248f0       0x44 _build/nrf52832_xxaa_nrf_drv_clock.c.o
                0x000248f0                nrf_drv_clock_init
 .text.nrf_drv_clock_lfclk_request
                0x00024934       0x98 _build/nrf52832_xxaa_nrf_drv_clock.c.o
                0x00024934                nrf_drv_clock_lfclk_request
 .text.POWER_CLOCK_IRQHandler
                0x000249cc       0x84 _build/nrf52832_xxaa_nrf_drv_clock.c.o
                0x000249cc                POWER_CLOCK_IRQHandler
 .text.nrf_drv_clock_on_soc_event
                0x00024a50       0x24 _build/nrf52832_xxaa_nrf_drv_clock.c.o
                0x00024a50                nrf_drv_clock_on_soc_event
 .text.nrf_drv_clock_on_sd_enable
                0x00024a74       0x64 _build/nrf52832_xxaa_nrf_drv_clock.c.o
                0x00024a74                nrf_drv_clock_on_sd_enable
 .text.nrf_drv_common_irq_enable
                0x00024ad8       0x50 _build/nrf52832_xxaa_nrf_drv_common.c.o
                0x00024ad8                nrf_drv_common_irq_enable
 .text.nrf_drv_gpiote_init
                0x00024b28       0x84 _build/nrf52832_xxaa_nrf_drv_gpiote.c.o
                0x00024b28                nrf_drv_gpiote_init
 .text.nrf_drv_gpiote_is_init
                0x00024bac       0x14 _build/nrf52832_xxaa_nrf_drv_gpiote.c.o
                0x00024bac                nrf_drv_gpiote_is_init
 .text.nrf_drv_gpiote_in_init
                0x00024bc0      0x194 _build/nrf52832_xxaa_nrf_drv_gpiote.c.o
                0x00024bc0                nrf_drv_gpiote_in_init
 .text.nrf_drv_gpiote_in_event_enable
                0x00024d54       0xc4 _build/nrf52832_xxaa_nrf_drv_gpiote.c.o
                0x00024d54                nrf_drv_gpiote_in_event_enable
 .text.nrf_drv_gpiote_in_is_set
                0x00024e18       0x14 _build/nrf52832_xxaa_nrf_drv_gpiote.c.o
                0x00024e18                nrf_drv_gpiote_in_is_set
 .text.GPIOTE_IRQHandler
                0x00024e2c      0x2c8 _build/nrf52832_xxaa_nrf_drv_gpiote.c.o
                0x00024e2c                GPIOTE_IRQHandler
 .text.nrf_drv_uart_init
                0x000250f4      0x1dc _build/nrf52832_xxaa_nrf_drv_uart.c.o
                0x000250f4                nrf_drv_uart_init
 .text.nrf_drv_uart_tx
                0x000252d0      0x174 _build/nrf52832_xxaa_nrf_drv_uart.c.o
                0x000252d0                nrf_drv_uart_tx
 .text.nrf_drv_uart_tx_in_progress
                0x00025444       0x18 _build/nrf52832_xxaa_nrf_drv_uart.c.o
                0x00025444                nrf_drv_uart_tx_in_progress
 .text.nrf_drv_uart_rx
                0x0002545c      0x254 _build/nrf52832_xxaa_nrf_drv_uart.c.o
                0x0002545c                nrf_drv_uart_rx
 .text.nrf_drv_uart_rx_enable
                0x000256b0       0x4c _build/nrf52832_xxaa_nrf_drv_uart.c.o
                0x000256b0                nrf_drv_uart_rx_enable
 .text.UARTE0_UART0_IRQHandler
                0x000256fc      0x2fc _build/nrf52832_xxaa_nrf_drv_uart.c.o
                0x000256fc                UARTE0_UART0_IRQHandler
 .text.alert_timer_handler
                0x000259f8        0x8 _build/nrf52832_xxaa_bsp.c.o
 .text.bsp_button_event_handler
                0x00025a00       0xb0 _build/nrf52832_xxaa_bsp.c.o
 .text.leds_timer_handler
                0x00025ab0      0x21c _build/nrf52832_xxaa_bsp.c.o
 .text.button_timer_handler
                0x00025ccc       0x30 _build/nrf52832_xxaa_bsp.c.o
 .text.bsp_button_is_pressed
                0x00025cfc        0x4 _build/nrf52832_xxaa_bsp.c.o
                0x00025cfc                bsp_button_is_pressed
 .text.bsp_indication_set
                0x00025d00      0x278 _build/nrf52832_xxaa_bsp.c.o
                0x00025d00                bsp_indication_set
 .text.bsp_init
                0x00025f78       0xb8 _build/nrf52832_xxaa_bsp.c.o
                0x00025f78                bsp_init
 .text.bsp_event_to_button_action_assign
                0x00026030       0x50 _build/nrf52832_xxaa_bsp.c.o
                0x00026030                bsp_event_to_button_action_assign
 .text.bsp_wakeup_button_enable
                0x00026080       0x28 _build/nrf52832_xxaa_bsp.c.o
                0x00026080                bsp_wakeup_button_enable
 .text.bsp_btn_ble_sleep_mode_prepare
                0x000260a8       0x24 _build/nrf52832_xxaa_bsp_btn_ble.c.o
                0x000260a8                bsp_btn_ble_sleep_mode_prepare
 .text.bsp_btn_ble_on_ble_evt
                0x000260cc       0xb0 _build/nrf52832_xxaa_bsp_btn_ble.c.o
                0x000260cc                bsp_btn_ble_on_ble_evt
 .text.bsp_btn_ble_init
                0x0002617c       0x74 _build/nrf52832_xxaa_bsp_btn_ble.c.o
                0x0002617c                bsp_btn_ble_init
 .text.sd_power_system_off
                0x000261f0        0x4 _build/nrf52832_xxaa_main.c.o
 .text.sd_ble_gap_conn_param_update
                0x000261f4        0x4 _build/nrf52832_xxaa_main.c.o
 .text.sd_ble_gap_disconnect
                0x000261f8        0x4 _build/nrf52832_xxaa_main.c.o
 .text.sd_ble_gap_ppcp_set
                0x000261fc        0x4 _build/nrf52832_xxaa_main.c.o
 .text.sd_ble_gap_device_name_set
                0x00026200        0x4 _build/nrf52832_xxaa_main.c.o
 .text.sd_ble_gap_sec_params_reply
                0x00026204        0x4 _build/nrf52832_xxaa_main.c.o
 .text.sd_ble_gap_scan_start
                0x00026208        0x4 _build/nrf52832_xxaa_main.c.o
 .text.sd_ble_gap_connect
                0x0002620c        0x4 _build/nrf52832_xxaa_main.c.o
 .text.sd_ble_gatts_rw_authorize_reply
                0x00026210        0x4 _build/nrf52832_xxaa_main.c.o
 .text.sd_ble_gatts_exchange_mtu_reply
                0x00026214        0x4 _build/nrf52832_xxaa_main.c.o
 .text.sd_ble_user_mem_reply
                0x00026218        0x4 _build/nrf52832_xxaa_main.c.o
 .text.m_bus_timer_receiver_timeout
                0x0002621c       0x10 _build/nrf52832_xxaa_main.c.o
 .text.conn_params_error_handler
                0x0002622c        0x4 _build/nrf52832_xxaa_main.c.o
 .text.on_adv_evt
                0x00026230       0xa0 _build/nrf52832_xxaa_main.c.o
 .text.logger_thread
                0x000262d0       0x10 _build/nrf52832_xxaa_main.c.o
 .text.ack_timer_handler
                0x000262e0       0x54 _build/nrf52832_xxaa_main.c.o
 .text.nus_data_handler
                0x00026334      0x10c _build/nrf52832_xxaa_main.c.o
 .text.slave_on_timeout
                0x00026440       0x14 _build/nrf52832_xxaa_main.c.o
 .text.send_data_task
                0x00026454      0x1b8 _build/nrf52832_xxaa_main.c.o
 .text.uart_search_thread
                0x0002660c      0x1e8 _build/nrf52832_xxaa_main.c.o
 .text.uart_task
                0x000267f4      0x218 _build/nrf52832_xxaa_main.c.o
 .text.timer_handler
                0x00026a0c       0x74 _build/nrf52832_xxaa_main.c.o
 .text.db_disc_handler
                0x00026a80       0x34 _build/nrf52832_xxaa_main.c.o
 .text.ble_new_event_handler
                0x00026ab4       0x3c _build/nrf52832_xxaa_main.c.o
 .text.uart_event_handle
                0x00026af0       0x40 _build/nrf52832_xxaa_main.c.o
                0x00026af0                uart_event_handle
 .text.bsp_event_handler
                0x00026b30       0x98 _build/nrf52832_xxaa_main.c.o
                0x00026b30                bsp_event_handler
 .text.ble_stack_thread
                0x00026bc8      0x3b8 _build/nrf52832_xxaa_main.c.o
 .text.pm_evt_handler
                0x00026f80       0xdc _build/nrf52832_xxaa_main.c.o
 .text.ble_nus_c_evt_handler
                0x0002705c      0x210 _build/nrf52832_xxaa_main.c.o
 .text.on_ble_central_evt
                0x0002726c      0x2c0 _build/nrf52832_xxaa_main.c.o
 .text.ble_evt_dispatch
                0x0002752c      0x14c _build/nrf52832_xxaa_main.c.o
 .text.print_data
                0x00027678      0x120 _build/nrf52832_xxaa_main.c.o
                0x00027678                print_data
 .text.controller_task
                0x00027798      0x7d8 _build/nrf52832_xxaa_main.c.o
 .text.vApplicationIdleHook
                0x00027f70        0xc _build/nrf52832_xxaa_main.c.o
                0x00027f70                vApplicationIdleHook
 .text.startup.main
                0x00027f7c      0x380 _build/nrf52832_xxaa_main.c.o
                0x00027f7c                main
 .text.SEGGER_RTT_WriteNoLock
                0x000282fc      0x190 _build/nrf52832_xxaa_SEGGER_RTT.c.o
                0x000282fc                SEGGER_RTT_WriteNoLock
 .text.SEGGER_RTT_Init
                0x0002848c       0x68 _build/nrf52832_xxaa_SEGGER_RTT.c.o
                0x0002848c                SEGGER_RTT_Init
 .text.sd_ble_gap_addr_get
                0x000284f4        0x4 _build/nrf52832_xxaa_ble_advdata.c.o
 .text.sd_ble_gap_adv_data_set
                0x000284f8        0x4 _build/nrf52832_xxaa_ble_advdata.c.o
 .text.sd_ble_gap_appearance_get
                0x000284fc        0x4 _build/nrf52832_xxaa_ble_advdata.c.o
 .text.sd_ble_gap_device_name_get
                0x00028500        0x4 _build/nrf52832_xxaa_ble_advdata.c.o
 .text.sd_ble_uuid_encode
                0x00028504        0x4 _build/nrf52832_xxaa_ble_advdata.c.o
 .text.name_encode
                0x00028508       0x90 _build/nrf52832_xxaa_ble_advdata.c.o
 .text.uuid_list_sized_encode
                0x00028598       0xc0 _build/nrf52832_xxaa_ble_advdata.c.o
 .text.adv_data_encode
                0x00028658      0x37c _build/nrf52832_xxaa_ble_advdata.c.o
                0x00028658                adv_data_encode
 .text.ble_advdata_set
                0x000289d4      0x460 _build/nrf52832_xxaa_ble_advdata.c.o
                0x000289d4                ble_advdata_set
 .text.sd_ble_gap_adv_start
                0x00028e34        0x4 _build/nrf52832_xxaa_ble_advertising.c.o
 .text.ble_advertising_init
                0x00028e38      0x180 _build/nrf52832_xxaa_ble_advertising.c.o
                0x00028e38                ble_advertising_init
 .text.ble_advertising_start
                0x00028fb8      0x284 _build/nrf52832_xxaa_ble_advertising.c.o
                0x00028fb8                ble_advertising_start
 .text.ble_advertising_on_ble_evt
                0x0002923c       0x88 _build/nrf52832_xxaa_ble_advertising.c.o
                0x0002923c                ble_advertising_on_ble_evt
 .text.sd_ble_gap_conn_param_update
                0x000292c4        0x4 _build/nrf52832_xxaa_ble_conn_params.c.o
 .text.sd_ble_gap_disconnect
                0x000292c8        0x4 _build/nrf52832_xxaa_ble_conn_params.c.o
 .text.sd_ble_gap_ppcp_set
                0x000292cc        0x4 _build/nrf52832_xxaa_ble_conn_params.c.o
 .text.sd_ble_gap_ppcp_get
                0x000292d0        0x4 _build/nrf52832_xxaa_ble_conn_params.c.o
 .text.update_timeout_handler
                0x000292d4       0x74 _build/nrf52832_xxaa_ble_conn_params.c.o
 .text.conn_params_negotiation
                0x00029348       0x94 _build/nrf52832_xxaa_ble_conn_params.c.o
 .text.ble_conn_params_init
                0x000293dc       0x74 _build/nrf52832_xxaa_ble_conn_params.c.o
                0x000293dc                ble_conn_params_init
 .text.ble_conn_params_on_ble_evt
                0x00029450       0xb8 _build/nrf52832_xxaa_ble_conn_params.c.o
                0x00029450                ble_conn_params_on_ble_evt
 .text.ble_conn_state_on_ble_evt
                0x00029508      0x10c _build/nrf52832_xxaa_ble_conn_state.c.o
                0x00029508                ble_conn_state_on_ble_evt
 .text.ble_conn_state_role
                0x00029614       0x2c _build/nrf52832_xxaa_ble_conn_state.c.o
                0x00029614                ble_conn_state_role
 .text.ble_conn_state_encrypted
                0x00029640       0x10 _build/nrf52832_xxaa_ble_conn_state.c.o
                0x00029640                ble_conn_state_encrypted
 .text.ble_conn_state_mitm_protected
                0x00029650       0x10 _build/nrf52832_xxaa_ble_conn_state.c.o
                0x00029650                ble_conn_state_mitm_protected
 .text.ble_conn_state_n_centrals
                0x00029660       0x10 _build/nrf52832_xxaa_ble_conn_state.c.o
                0x00029660                ble_conn_state_n_centrals
 .text.ble_conn_state_conn_handles
                0x00029670       0x18 _build/nrf52832_xxaa_ble_conn_state.c.o
                0x00029670                ble_conn_state_conn_handles
 .text.ble_conn_state_user_flag_acquire
                0x00029688       0x30 _build/nrf52832_xxaa_ble_conn_state.c.o
                0x00029688                ble_conn_state_user_flag_acquire
 .text.ble_conn_state_user_flag_get
                0x000296b8       0x28 _build/nrf52832_xxaa_ble_conn_state.c.o
                0x000296b8                ble_conn_state_user_flag_get
 .text.ble_conn_state_user_flag_set
                0x000296e0       0x28 _build/nrf52832_xxaa_ble_conn_state.c.o
                0x000296e0                ble_conn_state_user_flag_set
 .text.ble_conn_state_user_flag_collection
                0x00029708       0x18 _build/nrf52832_xxaa_ble_conn_state.c.o
                0x00029708                ble_conn_state_user_flag_collection
 .text.ble_srv_is_notification_enabled
                0x00029720        0x8 _build/nrf52832_xxaa_ble_srv_common.c.o
                0x00029720                ble_srv_is_notification_enabled
 .text.local_db_update_in_evt
                0x00029728       0x84 _build/nrf52832_xxaa_gatt_cache_manager.c.o
 .text.local_db_apply_in_evt.part.1
                0x000297ac       0x7c _build/nrf52832_xxaa_gatt_cache_manager.c.o
 .text.service_changed_pending_flags_check
                0x00029828      0x114 _build/nrf52832_xxaa_gatt_cache_manager.c.o
 .text.gcm_gscm_evt_handler
                0x0002993c       0x78 _build/nrf52832_xxaa_gatt_cache_manager.c.o
                0x0002993c                gcm_gscm_evt_handler
 .text.gcm_im_evt_handler
                0x000299b4       0x38 _build/nrf52832_xxaa_gatt_cache_manager.c.o
                0x000299b4                gcm_im_evt_handler
 .text.gcm_smd_evt_handler
                0x000299ec       0x98 _build/nrf52832_xxaa_gatt_cache_manager.c.o
                0x000299ec                gcm_smd_evt_handler
 .text.gcm_init
                0x00029a84       0x6c _build/nrf52832_xxaa_gatt_cache_manager.c.o
                0x00029a84                gcm_init
 .text.gcm_ble_evt_handler
                0x00029af0      0x10c _build/nrf52832_xxaa_gatt_cache_manager.c.o
                0x00029af0                gcm_ble_evt_handler
 .text.gcm_local_database_has_changed
                0x00029bfc       0x60 _build/nrf52832_xxaa_gatt_cache_manager.c.o
                0x00029bfc                gcm_local_database_has_changed
 .text.sd_ble_gatts_service_changed
                0x00029c5c        0x4 _build/nrf52832_xxaa_gatts_cache_manager.c.o
 .text.sd_ble_gatts_sys_attr_set
                0x00029c60        0x4 _build/nrf52832_xxaa_gatts_cache_manager.c.o
 .text.sd_ble_gatts_sys_attr_get
                0x00029c64        0x4 _build/nrf52832_xxaa_gatts_cache_manager.c.o
 .text.gscm_pdb_evt_handler
                0x00029c68       0x88 _build/nrf52832_xxaa_gatts_cache_manager.c.o
                0x00029c68                gscm_pdb_evt_handler
 .text.gscm_init
                0x00029cf0       0x1c _build/nrf52832_xxaa_gatts_cache_manager.c.o
                0x00029cf0                gscm_init
 .text.gscm_local_db_cache_update
                0x00029d0c       0x88 _build/nrf52832_xxaa_gatts_cache_manager.c.o
                0x00029d0c                gscm_local_db_cache_update
 .text.gscm_local_db_cache_apply
                0x00029d94       0x84 _build/nrf52832_xxaa_gatts_cache_manager.c.o
                0x00029d94                gscm_local_db_cache_apply
 .text.gscm_local_database_has_changed
                0x00029e18       0x5c _build/nrf52832_xxaa_gatts_cache_manager.c.o
                0x00029e18                gscm_local_database_has_changed
 .text.gscm_service_changed_ind_needed
                0x00029e74       0x24 _build/nrf52832_xxaa_gatts_cache_manager.c.o
                0x00029e74                gscm_service_changed_ind_needed
 .text.gscm_service_changed_ind_send
                0x00029e98       0x2c _build/nrf52832_xxaa_gatts_cache_manager.c.o
                0x00029e98                gscm_service_changed_ind_send
 .text.gscm_db_change_notification_done
                0x00029ec4       0x24 _build/nrf52832_xxaa_gatts_cache_manager.c.o
                0x00029ec4                gscm_db_change_notification_done
 .text.sd_ecb_block_encrypt
                0x00029ee8        0x4 _build/nrf52832_xxaa_id_manager.c.o
 .text.im_ble_evt_handler
                0x00029eec      0x2f4 _build/nrf52832_xxaa_id_manager.c.o
                0x00029eec                im_ble_evt_handler
 .text.im_pdb_evt_handler
                0x0002a1e0      0x14c _build/nrf52832_xxaa_id_manager.c.o
                0x0002a1e0                im_pdb_evt_handler
 .text.im_init  0x0002a32c       0x48 _build/nrf52832_xxaa_id_manager.c.o
                0x0002a32c                im_init
 .text.im_peer_id_get_by_conn_handle
                0x0002a374       0x7c _build/nrf52832_xxaa_id_manager.c.o
                0x0002a374                im_peer_id_get_by_conn_handle
 .text.im_ble_addr_get
                0x0002a3f0       0x90 _build/nrf52832_xxaa_id_manager.c.o
                0x0002a3f0                im_ble_addr_get
 .text.im_master_ids_compare
                0x0002a480       0x48 _build/nrf52832_xxaa_id_manager.c.o
                0x0002a480                im_master_ids_compare
 .text.im_peer_id_get_by_master_id
                0x0002a4c8       0xe4 _build/nrf52832_xxaa_id_manager.c.o
                0x0002a4c8                im_peer_id_get_by_master_id
 .text.im_conn_handle_get
                0x0002a5ac       0x6c _build/nrf52832_xxaa_id_manager.c.o
                0x0002a5ac                im_conn_handle_get
 .text.im_master_id_is_valid
                0x0002a618       0x30 _build/nrf52832_xxaa_id_manager.c.o
                0x0002a618                im_master_id_is_valid
 .text.im_new_peer_id
                0x0002a648       0x7c _build/nrf52832_xxaa_id_manager.c.o
                0x0002a648                im_new_peer_id
 .text.im_peer_free
                0x0002a6c4       0xfc _build/nrf52832_xxaa_id_manager.c.o
                0x0002a6c4                im_peer_free
 .text.peer_data_delete
                0x0002a7c0       0x90 _build/nrf52832_xxaa_peer_data_storage.c.o
 .text.fds_evt_handler
                0x0002a850      0x12c _build/nrf52832_xxaa_peer_data_storage.c.o
 .text.pds_init
                0x0002a97c       0x74 _build/nrf52832_xxaa_peer_data_storage.c.o
                0x0002a97c                pds_init
 .text.pds_peer_data_read
                0x0002a9f0       0x80 _build/nrf52832_xxaa_peer_data_storage.c.o
                0x0002a9f0                pds_peer_data_read
 .text.pds_peer_data_iterate_prepare
                0x0002aa70       0x10 _build/nrf52832_xxaa_peer_data_storage.c.o
                0x0002aa70                pds_peer_data_iterate_prepare
 .text.pds_peer_data_iterate
                0x0002aa80       0x50 _build/nrf52832_xxaa_peer_data_storage.c.o
                0x0002aa80                pds_peer_data_iterate
 .text.pds_space_reserve
                0x0002aad0       0x34 _build/nrf52832_xxaa_peer_data_storage.c.o
                0x0002aad0                pds_space_reserve
 .text.pds_space_reserve_cancel
                0x0002ab04       0x20 _build/nrf52832_xxaa_peer_data_storage.c.o
                0x0002ab04                pds_space_reserve_cancel
 .text.pds_peer_data_store
                0x0002ab24       0xbc _build/nrf52832_xxaa_peer_data_storage.c.o
                0x0002ab24                pds_peer_data_store
 .text.pds_peer_id_allocate
                0x0002abe0        0x8 _build/nrf52832_xxaa_peer_data_storage.c.o
                0x0002abe0                pds_peer_id_allocate
 .text.pds_peer_id_free
                0x0002abe8       0x18 _build/nrf52832_xxaa_peer_data_storage.c.o
                0x0002abe8                pds_peer_id_free
 .text.pds_peer_id_is_allocated
                0x0002ac00        0x4 _build/nrf52832_xxaa_peer_data_storage.c.o
                0x0002ac00                pds_peer_id_is_allocated
 .text.pds_next_peer_id_get
                0x0002ac04        0x4 _build/nrf52832_xxaa_peer_data_storage.c.o
                0x0002ac04                pds_next_peer_id_get
 .text.pds_next_deleted_peer_id_get
                0x0002ac08        0x4 _build/nrf52832_xxaa_peer_data_storage.c.o
                0x0002ac08                pds_next_deleted_peer_id_get
 .text.pdb_pds_evt_handler
                0x0002ac0c      0x868 _build/nrf52832_xxaa_peer_database.c.o
                0x0002ac0c                pdb_pds_evt_handler
 .text.pdb_init
                0x0002b474      0x16c _build/nrf52832_xxaa_peer_database.c.o
                0x0002b474                pdb_init
 .text.pdb_peer_allocate
                0x0002b5e0        0x4 _build/nrf52832_xxaa_peer_database.c.o
                0x0002b5e0                pdb_peer_allocate
 .text.pdb_peer_free
                0x0002b5e4      0x460 _build/nrf52832_xxaa_peer_database.c.o
                0x0002b5e4                pdb_peer_free
 .text.pdb_peer_data_ptr_get
                0x0002ba44        0x8 _build/nrf52832_xxaa_peer_database.c.o
                0x0002ba44                pdb_peer_data_ptr_get
 .text.pdb_write_buf_get
                0x0002ba4c      0x57c _build/nrf52832_xxaa_peer_database.c.o
                0x0002ba4c                pdb_write_buf_get
 .text.pdb_write_buf_release
                0x0002bfc8      0x288 _build/nrf52832_xxaa_peer_database.c.o
                0x0002bfc8                pdb_write_buf_release
 .text.pdb_write_buf_store_prepare
                0x0002c250      0x28c _build/nrf52832_xxaa_peer_database.c.o
                0x0002c250                pdb_write_buf_store_prepare
 .text.pdb_write_buf_store
                0x0002c4dc      0x318 _build/nrf52832_xxaa_peer_database.c.o
                0x0002c4dc                pdb_write_buf_store
 .text.pdb_next_peer_id_get
                0x0002c7f4        0x4 _build/nrf52832_xxaa_peer_database.c.o
                0x0002c7f4                pdb_next_peer_id_get
 .text.pdb_next_deleted_peer_id_get
                0x0002c7f8        0x4 _build/nrf52832_xxaa_peer_database.c.o
                0x0002c7f8                pdb_next_deleted_peer_id_get
 .text.pdb_raw_store
                0x0002c7fc        0x8 _build/nrf52832_xxaa_peer_database.c.o
                0x0002c7fc                pdb_raw_store
 .text.peer_id_init
                0x0002c804       0x2c _build/nrf52832_xxaa_peer_id.c.o
                0x0002c804                peer_id_init
 .text.peer_id_allocate
                0x0002c830       0x40 _build/nrf52832_xxaa_peer_id.c.o
                0x0002c830                peer_id_allocate
 .text.peer_id_delete
                0x0002c870       0x28 _build/nrf52832_xxaa_peer_id.c.o
                0x0002c870                peer_id_delete
 .text.peer_id_free
                0x0002c898       0x28 _build/nrf52832_xxaa_peer_id.c.o
                0x0002c898                peer_id_free
 .text.peer_id_is_allocated
                0x0002c8c0       0x14 _build/nrf52832_xxaa_peer_id.c.o
                0x0002c8c0                peer_id_is_allocated
 .text.peer_id_get_next_used
                0x0002c8d4       0x78 _build/nrf52832_xxaa_peer_id.c.o
                0x0002c8d4                peer_id_get_next_used
 .text.peer_id_get_next_deleted
                0x0002c94c       0x3c _build/nrf52832_xxaa_peer_id.c.o
                0x0002c94c                peer_id_get_next_deleted
 .text.pm_pdb_evt_handler
                0x0002c988      0x228 _build/nrf52832_xxaa_peer_manager.c.o
                0x0002c988                pm_pdb_evt_handler
 .text.pm_sm_evt_handler
                0x0002cbb0      0x1bc _build/nrf52832_xxaa_peer_manager.c.o
                0x0002cbb0                pm_sm_evt_handler
 .text.pm_gcm_evt_handler
                0x0002cd6c       0xb8 _build/nrf52832_xxaa_peer_manager.c.o
                0x0002cd6c                pm_gcm_evt_handler
 .text.pm_im_evt_handler
                0x0002ce24       0x74 _build/nrf52832_xxaa_peer_manager.c.o
                0x0002ce24                pm_im_evt_handler
 .text.pm_on_ble_evt
                0x0002ce98       0x24 _build/nrf52832_xxaa_peer_manager.c.o
                0x0002ce98                pm_on_ble_evt
 .text.pm_init  0x0002cebc       0x90 _build/nrf52832_xxaa_peer_manager.c.o
                0x0002cebc                pm_init
 .text.pm_register
                0x0002cf4c       0x38 _build/nrf52832_xxaa_peer_manager.c.o
                0x0002cf4c                pm_register
 .text.pm_conn_sec_config_reply
                0x0002cf84        0x4 _build/nrf52832_xxaa_peer_manager.c.o
                0x0002cf84                pm_conn_sec_config_reply
 .text.pm_local_database_has_changed
                0x0002cf88       0x10 _build/nrf52832_xxaa_peer_manager.c.o
                0x0002cf88                pm_local_database_has_changed
 .text.pm_peers_delete
                0x0002cf98       0x50 _build/nrf52832_xxaa_peer_manager.c.o
                0x0002cf98                pm_peers_delete
 .text.pm_buffer_init
                0x0002cfe8       0x54 _build/nrf52832_xxaa_pm_buffer.c.o
                0x0002cfe8                pm_buffer_init
 .text.pm_buffer_block_acquire
                0x0002d03c       0xa0 _build/nrf52832_xxaa_pm_buffer.c.o
                0x0002d03c                pm_buffer_block_acquire
 .text.pm_buffer_ptr_get
                0x0002d0dc       0x30 _build/nrf52832_xxaa_pm_buffer.c.o
                0x0002d0dc                pm_buffer_ptr_get
 .text.pm_buffer_release
                0x0002d10c       0x2c _build/nrf52832_xxaa_pm_buffer.c.o
                0x0002d10c                pm_buffer_release
 .text.pm_mutex_init
                0x0002d138       0x10 _build/nrf52832_xxaa_pm_mutex.c.o
                0x0002d138                pm_mutex_init
 .text.pm_mutex_lock
                0x0002d148       0x54 _build/nrf52832_xxaa_pm_mutex.c.o
                0x0002d148                pm_mutex_lock
 .text.pm_mutex_unlock
                0x0002d19c       0x3c _build/nrf52832_xxaa_pm_mutex.c.o
                0x0002d19c                pm_mutex_unlock
 .text.pm_mutex_lock_first_available
                0x0002d1d8       0x74 _build/nrf52832_xxaa_pm_mutex.c.o
                0x0002d1d8                pm_mutex_lock_first_available
 .text.pm_mutex_lock_status_get
                0x0002d24c       0x1c _build/nrf52832_xxaa_pm_mutex.c.o
                0x0002d24c                pm_mutex_lock_status_get
 .text.sd_ble_gap_authenticate
                0x0002d268        0x4 _build/nrf52832_xxaa_security_dispatcher.c.o
 .text.sd_ble_gap_sec_params_reply
                0x0002d26c        0x4 _build/nrf52832_xxaa_security_dispatcher.c.o
 .text.sd_ble_gap_encrypt
                0x0002d270        0x4 _build/nrf52832_xxaa_security_dispatcher.c.o
 .text.sd_ble_gap_sec_info_reply
                0x0002d274        0x4 _build/nrf52832_xxaa_security_dispatcher.c.o
 .text.pairing_failure
                0x0002d278       0x80 _build/nrf52832_xxaa_security_dispatcher.c.o
 .text.smd_pdb_evt_handler
                0x0002d2f8       0x3c _build/nrf52832_xxaa_security_dispatcher.c.o
                0x0002d2f8                smd_pdb_evt_handler
 .text.smd_init
                0x0002d334       0x6c _build/nrf52832_xxaa_security_dispatcher.c.o
                0x0002d334                smd_init
 .text.smd_params_reply
                0x0002d3a0      0x1d4 _build/nrf52832_xxaa_security_dispatcher.c.o
                0x0002d3a0                smd_params_reply
 .text.smd_link_secure
                0x0002d574      0x254 _build/nrf52832_xxaa_security_dispatcher.c.o
                0x0002d574                smd_link_secure
 .text.smd_ble_evt_handler
                0x0002d7c8      0x3b4 _build/nrf52832_xxaa_security_dispatcher.c.o
                0x0002d7c8                smd_ble_evt_handler
 .text.link_secure.part.1
                0x0002db7c      0x144 _build/nrf52832_xxaa_security_manager.c.o
 .text.smd_params_reply_perform
                0x0002dcc0      0x180 _build/nrf52832_xxaa_security_manager.c.o
 .text.sm_smd_evt_handler
                0x0002de40       0x80 _build/nrf52832_xxaa_security_manager.c.o
                0x0002de40                sm_smd_evt_handler
 .text.sm_pdb_evt_handler
                0x0002dec0      0x1a4 _build/nrf52832_xxaa_security_manager.c.o
                0x0002dec0                sm_pdb_evt_handler
 .text.sm_init  0x0002e064       0xc8 _build/nrf52832_xxaa_security_manager.c.o
                0x0002e064                sm_init
 .text.sm_ble_evt_handler
                0x0002e12c       0x90 _build/nrf52832_xxaa_security_manager.c.o
                0x0002e12c                sm_ble_evt_handler
 .text.sm_conn_sec_config_reply
                0x0002e1bc       0x14 _build/nrf52832_xxaa_security_manager.c.o
                0x0002e1bc                sm_conn_sec_config_reply
 .text          0x0002e1d0       0x3c _build/nrf52832_xxaa_gcc_startup_nrf52.S.o
                0x0002e1d0                Reset_Handler
                0x0002e1f8                NMI_Handler
                0x0002e1fa                HardFault_Handler
                0x0002e1fc                MemoryManagement_Handler
                0x0002e1fe                BusFault_Handler
                0x0002e200                UsageFault_Handler
                0x0002e204                DebugMon_Handler
                0x0002e208                SysTick_Handler
                0x0002e20a                RADIO_IRQHandler
                0x0002e20a                PDM_IRQHandler
                0x0002e20a                TEMP_IRQHandler
                0x0002e20a                QDEC_IRQHandler
                0x0002e20a                PWM1_IRQHandler
                0x0002e20a                FPU_IRQHandler
                0x0002e20a                SPIM0_SPIS0_TWIM0_TWIS0_SPI0_TWI0_IRQHandler
                0x0002e20a                RTC0_IRQHandler
                0x0002e20a                TIMER4_IRQHandler
                0x0002e20a                I2S_IRQHandler
                0x0002e20a                SWI4_EGU4_IRQHandler
                0x0002e20a                TIMER0_IRQHandler
                0x0002e20a                TIMER3_IRQHandler
                0x0002e20a                TIMER1_IRQHandler
                0x0002e20a                PWM2_IRQHandler
                0x0002e20a                ECB_IRQHandler
                0x0002e20a                SPIM1_SPIS1_TWIM1_TWIS1_SPI1_TWI1_IRQHandler
                0x0002e20a                Default_Handler
                0x0002e20a                SAADC_IRQHandler
                0x0002e20a                CCM_AAR_IRQHandler
                0x0002e20a                WDT_IRQHandler
                0x0002e20a                SWI5_EGU5_IRQHandler
                0x0002e20a                RNG_IRQHandler
                0x0002e20a                RTC2_IRQHandler
                0x0002e20a                PWM0_IRQHandler
                0x0002e20a                SWI3_EGU3_IRQHandler
                0x0002e20a                SWI1_EGU1_IRQHandler
                0x0002e20a                SPIM2_SPIS2_SPI2_IRQHandler
                0x0002e20a                NFCT_IRQHandler
                0x0002e20a                SWI0_EGU0_IRQHandler
                0x0002e20a                MWU_IRQHandler
                0x0002e20a                TIMER2_IRQHandler
                0x0002e20a                COMP_LPCOMP_IRQHandler
 .text.SystemInit
                0x0002e20c      0x2e8 _build/nrf52832_xxaa_system_nrf52.c.o
                0x0002e20c                SystemInit
 .text.sd_ble_gattc_primary_services_discover
                0x0002e4f4        0x4 _build/nrf52832_xxaa_ble_db_discovery.c.o
 .text.sd_ble_gattc_characteristics_discover
                0x0002e4f8        0x4 _build/nrf52832_xxaa_ble_db_discovery.c.o
 .text.sd_ble_gattc_descriptors_discover
                0x0002e4fc        0x4 _build/nrf52832_xxaa_ble_db_discovery.c.o
 .text.descriptors_discover
                0x0002e500       0xc8 _build/nrf52832_xxaa_ble_db_discovery.c.o
 .text.on_srv_disc_completion
                0x0002e5c8      0x15c _build/nrf52832_xxaa_ble_db_discovery.c.o
 .text.ble_db_discovery_init
                0x0002e724       0x34 _build/nrf52832_xxaa_ble_db_discovery.c.o
                0x0002e724                ble_db_discovery_init
 .text.ble_db_discovery_evt_register
                0x0002e758       0xd0 _build/nrf52832_xxaa_ble_db_discovery.c.o
                0x0002e758                ble_db_discovery_evt_register
 .text.ble_db_discovery_start
                0x0002e828       0x78 _build/nrf52832_xxaa_ble_db_discovery.c.o
                0x0002e828                ble_db_discovery_start
 .text.ble_db_discovery_on_ble_evt
                0x0002e8a0      0xc44 _build/nrf52832_xxaa_ble_db_discovery.c.o
                0x0002e8a0                ble_db_discovery_on_ble_evt
 .text.sd_ble_gattc_write
                0x0002f4e4        0x4 _build/nrf52832_xxaa_ble_nus_c.c.o
 .text.sd_ble_uuid_vs_add
                0x0002f4e8        0x4 _build/nrf52832_xxaa_ble_nus_c.c.o
 .text.ble_nus_c_on_db_disc_evt
                0x0002f4ec       0x84 _build/nrf52832_xxaa_ble_nus_c.c.o
                0x0002f4ec                ble_nus_c_on_db_disc_evt
 .text.ble_nus_c_init
                0x0002f570       0x54 _build/nrf52832_xxaa_ble_nus_c.c.o
                0x0002f570                ble_nus_c_init
 .text.ble_nus_c_on_ble_evt
                0x0002f5c4       0x7c _build/nrf52832_xxaa_ble_nus_c.c.o
                0x0002f5c4                ble_nus_c_on_ble_evt
 .text.ble_nus_c_rx_notif_enable
                0x0002f640       0x50 _build/nrf52832_xxaa_ble_nus_c.c.o
                0x0002f640                ble_nus_c_rx_notif_enable
 .text.ble_nus_c_string_send
                0x0002f690       0x4c _build/nrf52832_xxaa_ble_nus_c.c.o
                0x0002f690                ble_nus_c_string_send
 .text.ble_nus_c_handles_assign
                0x0002f6dc       0x1c _build/nrf52832_xxaa_ble_nus_c.c.o
                0x0002f6dc                ble_nus_c_handles_assign
 .text.sd_ble_gatts_service_add
                0x0002f6f8        0x4 _build/nrf52832_xxaa_ble_nus.c.o
 .text.sd_ble_gatts_characteristic_add
                0x0002f6fc        0x4 _build/nrf52832_xxaa_ble_nus.c.o
 .text.sd_ble_uuid_vs_add
                0x0002f700        0x4 _build/nrf52832_xxaa_ble_nus.c.o
 .text.ble_nus_on_ble_evt
                0x0002f704       0x64 _build/nrf52832_xxaa_ble_nus.c.o
                0x0002f704                ble_nus_on_ble_evt
 .text.ble_nus_init
                0x0002f768      0x1e8 _build/nrf52832_xxaa_ble_nus.c.o
                0x0002f768                ble_nus_init
 .text.sd_evt_get
                0x0002f950        0x4 _build/nrf52832_xxaa_softdevice_handler.c.o
 .text.sd_softdevice_enable
                0x0002f954        0x4 _build/nrf52832_xxaa_softdevice_handler.c.o
 .text.sd_ble_enable
                0x0002f958        0x4 _build/nrf52832_xxaa_softdevice_handler.c.o
 .text.sd_ble_evt_get
                0x0002f95c        0x4 _build/nrf52832_xxaa_softdevice_handler.c.o
 .text.softdevice_fault_handler
                0x0002f960        0x4 _build/nrf52832_xxaa_softdevice_handler.c.o
                0x0002f960                softdevice_fault_handler
 .text.intern_softdevice_events_execute.part.2
                0x0002f964       0xb8 _build/nrf52832_xxaa_softdevice_handler.c.o
 .text.intern_softdevice_events_execute
                0x0002fa1c       0x10 _build/nrf52832_xxaa_softdevice_handler.c.o
                0x0002fa1c                intern_softdevice_events_execute
 .text.softdevice_handler_is_enabled
                0x0002fa2c        0xc _build/nrf52832_xxaa_softdevice_handler.c.o
                0x0002fa2c                softdevice_handler_is_enabled
 .text.softdevice_handler_init
                0x0002fa38       0x98 _build/nrf52832_xxaa_softdevice_handler.c.o
                0x0002fa38                softdevice_handler_init
 .text.softdevice_ble_evt_handler_set
                0x0002fad0       0x14 _build/nrf52832_xxaa_softdevice_handler.c.o
                0x0002fad0                softdevice_ble_evt_handler_set
 .text.SWI2_EGU2_IRQHandler
                0x0002fae4       0x30 _build/nrf52832_xxaa_softdevice_handler.c.o
                0x0002fae4                SWI2_EGU2_IRQHandler
 .text.softdevice_enable_get_default_config
                0x0002fb14       0x30 _build/nrf52832_xxaa_softdevice_handler.c.o
                0x0002fb14                softdevice_enable_get_default_config
 .text.softdevice_enable
                0x0002fb44       0x80 _build/nrf52832_xxaa_softdevice_handler.c.o
                0x0002fb44                softdevice_enable
 .text.m_bus_receiver_init
                0x0002fbc4       0x48 _build/nrf52832_xxaa_m_bus_receiver.c.o
                0x0002fbc4                m_bus_receiver_init
 .text.m_bus_send_request
                0x0002fc0c       0x48 _build/nrf52832_xxaa_m_bus_receiver.c.o
                0x0002fc0c                m_bus_send_request
 .text.response_from_m_bus
                0x0002fc54       0x24 _build/nrf52832_xxaa_m_bus_receiver.c.o
                0x0002fc54                response_from_m_bus
 .text.telegram_structure_response
                0x0002fc78      0x1c8 _build/nrf52832_xxaa_m_bus_receiver.c.o
                0x0002fc78                telegram_structure_response
 .text.floor    0x0002fe40      0x120 c:/program files (x86)/gnu tools arm embedded/4.9 2015q3/bin/../lib/gcc/arm-none-eabi/4.9.3/../../../../arm-none-eabi/lib/armv7e-m/fpu\libm.a(lib_a-s_floor.o)
                0x0002fe40                floor
 .text          0x0002ff60      0x370 c:/program files (x86)/gnu tools arm embedded/4.9 2015q3/bin/../lib/gcc/arm-none-eabi/4.9.3/armv7e-m/fpu\libgcc.a(_arm_addsubdf3.o)
                0x0002ff60                __aeabi_drsub
                0x0002ff68                __aeabi_dsub
                0x0002ff68                __subdf3
                0x0002ff6c                __aeabi_dadd
                0x0002ff6c                __adddf3
                0x000301e4                __floatunsidf
                0x000301e4                __aeabi_ui2d
                0x00030204                __floatsidf
                0x00030204                __aeabi_i2d
                0x00030228                __aeabi_f2d
                0x00030228                __extendsfdf2
                0x00030264                __floatundidf
                0x00030264                __aeabi_ul2d
                0x00030274                __floatdidf
                0x00030274                __aeabi_l2d
 .text          0x000302d0      0x110 c:/program files (x86)/gnu tools arm embedded/4.9 2015q3/bin/../lib/gcc/arm-none-eabi/4.9.3/armv7e-m/fpu\libgcc.a(_arm_cmpdf2.o)
                0x000302d0                __gtdf2
                0x000302d0                __gedf2
                0x000302d8                __ltdf2
                0x000302d8                __ledf2
                0x000302e0                __nedf2
                0x000302e0                __eqdf2
                0x000302e0                __cmpdf2
                0x0003035c                __aeabi_cdrcmple
                0x0003036c                __aeabi_cdcmpeq
                0x0003036c                __aeabi_cdcmple
                0x0003037c                __aeabi_dcmpeq
                0x00030390                __aeabi_dcmplt
                0x000303a4                __aeabi_dcmple
                0x000303b8                __aeabi_dcmpge
                0x000303cc                __aeabi_dcmpgt
 .text          0x000303e0       0x40 c:/program files (x86)/gnu tools arm embedded/4.9 2015q3/bin/../lib/gcc/arm-none-eabi/4.9.3/armv7e-m/fpu\libgcc.a(_arm_fixunsdfsi.o)
                0x000303e0                __aeabi_d2uiz
                0x000303e0                __fixunsdfsi
 .text.memcmp   0x00030420       0x20 c:/program files (x86)/gnu tools arm embedded/4.9 2015q3/bin/../lib/gcc/arm-none-eabi/4.9.3/../../../../arm-none-eabi/lib/armv7e-m/fpu\libc_nano.a(lib_a-memcmp.o)
                0x00030420                memcmp
 .text.memcpy   0x00030440       0x16 c:/program files (x86)/gnu tools arm embedded/4.9 2015q3/bin/../lib/gcc/arm-none-eabi/4.9.3/../../../../arm-none-eabi/lib/armv7e-m/fpu\libc_nano.a(lib_a-memcpy.o)
                0x00030440                memcpy
 *fill*         0x00030456        0x2 
 .text.snprintf
                0x00030458       0x64 c:/program files (x86)/gnu tools arm embedded/4.9 2015q3/bin/../lib/gcc/arm-none-eabi/4.9.3/../../../../arm-none-eabi/lib/armv7e-m/fpu\libc_nano.a(lib_a-snprintf.o)
                0x00030458                sniprintf
                0x00030458                snprintf
 .text.strcpy   0x000304bc       0x10 c:/program files (x86)/gnu tools arm embedded/4.9 2015q3/bin/../lib/gcc/arm-none-eabi/4.9.3/../../../../arm-none-eabi/lib/armv7e-m/fpu\libc_nano.a(lib_a-strcpy.o)
                0x000304bc                strcpy
 .text.strlen   0x000304cc       0x10 c:/program files (x86)/gnu tools arm embedded/4.9 2015q3/bin/../lib/gcc/arm-none-eabi/4.9.3/../../../../arm-none-eabi/lib/armv7e-m/fpu\libc_nano.a(lib_a-strlen.o)
                0x000304cc                strlen
 .text.__ssputs_r
                0x000304dc       0xb2 c:/program files (x86)/gnu tools arm embedded/4.9 2015q3/bin/../lib/gcc/arm-none-eabi/4.9.3/../../../../arm-none-eabi/lib/armv7e-m/fpu\libc_nano.a(lib_a-nano-svfprintf.o)
                0x000304dc                __ssputs_r
 *fill*         0x0003058e        0x2 
 .text._svfprintf_r
                0x00030590      0x1e4 c:/program files (x86)/gnu tools arm embedded/4.9 2015q3/bin/../lib/gcc/arm-none-eabi/4.9.3/../../../../arm-none-eabi/lib/armv7e-m/fpu\libc_nano.a(lib_a-nano-svfprintf.o)
                0x00030590                _svfiprintf_r
                0x00030590                _svfprintf_r
 .text._printf_common
                0x00030774       0xea c:/program files (x86)/gnu tools arm embedded/4.9 2015q3/bin/../lib/gcc/arm-none-eabi/4.9.3/../../../../arm-none-eabi/lib/armv7e-m/fpu\libc_nano.a(lib_a-nano-vfprintf_i.o)
                0x00030774                _printf_common
 *fill*         0x0003085e        0x2 
 .text._printf_i
                0x00030860      0x240 c:/program files (x86)/gnu tools arm embedded/4.9 2015q3/bin/../lib/gcc/arm-none-eabi/4.9.3/../../../../arm-none-eabi/lib/armv7e-m/fpu\libc_nano.a(lib_a-nano-vfprintf_i.o)
                0x00030860                _printf_i
 .text.memchr   0x00030aa0       0x1e c:/program files (x86)/gnu tools arm embedded/4.9 2015q3/bin/../lib/gcc/arm-none-eabi/4.9.3/../../../../arm-none-eabi/lib/armv7e-m/fpu\libc_nano.a(lib_a-memchr.o)
                0x00030aa0                memchr
 .text.memmove  0x00030abe       0x36 c:/program files (x86)/gnu tools arm embedded/4.9 2015q3/bin/../lib/gcc/arm-none-eabi/4.9.3/../../../../arm-none-eabi/lib/armv7e-m/fpu\libc_nano.a(lib_a-memmove.o)
                0x00030abe                memmove
 .text._free_r  0x00030af4       0x88 c:/program files (x86)/gnu tools arm embedded/4.9 2015q3/bin/../lib/gcc/arm-none-eabi/4.9.3/../../../../arm-none-eabi/lib/armv7e-m/fpu\libc_nano.a(lib_a-nano-freer.o)
                0x00030af4                _free_r
 .text._malloc_r
                0x00030b7c       0xac c:/program files (x86)/gnu tools arm embedded/4.9 2015q3/bin/../lib/gcc/arm-none-eabi/4.9.3/../../../../arm-none-eabi/lib/armv7e-m/fpu\libc_nano.a(lib_a-nano-mallocr.o)
                0x00030b7c                _malloc_r
 .text._realloc_r
                0x00030c28       0x4c c:/program files (x86)/gnu tools arm embedded/4.9 2015q3/bin/../lib/gcc/arm-none-eabi/4.9.3/../../../../arm-none-eabi/lib/armv7e-m/fpu\libc_nano.a(lib_a-nano-reallocr.o)
                0x00030c28                _realloc_r
 .text._sbrk_r  0x00030c74       0x20 c:/program files (x86)/gnu tools arm embedded/4.9 2015q3/bin/../lib/gcc/arm-none-eabi/4.9.3/../../../../arm-none-eabi/lib/armv7e-m/fpu\libc_nano.a(lib_a-sbrkr.o)
                0x00030c74                _sbrk_r
 .text._malloc_usable_size_r
                0x00030c94       0x14 c:/program files (x86)/gnu tools arm embedded/4.9 2015q3/bin/../lib/gcc/arm-none-eabi/4.9.3/../../../../arm-none-eabi/lib/armv7e-m/fpu\libc_nano.a(lib_a-nano-msizer.o)
                0x00030c94                _malloc_usable_size_r
 .text._sbrk    0x00030ca8       0x1c c:/program files (x86)/gnu tools arm embedded/4.9 2015q3/bin/../lib/gcc/arm-none-eabi/4.9.3/../../../../arm-none-eabi/lib/armv7e-m/fpu\libnosys.a(sbrk.o)
                0x00030ca8                _sbrk
 *(.init)
 .init          0x00030cc4        0x4 c:/program files (x86)/gnu tools arm embedded/4.9 2015q3/bin/../lib/gcc/arm-none-eabi/4.9.3/armv7e-m/fpu/crti.o
                0x00030cc4                _init
 .init          0x00030cc8        0x8 c:/program files (x86)/gnu tools arm embedded/4.9 2015q3/bin/../lib/gcc/arm-none-eabi/4.9.3/armv7e-m/fpu/crtn.o
 *(.fini)
 .fini          0x00030cd0        0x4 c:/program files (x86)/gnu tools arm embedded/4.9 2015q3/bin/../lib/gcc/arm-none-eabi/4.9.3/armv7e-m/fpu/crti.o
                0x00030cd0                _fini
 .fini          0x00030cd4        0x8 c:/program files (x86)/gnu tools arm embedded/4.9 2015q3/bin/../lib/gcc/arm-none-eabi/4.9.3/armv7e-m/fpu/crtn.o
 *crtbegin.o(.ctors)
 *crtbegin?.o(.ctors)
 *(EXCLUDE_FILE(*crtend.o *crtend?.o) .ctors)
 *(SORT(.ctors.*))
 *(.ctors)
 *crtbegin.o(.dtors)
 *crtbegin?.o(.dtors)
 *(EXCLUDE_FILE(*crtend.o *crtend?.o) .dtors)
 *(SORT(.dtors.*))
 *(.dtors)
 *(.rodata*)
 .rodata.str1.1
                0x00030cdc        0x2 c:/program files (x86)/gnu tools arm embedded/4.9 2015q3/bin/../lib/gcc/arm-none-eabi/4.9.3/../../../../arm-none-eabi/lib/armv7e-m/fpu\libc_nano.a(lib_a-impure.o)
 *fill*         0x00030cde        0x2 
 .rodata._global_impure_ptr
                0x00030ce0        0x4 c:/program files (x86)/gnu tools arm embedded/4.9 2015q3/bin/../lib/gcc/arm-none-eabi/4.9.3/../../../../arm-none-eabi/lib/armv7e-m/fpu\libc_nano.a(lib_a-impure.o)
                0x00030ce0                _global_impure_ptr
 .rodata.m_default_color
                0x00030ce4        0x5 _build/nrf52832_xxaa_nrf_log_backend_serial.c.o
 *fill*         0x00030ce9        0x3 
 .rodata.str1.4
                0x00030cec        0x7 _build/nrf52832_xxaa_nrf_log_backend_serial.c.o
 *fill*         0x00030cf3        0x1 
 .rodata.str1.4
                0x00030cf4       0x12 _build/nrf52832_xxaa_nrf_log_frontend.c.o
 *fill*         0x00030d06        0x2 
 .rodata.m_detection_delay_timer_id
                0x00030d08        0x4 _build/nrf52832_xxaa_app_button.c.o
 .rodata.str1.4
                0x00030d0c       0x96 _build/nrf52832_xxaa_app_error_weak.c.o
 *fill*         0x00030da2        0x2 
 .rodata.str1.4
                0x00030da4        0x2 _build/nrf52832_xxaa_app_timer_freertos.c.o
 *fill*         0x00030da6        0x2 
 .rodata        0x00030da8       0x20 _build/nrf52832_xxaa_app_uart_fifo.c.o
 .rodata.m_fds_tl_dirty
                0x00030dc8        0x4 _build/nrf52832_xxaa_fds.c.o
 .rodata.page_tag_data.7593
                0x00030dcc        0x8 _build/nrf52832_xxaa_fds.c.o
 .rodata.page_tag_swap.7589
                0x00030dd4        0x8 _build/nrf52832_xxaa_fds.c.o
 .rodata.str1.4
                0x00030ddc       0x10 _build/nrf52832_xxaa_timers.c.o
 .rodata.m_board_btn_list
                0x00030dec        0x4 _build/nrf52832_xxaa_boards.c.o
 .rodata.m_board_led_list
                0x00030df0        0x4 _build/nrf52832_xxaa_boards.c.o
 .rodata.m_button_timer_id
                0x00030df4        0x4 _build/nrf52832_xxaa_bsp.c.o
 .rodata.m_leds_timer_id
                0x00030df8        0x4 _build/nrf52832_xxaa_bsp.c.o
 .rodata.app_buttons
                0x00030dfc       0x20 _build/nrf52832_xxaa_bsp.c.o
 .rodata.m_alert_timer_id
                0x00030e1c        0x4 _build/nrf52832_xxaa_bsp.c.o
 .rodata        0x00030e20       0x1c _build/nrf52832_xxaa_main.c.o
 .rodata.m_scan_params
                0x00030e3c        0x8 _build/nrf52832_xxaa_main.c.o
 .rodata.m_connection_param
                0x00030e44        0x8 _build/nrf52832_xxaa_main.c.o
 .rodata.ack_timer
                0x00030e4c        0x4 _build/nrf52832_xxaa_main.c.o
 .rodata.m_target_periph_name
                0x00030e50        0xd _build/nrf52832_xxaa_main.c.o
 *fill*         0x00030e5d        0x3 
 .rodata.m_clock_timer
                0x00030e60        0x4 _build/nrf52832_xxaa_main.c.o
 .rodata.str1.4
                0x00030e64     0x1487 _build/nrf52832_xxaa_main.c.o
 *fill*         0x000322eb        0x1 
 .rodata.str1.4
                0x000322ec       0x17 _build/nrf52832_xxaa_SEGGER_RTT.c.o
 *fill*         0x00032303        0x1 
 .rodata.m_conn_params_timer_id
                0x00032304        0x4 _build/nrf52832_xxaa_ble_conn_params.c.o
 .rodata        0x00032308       0x10 _build/nrf52832_xxaa_gatts_cache_manager.c.o
 .rodata.service_changed_pending.8539
                0x00032318        0x4 _build/nrf52832_xxaa_gatts_cache_manager.c.o
 .rodata.service_changed_pending.8602
                0x0003231c        0x4 _build/nrf52832_xxaa_gatts_cache_manager.c.o
 .rodata.m_evt_handlers
                0x00032320       0x14 _build/nrf52832_xxaa_peer_database.c.o
 .rodata.str1.4
                0x00032334      0x13a _build/nrf52832_xxaa_ble_db_discovery.c.o
 *fill*         0x0003246e        0x2 
 .rodata        0x00032470       0x10 _build/nrf52832_xxaa_ble_nus_c.c.o
 .rodata        0x00032480       0x10 _build/nrf52832_xxaa_ble_nus.c.o
 .rodata.str1.4
                0x00032490      0x169 _build/nrf52832_xxaa_softdevice_handler.c.o
 *fill*         0x000325f9        0x3 
 .rodata.str1.4
                0x000325fc       0xc8 _build/nrf52832_xxaa_m_bus_receiver.c.o
                                 0xc7 (size before relaxing)
 .rodata._ctype_
                0x000326c4      0x101 c:/program files (x86)/gnu tools arm embedded/4.9 2015q3/bin/../lib/gcc/arm-none-eabi/4.9.3/../../../../arm-none-eabi/lib/armv7e-m/fpu\libc_nano.a(lib_a-ctype_.o)
                0x000326c4                _ctype_
 .rodata.str1.1
                0x000327c5       0x11 c:/program files (x86)/gnu tools arm embedded/4.9 2015q3/bin/../lib/gcc/arm-none-eabi/4.9.3/../../../../arm-none-eabi/lib/armv7e-m/fpu\libc_nano.a(lib_a-nano-svfprintf.o)
 .rodata.str1.1
                0x000327d6       0x22 c:/program files (x86)/gnu tools arm embedded/4.9 2015q3/bin/../lib/gcc/arm-none-eabi/4.9.3/../../../../arm-none-eabi/lib/armv7e-m/fpu\libc_nano.a(lib_a-nano-vfprintf_i.o)
 *(.eh_frame*)
 .eh_frame      0x000327f8        0x0 c:/program files (x86)/gnu tools arm embedded/4.9 2015q3/bin/../lib/gcc/arm-none-eabi/4.9.3/armv7e-m/fpu/crtbegin.o
 .eh_frame      0x000327f8        0x4 c:/program files (x86)/gnu tools arm embedded/4.9 2015q3/bin/../lib/gcc/arm-none-eabi/4.9.3/armv7e-m/fpu/crtend.o

.glue_7         0x000327fc        0x0
 .glue_7        0x00000000        0x0 linker stubs

.glue_7t        0x000327fc        0x0
 .glue_7t       0x00000000        0x0 linker stubs

.vfp11_veneer   0x000327fc        0x0
 .vfp11_veneer  0x00000000        0x0 linker stubs

.v4_bx          0x000327fc        0x0
 .v4_bx         0x00000000        0x0 linker stubs

.iplt           0x000327fc        0x0
 .iplt          0x00000000        0x0 c:/program files (x86)/gnu tools arm embedded/4.9 2015q3/bin/../lib/gcc/arm-none-eabi/4.9.3/armv7e-m/fpu/crtbegin.o

.ARM.extab
 *(.ARM.extab* .gnu.linkonce.armextab.*)
                0x000327fc                __exidx_start = .

.ARM.exidx      0x000327fc        0x8
 *(.ARM.exidx* .gnu.linkonce.armexidx.*)
 .ARM.exidx     0x000327fc        0x8 c:/program files (x86)/gnu tools arm embedded/4.9 2015q3/bin/../lib/gcc/arm-none-eabi/4.9.3/../../../../arm-none-eabi/lib/armv7e-m/fpu/crt0.o
                0x00032804                __exidx_end = .
                0x00032804                __etext = .

.rel.dyn        0x00032804        0x0
 .rel.iplt      0x00000000        0x0 c:/program files (x86)/gnu tools arm embedded/4.9 2015q3/bin/../lib/gcc/arm-none-eabi/4.9.3/armv7e-m/fpu/crtbegin.o

.data           0x20004388       0x98 load address 0x00032804
                0x20004388                __data_start__ = .
 *(vtable)
 *(.data*)
 .data.impure_data
                0x20004388       0x60 c:/program files (x86)/gnu tools arm embedded/4.9 2015q3/bin/../lib/gcc/arm-none-eabi/4.9.3/../../../../arm-none-eabi/lib/armv7e-m/fpu\libc_nano.a(lib_a-impure.o)
 .data._impure_ptr
                0x200043e8        0x4 c:/program files (x86)/gnu tools arm embedded/4.9 2015q3/bin/../lib/gcc/arm-none-eabi/4.9.3/../../../../arm-none-eabi/lib/armv7e-m/fpu\libc_nano.a(lib_a-impure.o)
                0x200043e8                _impure_ptr
 .data.app_uart_inst
                0x200043ec        0x8 _build/nrf52832_xxaa_app_uart_fifo.c.o
 .data.xNextTaskUnblockTime
                0x200043f4        0x4 _build/nrf52832_xxaa_tasks.c.o
 .data.minutes.11870
                0x200043f8        0x1 _build/nrf52832_xxaa_main.c.o
 .data.m_uart_event_states.12031
                0x200043f9        0x1 _build/nrf52832_xxaa_main.c.o
 .data.hour.11869
                0x200043fa        0x1 _build/nrf52832_xxaa_main.c.o
 *fill*         0x200043fb        0x1 
 .data.m_adv_uuids
                0x200043fc        0x4 _build/nrf52832_xxaa_main.c.o
 .data.m_flag_sec_proc_new_peer
                0x20004400        0x1 _build/nrf52832_xxaa_security_dispatcher.c.o
 .data.m_flag_sec_proc
                0x20004401        0x1 _build/nrf52832_xxaa_security_dispatcher.c.o
 .data.m_flag_sec_proc_pairing
                0x20004402        0x1 _build/nrf52832_xxaa_security_dispatcher.c.o
 .data.m_flag_params_reply_pending_flash_full
                0x20004403        0x1 _build/nrf52832_xxaa_security_manager.c.o
 .data.m_flag_reject_pairing
                0x20004404        0x1 _build/nrf52832_xxaa_security_manager.c.o
 .data.m_flag_params_reply_pending_busy
                0x20004405        0x1 _build/nrf52832_xxaa_security_manager.c.o
 .data.m_flag_link_secure_null_params
                0x20004406        0x1 _build/nrf52832_xxaa_security_manager.c.o
 .data.m_flag_link_secure_pending_flash_full
                0x20004407        0x1 _build/nrf52832_xxaa_security_manager.c.o
 .data.m_flag_link_secure_force_repairing
                0x20004408        0x1 _build/nrf52832_xxaa_security_manager.c.o
 .data.m_flag_link_secure_pending_busy
                0x20004409        0x1 _build/nrf52832_xxaa_security_manager.c.o
 *fill*         0x2000440a        0x2 
 .data.SystemCoreClock
                0x2000440c        0x4 _build/nrf52832_xxaa_system_nrf52.c.o
                0x2000440c                SystemCoreClock
 .data.__ctype_ptr__
                0x20004410        0x4 c:/program files (x86)/gnu tools arm embedded/4.9 2015q3/bin/../lib/gcc/arm-none-eabi/4.9.3/../../../../arm-none-eabi/lib/armv7e-m/fpu\libc_nano.a(lib_a-ctype_.o)
                0x20004410                __ctype_ptr__
                0x20004414                . = ALIGN (0x4)
                0x20004414                PROVIDE (__preinit_array_start, .)
 *(.preinit_array)
                0x20004414                PROVIDE (__preinit_array_end, .)
                0x20004414                . = ALIGN (0x4)
                0x20004414                PROVIDE (__init_array_start, .)
 *(SORT(.init_array.*))
 *(.init_array)
 .init_array    0x20004414        0x4 c:/program files (x86)/gnu tools arm embedded/4.9 2015q3/bin/../lib/gcc/arm-none-eabi/4.9.3/armv7e-m/fpu/crtbegin.o
                0x20004418                PROVIDE (__init_array_end, .)
                0x20004418                . = ALIGN (0x4)
                0x20004418                PROVIDE (__fini_array_start, .)
 *(SORT(.fini_array.*))
 *(.fini_array)
 .fini_array    0x20004418        0x4 c:/program files (x86)/gnu tools arm embedded/4.9 2015q3/bin/../lib/gcc/arm-none-eabi/4.9.3/armv7e-m/fpu/crtbegin.o
                0x2000441c                PROVIDE (__fini_array_end, .)
 *(.jcr*)
 .jcr           0x2000441c        0x0 c:/program files (x86)/gnu tools arm embedded/4.9 2015q3/bin/../lib/gcc/arm-none-eabi/4.9.3/armv7e-m/fpu/crtbegin.o
 .jcr           0x2000441c        0x4 c:/program files (x86)/gnu tools arm embedded/4.9 2015q3/bin/../lib/gcc/arm-none-eabi/4.9.3/armv7e-m/fpu/crtend.o
                0x20004420                . = ALIGN (0x4)
                0x20004420                __data_end__ = .
LOAD c:/program files (x86)/gnu tools arm embedded/4.9 2015q3/bin/../lib/gcc/arm-none-eabi/4.9.3/armv7e-m/fpu/crti.o
LOAD c:/program files (x86)/gnu tools arm embedded/4.9 2015q3/bin/../lib/gcc/arm-none-eabi/4.9.3/armv7e-m/fpu/crtbegin.o
LOAD c:/program files (x86)/gnu tools arm embedded/4.9 2015q3/bin/../lib/gcc/arm-none-eabi/4.9.3/../../../../arm-none-eabi/lib/armv7e-m/fpu/crt0.o
LOAD c:/program files (x86)/gnu tools arm embedded/4.9 2015q3/bin/../lib/gcc/arm-none-eabi/4.9.3/../../../../arm-none-eabi/lib/armv7e-m/fpu\libc_nano.a
LOAD c:/program files (x86)/gnu tools arm embedded/4.9 2015q3/bin/../lib/gcc/arm-none-eabi/4.9.3/../../../../arm-none-eabi/lib/armv7e-m/fpu\libnosys.a
LOAD _build/nrf52832_xxaa_nrf_log_backend_serial.c.o
LOAD _build/nrf52832_xxaa_nrf_log_frontend.c.o
LOAD _build/nrf52832_xxaa_app_button.c.o
LOAD _build/nrf52832_xxaa_app_error.c.o
LOAD _build/nrf52832_xxaa_app_error_weak.c.o
LOAD _build/nrf52832_xxaa_app_timer_freertos.c.o
LOAD _build/nrf52832_xxaa_app_util_platform.c.o
LOAD _build/nrf52832_xxaa_app_uart_fifo.c.o
LOAD _build/nrf52832_xxaa_app_fifo.c.o
LOAD _build/nrf52832_xxaa_crc16.c.o
LOAD _build/nrf52832_xxaa_fds.c.o
LOAD _build/nrf52832_xxaa_fstorage.c.o
LOAD _build/nrf52832_xxaa_hardfault_handler_gcc.c.o
LOAD _build/nrf52832_xxaa_hardfault_implementation.c.o
LOAD _build/nrf52832_xxaa_nrf_assert.c.o
LOAD _build/nrf52832_xxaa_retarget.c.o
LOAD _build/nrf52832_xxaa_sdk_errors.c.o
LOAD _build/nrf52832_xxaa_sdk_mapped_flags.c.o
LOAD _build/nrf52832_xxaa_sensorsim.c.o
LOAD _build/nrf52832_xxaa_croutine.c.o
LOAD _build/nrf52832_xxaa_event_groups.c.o
LOAD _build/nrf52832_xxaa_heap_1.c.o
LOAD _build/nrf52832_xxaa_list.c.o
LOAD _build/nrf52832_xxaa_port.c.o
LOAD _build/nrf52832_xxaa_port_cmsis.c.o
LOAD _build/nrf52832_xxaa_port_cmsis_systick.c.o
LOAD _build/nrf52832_xxaa_queue.c.o
LOAD _build/nrf52832_xxaa_tasks.c.o
LOAD _build/nrf52832_xxaa_timers.c.o
LOAD _build/nrf52832_xxaa_boards.c.o
LOAD _build/nrf52832_xxaa_nrf_drv_clock.c.o
LOAD _build/nrf52832_xxaa_nrf_drv_common.c.o
LOAD _build/nrf52832_xxaa_nrf_drv_gpiote.c.o
LOAD _build/nrf52832_xxaa_nrf_drv_uart.c.o
LOAD _build/nrf52832_xxaa_bsp.c.o
LOAD _build/nrf52832_xxaa_bsp_btn_ble.c.o
LOAD _build/nrf52832_xxaa_bsp_nfc.c.o
LOAD _build/nrf52832_xxaa_main.c.o
LOAD _build/nrf52832_xxaa_RTT_Syscalls_GCC.c.o
LOAD _build/nrf52832_xxaa_SEGGER_RTT.c.o
LOAD _build/nrf52832_xxaa_SEGGER_RTT_printf.c.o
LOAD _build/nrf52832_xxaa_ble_advdata.c.o
LOAD _build/nrf52832_xxaa_ble_advertising.c.o
LOAD _build/nrf52832_xxaa_ble_conn_params.c.o
LOAD _build/nrf52832_xxaa_ble_conn_state.c.o
LOAD _build/nrf52832_xxaa_ble_srv_common.c.o
LOAD _build/nrf52832_xxaa_gatt_cache_manager.c.o
LOAD _build/nrf52832_xxaa_gatts_cache_manager.c.o
LOAD _build/nrf52832_xxaa_id_manager.c.o
LOAD _build/nrf52832_xxaa_nrf_ble_gatt.c.o
LOAD _build/nrf52832_xxaa_peer_data.c.o
LOAD _build/nrf52832_xxaa_peer_data_storage.c.o
LOAD _build/nrf52832_xxaa_peer_database.c.o
LOAD _build/nrf52832_xxaa_peer_id.c.o
LOAD _build/nrf52832_xxaa_peer_manager.c.o
LOAD _build/nrf52832_xxaa_pm_buffer.c.o
LOAD _build/nrf52832_xxaa_pm_mutex.c.o
LOAD _build/nrf52832_xxaa_security_dispatcher.c.o
LOAD _build/nrf52832_xxaa_security_manager.c.o
LOAD _build/nrf52832_xxaa_gcc_startup_nrf52.S.o
LOAD _build/nrf52832_xxaa_system_nrf52.c.o
LOAD _build/nrf52832_xxaa_ble_bas.c.o
LOAD _build/nrf52832_xxaa_ble_dis.c.o
LOAD _build/nrf52832_xxaa_ble_hrs.c.o
LOAD _build/nrf52832_xxaa_ble_db_discovery.c.o
LOAD _build/nrf52832_xxaa_ble_nus_c.c.o
LOAD _build/nrf52832_xxaa_ble_nus.c.o
LOAD _build/nrf52832_xxaa_softdevice_handler.c.o
LOAD _build/nrf52832_xxaa_m_bus_receiver.c.o
LOAD c:/program files (x86)/gnu tools arm embedded/4.9 2015q3/bin/../lib/gcc/arm-none-eabi/4.9.3/../../../../arm-none-eabi/lib/armv7e-m/fpu\libm.a
START GROUP
LOAD c:/program files (x86)/gnu tools arm embedded/4.9 2015q3/bin/../lib/gcc/arm-none-eabi/4.9.3/armv7e-m/fpu\libgcc.a
LOAD c:/program files (x86)/gnu tools arm embedded/4.9 2015q3/bin/../lib/gcc/arm-none-eabi/4.9.3/../../../../arm-none-eabi/lib/armv7e-m/fpu\libc_nano.a
END GROUP
START GROUP
LOAD c:/program files (x86)/gnu tools arm embedded/4.9 2015q3/bin/../lib/gcc/arm-none-eabi/4.9.3/armv7e-m/fpu\libgcc.a
LOAD c:/program files (x86)/gnu tools arm embedded/4.9 2015q3/bin/../lib/gcc/arm-none-eabi/4.9.3/../../../../arm-none-eabi/lib/armv7e-m/fpu\libc_nano.a
END GROUP
LOAD c:/program files (x86)/gnu tools arm embedded/4.9 2015q3/bin/../lib/gcc/arm-none-eabi/4.9.3/armv7e-m/fpu/crtend.o
LOAD c:/program files (x86)/gnu tools arm embedded/4.9 2015q3/bin/../lib/gcc/arm-none-eabi/4.9.3/armv7e-m/fpu/crtn.o
START GROUP
LOAD c:/program files (x86)/gnu tools arm embedded/4.9 2015q3/bin/../lib/gcc/arm-none-eabi/4.9.3/armv7e-m/fpu\libgcc.a
LOAD c:/program files (x86)/gnu tools arm embedded/4.9 2015q3/bin/../lib/gcc/arm-none-eabi/4.9.3/../../../../arm-none-eabi/lib/armv7e-m/fpu\libc.a
LOAD c:/program files (x86)/gnu tools arm embedded/4.9 2015q3/bin/../lib/gcc/arm-none-eabi/4.9.3/../../../../arm-none-eabi/lib/armv7e-m/fpu\libnosys.a
END GROUP

.igot.plt       0x20004420        0x0 load address 0x0003289c
 .igot.plt      0x00000000        0x0 c:/program files (x86)/gnu tools arm embedded/4.9 2015q3/bin/../lib/gcc/arm-none-eabi/4.9.3/armv7e-m/fpu/crtbegin.o

.fs_data        0x20004420       0x10 load address 0x0003289c
                0x20004420                PROVIDE (__start_fs_data, .)
 *(.fs_data)
 .fs_data       0x20004420       0x10 _build/nrf52832_xxaa_fds.c.o
                0x20004430                PROVIDE (__stop_fs_data, .)

.pwr_mgmt_data  0x20004430        0x0
                0x20004430                PROVIDE (__start_pwr_mgmt_data, .)
 *(.pwr_mgmt_data)
                0x20004430                PROVIDE (__stop_pwr_mgmt_data, .)

.bss            0x20004430     0x7470 load address 0x000328ac
                0x20004430                . = ALIGN (0x4)
                0x20004430                __bss_start__ = .
 *(.bss*)
 .bss           0x20004430       0x1c c:/program files (x86)/gnu tools arm embedded/4.9 2015q3/bin/../lib/gcc/arm-none-eabi/4.9.3/armv7e-m/fpu/crtbegin.o
 .bss.m_blocking_mode
                0x2000444c        0x1 _build/nrf52832_xxaa_nrf_log_backend_serial.c.o
 .bss.m_initialized
                0x2000444d        0x1 _build/nrf52832_xxaa_nrf_log_backend_serial.c.o
 *fill*         0x2000444e        0x2 
 .bss.m_log_data
                0x20004450      0x418 _build/nrf52832_xxaa_nrf_log_frontend.c.o
 .bss.m_detection_delay
                0x20004868        0x4 _build/nrf52832_xxaa_app_button.c.o
 .bss.mp_buttons
                0x2000486c        0x4 _build/nrf52832_xxaa_app_button.c.o
 .bss.m_button_count
                0x20004870        0x1 _build/nrf52832_xxaa_app_button.c.o
 *fill*         0x20004871        0x3 
 .bss.m_detection_delay_timer_id_data
                0x20004874       0x20 _build/nrf52832_xxaa_app_button.c.o
 .bss.m_pin_state
                0x20004894        0x4 _build/nrf52832_xxaa_app_button.c.o
 .bss.m_pin_transition
                0x20004898        0x4 _build/nrf52832_xxaa_app_button.c.o
 .bss.m_prescaler
                0x2000489c        0x4 _build/nrf52832_xxaa_app_timer_freertos.c.o
 .bss.tx_buffer
                0x200048a0        0x1 _build/nrf52832_xxaa_app_uart_fifo.c.o
 *fill*         0x200048a1        0x3 
 .bss.m_event_handler
                0x200048a4        0x4 _build/nrf52832_xxaa_app_uart_fifo.c.o
 .bss.rx_buffer
                0x200048a8        0x1 _build/nrf52832_xxaa_app_uart_fifo.c.o
 *fill*         0x200048a9        0x3 
 .bss.m_tx_fifo
                0x200048ac       0x10 _build/nrf52832_xxaa_app_uart_fifo.c.o
 .bss.m_rx_ovf  0x200048bc        0x1 _build/nrf52832_xxaa_app_uart_fifo.c.o
 *fill*         0x200048bd        0x3 
 .bss.m_rx_fifo
                0x200048c0       0x10 _build/nrf52832_xxaa_app_uart_fifo.c.o
 .bss.m_chunk_queue
                0x200048d0       0x48 _build/nrf52832_xxaa_fds.c.o
 .bss.m_latest_rec_id
                0x20004918        0x4 _build/nrf52832_xxaa_fds.c.o
 .bss.m_users   0x2000491c        0x1 _build/nrf52832_xxaa_fds.c.o
 *fill*         0x2000491d        0x3 
 .bss.desc.7821
                0x20004920        0xc _build/nrf52832_xxaa_fds.c.o
 .bss.m_pages   0x2000492c       0x20 _build/nrf52832_xxaa_fds.c.o
 .bss.m_gc      0x2000494c       0x10 _build/nrf52832_xxaa_fds.c.o
 .bss.m_op_queue
                0x2000495c       0x78 _build/nrf52832_xxaa_fds.c.o
 .bss.tok.7727  0x200049d4        0x8 _build/nrf52832_xxaa_fds.c.o
 .bss.m_swap_page
                0x200049dc        0x8 _build/nrf52832_xxaa_fds.c.o
 .bss.m_flags   0x200049e4        0x1 _build/nrf52832_xxaa_fds.c.o
 *fill*         0x200049e5        0x3 
 .bss.m_cb_table
                0x200049e8       0x20 _build/nrf52832_xxaa_fds.c.o
 .bss.m_flags   0x20004a08        0x1 _build/nrf52832_xxaa_fstorage.c.o
 *fill*         0x20004a09        0x3 
 .bss.m_queue   0x20004a0c       0x68 _build/nrf52832_xxaa_fstorage.c.o
 .bss.xNextFreeByte
                0x20004a74        0x4 _build/nrf52832_xxaa_heap_1.c.o
 .bss.pucAlignedHeap.7399
                0x20004a78        0x4 _build/nrf52832_xxaa_heap_1.c.o
 .bss.ucHeap    0x20004a7c     0x4000 _build/nrf52832_xxaa_heap_1.c.o
 .bss.uxCriticalNesting
                0x20008a7c        0x4 _build/nrf52832_xxaa_port_cmsis.c.o
 .bss.xNumOfOverflows
                0x20008a80        0x4 _build/nrf52832_xxaa_tasks.c.o
 .bss.pxDelayedTaskList
                0x20008a84        0x4 _build/nrf52832_xxaa_tasks.c.o
 .bss.xSchedulerRunning
                0x20008a88        0x4 _build/nrf52832_xxaa_tasks.c.o
 .bss.uxTasksDeleted
                0x20008a8c        0x4 _build/nrf52832_xxaa_tasks.c.o
 .bss.xTasksWaitingTermination
                0x20008a90       0x14 _build/nrf52832_xxaa_tasks.c.o
 .bss.xSuspendedTaskList
                0x20008aa4       0x14 _build/nrf52832_xxaa_tasks.c.o
 .bss.pxReadyTasksLists
                0x20008ab8       0x3c _build/nrf52832_xxaa_tasks.c.o
 .bss.uxSchedulerSuspended
                0x20008af4        0x4 _build/nrf52832_xxaa_tasks.c.o
 .bss.pxCurrentTCB
                0x20008af8        0x4 _build/nrf52832_xxaa_tasks.c.o
                0x20008af8                pxCurrentTCB
 .bss.xPendingReadyList
                0x20008afc       0x14 _build/nrf52832_xxaa_tasks.c.o
 .bss.xIdleTaskHandle
                0x20008b10        0x4 _build/nrf52832_xxaa_tasks.c.o
 .bss.xTickCount
                0x20008b14        0x4 _build/nrf52832_xxaa_tasks.c.o
 .bss.pxOverflowDelayedTaskList
                0x20008b18        0x4 _build/nrf52832_xxaa_tasks.c.o
 .bss.uxTaskNumber
                0x20008b1c        0x4 _build/nrf52832_xxaa_tasks.c.o
 .bss.xDelayedTaskList1
                0x20008b20       0x14 _build/nrf52832_xxaa_tasks.c.o
 .bss.xDelayedTaskList2
                0x20008b34       0x14 _build/nrf52832_xxaa_tasks.c.o
 .bss.uxPendedTicks
                0x20008b48        0x4 _build/nrf52832_xxaa_tasks.c.o
 .bss.uxCurrentNumberOfTasks
                0x20008b4c        0x4 _build/nrf52832_xxaa_tasks.c.o
 .bss.uxTopReadyPriority
                0x20008b50        0x4 _build/nrf52832_xxaa_tasks.c.o
 .bss.xYieldPending
                0x20008b54        0x4 _build/nrf52832_xxaa_tasks.c.o
 .bss.pxCurrentTimerList
                0x20008b58        0x4 _build/nrf52832_xxaa_timers.c.o
 .bss.xActiveTimerList1
                0x20008b5c       0x14 _build/nrf52832_xxaa_timers.c.o
 .bss.xActiveTimerList2
                0x20008b70       0x14 _build/nrf52832_xxaa_timers.c.o
 .bss.xTimerQueue
                0x20008b84        0x4 _build/nrf52832_xxaa_timers.c.o
 .bss.pxOverflowTimerList
                0x20008b88        0x4 _build/nrf52832_xxaa_timers.c.o
 .bss.xTimerTaskHandle
                0x20008b8c        0x4 _build/nrf52832_xxaa_timers.c.o
 .bss.xLastTime.7655
                0x20008b90        0x4 _build/nrf52832_xxaa_timers.c.o
 .bss.m_clock_cb
                0x20008b94       0x14 _build/nrf52832_xxaa_nrf_drv_clock.c.o
 .bss.m_cb      0x20008ba8       0x58 _build/nrf52832_xxaa_nrf_drv_gpiote.c.o
 .bss.m_cb      0x20008c00       0x20 _build/nrf52832_xxaa_nrf_drv_uart.c.o
 .bss.current_long_push_pin_no.7312
                0x20008c20        0x1 _build/nrf52832_xxaa_bsp.c.o
 *fill*         0x20008c21        0x3 
 .bss.m_indication_type
                0x20008c24        0x4 _build/nrf52832_xxaa_bsp.c.o
 .bss.m_leds_timer_id_data
                0x20008c28       0x20 _build/nrf52832_xxaa_bsp.c.o
 .bss.release_event_at_push.7313
                0x20008c48        0x4 _build/nrf52832_xxaa_bsp.c.o
 .bss.m_leds_clear
                0x20008c4c        0x1 _build/nrf52832_xxaa_bsp.c.o
 *fill*         0x20008c4d        0x3 
 .bss.m_app_ticks_per_100ms
                0x20008c50        0x4 _build/nrf52832_xxaa_bsp.c.o
 .bss.m_registered_callback
                0x20008c54        0x4 _build/nrf52832_xxaa_bsp.c.o
 .bss.m_button_timer_id_data
                0x20008c58       0x20 _build/nrf52832_xxaa_bsp.c.o
 .bss.m_stable_state
                0x20008c78        0x1 _build/nrf52832_xxaa_bsp.c.o
 *fill*         0x20008c79        0x3 
 .bss.m_alert_timer_id_data
                0x20008c7c       0x20 _build/nrf52832_xxaa_bsp.c.o
 .bss.m_events_list
                0x20008c9c        0xc _build/nrf52832_xxaa_bsp.c.o
 .bss.m_error_handler
                0x20008ca8        0x4 _build/nrf52832_xxaa_bsp_btn_ble.c.o
 .bss.m_num_connections
                0x20008cac        0x4 _build/nrf52832_xxaa_bsp_btn_ble.c.o
 .bss.clock_hour
                0x20008cb0        0x4 _build/nrf52832_xxaa_main.c.o
 .bss.BLE_EVT_BUFFER.11755
                0x20008cb4       0x50 _build/nrf52832_xxaa_main.c.o
 .bss.response.12011
                0x20008d04        0x1 _build/nrf52832_xxaa_main.c.o
 *fill*         0x20008d05        0x3 
 .bss.rx_buf.11780
                0x20008d08      0x200 _build/nrf52832_xxaa_main.c.o
 .bss.m_ble_db_discovery
                0x20008f08     0x1300 _build/nrf52832_xxaa_main.c.o
 .bss.hour.11834
                0x2000a208        0x1 _build/nrf52832_xxaa_main.c.o
 *fill*         0x2000a209        0x3 
 .bss.m_uart_task
                0x2000a20c        0x4 _build/nrf52832_xxaa_main.c.o
 .bss.uart_event_queue
                0x2000a210        0x4 _build/nrf52832_xxaa_main.c.o
 .bss.slave_on_mutex
                0x2000a214        0x4 _build/nrf52832_xxaa_main.c.o
 .bss.m_logger_thread